Archive member included to satisfy reference by file (symbol)

/Applications/Ac6/SystemWorkbench.app/Contents/Eclipse/plugins/fr.ac6.mcu.externaltools.arm-none.macos64_1.17.0.201812190825/tools/compiler/bin/../lib/gcc/arm-none-eabi/7.3.1/thumb/v7-m/libgcc.a(_arm_addsubdf3.o)
                              Src/decadriver/deca_device.o (__aeabi_dadd)
/Applications/Ac6/SystemWorkbench.app/Contents/Eclipse/plugins/fr.ac6.mcu.externaltools.arm-none.macos64_1.17.0.201812190825/tools/compiler/bin/../lib/gcc/arm-none-eabi/7.3.1/thumb/v7-m/libgcc.a(_arm_muldivdf3.o)
                              Src/decadriver/deca_device.o (__aeabi_dmul)
/Applications/Ac6/SystemWorkbench.app/Contents/Eclipse/plugins/fr.ac6.mcu.externaltools.arm-none.macos64_1.17.0.201812190825/tools/compiler/bin/../lib/gcc/arm-none-eabi/7.3.1/thumb/v7-m/libgcc.a(_arm_fixdfsi.o)
                              Src/platform/deca_range_tables.o (__aeabi_d2iz)
/Applications/Ac6/SystemWorkbench.app/Contents/Eclipse/plugins/fr.ac6.mcu.externaltools.arm-none.macos64_1.17.0.201812190825/tools/compiler/bin/../lib/gcc/arm-none-eabi/7.3.1/thumb/v7-m/libgcc.a(_arm_fixunsdfsi.o)
                              Src/decadriver/deca_device.o (__aeabi_d2uiz)
/Applications/Ac6/SystemWorkbench.app/Contents/Eclipse/plugins/fr.ac6.mcu.externaltools.arm-none.macos64_1.17.0.201812190825/tools/compiler/bin/../lib/gcc/arm-none-eabi/7.3.1/thumb/v7-m/libgcc.a(_arm_truncdfsf2.o)
                              Src/decadriver/deca_device.o (__aeabi_d2f)
/Applications/Ac6/SystemWorkbench.app/Contents/Eclipse/plugins/fr.ac6.mcu.externaltools.arm-none.macos64_1.17.0.201812190825/tools/compiler/bin/../lib/gcc/arm-none-eabi/7.3.1/thumb/v7-m/libgcc.a(_arm_addsubsf3.o)
                              Src/decadriver/deca_device.o (__aeabi_i2f)
/Applications/Ac6/SystemWorkbench.app/Contents/Eclipse/plugins/fr.ac6.mcu.externaltools.arm-none.macos64_1.17.0.201812190825/tools/compiler/bin/../lib/gcc/arm-none-eabi/7.3.1/../../../../arm-none-eabi/lib/thumb/v7-m/libc.a(lib_a-exit.o)
                              /Applications/Ac6/SystemWorkbench.app/Contents/Eclipse/plugins/fr.ac6.mcu.externaltools.arm-none.macos64_1.17.0.201812190825/tools/compiler/bin/../lib/gcc/arm-none-eabi/7.3.1/../../../../arm-none-eabi/lib/thumb/v7-m/crt0.o (exit)
/Applications/Ac6/SystemWorkbench.app/Contents/Eclipse/plugins/fr.ac6.mcu.externaltools.arm-none.macos64_1.17.0.201812190825/tools/compiler/bin/../lib/gcc/arm-none-eabi/7.3.1/../../../../arm-none-eabi/lib/thumb/v7-m/libc.a(lib_a-impure.o)
                              /Applications/Ac6/SystemWorkbench.app/Contents/Eclipse/plugins/fr.ac6.mcu.externaltools.arm-none.macos64_1.17.0.201812190825/tools/compiler/bin/../lib/gcc/arm-none-eabi/7.3.1/../../../../arm-none-eabi/lib/thumb/v7-m/libc.a(lib_a-exit.o) (_global_impure_ptr)
/Applications/Ac6/SystemWorkbench.app/Contents/Eclipse/plugins/fr.ac6.mcu.externaltools.arm-none.macos64_1.17.0.201812190825/tools/compiler/bin/../lib/gcc/arm-none-eabi/7.3.1/../../../../arm-none-eabi/lib/thumb/v7-m/libc.a(lib_a-init.o)
                              /Applications/Ac6/SystemWorkbench.app/Contents/Eclipse/plugins/fr.ac6.mcu.externaltools.arm-none.macos64_1.17.0.201812190825/tools/compiler/bin/../lib/gcc/arm-none-eabi/7.3.1/../../../../arm-none-eabi/lib/thumb/v7-m/crt0.o (__libc_init_array)
/Applications/Ac6/SystemWorkbench.app/Contents/Eclipse/plugins/fr.ac6.mcu.externaltools.arm-none.macos64_1.17.0.201812190825/tools/compiler/bin/../lib/gcc/arm-none-eabi/7.3.1/../../../../arm-none-eabi/lib/thumb/v7-m/libc.a(lib_a-malloc.o)
                              Src/usbd_conf.o (free)
/Applications/Ac6/SystemWorkbench.app/Contents/Eclipse/plugins/fr.ac6.mcu.externaltools.arm-none.macos64_1.17.0.201812190825/tools/compiler/bin/../lib/gcc/arm-none-eabi/7.3.1/../../../../arm-none-eabi/lib/thumb/v7-m/libc.a(lib_a-mallocr.o)
                              /Applications/Ac6/SystemWorkbench.app/Contents/Eclipse/plugins/fr.ac6.mcu.externaltools.arm-none.macos64_1.17.0.201812190825/tools/compiler/bin/../lib/gcc/arm-none-eabi/7.3.1/../../../../arm-none-eabi/lib/thumb/v7-m/libc.a(lib_a-malloc.o) (_malloc_r)
/Applications/Ac6/SystemWorkbench.app/Contents/Eclipse/plugins/fr.ac6.mcu.externaltools.arm-none.macos64_1.17.0.201812190825/tools/compiler/bin/../lib/gcc/arm-none-eabi/7.3.1/../../../../arm-none-eabi/lib/thumb/v7-m/libc.a(lib_a-memcpy.o)
                              Src/usbd_cdc_if.o (memcpy)
/Applications/Ac6/SystemWorkbench.app/Contents/Eclipse/plugins/fr.ac6.mcu.externaltools.arm-none.macos64_1.17.0.201812190825/tools/compiler/bin/../lib/gcc/arm-none-eabi/7.3.1/../../../../arm-none-eabi/lib/thumb/v7-m/libc.a(lib_a-memset.o)
                              /Applications/Ac6/SystemWorkbench.app/Contents/Eclipse/plugins/fr.ac6.mcu.externaltools.arm-none.macos64_1.17.0.201812190825/tools/compiler/bin/../lib/gcc/arm-none-eabi/7.3.1/../../../../arm-none-eabi/lib/thumb/v7-m/crt0.o (memset)
[...]
Memory Configuration

Name             Origin             Length             Attributes
RAM              0x0000000020000000 0x0000000000010000 xrw
FLASH            0x0000000008000000 0x0000000000040000 xr
*default*        0x0000000000000000 0xffffffffffffffff

Linker script and memory map

LOAD /Applications/Ac6/SystemWorkbench.app/Contents/Eclipse/plugins/fr.ac6.mcu.externaltools.arm-none.macos64_1.17.0.201812190825/tools/compiler/bin/../lib/gcc/arm-none-eabi/7.3.1/thumb/v7-m/crti.o
LOAD /Applications/Ac6/SystemWorkbench.app/Contents/Eclipse/plugins/fr.ac6.mcu.externaltools.arm-none.macos64_1.17.0.201812190825/tools/compiler/bin/../lib/gcc/arm-none-eabi/7.3.1/thumb/v7-m/crtbegin.o
LOAD /Applications/Ac6/SystemWorkbench.app/Contents/Eclipse/plugins/fr.ac6.mcu.externaltools.arm-none.macos64_1.17.0.201812190825/tools/compiler/bin/../lib/gcc/arm-none-eabi/7.3.1/../../../../arm-none-eabi/lib/thumb/v7-m/crt0.o
LOAD /Applications/Ac6/SystemWorkbench.app/Contents/Eclipse/plugins/fr.ac6.mcu.externaltools.arm-none.macos64_1.17.0.201812190825/tools/compiler/bin/../lib/gcc/arm-none-eabi/7.3.1/../../../../arm-none-eabi/lib/thumb/v7-m/libm.a
LOAD Drivers/CMSIS/Device/ST/STM32F1xx/Source/Templates/gcc/startup_stm32f105xc.o
LOAD Drivers/STM32F1xx_HAL_Driver/Src/stm32f1xx_hal.o
LOAD Drivers/STM32F1xx_HAL_Driver/Src/stm32f1xx_hal_cortex.o
LOAD Drivers/STM32F1xx_HAL_Driver/Src/stm32f1xx_hal_dma.o
LOAD Drivers/STM32F1xx_HAL_Driver/Src/stm32f1xx_hal_flash.o
LOAD Drivers/STM32F1xx_HAL_Driver/Src/stm32f1xx_hal_flash_ex.o
LOAD Drivers/STM32F1xx_HAL_Driver/Src/stm32f1xx_hal_gpio.o
LOAD Drivers/STM32F1xx_HAL_Driver/Src/stm32f1xx_hal_gpio_ex.o
LOAD Drivers/STM32F1xx_HAL_Driver/Src/stm32f1xx_hal_pcd.o
LOAD Drivers/STM32F1xx_HAL_Driver/Src/stm32f1xx_hal_pcd_ex.o
LOAD Drivers/STM32F1xx_HAL_Driver/Src/stm32f1xx_hal_pwr.o
LOAD Drivers/STM32F1xx_HAL_Driver/Src/stm32f1xx_hal_rcc.o
LOAD Drivers/STM32F1xx_HAL_Driver/Src/stm32f1xx_hal_rcc_ex.o
LOAD Drivers/STM32F1xx_HAL_Driver/Src/stm32f1xx_hal_spi.o
LOAD Drivers/STM32F1xx_HAL_Driver/Src/stm32f1xx_hal_spi_ex.o
LOAD Drivers/STM32F1xx_HAL_Driver/Src/stm32f1xx_hal_tim.o
LOAD Drivers/STM32F1xx_HAL_Driver/Src/stm32f1xx_hal_tim_ex.o
LOAD Drivers/STM32F1xx_HAL_Driver/Src/stm32f1xx_ll_usb.o
LOAD Middlewares/ST/STM32_USB_Device_Library/Class/CDC/Src/usbd_cdc.o
LOAD Middlewares/ST/STM32_USB_Device_Library/Core/Src/usbd_core.o
LOAD Middlewares/ST/STM32_USB_Device_Library/Core/Src/usbd_ctlreq.o
LOAD Middlewares/ST/STM32_USB_Device_Library/Core/Src/usbd_ioreq.o
LOAD Src/decadriver/deca_device.o
LOAD Src/decadriver/deca_params_init.o
LOAD Src/examples/ex_01a_simple_tx/ex_01a_main.o
LOAD Src/examples/ex_01b_tx_sleep/ex_01b_main.o
LOAD Src/examples/ex_01c_tx_sleep_auto/ex_01c_main.o
LOAD Src/examples/ex_01d_tx_timed_sleep/ex_01d_main.o
LOAD Src/examples/ex_01e_tx_with_cca/ex_01e_tx_with_cca.o
LOAD Src/examples/ex_02a_simple_rx/ex_02a_main.o
LOAD Src/examples/ex_02b_rx_preamble_64/ex_02b_main.o
LOAD Src/examples/ex_02c_rx_diagnostics/ex_02c_main.o
LOAD Src/examples/ex_02d_rx_sniff/ex_02d_main.o
LOAD Src/examples/ex_02e_rx_dbl_buff/ex_02e_main.o
LOAD Src/examples/ex_02f_rx_with_crystal_trim/ex_02f_rx_with_xtal_trim.o
LOAD Src/examples/ex_03a_tx_wait_resp/ex_03a_main.o
LOAD Src/examples/ex_03b_rx_send_resp/ex_03b_main.o
LOAD Src/examples/ex_03c_tx_wait_resp_leds/ex_03c_main.o
LOAD Src/examples/ex_03d_tx_wait_resp_interrupts/ex_03d_main.o
LOAD Src/examples/ex_04a_cont_wave/ex_04a_main.o
LOAD Src/examples/ex_04b_cont_frame/ex_04b_main.o
LOAD Src/examples/ex_05a_ds_twr_init/ex_05a_main.o
LOAD Src/examples/ex_05b_ds_twr_resp/ex_05b_main.o
LOAD Src/examples/ex_06a_ss_twr_init/ex_06a_main.o
LOAD Src/examples/ex_06b_ss_twr_resp/ex_06b_main.o
LOAD Src/examples/ex_07a_ack_data_tx/ex_07a_main.o
LOAD Src/examples/ex_07b_ack_data_rx/ex_07b_main.o
LOAD Src/examples/ex_08a_low_power_listen_rx/ex_08a_main.o
LOAD Src/examples/ex_08b_low_power_listen_tx/ex_08b_main.o
LOAD Src/examples/ex_09a_bandwidth_power_ref_meas/ex_09a_main.o
LOAD Src/examples/ex_09b_bandwidth_power_comp/ex_09b_main.o
LOAD Src/examples/ex_10a_gpio/ex_10a_main.o
LOAD Src/main.o
LOAD Src/platform/deca_mutex.o
LOAD Src/platform/deca_range_tables.o
LOAD Src/platform/deca_sleep.o
LOAD Src/platform/deca_spi.o
LOAD Src/platform/lcd.o
LOAD Src/platform/port.o
LOAD Src/stm32f1xx_hal_msp.o
LOAD Src/stm32f1xx_it.o
LOAD Src/system_stm32f1xx.o
LOAD Src/usb_device.o
LOAD Src/usbd_cdc_if.o
LOAD Src/usbd_conf.o
LOAD Src/usbd_desc.o
START GROUP
LOAD /Applications/Ac6/SystemWorkbench.app/Contents/Eclipse/plugins/fr.ac6.mcu.externaltools.arm-none.macos64_1.17.0.201812190825/tools/compiler/bin/../lib/gcc/arm-none-eabi/7.3.1/thumb/v7-m/libgcc.a
LOAD /Applications/Ac6/SystemWorkbench.app/Contents/Eclipse/plugins/fr.ac6.mcu.externaltools.arm-none.macos64_1.17.0.201812190825/tools/compiler/bin/../lib/gcc/arm-none-eabi/7.3.1/../../../../arm-none-eabi/lib/thumb/v7-m/libc.a
END GROUP
START GROUP
LOAD /Applications/Ac6/SystemWorkbench.app/Contents/Eclipse/plugins/fr.ac6.mcu.externaltools.arm-none.macos64_1.17.0.201812190825/tools/compiler/bin/../lib/gcc/arm-none-eabi/7.3.1/thumb/v7-m/libgcc.a
LOAD /Applications/Ac6/SystemWorkbench.app/Contents/Eclipse/plugins/fr.ac6.mcu.externaltools.arm-none.macos64_1.17.0.201812190825/tools/compiler/bin/../lib/gcc/arm-none-eabi/7.3.1/../../../../arm-none-eabi/lib/thumb/v7-m/libc.a
LOAD /Applications/Ac6/SystemWorkbench.app/Contents/Eclipse/plugins/fr.ac6.mcu.externaltools.arm-none.macos64_1.17.0.201812190825/tools/compiler/bin/../lib/gcc/arm-none-eabi/7.3.1/../../../../arm-none-eabi/lib/thumb/v7-m/libnosys.a
END GROUP
LOAD /Applications/Ac6/SystemWorkbench.app/Contents/Eclipse/plugins/fr.ac6.mcu.externaltools.arm-none.macos64_1.17.0.201812190825/tools/compiler/bin/../lib/gcc/arm-none-eabi/7.3.1/thumb/v7-m/crtend.o
LOAD /Applications/Ac6/SystemWorkbench.app/Contents/Eclipse/plugins/fr.ac6.mcu.externaltools.arm-none.macos64_1.17.0.201812190825/tools/compiler/bin/../lib/gcc/arm-none-eabi/7.3.1/thumb/v7-m/crtn.o
                0x0000000020010000                _estack = 0x20010000
                0x0000000000000200                _Min_Heap_Size = 0x200
                0x0000000000000400                _Min_Stack_Size = 0x400

.isr_vector     0x0000000008000000      0x1e4
                0x0000000008000000                . = ALIGN (0x4)
 *(.isr_vector)
 .isr_vector    0x0000000008000000      0x1e4 Drivers/CMSIS/Device/ST/STM32F1xx/Source/Templates/gcc/startup_stm32f105xc.o
                0x0000000008000000                g_pfnVectors
                0x00000000080001e4                . = ALIGN (0x4)

.text           0x00000000080001e4     0x5628
                0x00000000080001e4                . = ALIGN (0x4)
 *(.text)
 .text          0x00000000080001e4       0x40 /Applications/Ac6/SystemWorkbench.app/Contents/Eclipse/plugins/fr.ac6.mcu.externaltools.arm-none.macos64_1.17.0.201812190825/tools/compiler/bin/../lib/gcc/arm-none-eabi/7.3.1/thumb/v7-m/crtbegin.o
 .text          0x0000000008000224       0xec /Applications/Ac6/SystemWorkbench.app/Contents/Eclipse/plugins/fr.ac6.mcu.externaltools.arm-none.macos64_1.17.0.201812190825/tools/compiler/bin/../lib/gcc/arm-none-eabi/7.3.1/../../../../arm-none-eabi/lib/thumb/v7-m/libc.a(lib_a-memcpy.o)
                0x0000000008000224                memcpy
 *(.text*)
 .text.Reset_Handler
                0x0000000008000310       0x44 Drivers/CMSIS/Device/ST/STM32F1xx/Source/Templates/gcc/startup_stm32f105xc.o
                0x0000000008000310                Reset_Handler
 .text.Default_Handler
                0x0000000008000354        0x2 Drivers/CMSIS/Device/ST/STM32F1xx/Source/Templates/gcc/startup_stm32f105xc.o
                0x0000000008000354                DMA2_Channel3_IRQHandler
                0x0000000008000354                EXTI2_IRQHandler
                0x0000000008000354                TIM1_CC_IRQHandler
                0x0000000008000354                TIM6_IRQHandler
                0x0000000008000354                PVD_IRQHandler
                0x0000000008000354                CAN2_RX1_IRQHandler
                0x0000000008000354                EXTI3_IRQHandler
                0x0000000008000354                I2C2_EV_IRQHandler
                0x0000000008000354                CAN1_RX0_IRQHandler
                0x0000000008000354                CAN2_SCE_IRQHandler
                0x0000000008000354                ADC1_2_IRQHandler
                0x0000000008000354                SPI1_IRQHandler
                0x0000000008000354                TAMPER_IRQHandler
                0x0000000008000354                CAN2_RX0_IRQHandler
                0x0000000008000354                DMA2_Channel2_IRQHandler
                0x0000000008000354                DMA1_Channel4_IRQHandler
                0x0000000008000354                USART3_IRQHandler
                0x0000000008000354                RTC_IRQHandler
                0x0000000008000354                DMA1_Channel7_IRQHandler
                0x0000000008000354                CAN1_RX1_IRQHandler
                0x0000000008000354                UART5_IRQHandler
                0x0000000008000354                TIM4_IRQHandler
                0x0000000008000354                DMA2_Channel1_IRQHandler
                0x0000000008000354                I2C1_EV_IRQHandler
                0x0000000008000354                DMA1_Channel6_IRQHandler
                0x0000000008000354                UART4_IRQHandler
                0x0000000008000354                DMA2_Channel4_IRQHandler
                0x0000000008000354                TIM3_IRQHandler
                0x0000000008000354                RCC_IRQHandler
                0x0000000008000354                TIM1_TRG_COM_IRQHandler
                0x0000000008000354                DMA1_Channel1_IRQHandler
                0x0000000008000354                Default_Handler
                0x0000000008000354                EXTI15_10_IRQHandler
                0x0000000008000354                TIM7_IRQHandler
                0x0000000008000354                CAN2_TX_IRQHandler
                0x0000000008000354                TIM5_IRQHandler
                0x0000000008000354                SPI2_IRQHandler
                0x0000000008000354                CAN1_TX_IRQHandler
                0x0000000008000354                DMA2_Channel5_IRQHandler
                0x0000000008000354                DMA1_Channel5_IRQHandler
                0x0000000008000354                EXTI4_IRQHandler
                0x0000000008000354                DMA1_Channel3_IRQHandler
                0x0000000008000354                TIM1_UP_IRQHandler
                0x0000000008000354                WWDG_IRQHandler
                0x0000000008000354                TIM2_IRQHandler
                0x0000000008000354                OTG_FS_WKUP_IRQHandler
                0x0000000008000354                TIM1_BRK_IRQHandler
                0x0000000008000354                EXTI1_IRQHandler
                0x0000000008000354                USART2_IRQHandler
                0x0000000008000354                I2C2_ER_IRQHandler
                0x0000000008000354                DMA1_Channel2_IRQHandler
                0x0000000008000354                CAN1_SCE_IRQHandler
                0x0000000008000354                FLASH_IRQHandler
                0x0000000008000354                USART1_IRQHandler
                0x0000000008000354                SPI3_IRQHandler
                0x0000000008000354                I2C1_ER_IRQHandler
                0x0000000008000354                RTC_Alarm_IRQHandler
 *fill*         0x0000000008000356        0x2 
 .text.HAL_InitTick
                0x0000000008000358       0x28 Drivers/STM32F1xx_HAL_Driver/Src/stm32f1xx_hal.o
                0x0000000008000358                HAL_InitTick
 .text.HAL_Init
                0x0000000008000380       0x24 Drivers/STM32F1xx_HAL_Driver/Src/stm32f1xx_hal.o
                0x0000000008000380                HAL_Init
 .text.HAL_IncTick
                0x00000000080003a4       0x10 Drivers/STM32F1xx_HAL_Driver/Src/stm32f1xx_hal.o
                0x00000000080003a4                HAL_IncTick
 .text.HAL_GetTick
                0x00000000080003b4        0xc Drivers/STM32F1xx_HAL_Driver/Src/stm32f1xx_hal.o
                0x00000000080003b4                HAL_GetTick
 .text.HAL_Delay
                0x00000000080003c0       0x1c Drivers/STM32F1xx_HAL_Driver/Src/stm32f1xx_hal.o
                0x00000000080003c0                HAL_Delay
 .text.HAL_NVIC_SetPriorityGrouping
                0x00000000080003dc       0x24 Drivers/STM32F1xx_HAL_Driver/Src/stm32f1xx_hal_cortex.o
                0x00000000080003dc                HAL_NVIC_SetPriorityGrouping
 .text.HAL_NVIC_SetPriority
                0x0000000008000400       0x6c Drivers/STM32F1xx_HAL_Driver/Src/stm32f1xx_hal_cortex.o
                0x0000000008000400                HAL_NVIC_SetPriority
 .text.HAL_NVIC_EnableIRQ
                0x000000000800046c       0x18 Drivers/STM32F1xx_HAL_Driver/Src/stm32f1xx_hal_cortex.o
                0x000000000800046c                HAL_NVIC_EnableIRQ
 .text.HAL_NVIC_DisableIRQ
                0x0000000008000484       0x1c Drivers/STM32F1xx_HAL_Driver/Src/stm32f1xx_hal_cortex.o
                0x0000000008000484                HAL_NVIC_DisableIRQ
 .text.HAL_SYSTICK_Config
                0x00000000080004a0       0x30 Drivers/STM32F1xx_HAL_Driver/Src/stm32f1xx_hal_cortex.o
                0x00000000080004a0                HAL_SYSTICK_Config
 .text.HAL_SYSTICK_CLKSourceConfig
                0x00000000080004d0       0x18 Drivers/STM32F1xx_HAL_Driver/Src/stm32f1xx_hal_cortex.o
                0x00000000080004d0                HAL_SYSTICK_CLKSourceConfig
 .text.HAL_SYSTICK_Callback
                0x00000000080004e8        0x4 Drivers/STM32F1xx_HAL_Driver/Src/stm32f1xx_hal_cortex.o
                0x00000000080004e8                HAL_SYSTICK_Callback
 .text.HAL_SYSTICK_IRQHandler
                0x00000000080004ec        0x8 Drivers/STM32F1xx_HAL_Driver/Src/stm32f1xx_hal_cortex.o
                0x00000000080004ec                HAL_SYSTICK_IRQHandler
 .text.HAL_GPIO_Init
                0x00000000080004f4      0x1e0 Drivers/STM32F1xx_HAL_Driver/Src/stm32f1xx_hal_gpio.o
                0x00000000080004f4                HAL_GPIO_Init
 .text.HAL_GPIO_ReadPin
                0x00000000080006d4        0xc Drivers/STM32F1xx_HAL_Driver/Src/stm32f1xx_hal_gpio.o
                0x00000000080006d4                HAL_GPIO_ReadPin
 .text.HAL_GPIO_WritePin
                0x00000000080006e0        0x8 Drivers/STM32F1xx_HAL_Driver/Src/stm32f1xx_hal_gpio.o
                0x00000000080006e0                HAL_GPIO_WritePin
 .text.HAL_GPIO_EXTI_IRQHandler
                0x00000000080006e8       0x18 Drivers/STM32F1xx_HAL_Driver/Src/stm32f1xx_hal_gpio.o
                0x00000000080006e8                HAL_GPIO_EXTI_IRQHandler
 .text.HAL_PCD_Init
                0x0000000008000700      0x368 Drivers/STM32F1xx_HAL_Driver/Src/stm32f1xx_hal_pcd.o
                0x0000000008000700                HAL_PCD_Init
 .text.HAL_PCD_Start
                0x0000000008000a68       0x30 Drivers/STM32F1xx_HAL_Driver/Src/stm32f1xx_hal_pcd.o
                0x0000000008000a68                HAL_PCD_Start
 .text.HAL_PCD_IRQHandler
                0x0000000008000a98      0x464 Drivers/STM32F1xx_HAL_Driver/Src/stm32f1xx_hal_pcd.o
                0x0000000008000a98                HAL_PCD_IRQHandler
 .text.HAL_PCD_SetAddress
                0x0000000008000efc       0x28 Drivers/STM32F1xx_HAL_Driver/Src/stm32f1xx_hal_pcd.o
                0x0000000008000efc                HAL_PCD_SetAddress
 .text.HAL_PCD_EP_Open
                0x0000000008000f24       0x50 Drivers/STM32F1xx_HAL_Driver/Src/stm32f1xx_hal_pcd.o
                0x0000000008000f24                HAL_PCD_EP_Open
 .text.HAL_PCD_EP_Close
                0x0000000008000f74       0x58 Drivers/STM32F1xx_HAL_Driver/Src/stm32f1xx_hal_pcd.o
                0x0000000008000f74                HAL_PCD_EP_Close
 .text.HAL_PCD_EP_Receive
                0x0000000008000fcc       0x54 Drivers/STM32F1xx_HAL_Driver/Src/stm32f1xx_hal_pcd.o
                0x0000000008000fcc                HAL_PCD_EP_Receive
 .text.HAL_PCD_EP_GetRxCount
                0x0000000008001020       0x14 Drivers/STM32F1xx_HAL_Driver/Src/stm32f1xx_hal_pcd.o
                0x0000000008001020                HAL_PCD_EP_GetRxCount
 .text.HAL_PCD_EP_Transmit
                0x0000000008001034       0x50 Drivers/STM32F1xx_HAL_Driver/Src/stm32f1xx_hal_pcd.o
                0x0000000008001034                HAL_PCD_EP_Transmit
 .text.HAL_PCD_EP_SetStall
                0x0000000008001084       0x64 Drivers/STM32F1xx_HAL_Driver/Src/stm32f1xx_hal_pcd.o
                0x0000000008001084                HAL_PCD_EP_SetStall
 .text.HAL_PCD_EP_ClrStall
                0x00000000080010e8       0x50 Drivers/STM32F1xx_HAL_Driver/Src/stm32f1xx_hal_pcd.o
                0x00000000080010e8                HAL_PCD_EP_ClrStall
 .text.HAL_PCDEx_SetTxFiFo
                0x0000000008001138       0x48 Drivers/STM32F1xx_HAL_Driver/Src/stm32f1xx_hal_pcd_ex.o
                0x0000000008001138                HAL_PCDEx_SetTxFiFo
 .text.HAL_PCDEx_SetRxFiFo
                0x0000000008001180        0x8 Drivers/STM32F1xx_HAL_Driver/Src/stm32f1xx_hal_pcd_ex.o
                0x0000000008001180                HAL_PCDEx_SetRxFiFo
 .text.HAL_RCC_OscConfig
                0x0000000008001188      0x6b4 Drivers/STM32F1xx_HAL_Driver/Src/stm32f1xx_hal_rcc.o
                0x0000000008001188                HAL_RCC_OscConfig
 .text.HAL_RCC_GetSysClockFreq
                0x000000000800183c      0x104 Drivers/STM32F1xx_HAL_Driver/Src/stm32f1xx_hal_rcc.o
                0x000000000800183c                HAL_RCC_GetSysClockFreq
 .text.HAL_RCC_ClockConfig
                0x0000000008001940      0x16c Drivers/STM32F1xx_HAL_Driver/Src/stm32f1xx_hal_rcc.o
                0x0000000008001940                HAL_RCC_ClockConfig
 .text.HAL_RCC_GetHCLKFreq
                0x0000000008001aac        0xc Drivers/STM32F1xx_HAL_Driver/Src/stm32f1xx_hal_rcc.o
                0x0000000008001aac                HAL_RCC_GetHCLKFreq
 .text.HAL_RCCEx_PeriphCLKConfig
                0x0000000008001ab8      0x1e8 Drivers/STM32F1xx_HAL_Driver/Src/stm32f1xx_hal_rcc_ex.o
                0x0000000008001ab8                HAL_RCCEx_PeriphCLKConfig
 .text.HAL_SPI_Transmit
                0x0000000008001ca0      0x254 Drivers/STM32F1xx_HAL_Driver/Src/stm32f1xx_hal_spi.o
                0x0000000008001ca0                HAL_SPI_Transmit
 .text.HAL_SPI_GetState
                0x0000000008001ef4        0x8 Drivers/STM32F1xx_HAL_Driver/Src/stm32f1xx_hal_spi.o
                0x0000000008001ef4                HAL_SPI_GetState
 .text.HAL_SPI_Init
                0x0000000008001efc       0x80 Drivers/STM32F1xx_HAL_Driver/Src/stm32f1xx_hal_spi_ex.o
                0x0000000008001efc                HAL_SPI_Init
 .text.USB_CoreInit
                0x0000000008001f7c       0x28 Drivers/STM32F1xx_HAL_Driver/Src/stm32f1xx_ll_usb.o
                0x0000000008001f7c                USB_CoreInit
 .text.USB_EnableGlobalInt
                0x0000000008001fa4       0x10 Drivers/STM32F1xx_HAL_Driver/Src/stm32f1xx_ll_usb.o
                0x0000000008001fa4                USB_EnableGlobalInt
 .text.USB_DisableGlobalInt
                0x0000000008001fb4       0x10 Drivers/STM32F1xx_HAL_Driver/Src/stm32f1xx_ll_usb.o
                0x0000000008001fb4                USB_DisableGlobalInt
 .text.USB_SetCurrentMode
                0x0000000008001fc4       0x34 Drivers/STM32F1xx_HAL_Driver/Src/stm32f1xx_ll_usb.o
                0x0000000008001fc4                USB_SetCurrentMode
 .text.USB_DevInit
                0x0000000008001ff8      0x15c Drivers/STM32F1xx_HAL_Driver/Src/stm32f1xx_ll_usb.o
                0x0000000008001ff8                USB_DevInit
 .text.USB_FlushTxFifo
                0x0000000008002154       0x24 Drivers/STM32F1xx_HAL_Driver/Src/stm32f1xx_ll_usb.o
                0x0000000008002154                USB_FlushTxFifo
 .text.USB_ActivateEndpoint
                0x0000000008002178       0x94 Drivers/STM32F1xx_HAL_Driver/Src/stm32f1xx_ll_usb.o
                0x0000000008002178                USB_ActivateEndpoint
 .text.USB_DeactivateEndpoint
                0x000000000800220c       0x48 Drivers/STM32F1xx_HAL_Driver/Src/stm32f1xx_ll_usb.o
                0x000000000800220c                USB_DeactivateEndpoint
 .text.USB_EPStartXfer
                0x0000000008002254      0x1a8 Drivers/STM32F1xx_HAL_Driver/Src/stm32f1xx_ll_usb.o
                0x0000000008002254                USB_EPStartXfer
 .text.USB_EP0StartXfer
                0x00000000080023fc       0xe4 Drivers/STM32F1xx_HAL_Driver/Src/stm32f1xx_ll_usb.o
                0x00000000080023fc                USB_EP0StartXfer
 .text.USB_WritePacket
                0x00000000080024e0       0x28 Drivers/STM32F1xx_HAL_Driver/Src/stm32f1xx_ll_usb.o
                0x00000000080024e0                USB_WritePacket
 .text.USB_ReadPacket
                0x0000000008002508       0x28 Drivers/STM32F1xx_HAL_Driver/Src/stm32f1xx_ll_usb.o
                0x0000000008002508                USB_ReadPacket
 .text.USB_EPSetStall
                0x0000000008002530       0x38 Drivers/STM32F1xx_HAL_Driver/Src/stm32f1xx_ll_usb.o
                0x0000000008002530                USB_EPSetStall
 .text.USB_EPClearStall
                0x0000000008002568       0x30 Drivers/STM32F1xx_HAL_Driver/Src/stm32f1xx_ll_usb.o
                0x0000000008002568                USB_EPClearStall
 .text.USB_SetDevAddress
                0x0000000008002598       0x20 Drivers/STM32F1xx_HAL_Driver/Src/stm32f1xx_ll_usb.o
                0x0000000008002598                USB_SetDevAddress
 .text.USB_DevConnect
                0x00000000080025b8       0x1c Drivers/STM32F1xx_HAL_Driver/Src/stm32f1xx_ll_usb.o
                0x00000000080025b8                USB_DevConnect
 .text.USB_DevDisconnect
                0x00000000080025d4       0x1c Drivers/STM32F1xx_HAL_Driver/Src/stm32f1xx_ll_usb.o
                0x00000000080025d4                USB_DevDisconnect
 .text.USB_ReadInterrupts
                0x00000000080025f0        0x8 Drivers/STM32F1xx_HAL_Driver/Src/stm32f1xx_ll_usb.o
                0x00000000080025f0                USB_ReadInterrupts
 .text.USB_ReadDevAllOutEpInterrupt
                0x00000000080025f8       0x10 Drivers/STM32F1xx_HAL_Driver/Src/stm32f1xx_ll_usb.o
                0x00000000080025f8                USB_ReadDevAllOutEpInterrupt
 .text.USB_ReadDevAllInEpInterrupt
                0x0000000008002608       0x10 Drivers/STM32F1xx_HAL_Driver/Src/stm32f1xx_ll_usb.o
                0x0000000008002608                USB_ReadDevAllInEpInterrupt
 .text.USB_ReadDevOutEPInterrupt
                0x0000000008002618       0x14 Drivers/STM32F1xx_HAL_Driver/Src/stm32f1xx_ll_usb.o
                0x0000000008002618                USB_ReadDevOutEPInterrupt
 .text.USB_ReadDevInEPInterrupt
                0x000000000800262c       0x24 Drivers/STM32F1xx_HAL_Driver/Src/stm32f1xx_ll_usb.o
                0x000000000800262c                USB_ReadDevInEPInterrupt
 .text.USB_GetMode
                0x0000000008002650        0x8 Drivers/STM32F1xx_HAL_Driver/Src/stm32f1xx_ll_usb.o
                0x0000000008002650                USB_GetMode
 .text.USB_ActivateSetup
                0x0000000008002658       0x38 Drivers/STM32F1xx_HAL_Driver/Src/stm32f1xx_ll_usb.o
                0x0000000008002658                USB_ActivateSetup
 .text.USB_EP0_OutStart
                0x0000000008002690       0x28 Drivers/STM32F1xx_HAL_Driver/Src/stm32f1xx_ll_usb.o
                0x0000000008002690                USB_EP0_OutStart
 .text.USB_CoreReset
                0x00000000080026b8       0x64 Drivers/STM32F1xx_HAL_Driver/Src/stm32f1xx_ll_usb.o
 .text.USBD_CDC_DataIn
                0x000000000800271c       0x14 Middlewares/ST/STM32_USB_Device_Library/Class/CDC/Src/usbd_cdc.o
 .text.USBD_CDC_EP0_RxReady
                0x0000000008002730       0x2c Middlewares/ST/STM32_USB_Device_Library/Class/CDC/Src/usbd_cdc.o
 .text.USBD_CDC_GetFSCfgDesc
                0x000000000800275c        0xc Middlewares/ST/STM32_USB_Device_Library/Class/CDC/Src/usbd_cdc.o
 .text.USBD_CDC_GetHSCfgDesc
                0x0000000008002768        0xc Middlewares/ST/STM32_USB_Device_Library/Class/CDC/Src/usbd_cdc.o
 .text.USBD_CDC_GetOtherSpeedCfgDesc
                0x0000000008002774        0xc Middlewares/ST/STM32_USB_Device_Library/Class/CDC/Src/usbd_cdc.o
 .text.USBD_CDC_GetDeviceQualifierDescriptor
                0x0000000008002780        0xc Middlewares/ST/STM32_USB_Device_Library/Class/CDC/Src/usbd_cdc.o
                0x0000000008002780                USBD_CDC_GetDeviceQualifierDescriptor
 .text.USBD_CDC_DataOut
                0x000000000800278c       0x30 Middlewares/ST/STM32_USB_Device_Library/Class/CDC/Src/usbd_cdc.o
 .text.USBD_CDC_Setup
                0x00000000080027bc       0x6c Middlewares/ST/STM32_USB_Device_Library/Class/CDC/Src/usbd_cdc.o
 .text.USBD_CDC_DeInit
                0x0000000008002828       0x3c Middlewares/ST/STM32_USB_Device_Library/Class/CDC/Src/usbd_cdc.o
 .text.USBD_CDC_Init
                0x0000000008002864       0x90 Middlewares/ST/STM32_USB_Device_Library/Class/CDC/Src/usbd_cdc.o
 .text.USBD_CDC_RegisterInterface
                0x00000000080028f4       0x10 Middlewares/ST/STM32_USB_Device_Library/Class/CDC/Src/usbd_cdc.o
                0x00000000080028f4                USBD_CDC_RegisterInterface
 .text.USBD_CDC_SetTxBuffer
                0x0000000008002904       0x10 Middlewares/ST/STM32_USB_Device_Library/Class/CDC/Src/usbd_cdc.o
                0x0000000008002904                USBD_CDC_SetTxBuffer
 .text.USBD_CDC_SetRxBuffer
                0x0000000008002914        0xc Middlewares/ST/STM32_USB_Device_Library/Class/CDC/Src/usbd_cdc.o
                0x0000000008002914                USBD_CDC_SetRxBuffer
 .text.USBD_CDC_ReceivePacket
                0x0000000008002920       0x30 Middlewares/ST/STM32_USB_Device_Library/Class/CDC/Src/usbd_cdc.o
                0x0000000008002920                USBD_CDC_ReceivePacket
 .text.USBD_Init
                0x0000000008002950       0x2c Middlewares/ST/STM32_USB_Device_Library/Core/Src/usbd_core.o
                0x0000000008002950                USBD_Init
 .text.USBD_RegisterClass
                0x000000000800297c       0x10 Middlewares/ST/STM32_USB_Device_Library/Core/Src/usbd_core.o
                0x000000000800297c                USBD_RegisterClass
 .text.USBD_Start
                0x000000000800298c        0xc Middlewares/ST/STM32_USB_Device_Library/Core/Src/usbd_core.o
                0x000000000800298c                USBD_Start
 .text.USBD_SetClassConfig
                0x0000000008002998       0x14 Middlewares/ST/STM32_USB_Device_Library/Core/Src/usbd_core.o
                0x0000000008002998                USBD_SetClassConfig
 .text.USBD_ClrClassConfig
                0x00000000080029ac       0x10 Middlewares/ST/STM32_USB_Device_Library/Core/Src/usbd_core.o
                0x00000000080029ac                USBD_ClrClassConfig
 .text.USBD_LL_SetupStage
                0x00000000080029bc       0x60 Middlewares/ST/STM32_USB_Device_Library/Core/Src/usbd_core.o
                0x00000000080029bc                USBD_LL_SetupStage
 .text.USBD_LL_DataOutStage
                0x0000000008002a1c       0x6c Middlewares/ST/STM32_USB_Device_Library/Core/Src/usbd_core.o
                0x0000000008002a1c                USBD_LL_DataOutStage
 .text.USBD_LL_DataInStage
                0x0000000008002a88       0xac Middlewares/ST/STM32_USB_Device_Library/Core/Src/usbd_core.o
                0x0000000008002a88                USBD_LL_DataInStage
 .text.USBD_LL_Reset
                0x0000000008002b34       0x40 Middlewares/ST/STM32_USB_Device_Library/Core/Src/usbd_core.o
                0x0000000008002b34                USBD_LL_Reset
 .text.USBD_LL_SetSpeed
                0x0000000008002b74        0x8 Middlewares/ST/STM32_USB_Device_Library/Core/Src/usbd_core.o
                0x0000000008002b74                USBD_LL_SetSpeed
 .text.USBD_LL_Suspend
                0x0000000008002b7c       0x14 Middlewares/ST/STM32_USB_Device_Library/Core/Src/usbd_core.o
                0x0000000008002b7c                USBD_LL_Suspend
 .text.USBD_LL_Resume
                0x0000000008002b90       0x10 Middlewares/ST/STM32_USB_Device_Library/Core/Src/usbd_core.o
                0x0000000008002b90                USBD_LL_Resume
 .text.USBD_LL_SOF
                0x0000000008002ba0       0x1c Middlewares/ST/STM32_USB_Device_Library/Core/Src/usbd_core.o
                0x0000000008002ba0                USBD_LL_SOF
 .text.USBD_LL_IsoINIncomplete
                0x0000000008002bbc        0x4 Middlewares/ST/STM32_USB_Device_Library/Core/Src/usbd_core.o
                0x0000000008002bbc                USBD_LL_IsoINIncomplete
 .text.USBD_LL_IsoOUTIncomplete
                0x0000000008002bc0        0x4 Middlewares/ST/STM32_USB_Device_Library/Core/Src/usbd_core.o
                0x0000000008002bc0                USBD_LL_IsoOUTIncomplete
 .text.USBD_LL_DevConnected
                0x0000000008002bc4        0x4 Middlewares/ST/STM32_USB_Device_Library/Core/Src/usbd_core.o
                0x0000000008002bc4                USBD_LL_DevConnected
 .text.USBD_LL_DevDisconnected
                0x0000000008002bc8       0x18 Middlewares/ST/STM32_USB_Device_Library/Core/Src/usbd_core.o
                0x0000000008002bc8                USBD_LL_DevDisconnected
 .text.USBD_StdDevReq
                0x0000000008002be0      0x294 Middlewares/ST/STM32_USB_Device_Library/Core/Src/usbd_ctlreq.o
                0x0000000008002be0                USBD_StdDevReq
 .text.USBD_StdItfReq
                0x0000000008002e74       0x40 Middlewares/ST/STM32_USB_Device_Library/Core/Src/usbd_ctlreq.o
                0x0000000008002e74                USBD_StdItfReq
 .text.USBD_StdEPReq
                0x0000000008002eb4       0xcc Middlewares/ST/STM32_USB_Device_Library/Core/Src/usbd_ctlreq.o
                0x0000000008002eb4                USBD_StdEPReq
 .text.USBD_ParseSetupRequest
                0x0000000008002f80       0x28 Middlewares/ST/STM32_USB_Device_Library/Core/Src/usbd_ctlreq.o
                0x0000000008002f80                USBD_ParseSetupRequest
 .text.USBD_GetString
                0x0000000008002fa8       0x50 Middlewares/ST/STM32_USB_Device_Library/Core/Src/usbd_ctlreq.o
                0x0000000008002fa8                USBD_GetString
 .text.USBD_CtlSendData
                0x0000000008002ff8       0x1c Middlewares/ST/STM32_USB_Device_Library/Core/Src/usbd_ioreq.o
                0x0000000008002ff8                USBD_CtlSendData
 .text.USBD_CtlContinueSendData
                0x0000000008003014       0x10 Middlewares/ST/STM32_USB_Device_Library/Core/Src/usbd_ioreq.o
                0x0000000008003014                USBD_CtlContinueSendData
 .text.USBD_CtlPrepareRx
                0x0000000008003024       0x20 Middlewares/ST/STM32_USB_Device_Library/Core/Src/usbd_ioreq.o
                0x0000000008003024                USBD_CtlPrepareRx
 .text.USBD_CtlContinueRx
                0x0000000008003044       0x10 Middlewares/ST/STM32_USB_Device_Library/Core/Src/usbd_ioreq.o
                0x0000000008003044                USBD_CtlContinueRx
 .text.USBD_CtlSendStatus
                0x0000000008003054       0x18 Middlewares/ST/STM32_USB_Device_Library/Core/Src/usbd_ioreq.o
                0x0000000008003054                USBD_CtlSendStatus
 .text.USBD_CtlReceiveStatus
                0x000000000800306c       0x18 Middlewares/ST/STM32_USB_Device_Library/Core/Src/usbd_ioreq.o
                0x000000000800306c                USBD_CtlReceiveStatus
 .text.dwt_configure
                0x0000000008003084      0x48c Src/decadriver/deca_device.o
                0x0000000008003084                dwt_configure
 .text.dwt_writetxdata
                0x0000000008003510       0x54 Src/decadriver/deca_device.o
                0x0000000008003510                dwt_writetxdata
 .text.dwt_writetxfctrl
                0x0000000008003564       0x48 Src/decadriver/deca_device.o
                0x0000000008003564                dwt_writetxfctrl
 .text.dwt_configuresleep
                0x00000000080035ac       0x4c Src/decadriver/deca_device.o
                0x00000000080035ac                dwt_configuresleep
 .text.dwt_entersleepaftertx
                0x00000000080035f8       0x70 Src/decadriver/deca_device.o
                0x00000000080035f8                dwt_entersleepaftertx
 .text.dwt_spicswakeup
                0x0000000008003668       0x94 Src/decadriver/deca_device.o
                0x0000000008003668                dwt_spicswakeup
 .text.dwt_starttx
                0x00000000080036fc       0xa0 Src/decadriver/deca_device.o
                0x00000000080036fc                dwt_starttx
 .text.dwt_softreset
                0x000000000800379c      0x10c Src/decadriver/deca_device.o
                0x000000000800379c                dwt_softreset
 .text.dwt_initialise
                0x00000000080038a8      0x6c4 Src/decadriver/deca_device.o
                0x00000000080038a8                dwt_initialise
 .text.dw_main  0x0000000008003f6c       0x90 Src/examples/ex_01c_tx_sleep_auto/ex_01c_main.o
                0x0000000008003f6c                dw_main
 .text.initLCD  0x0000000008003ffc       0x48 Src/main.o
                0x0000000008003ffc                initLCD
 .text.SystemClock_Config
                0x0000000008004044       0xa0 Src/main.o
                0x0000000008004044                SystemClock_Config
 .text.startup.main
                0x00000000080040e4      0x260 Src/main.o
                0x00000000080040e4                main
 .text.Error_Handler
                0x0000000008004344        0x4 Src/main.o
                0x0000000008004344                Error_Handler
 .text.decamutexon
                0x0000000008004348       0x18 Src/platform/deca_mutex.o
                0x0000000008004348                decamutexon
 .text.decamutexoff
                0x0000000008004360        0x8 Src/platform/deca_mutex.o
                0x0000000008004360                decamutexoff
 .text.deca_sleep
                0x0000000008004368        0x4 Src/platform/deca_sleep.o
                0x0000000008004368                deca_sleep
 .text.writetospi
                0x000000000800436c       0x68 Src/platform/deca_spi.o
                0x000000000800436c                writetospi
 .text.readfromspi
                0x00000000080043d4       0x8c Src/platform/deca_spi.o
                0x00000000080043d4                readfromspi
 .text.writetoLCD
                0x0000000008004460       0xa8 Src/platform/lcd.o
                0x0000000008004460                writetoLCD
 .text.lcd_display_str
                0x0000000008004508      0x15c Src/platform/lcd.o
                0x0000000008004508                lcd_display_str
 .text.NVIC_EnableIRQ
                0x0000000008004664       0x18 Src/platform/port.o
 .text.NVIC_DisableIRQ
                0x000000000800467c       0x1c Src/platform/port.o
 .text.usleep   0x0000000008004698       0x54 Src/platform/port.o
                0x0000000008004698                usleep
 .text.Sleep    0x00000000080046ec       0x18 Src/platform/port.o
                0x00000000080046ec                Sleep
 .text.EXTI_GetITEnStatus
                0x0000000008004704       0x38 Src/platform/port.o
                0x0000000008004704                EXTI_GetITEnStatus
 .text.reset_DW1000
                0x000000000800473c       0x44 Src/platform/port.o
                0x000000000800473c                reset_DW1000
 .text.setup_DW1000RSTnIRQ
                0x0000000008004780       0x74 Src/platform/port.o
                0x0000000008004780                setup_DW1000RSTnIRQ
 .text.port_set_dw1000_slowrate
                0x00000000080047f4       0x18 Src/platform/port.o
                0x00000000080047f4                port_set_dw1000_slowrate
 .text.port_set_dw1000_fastrate
                0x000000000800480c       0x18 Src/platform/port.o
                0x000000000800480c                port_set_dw1000_fastrate
 .text.port_LCD_RS_set
                0x0000000008004824       0x18 Src/platform/port.o
                0x0000000008004824                port_LCD_RS_set
 .text.port_LCD_RS_clear
                0x000000000800483c       0x18 Src/platform/port.o
                0x000000000800483c                port_LCD_RS_clear
 .text.HAL_GPIO_EXTI_Callback
                0x0000000008004854       0x30 Src/platform/port.o
                0x0000000008004854                HAL_GPIO_EXTI_Callback
 .text.process_deca_irq
                0x0000000008004884       0x20 Src/platform/port.o
                0x0000000008004884                process_deca_irq
 .text.port_DisableEXT_IRQ
                0x00000000080048a4       0x10 Src/platform/port.o
                0x00000000080048a4                port_DisableEXT_IRQ
 .text.port_EnableEXT_IRQ
                0x00000000080048b4       0x10 Src/platform/port.o
                0x00000000080048b4                port_EnableEXT_IRQ
 .text.port_GetEXT_IRQStatus
                0x00000000080048c4       0x10 Src/platform/port.o
                0x00000000080048c4                port_GetEXT_IRQStatus
 .text.port_CheckEXT_IRQ
                0x00000000080048d4       0x18 Src/platform/port.o
                0x00000000080048d4                port_CheckEXT_IRQ
 .text.HAL_MspInit
                0x00000000080048ec       0x8c Src/stm32f1xx_hal_msp.o
                0x00000000080048ec                HAL_MspInit
 .text.HAL_SPI_MspInit
                0x0000000008004978       0xac Src/stm32f1xx_hal_msp.o
                0x0000000008004978                HAL_SPI_MspInit
 .text.NMI_Handler
                0x0000000008004a24        0x4 Src/stm32f1xx_it.o
                0x0000000008004a24                NMI_Handler
 .text.HardFault_Handler
                0x0000000008004a28        0x4 Src/stm32f1xx_it.o
                0x0000000008004a28                HardFault_Handler
 .text.MemManage_Handler
                0x0000000008004a2c        0x4 Src/stm32f1xx_it.o
                0x0000000008004a2c                MemManage_Handler
 .text.BusFault_Handler
                0x0000000008004a30        0x4 Src/stm32f1xx_it.o
                0x0000000008004a30                BusFault_Handler
 .text.UsageFault_Handler
                0x0000000008004a34        0x4 Src/stm32f1xx_it.o
                0x0000000008004a34                UsageFault_Handler
 .text.SVC_Handler
                0x0000000008004a38        0x4 Src/stm32f1xx_it.o
                0x0000000008004a38                SVC_Handler
 .text.DebugMon_Handler
                0x0000000008004a3c        0x4 Src/stm32f1xx_it.o
                0x0000000008004a3c                DebugMon_Handler
 .text.PendSV_Handler
                0x0000000008004a40        0x4 Src/stm32f1xx_it.o
                0x0000000008004a40                PendSV_Handler
 .text.SysTick_Handler
                0x0000000008004a44       0x10 Src/stm32f1xx_it.o
                0x0000000008004a44                SysTick_Handler
 .text.EXTI0_IRQHandler
                0x0000000008004a54        0x8 Src/stm32f1xx_it.o
                0x0000000008004a54                EXTI0_IRQHandler
 .text.EXTI9_5_IRQHandler
                0x0000000008004a5c        0x8 Src/stm32f1xx_it.o
                0x0000000008004a5c                EXTI9_5_IRQHandler
 .text.OTG_FS_IRQHandler
                0x0000000008004a64        0xc Src/stm32f1xx_it.o
                0x0000000008004a64                OTG_FS_IRQHandler
 .text.SystemInit
                0x0000000008004a70       0x5c Src/system_stm32f1xx.o
                0x0000000008004a70                SystemInit
 .text.MX_USB_DEVICE_Init
                0x0000000008004acc       0x38 Src/usb_device.o
                0x0000000008004acc                MX_USB_DEVICE_Init
 .text.CDC_DeInit_FS
                0x0000000008004b04        0x4 Src/usbd_cdc_if.o
 .text.CDC_Control_FS
                0x0000000008004b08        0x4 Src/usbd_cdc_if.o
 .text.CDC_Receive_FS
                0x0000000008004b0c       0x54 Src/usbd_cdc_if.o
 .text.CDC_Init_FS
                0x0000000008004b60       0x34 Src/usbd_cdc_if.o
 .text.HAL_PCD_MspInit
                0x0000000008004b94       0x44 Src/usbd_conf.o
                0x0000000008004b94                HAL_PCD_MspInit
 .text.HAL_PCD_SetupStageCallback
                0x0000000008004bd8        0xc Src/usbd_conf.o
                0x0000000008004bd8                HAL_PCD_SetupStageCallback
 .text.HAL_PCD_DataOutStageCallback
                0x0000000008004be4       0x14 Src/usbd_conf.o
                0x0000000008004be4                HAL_PCD_DataOutStageCallback
 .text.HAL_PCD_DataInStageCallback
                0x0000000008004bf8       0x14 Src/usbd_conf.o
                0x0000000008004bf8                HAL_PCD_DataInStageCallback
 .text.HAL_PCD_SOFCallback
                0x0000000008004c0c        0x8 Src/usbd_conf.o
                0x0000000008004c0c                HAL_PCD_SOFCallback
 .text.HAL_PCD_ResetCallback
                0x0000000008004c14       0x20 Src/usbd_conf.o
                0x0000000008004c14                HAL_PCD_ResetCallback
 .text.HAL_PCD_SuspendCallback
                0x0000000008004c34       0x30 Src/usbd_conf.o
                0x0000000008004c34                HAL_PCD_SuspendCallback
 .text.HAL_PCD_ResumeCallback
                0x0000000008004c64        0x8 Src/usbd_conf.o
                0x0000000008004c64                HAL_PCD_ResumeCallback
 .text.HAL_PCD_ISOOUTIncompleteCallback
                0x0000000008004c6c        0x8 Src/usbd_conf.o
                0x0000000008004c6c                HAL_PCD_ISOOUTIncompleteCallback
 .text.HAL_PCD_ISOINIncompleteCallback
                0x0000000008004c74        0x8 Src/usbd_conf.o
                0x0000000008004c74                HAL_PCD_ISOINIncompleteCallback
 .text.HAL_PCD_ConnectCallback
                0x0000000008004c7c        0x8 Src/usbd_conf.o
                0x0000000008004c7c                HAL_PCD_ConnectCallback
 .text.HAL_PCD_DisconnectCallback
                0x0000000008004c84        0x8 Src/usbd_conf.o
                0x0000000008004c84                HAL_PCD_DisconnectCallback
 .text.USBD_LL_Init
                0x0000000008004c8c       0x5c Src/usbd_conf.o
                0x0000000008004c8c                USBD_LL_Init
 .text.USBD_LL_Start
                0x0000000008004ce8       0x1c Src/usbd_conf.o
                0x0000000008004ce8                USBD_LL_Start
 .text.USBD_LL_OpenEP
                0x0000000008004d04       0x20 Src/usbd_conf.o
                0x0000000008004d04                USBD_LL_OpenEP
 .text.USBD_LL_CloseEP
                0x0000000008004d24       0x1c Src/usbd_conf.o
                0x0000000008004d24                USBD_LL_CloseEP
 .text.USBD_LL_StallEP
                0x0000000008004d40       0x1c Src/usbd_conf.o
                0x0000000008004d40                USBD_LL_StallEP
 .text.USBD_LL_ClearStallEP
                0x0000000008004d5c       0x1c Src/usbd_conf.o
                0x0000000008004d5c                USBD_LL_ClearStallEP
 .text.USBD_LL_IsStallEP
                0x0000000008004d78       0x28 Src/usbd_conf.o
                0x0000000008004d78                USBD_LL_IsStallEP
 .text.USBD_LL_SetUSBAddress
                0x0000000008004da0       0x1c Src/usbd_conf.o
                0x0000000008004da0                USBD_LL_SetUSBAddress
 .text.USBD_LL_Transmit
                0x0000000008004dbc       0x1c Src/usbd_conf.o
                0x0000000008004dbc                USBD_LL_Transmit
 .text.USBD_LL_PrepareReceive
                0x0000000008004dd8       0x1c Src/usbd_conf.o
                0x0000000008004dd8                USBD_LL_PrepareReceive
 .text.USBD_LL_GetRxDataSize
                0x0000000008004df4        0xc Src/usbd_conf.o
                0x0000000008004df4                USBD_LL_GetRxDataSize
 .text.USBD_static_malloc
                0x0000000008004e00        0x8 Src/usbd_conf.o
                0x0000000008004e00                USBD_static_malloc
 .text.USBD_static_free
                0x0000000008004e08        0x4 Src/usbd_conf.o
                0x0000000008004e08                USBD_static_free
 .text.HAL_PCDEx_SetConnectionState
                0x0000000008004e0c        0x4 Src/usbd_conf.o
                0x0000000008004e0c                HAL_PCDEx_SetConnectionState
 .text.USBD_FS_DeviceDescriptor
                0x0000000008004e10        0xc Src/usbd_desc.o
                0x0000000008004e10                USBD_FS_DeviceDescriptor
 .text.USBD_FS_LangIDStrDescriptor
                0x0000000008004e1c        0xc Src/usbd_desc.o
                0x0000000008004e1c                USBD_FS_LangIDStrDescriptor
 .text.USBD_FS_ManufacturerStrDescriptor
                0x0000000008004e28       0x1c Src/usbd_desc.o
                0x0000000008004e28                USBD_FS_ManufacturerStrDescriptor
 .text.USBD_FS_ProductStrDescriptor
                0x0000000008004e44       0x1c Src/usbd_desc.o
                0x0000000008004e44                USBD_FS_ProductStrDescriptor
 .text.USBD_FS_SerialStrDescriptor
                0x0000000008004e60       0x1c Src/usbd_desc.o
                0x0000000008004e60                USBD_FS_SerialStrDescriptor
 .text.USBD_FS_ConfigStrDescriptor
                0x0000000008004e7c       0x1c Src/usbd_desc.o
                0x0000000008004e7c                USBD_FS_ConfigStrDescriptor
 .text.USBD_FS_InterfaceStrDescriptor
                0x0000000008004e98       0x1c Src/usbd_desc.o
                0x0000000008004e98                USBD_FS_InterfaceStrDescriptor
 .text.malloc   0x0000000008004eb4       0x10 /Applications/Ac6/SystemWorkbench.app/Contents/Eclipse/plugins/fr.ac6.mcu.externaltools.arm-none.macos64_1.17.0.201812190825/tools/compiler/bin/../lib/gcc/arm-none-eabi/7.3.1/../../../../arm-none-eabi/lib/thumb/v7-m/libc.a(lib_a-malloc.o)
                0x0000000008004eb4                malloc
 .text.free     0x0000000008004ec4       0x10 /Applications/Ac6/SystemWorkbench.app/Contents/Eclipse/plugins/fr.ac6.mcu.externaltools.arm-none.macos64_1.17.0.201812190825/tools/compiler/bin/../lib/gcc/arm-none-eabi/7.3.1/../../../../arm-none-eabi/lib/thumb/v7-m/libc.a(lib_a-malloc.o)
                0x0000000008004ec4                free
 .text._malloc_r
                0x0000000008004ed4      0x524 /Applications/Ac6/SystemWorkbench.app/Contents/Eclipse/plugins/fr.ac6.mcu.externaltools.arm-none.macos64_1.17.0.201812190825/tools/compiler/bin/../lib/gcc/arm-none-eabi/7.3.1/../../../../arm-none-eabi/lib/thumb/v7-m/libc.a(lib_a-mallocr.o)
                0x0000000008004ed4                _malloc_r
 .text.__malloc_lock
                0x00000000080053f8        0xc /Applications/Ac6/SystemWorkbench.app/Contents/Eclipse/plugins/fr.ac6.mcu.externaltools.arm-none.macos64_1.17.0.201812190825/tools/compiler/bin/../lib/gcc/arm-none-eabi/7.3.1/../../../../arm-none-eabi/lib/thumb/v7-m/libc.a(lib_a-mlock.o)
                0x00000000080053f8                __malloc_lock
 .text.__malloc_unlock
                0x0000000008005404        0xc /Applications/Ac6/SystemWorkbench.app/Contents/Eclipse/plugins/fr.ac6.mcu.externaltools.arm-none.macos64_1.17.0.201812190825/tools/compiler/bin/../lib/gcc/arm-none-eabi/7.3.1/../../../../arm-none-eabi/lib/thumb/v7-m/libc.a(lib_a-mlock.o)
                0x0000000008005404                __malloc_unlock
 .text._sbrk_r  0x0000000008005410       0x24 /Applications/Ac6/SystemWorkbench.app/Contents/Eclipse/plugins/fr.ac6.mcu.externaltools.arm-none.macos64_1.17.0.201812190825/tools/compiler/bin/../lib/gcc/arm-none-eabi/7.3.1/../../../../arm-none-eabi/lib/thumb/v7-m/libc.a(lib_a-sbrkr.o)
                0x0000000008005410                _sbrk_r
 .text.startup.register_fini
                0x0000000008005434       0x14 /Applications/Ac6/SystemWorkbench.app/Contents/Eclipse/plugins/fr.ac6.mcu.externaltools.arm-none.macos64_1.17.0.201812190825/tools/compiler/bin/../lib/gcc/arm-none-eabi/7.3.1/../../../../arm-none-eabi/lib/thumb/v7-m/libc.a(lib_a-__call_atexit.o)
 .text.atexit   0x0000000008005448        0xc /Applications/Ac6/SystemWorkbench.app/Contents/Eclipse/plugins/fr.ac6.mcu.externaltools.arm-none.macos64_1.17.0.201812190825/tools/compiler/bin/../lib/gcc/arm-none-eabi/7.3.1/../../../../arm-none-eabi/lib/thumb/v7-m/libc.a(lib_a-atexit.o)
                0x0000000008005448                atexit
 .text.__libc_fini_array
                0x0000000008005454       0x34 /Applications/Ac6/SystemWorkbench.app/Contents/Eclipse/plugins/fr.ac6.mcu.externaltools.arm-none.macos64_1.17.0.201812190825/tools/compiler/bin/../lib/gcc/arm-none-eabi/7.3.1/../../../../arm-none-eabi/lib/thumb/v7-m/libc.a(lib_a-fini.o)
                0x0000000008005454                __libc_fini_array
 .text._malloc_trim_r
                0x0000000008005488       0xa0 /Applications/Ac6/SystemWorkbench.app/Contents/Eclipse/plugins/fr.ac6.mcu.externaltools.arm-none.macos64_1.17.0.201812190825/tools/compiler/bin/../lib/gcc/arm-none-eabi/7.3.1/../../../../arm-none-eabi/lib/thumb/v7-m/libc.a(lib_a-freer.o)
                0x0000000008005488                _malloc_trim_r
 .text._free_r  0x0000000008005528      0x1e8 /Applications/Ac6/SystemWorkbench.app/Contents/Eclipse/plugins/fr.ac6.mcu.externaltools.arm-none.macos64_1.17.0.201812190825/tools/compiler/bin/../lib/gcc/arm-none-eabi/7.3.1/../../../../arm-none-eabi/lib/thumb/v7-m/libc.a(lib_a-freer.o)
                0x0000000008005528                _free_r
 .text.__retarget_lock_acquire_recursive
                0x0000000008005710        0x4 /Applications/Ac6/SystemWorkbench.app/Contents/Eclipse/plugins/fr.ac6.mcu.externaltools.arm-none.macos64_1.17.0.201812190825/tools/compiler/bin/../lib/gcc/arm-none-eabi/7.3.1/../../../../arm-none-eabi/lib/thumb/v7-m/libc.a(lib_a-lock.o)
                0x0000000008005710                __retarget_lock_acquire_recursive
 .text.__retarget_lock_release_recursive
                0x0000000008005714        0x4 /Applications/Ac6/SystemWorkbench.app/Contents/Eclipse/plugins/fr.ac6.mcu.externaltools.arm-none.macos64_1.17.0.201812190825/tools/compiler/bin/../lib/gcc/arm-none-eabi/7.3.1/../../../../arm-none-eabi/lib/thumb/v7-m/libc.a(lib_a-lock.o)
                0x0000000008005714                __retarget_lock_release_recursive
 .text.__register_exitproc
                0x0000000008005718       0xc0 /Applications/Ac6/SystemWorkbench.app/Contents/Eclipse/plugins/fr.ac6.mcu.externaltools.arm-none.macos64_1.17.0.201812190825/tools/compiler/bin/../lib/gcc/arm-none-eabi/7.3.1/../../../../arm-none-eabi/lib/thumb/v7-m/libc.a(lib_a-__atexit.o)
                0x0000000008005718                __register_exitproc
 .text._sbrk    0x00000000080057d8       0x1c /Applications/Ac6/SystemWorkbench.app/Contents/Eclipse/plugins/fr.ac6.mcu.externaltools.arm-none.macos64_1.17.0.201812190825/tools/compiler/bin/../lib/gcc/arm-none-eabi/7.3.1/../../../../arm-none-eabi/lib/thumb/v7-m/libnosys.a(sbrk.o)
                0x00000000080057d8                _sbrk
 *(.glue_7)
 .glue_7        0x00000000080057f4        0x0 linker stubs
 *(.glue_7t)
 .glue_7t       0x00000000080057f4        0x0 linker stubs
 *(.eh_frame)
 .eh_frame      0x00000000080057f4        0x0 /Applications/Ac6/SystemWorkbench.app/Contents/Eclipse/plugins/fr.ac6.mcu.externaltools.arm-none.macos64_1.17.0.201812190825/tools/compiler/bin/../lib/gcc/arm-none-eabi/7.3.1/thumb/v7-m/crtbegin.o
 *(.init)
 .init          0x00000000080057f4        0x4 /Applications/Ac6/SystemWorkbench.app/Contents/Eclipse/plugins/fr.ac6.mcu.externaltools.arm-none.macos64_1.17.0.201812190825/tools/compiler/bin/../lib/gcc/arm-none-eabi/7.3.1/thumb/v7-m/crti.o
                0x00000000080057f4                _init
 .init          0x00000000080057f8        0x8 /Applications/Ac6/SystemWorkbench.app/Contents/Eclipse/plugins/fr.ac6.mcu.externaltools.arm-none.macos64_1.17.0.201812190825/tools/compiler/bin/../lib/gcc/arm-none-eabi/7.3.1/thumb/v7-m/crtn.o
 *(.fini)
 .fini          0x0000000008005800        0x4 /Applications/Ac6/SystemWorkbench.app/Contents/Eclipse/plugins/fr.ac6.mcu.externaltools.arm-none.macos64_1.17.0.201812190825/tools/compiler/bin/../lib/gcc/arm-none-eabi/7.3.1/thumb/v7-m/crti.o
                0x0000000008005800                _fini
 .fini          0x0000000008005804        0x8 /Applications/Ac6/SystemWorkbench.app/Contents/Eclipse/plugins/fr.ac6.mcu.externaltools.arm-none.macos64_1.17.0.201812190825/tools/compiler/bin/../lib/gcc/arm-none-eabi/7.3.1/thumb/v7-m/crtn.o
                0x000000000800580c                . = ALIGN (0x4)
                0x000000000800580c                _etext = .

.vfp11_veneer   0x000000000800580c        0x0
 .vfp11_veneer  0x000000000800580c        0x0 linker stubs

.v4_bx          0x000000000800580c        0x0
 .v4_bx         0x000000000800580c        0x0 linker stubs

.iplt           0x000000000800580c        0x0
 .iplt          0x000000000800580c        0x0 /Applications/Ac6/SystemWorkbench.app/Contents/Eclipse/plugins/fr.ac6.mcu.externaltools.arm-none.macos64_1.17.0.201812190825/tools/compiler/bin/../lib/gcc/arm-none-eabi/7.3.1/thumb/v7-m/crtbegin.o

.rodata         0x000000000800580c      0x184
                0x000000000800580c                . = ALIGN (0x4)
 *(.rodata)
 .rodata        0x000000000800580c       0x1c Drivers/STM32F1xx_HAL_Driver/Src/stm32f1xx_hal_rcc.o
 .rodata        0x0000000008005828       0xb4 Src/decadriver/deca_params_init.o
                0x0000000008005828                lde_replicaCoeff
                0x000000000800585c                digital_bb_config
                0x000000000800587c                dtune1
                0x0000000008005880                sftsh
                0x000000000800588c                dwnsSFDlen
                0x0000000008005890                agc_config
                0x0000000008005898                rx_config
                0x000000000800589c                fs_pll_tune
                0x00000000080058a4                fs_pll_cfg
                0x00000000080058bc                tx_config
                0x00000000080058d4                chan_idx
 .rodata        0x00000000080058dc        0x9 Src/main.o
 *fill*         0x00000000080058e5        0x3 
 .rodata        0x00000000080058e8       0x18 Src/system_stm32f1xx.o
                0x00000000080058e8                AHBPrescTable
                0x00000000080058f8                APBPrescTable
 .rodata        0x0000000008005900        0x4 Src/usbd_conf.o
 *(.rodata*)
 .rodata.str1.4
                0x0000000008005904       0x20 Src/examples/ex_01c_tx_sleep_auto/ex_01c_main.o
 .rodata.str1.4
                0x0000000008005924       0x68 Src/usbd_desc.o
                                         0x66 (size before relaxing)
 .rodata._global_impure_ptr
                0x000000000800598c        0x4 /Applications/Ac6/SystemWorkbench.app/Contents/Eclipse/plugins/fr.ac6.mcu.externaltools.arm-none.macos64_1.17.0.201812190825/tools/compiler/bin/../lib/gcc/arm-none-eabi/7.3.1/../../../../arm-none-eabi/lib/thumb/v7-m/libc.a(lib_a-impure.o)
                0x000000000800598c                _global_impure_ptr
                0x0000000008005990                . = ALIGN (0x4)

.rel.dyn        0x0000000008005990        0x0
 .rel.iplt      0x0000000008005990        0x0 /Applications/Ac6/SystemWorkbench.app/Contents/Eclipse/plugins/fr.ac6.mcu.externaltools.arm-none.macos64_1.17.0.201812190825/tools/compiler/bin/../lib/gcc/arm-none-eabi/7.3.1/thumb/v7-m/crtbegin.o

.ARM.extab
 *(.ARM.extab* .gnu.linkonce.armextab.*)

.ARM            0x0000000008005990        0x0
                0x0000000008005990                __exidx_start = .
 *(.ARM.exidx*)
                0x0000000008005990                __exidx_end = .

.preinit_array  0x0000000008005990        0x0
                0x0000000008005990                PROVIDE (__preinit_array_start = .)
 *(.preinit_array*)
                0x0000000008005990                PROVIDE (__preinit_array_end = .)

.init_array     0x0000000008005990        0x8
                0x0000000008005990                PROVIDE (__init_array_start = .)
 *(SORT_BY_NAME(.init_array.*))
 .init_array.00000
                0x0000000008005990        0x4 /Applications/Ac6/SystemWorkbench.app/Contents/Eclipse/plugins/fr.ac6.mcu.externaltools.arm-none.macos64_1.17.0.201812190825/tools/compiler/bin/../lib/gcc/arm-none-eabi/7.3.1/../../../../arm-none-eabi/lib/thumb/v7-m/libc.a(lib_a-__call_atexit.o)
 *(.init_array*)
 .init_array    0x0000000008005994        0x4 /Applications/Ac6/SystemWorkbench.app/Contents/Eclipse/plugins/fr.ac6.mcu.externaltools.arm-none.macos64_1.17.0.201812190825/tools/compiler/bin/../lib/gcc/arm-none-eabi/7.3.1/thumb/v7-m/crtbegin.o
                0x0000000008005998                PROVIDE (__init_array_end = .)

.fini_array     0x0000000008005998        0x4
                0x0000000008005998                PROVIDE (__fini_array_start = .)
 *(SORT_BY_NAME(.fini_array.*))
 *(.fini_array*)
 .fini_array    0x0000000008005998        0x4 /Applications/Ac6/SystemWorkbench.app/Contents/Eclipse/plugins/fr.ac6.mcu.externaltools.arm-none.macos64_1.17.0.201812190825/tools/compiler/bin/../lib/gcc/arm-none-eabi/7.3.1/thumb/v7-m/crtbegin.o
                0x000000000800599c                PROVIDE (__fini_array_end = .)
                0x000000000800599c                _sidata = LOADADDR (.data)

.data           0x0000000020000000      0x9b4 load address 0x000000000800599c
                0x0000000020000000                . = ALIGN (0x4)
                0x0000000020000000                _sdata = .
 *(.data)
 .data          0x0000000020000000      0x110 Middlewares/ST/STM32_USB_Device_Library/Class/CDC/Src/usbd_cdc.o
                0x0000000020000000                USBD_CDC_CfgFSDesc
                0x0000000020000044                USBD_CDC_CfgHSDesc
                0x0000000020000088                USBD_CDC_OtherSpeedCfgDesc
                0x00000000200000d8                USBD_CDC
 .data          0x0000000020000110        0x4 Src/decadriver/deca_device.o
 .data          0x0000000020000114       0x18 Src/examples/ex_01c_tx_sleep_auto/ex_01c_main.o
 .data          0x000000002000012c        0x4 Src/system_stm32f1xx.o
                0x000000002000012c                SystemCoreClock
 .data          0x0000000020000130       0x10 Src/usbd_cdc_if.o
                0x0000000020000130                USBD_Interface_fops_FS
 .data          0x0000000020000140       0x34 Src/usbd_desc.o
                0x0000000020000140                USBD_FS_DeviceDesc
                0x0000000020000154                USBD_LangIDDesc
                0x0000000020000158                FS_Desc
 *(.data*)
 .data._impure_ptr
                0x0000000020000174        0x4 /Applications/Ac6/SystemWorkbench.app/Contents/Eclipse/plugins/fr.ac6.mcu.externaltools.arm-none.macos64_1.17.0.201812190825/tools/compiler/bin/../lib/gcc/arm-none-eabi/7.3.1/../../../../arm-none-eabi/lib/thumb/v7-m/libc.a(lib_a-impure.o)
                0x0000000020000174                _impure_ptr
 .data.impure_data
                0x0000000020000178      0x428 /Applications/Ac6/SystemWorkbench.app/Contents/Eclipse/plugins/fr.ac6.mcu.externaltools.arm-none.macos64_1.17.0.201812190825/tools/compiler/bin/../lib/gcc/arm-none-eabi/7.3.1/../../../../arm-none-eabi/lib/thumb/v7-m/libc.a(lib_a-impure.o)
 .data.__malloc_av_
                0x00000000200005a0      0x408 /Applications/Ac6/SystemWorkbench.app/Contents/Eclipse/plugins/fr.ac6.mcu.externaltools.arm-none.macos64_1.17.0.201812190825/tools/compiler/bin/../lib/gcc/arm-none-eabi/7.3.1/../../../../arm-none-eabi/lib/thumb/v7-m/libc.a(lib_a-mallocr.o)
                0x00000000200005a0                __malloc_av_
 .data.__malloc_sbrk_base
                0x00000000200009a8        0x4 /Applications/Ac6/SystemWorkbench.app/Contents/Eclipse/plugins/fr.ac6.mcu.externaltools.arm-none.macos64_1.17.0.201812190825/tools/compiler/bin/../lib/gcc/arm-none-eabi/7.3.1/../../../../arm-none-eabi/lib/thumb/v7-m/libc.a(lib_a-mallocr.o)
                0x00000000200009a8                __malloc_sbrk_base
 .data.__malloc_trim_threshold
                0x00000000200009ac        0x4 /Applications/Ac6/SystemWorkbench.app/Contents/Eclipse/plugins/fr.ac6.mcu.externaltools.arm-none.macos64_1.17.0.201812190825/tools/compiler/bin/../lib/gcc/arm-none-eabi/7.3.1/../../../../arm-none-eabi/lib/thumb/v7-m/libc.a(lib_a-mallocr.o)
                0x00000000200009ac                __malloc_trim_threshold
 .data.__atexit_recursive_mutex
                0x00000000200009b0        0x4 /Applications/Ac6/SystemWorkbench.app/Contents/Eclipse/plugins/fr.ac6.mcu.externaltools.arm-none.macos64_1.17.0.201812190825/tools/compiler/bin/../lib/gcc/arm-none-eabi/7.3.1/../../../../arm-none-eabi/lib/thumb/v7-m/libc.a(lib_a-__call_atexit.o)
                0x00000000200009b0                __atexit_recursive_mutex
                0x00000000200009b4                . = ALIGN (0x4)
                0x00000000200009b4                _edata = .

.igot.plt       0x00000000200009b4        0x0 load address 0x0000000008006350
 .igot.plt      0x00000000200009b4        0x0 /Applications/Ac6/SystemWorkbench.app/Contents/Eclipse/plugins/fr.ac6.mcu.externaltools.arm-none.macos64_1.17.0.201812190825/tools/compiler/bin/../lib/gcc/arm-none-eabi/7.3.1/thumb/v7-m/crtbegin.o
                0x00000000200009b4                . = ALIGN (0x4)

.bss            0x00000000200009b4     0x2f44 load address 0x0000000008006350
                0x00000000200009b4                _sbss = .
                0x00000000200009b4                __bss_start__ = _sbss
 *(.bss)
 .bss           0x00000000200009b4       0x1c /Applications/Ac6/SystemWorkbench.app/Contents/Eclipse/plugins/fr.ac6.mcu.externaltools.arm-none.macos64_1.17.0.201812190825/tools/compiler/bin/../lib/gcc/arm-none-eabi/7.3.1/thumb/v7-m/crtbegin.o
 .bss           0x00000000200009d0        0x4 Drivers/STM32F1xx_HAL_Driver/Src/stm32f1xx_hal.o
 .bss           0x00000000200009d4        0x1 Drivers/STM32F1xx_HAL_Driver/Src/stm32f1xx_hal_spi_ex.o
                0x00000000200009d4                uCRCErrorWorkaroundCheck
 .bss           0x00000000200009d5        0x1 Middlewares/ST/STM32_USB_Device_Library/Class/CDC/Src/usbd_cdc.o
 .bss           0x00000000200009d6        0x1 Middlewares/ST/STM32_USB_Device_Library/Core/Src/usbd_ctlreq.o
 *fill*         0x00000000200009d7        0x1 
 .bss           0x00000000200009d8       0x38 Src/decadriver/deca_device.o
 .bss           0x0000000020000a10      0x258 Src/examples/ex_01c_tx_sleep_auto/ex_01c_main.o
 .bss           0x0000000020000c68     0x204c Src/platform/port.o
                0x0000000020000c68                port_deca_isr
 .bss           0x0000000020002cb4      0x220 Src/usbd_conf.o
 *(.bss*)
 .bss.__malloc_current_mallinfo
                0x0000000020002ed4       0x28 /Applications/Ac6/SystemWorkbench.app/Contents/Eclipse/plugins/fr.ac6.mcu.externaltools.arm-none.macos64_1.17.0.201812190825/tools/compiler/bin/../lib/gcc/arm-none-eabi/7.3.1/../../../../arm-none-eabi/lib/thumb/v7-m/libc.a(lib_a-mallocr.o)
                0x0000000020002ed4                __malloc_current_mallinfo
 .bss.__malloc_max_sbrked_mem
                0x0000000020002efc        0x4 /Applications/Ac6/SystemWorkbench.app/Contents/Eclipse/plugins/fr.ac6.mcu.externaltools.arm-none.macos64_1.17.0.201812190825/tools/compiler/bin/../lib/gcc/arm-none-eabi/7.3.1/../../../../arm-none-eabi/lib/thumb/v7-m/libc.a(lib_a-mallocr.o)
                0x0000000020002efc                __malloc_max_sbrked_mem
 .bss.__malloc_max_total_mem
                0x0000000020002f00        0x4 /Applications/Ac6/SystemWorkbench.app/Contents/Eclipse/plugins/fr.ac6.mcu.externaltools.arm-none.macos64_1.17.0.201812190825/tools/compiler/bin/../lib/gcc/arm-none-eabi/7.3.1/../../../../arm-none-eabi/lib/thumb/v7-m/libc.a(lib_a-mallocr.o)
                0x0000000020002f00                __malloc_max_total_mem
 .bss.__malloc_top_pad
                0x0000000020002f04        0x4 /Applications/Ac6/SystemWorkbench.app/Contents/Eclipse/plugins/fr.ac6.mcu.externaltools.arm-none.macos64_1.17.0.201812190825/tools/compiler/bin/../lib/gcc/arm-none-eabi/7.3.1/../../../../arm-none-eabi/lib/thumb/v7-m/libc.a(lib_a-mallocr.o)
                0x0000000020002f04                __malloc_top_pad
 .bss.heap_end.4102
                0x0000000020002f08        0x4 /Applications/Ac6/SystemWorkbench.app/Contents/Eclipse/plugins/fr.ac6.mcu.externaltools.arm-none.macos64_1.17.0.201812190825/tools/compiler/bin/../lib/gcc/arm-none-eabi/7.3.1/../../../../arm-none-eabi/lib/thumb/v7-m/libnosys.a(sbrk.o)
 *(COMMON)
 COMMON         0x0000000020002f0c      0x172 Src/main.o
                0x0000000020002f0c                hspi2
                0x0000000020002f64                hspi1
                0x0000000020002fbc                app
 *fill*         0x000000002000307e        0x2 
 COMMON         0x0000000020003080      0x224 Src/usb_device.o
                0x0000000020003080                hUsbDeviceFS
 COMMON         0x00000000200032a4       0x84 Src/usbd_cdc_if.o
                0x00000000200032a4                hUsbDevice_0
                0x00000000200032a8                UserRxBufferFS
                0x00000000200032e8                UserTxBufferFS
 COMMON         0x0000000020003328      0x3a8 Src/usbd_conf.o
                0x0000000020003328                hpcd_USB_OTG_FS
 COMMON         0x00000000200036d0      0x200 Src/usbd_desc.o
                0x00000000200036d0                USBD_StrDesc
 COMMON         0x00000000200038d0       0x21 /Applications/Ac6/SystemWorkbench.app/Contents/Eclipse/plugins/fr.ac6.mcu.externaltools.arm-none.macos64_1.17.0.201812190825/tools/compiler/bin/../lib/gcc/arm-none-eabi/7.3.1/../../../../arm-none-eabi/lib/thumb/v7-m/libc.a(lib_a-lock.o)
                0x00000000200038d0                __lock___atexit_recursive_mutex
                0x00000000200038d4                __lock___arc4random_mutex
                0x00000000200038d8                __lock___env_recursive_mutex
                0x00000000200038dc                __lock___sinit_recursive_mutex
                0x00000000200038e0                __lock___malloc_recursive_mutex
                0x00000000200038e4                __lock___at_quick_exit_mutex
                0x00000000200038e8                __lock___dd_hash_mutex
                0x00000000200038ec                __lock___tz_mutex
                0x00000000200038f0                __lock___sfp_recursive_mutex
 *fill*         0x00000000200038f1        0x3 
 COMMON         0x00000000200038f4        0x4 /Applications/Ac6/SystemWorkbench.app/Contents/Eclipse/plugins/fr.ac6.mcu.externaltools.arm-none.macos64_1.17.0.201812190825/tools/compiler/bin/../lib/gcc/arm-none-eabi/7.3.1/../../../../arm-none-eabi/lib/thumb/v7-m/libc.a(lib_a-reent.o)
                0x00000000200038f4                errno
                0x00000000200038f8                . = ALIGN (0x4)
                0x00000000200038f8                _ebss = .
                0x00000000200038f8                __bss_end__ = _ebss

._user_heap_stack
                0x00000000200038f8      0x600 load address 0x0000000008006350
                0x00000000200038f8                . = ALIGN (0x8)
                0x00000000200038f8                PROVIDE (end = .)
                [!provide]                        PROVIDE (_end = .)
                0x0000000020003af8                . = (. + _Min_Heap_Size)
 *fill*         0x00000000200038f8      0x200 
                0x0000000020003ef8                . = (. + _Min_Stack_Size)
 *fill*         0x0000000020003af8      0x400 
                0x0000000020003ef8                . = ALIGN (0x8)

/DISCARD/
 libc.a(*)
 libm.a(*)
 libgcc.a(*)

.ARM.attributes
                0x0000000000000000       0x29
 *(.ARM.attributes)
 .ARM.attributes
                0x0000000000000000       0x1d /Applications/Ac6/SystemWorkbench.app/Contents/Eclipse/plugins/fr.ac6.mcu.externaltools.arm-none.macos64_1.17.0.201812190825/tools/compiler/bin/../lib/gcc/arm-none-eabi/7.3.1/thumb/v7-m/crti.o
 .ARM.attributes
                0x000000000000001d       0x2d /Applications/Ac6/SystemWorkbench.app/Contents/Eclipse/plugins/fr.ac6.mcu.externaltools.arm-none.macos64_1.17.0.201812190825/tools/compiler/bin/../lib/gcc/arm-none-eabi/7.3.1/thumb/v7-m/crtbegin.o
 .ARM.attributes
                0x000000000000004a       0x21 Drivers/CMSIS/Device/ST/STM32F1xx/Source/Templates/gcc/startup_stm32f105xc.o
 .ARM.attributes
                0x000000000000006b       0x33 Drivers/STM32F1xx_HAL_Driver/Src/stm32f1xx_hal.o
 .ARM.attributes
                0x000000000000009e       0x33 Drivers/STM32F1xx_HAL_Driver/Src/stm32f1xx_hal_cortex.o
 .ARM.attributes
                0x00000000000000d1       0x33 Drivers/STM32F1xx_HAL_Driver/Src/stm32f1xx_hal_gpio.o
 .ARM.attributes
                0x0000000000000104       0x33 Drivers/STM32F1xx_HAL_Driver/Src/stm32f1xx_hal_pcd.o
 .ARM.attributes
                0x0000000000000137       0x33 Drivers/STM32F1xx_HAL_Driver/Src/stm32f1xx_hal_pcd_ex.o
 .ARM.attributes
                0x000000000000016a       0x33 Drivers/STM32F1xx_HAL_Driver/Src/stm32f1xx_hal_rcc.o
 .ARM.attributes
                0x000000000000019d       0x33 Drivers/STM32F1xx_HAL_Driver/Src/stm32f1xx_hal_rcc_ex.o
 .ARM.attributes
                0x00000000000001d0       0x33 Drivers/STM32F1xx_HAL_Driver/Src/stm32f1xx_hal_spi.o
 .ARM.attributes
                0x0000000000000203       0x33 Drivers/STM32F1xx_HAL_Driver/Src/stm32f1xx_hal_spi_ex.o
 .ARM.attributes
                0x0000000000000236       0x33 Drivers/STM32F1xx_HAL_Driver/Src/stm32f1xx_ll_usb.o
 .ARM.attributes
                0x0000000000000269       0x33 Middlewares/ST/STM32_USB_Device_Library/Class/CDC/Src/usbd_cdc.o
 .ARM.attributes
                0x000000000000029c       0x33 Middlewares/ST/STM32_USB_Device_Library/Core/Src/usbd_core.o
 .ARM.attributes
                0x00000000000002cf       0x33 Middlewares/ST/STM32_USB_Device_Library/Core/Src/usbd_ctlreq.o
 .ARM.attributes
                0x0000000000000302       0x33 Middlewares/ST/STM32_USB_Device_Library/Core/Src/usbd_ioreq.o
 .ARM.attributes
                0x0000000000000335       0x33 Src/decadriver/deca_device.o
 .ARM.attributes
                0x0000000000000368       0x33 Src/decadriver/deca_params_init.o
 .ARM.attributes
                0x000000000000039b       0x33 Src/examples/ex_01c_tx_sleep_auto/ex_01c_main.o
 .ARM.attributes
                0x00000000000003ce       0x33 Src/main.o
 .ARM.attributes
                0x0000000000000401       0x33 Src/platform/deca_mutex.o
 .ARM.attributes
                0x0000000000000434       0x33 Src/platform/deca_sleep.o
 .ARM.attributes
                0x0000000000000467       0x33 Src/platform/deca_spi.o
 .ARM.attributes
                0x000000000000049a       0x33 Src/platform/lcd.o
 .ARM.attributes
                0x00000000000004cd       0x33 Src/platform/port.o
 .ARM.attributes
                0x0000000000000500       0x33 Src/stm32f1xx_hal_msp.o
 .ARM.attributes
                0x0000000000000533       0x33 Src/stm32f1xx_it.o
 .ARM.attributes
                0x0000000000000566       0x33 Src/system_stm32f1xx.o
 .ARM.attributes
                0x0000000000000599       0x33 Src/usb_device.o
 .ARM.attributes
                0x00000000000005cc       0x33 Src/usbd_cdc_if.o
 .ARM.attributes
                0x00000000000005ff       0x33 Src/usbd_conf.o
 .ARM.attributes
                0x0000000000000632       0x33 Src/usbd_desc.o
 .ARM.attributes
                0x0000000000000665       0x2d /Applications/Ac6/SystemWorkbench.app/Contents/Eclipse/plugins/fr.ac6.mcu.externaltools.arm-none.macos64_1.17.0.201812190825/tools/compiler/bin/../lib/gcc/arm-none-eabi/7.3.1/../../../../arm-none-eabi/lib/thumb/v7-m/libc.a(lib_a-impure.o)
 .ARM.attributes
                0x0000000000000692       0x2d /Applications/Ac6/SystemWorkbench.app/Contents/Eclipse/plugins/fr.ac6.mcu.externaltools.arm-none.macos64_1.17.0.201812190825/tools/compiler/bin/../lib/gcc/arm-none-eabi/7.3.1/../../../../arm-none-eabi/lib/thumb/v7-m/libc.a(lib_a-malloc.o)
 .ARM.attributes
                0x00000000000006bf       0x2d /Applications/Ac6/SystemWorkbench.app/Contents/Eclipse/plugins/fr.ac6.mcu.externaltools.arm-none.macos64_1.17.0.201812190825/tools/compiler/bin/../lib/gcc/arm-none-eabi/7.3.1/../../../../arm-none-eabi/lib/thumb/v7-m/libc.a(lib_a-mallocr.o)
 .ARM.attributes
                0x00000000000006ec       0x1b /Applications/Ac6/SystemWorkbench.app/Contents/Eclipse/plugins/fr.ac6.mcu.externaltools.arm-none.macos64_1.17.0.201812190825/tools/compiler/bin/../lib/gcc/arm-none-eabi/7.3.1/../../../../arm-none-eabi/lib/thumb/v7-m/libc.a(lib_a-memcpy.o)
 .ARM.attributes
                0x0000000000000707       0x2d /Applications/Ac6/SystemWorkbench.app/Contents/Eclipse/plugins/fr.ac6.mcu.externaltools.arm-none.macos64_1.17.0.201812190825/tools/compiler/bin/../lib/gcc/arm-none-eabi/7.3.1/../../../../arm-none-eabi/lib/thumb/v7-m/libc.a(lib_a-mlock.o)
 .ARM.attributes
                0x0000000000000734       0x2d /Applications/Ac6/SystemWorkbench.app/Contents/Eclipse/plugins/fr.ac6.mcu.externaltools.arm-none.macos64_1.17.0.201812190825/tools/compiler/bin/../lib/gcc/arm-none-eabi/7.3.1/../../../../arm-none-eabi/lib/thumb/v7-m/libc.a(lib_a-sbrkr.o)
 .ARM.attributes
                0x0000000000000761       0x2d /Applications/Ac6/SystemWorkbench.app/Contents/Eclipse/plugins/fr.ac6.mcu.externaltools.arm-none.macos64_1.17.0.201812190825/tools/compiler/bin/../lib/gcc/arm-none-eabi/7.3.1/../../../../arm-none-eabi/lib/thumb/v7-m/libc.a(lib_a-__call_atexit.o)
 .ARM.attributes
                0x000000000000078e       0x2d /Applications/Ac6/SystemWorkbench.app/Contents/Eclipse/plugins/fr.ac6.mcu.externaltools.arm-none.macos64_1.17.0.201812190825/tools/compiler/bin/../lib/gcc/arm-none-eabi/7.3.1/../../../../arm-none-eabi/lib/thumb/v7-m/libc.a(lib_a-atexit.o)
 .ARM.attributes
                0x00000000000007bb       0x2d /Applications/Ac6/SystemWorkbench.app/Contents/Eclipse/plugins/fr.ac6.mcu.externaltools.arm-none.macos64_1.17.0.201812190825/tools/compiler/bin/../lib/gcc/arm-none-eabi/7.3.1/../../../../arm-none-eabi/lib/thumb/v7-m/libc.a(lib_a-fini.o)
 .ARM.attributes
                0x00000000000007e8       0x2d /Applications/Ac6/SystemWorkbench.app/Contents/Eclipse/plugins/fr.ac6.mcu.externaltools.arm-none.macos64_1.17.0.201812190825/tools/compiler/bin/../lib/gcc/arm-none-eabi/7.3.1/../../../../arm-none-eabi/lib/thumb/v7-m/libc.a(lib_a-freer.o)
 .ARM.attributes
                0x0000000000000815       0x2d /Applications/Ac6/SystemWorkbench.app/Contents/Eclipse/plugins/fr.ac6.mcu.externaltools.arm-none.macos64_1.17.0.201812190825/tools/compiler/bin/../lib/gcc/arm-none-eabi/7.3.1/../../../../arm-none-eabi/lib/thumb/v7-m/libc.a(lib_a-lock.o)
 .ARM.attributes
                0x0000000000000842       0x2d /Applications/Ac6/SystemWorkbench.app/Contents/Eclipse/plugins/fr.ac6.mcu.externaltools.arm-none.macos64_1.17.0.201812190825/tools/compiler/bin/../lib/gcc/arm-none-eabi/7.3.1/../../../../arm-none-eabi/lib/thumb/v7-m/libc.a(lib_a-reent.o)
 .ARM.attributes
                0x000000000000086f       0x2d /Applications/Ac6/SystemWorkbench.app/Contents/Eclipse/plugins/fr.ac6.mcu.externaltools.arm-none.macos64_1.17.0.201812190825/tools/compiler/bin/../lib/gcc/arm-none-eabi/7.3.1/../../../../arm-none-eabi/lib/thumb/v7-m/libc.a(lib_a-__atexit.o)
 .ARM.attributes
                0x000000000000089c       0x2d /Applications/Ac6/SystemWorkbench.app/Contents/Eclipse/plugins/fr.ac6.mcu.externaltools.arm-none.macos64_1.17.0.201812190825/tools/compiler/bin/../lib/gcc/arm-none-eabi/7.3.1/../../../../arm-none-eabi/lib/thumb/v7-m/libnosys.a(sbrk.o)
 .ARM.attributes
                0x00000000000008c9       0x1d /Applications/Ac6/SystemWorkbench.app/Contents/Eclipse/plugins/fr.ac6.mcu.externaltools.arm-none.macos64_1.17.0.201812190825/tools/compiler/bin/../lib/gcc/arm-none-eabi/7.3.1/thumb/v7-m/crtn.o
OUTPUT(..\Build\DW1000_API_CubeMX.elf elf32-littlearm)

.debug_line     0x0000000000000000    0x14ed1
 .debug_line    0x0000000000000000       0xad Drivers/CMSIS/Device/ST/STM32F1xx/Source/Templates/gcc/startup_stm32f105xc.o
 .debug_line    0x00000000000000ad      0x8ca Drivers/STM32F1xx_HAL_Driver/Src/stm32f1xx_hal.o
 .debug_line    0x0000000000000977      0x975 Drivers/STM32F1xx_HAL_Driver/Src/stm32f1xx_hal_cortex.o
 .debug_line    0x00000000000012ec      0x955 Drivers/STM32F1xx_HAL_Driver/Src/stm32f1xx_hal_gpio.o
 .debug_line    0x0000000000001c41      0xca7 Drivers/STM32F1xx_HAL_Driver/Src/stm32f1xx_hal_pcd.o
 .debug_line    0x00000000000028e8      0x7bc Drivers/STM32F1xx_HAL_Driver/Src/stm32f1xx_hal_pcd_ex.o
 .debug_line    0x00000000000030a4      0xe86 Drivers/STM32F1xx_HAL_Driver/Src/stm32f1xx_hal_rcc.o
 .debug_line    0x0000000000003f2a      0xb89 Drivers/STM32F1xx_HAL_Driver/Src/stm32f1xx_hal_rcc_ex.o
 .debug_line    0x0000000000004ab3     0x153b Drivers/STM32F1xx_HAL_Driver/Src/stm32f1xx_hal_spi.o
 .debug_line    0x0000000000005fee      0x7c4 Drivers/STM32F1xx_HAL_Driver/Src/stm32f1xx_hal_spi_ex.o
 .debug_line    0x00000000000067b2      0xe46 Drivers/STM32F1xx_HAL_Driver/Src/stm32f1xx_ll_usb.o
 .debug_line    0x00000000000075f8      0xa3c Middlewares/ST/STM32_USB_Device_Library/Class/CDC/Src/usbd_cdc.o
 .debug_line    0x0000000000008034      0xa3e Middlewares/ST/STM32_USB_Device_Library/Core/Src/usbd_core.o
 .debug_line    0x0000000000008a72      0x9ba Middlewares/ST/STM32_USB_Device_Library/Core/Src/usbd_ctlreq.o
 .debug_line    0x000000000000942c      0x8c5 Middlewares/ST/STM32_USB_Device_Library/Core/Src/usbd_ioreq.o
 .debug_line    0x0000000000009cf1     0x2f87 Src/decadriver/deca_device.o
 .debug_line    0x000000000000cc78      0x4d1 Src/decadriver/deca_params_init.o
 .debug_line    0x000000000000d149      0x8ad Src/examples/ex_01c_tx_sleep_auto/ex_01c_main.o
 .debug_line    0x000000000000d9f6      0x9b3 Src/main.o
 .debug_line    0x000000000000e3a9      0x829 Src/platform/deca_mutex.o
 .debug_line    0x000000000000ebd2      0x81e Src/platform/deca_sleep.o
 .debug_line    0x000000000000f3f0      0x891 Src/platform/deca_spi.o
 .debug_line    0x000000000000fc81      0x8f7 Src/platform/lcd.o
 .debug_line    0x0000000000010578      0xc99 Src/platform/port.o
 .debug_line    0x0000000000011211      0x7ea Src/stm32f1xx_hal_msp.o
 .debug_line    0x00000000000119fb      0x7dd Src/stm32f1xx_it.o
 .debug_line    0x00000000000121d8      0x7b2 Src/system_stm32f1xx.o
 .debug_line    0x000000000001298a      0x895 Src/usb_device.o
 .debug_line    0x000000000001321f      0x947 Src/usbd_cdc_if.o
 .debug_line    0x0000000000013b66      0xad2 Src/usbd_conf.o
 .debug_line    0x0000000000014638      0x899 Src/usbd_desc.o

.debug_info     0x0000000000000000    0x3729a
 .debug_info    0x0000000000000000       0x22 Drivers/CMSIS/Device/ST/STM32F1xx/Source/Templates/gcc/startup_stm32f105xc.o
 .debug_info    0x0000000000000022      0xf87 Drivers/STM32F1xx_HAL_Driver/Src/stm32f1xx_hal.o
 .debug_info    0x0000000000000fa9     0x14d8 Drivers/STM32F1xx_HAL_Driver/Src/stm32f1xx_hal_cortex.o
 .debug_info    0x0000000000002481      0xea6 Drivers/STM32F1xx_HAL_Driver/Src/stm32f1xx_hal_gpio.o
 .debug_info    0x0000000000003327     0x1cbb Drivers/STM32F1xx_HAL_Driver/Src/stm32f1xx_hal_pcd.o
 .debug_info    0x0000000000004fe2      0xdde Drivers/STM32F1xx_HAL_Driver/Src/stm32f1xx_hal_pcd_ex.o
 .debug_info    0x0000000000005dc0     0x1cf4 Drivers/STM32F1xx_HAL_Driver/Src/stm32f1xx_hal_rcc.o
 .debug_info    0x0000000000007ab4     0x147e Drivers/STM32F1xx_HAL_Driver/Src/stm32f1xx_hal_rcc_ex.o
 .debug_info    0x0000000000008f32     0x2565 Drivers/STM32F1xx_HAL_Driver/Src/stm32f1xx_hal_spi.o
 .debug_info    0x000000000000b497      0xe19 Drivers/STM32F1xx_HAL_Driver/Src/stm32f1xx_hal_spi_ex.o
 .debug_info    0x000000000000c2b0     0x1f6b Drivers/STM32F1xx_HAL_Driver/Src/stm32f1xx_ll_usb.o
 .debug_info    0x000000000000e21b     0x158a Middlewares/ST/STM32_USB_Device_Library/Class/CDC/Src/usbd_cdc.o
 .debug_info    0x000000000000f7a5     0x1494 Middlewares/ST/STM32_USB_Device_Library/Core/Src/usbd_core.o
 .debug_info    0x0000000000010c39     0x15fe Middlewares/ST/STM32_USB_Device_Library/Core/Src/usbd_ctlreq.o
 .debug_info    0x0000000000012237      0xfd4 Middlewares/ST/STM32_USB_Device_Library/Core/Src/usbd_ioreq.o
 .debug_info    0x000000000001320b    0x115cd Src/decadriver/deca_device.o
 .debug_info    0x00000000000247d8      0xade Src/decadriver/deca_params_init.o
 .debug_info    0x00000000000252b6      0xce7 Src/examples/ex_01c_tx_sleep_auto/ex_01c_main.o
 .debug_info    0x0000000000025f9d     0x1e8a Src/main.o
 .debug_info    0x0000000000027e27      0xa97 Src/platform/deca_mutex.o
 .debug_info    0x00000000000288be      0xa46 Src/platform/deca_sleep.o
 .debug_info    0x0000000000029304     0x1168 Src/platform/deca_spi.o
 .debug_info    0x000000000002a46c     0x183d Src/platform/lcd.o
 .debug_info    0x000000000002bca9     0x23b4 Src/platform/port.o
 .debug_info    0x000000000002e05d     0x1356 Src/stm32f1xx_hal_msp.o
 .debug_info    0x000000000002f3b3      0xe1d Src/stm32f1xx_it.o
 .debug_info    0x00000000000301d0      0xc55 Src/system_stm32f1xx.o
 .debug_info    0x0000000000030e25      0xe8e Src/usb_device.o
 .debug_info    0x0000000000031cb3     0x2721 Src/usbd_cdc_if.o
 .debug_info    0x00000000000343d4     0x2134 Src/usbd_conf.o
 .debug_info    0x0000000000036508      0xd92 Src/usbd_desc.o

.debug_abbrev   0x0000000000000000     0x5ab7
 .debug_abbrev  0x0000000000000000       0x12 Drivers/CMSIS/Device/ST/STM32F1xx/Source/Templates/gcc/startup_stm32f105xc.o
 .debug_abbrev  0x0000000000000012      0x34e Drivers/STM32F1xx_HAL_Driver/Src/stm32f1xx_hal.o
 .debug_abbrev  0x0000000000000360      0x3a9 Drivers/STM32F1xx_HAL_Driver/Src/stm32f1xx_hal_cortex.o
 .debug_abbrev  0x0000000000000709      0x2a5 Drivers/STM32F1xx_HAL_Driver/Src/stm32f1xx_hal_gpio.o
 .debug_abbrev  0x00000000000009ae      0x403 Drivers/STM32F1xx_HAL_Driver/Src/stm32f1xx_hal_pcd.o
 .debug_abbrev  0x0000000000000db1      0x259 Drivers/STM32F1xx_HAL_Driver/Src/stm32f1xx_hal_pcd_ex.o
 .debug_abbrev  0x000000000000100a      0x386 Drivers/STM32F1xx_HAL_Driver/Src/stm32f1xx_hal_rcc.o
 .debug_abbrev  0x0000000000001390      0x34a Drivers/STM32F1xx_HAL_Driver/Src/stm32f1xx_hal_rcc_ex.o
 .debug_abbrev  0x00000000000016da      0x3ce Drivers/STM32F1xx_HAL_Driver/Src/stm32f1xx_hal_spi.o
 .debug_abbrev  0x0000000000001aa8      0x21a Drivers/STM32F1xx_HAL_Driver/Src/stm32f1xx_hal_spi_ex.o
 .debug_abbrev  0x0000000000001cc2      0x3fe Drivers/STM32F1xx_HAL_Driver/Src/stm32f1xx_ll_usb.o
 .debug_abbrev  0x00000000000020c0      0x31d Middlewares/ST/STM32_USB_Device_Library/Class/CDC/Src/usbd_cdc.o
 .debug_abbrev  0x00000000000023dd      0x327 Middlewares/ST/STM32_USB_Device_Library/Core/Src/usbd_core.o
 .debug_abbrev  0x0000000000002704      0x3e7 Middlewares/ST/STM32_USB_Device_Library/Core/Src/usbd_ctlreq.o
 .debug_abbrev  0x0000000000002aeb      0x215 Middlewares/ST/STM32_USB_Device_Library/Core/Src/usbd_ioreq.o
 .debug_abbrev  0x0000000000002d00      0x4a5 Src/decadriver/deca_device.o
 .debug_abbrev  0x00000000000031a5      0x19b Src/decadriver/deca_params_init.o
 .debug_abbrev  0x0000000000003340      0x265 Src/examples/ex_01c_tx_sleep_auto/ex_01c_main.o
 .debug_abbrev  0x00000000000035a5      0x379 Src/main.o
 .debug_abbrev  0x000000000000391e      0x25e Src/platform/deca_mutex.o
 .debug_abbrev  0x0000000000003b7c      0x234 Src/platform/deca_sleep.o
 .debug_abbrev  0x0000000000003db0      0x2c6 Src/platform/deca_spi.o
 .debug_abbrev  0x0000000000004076      0x339 Src/platform/lcd.o
 .debug_abbrev  0x00000000000043af      0x400 Src/platform/port.o
 .debug_abbrev  0x00000000000047af      0x25f Src/stm32f1xx_hal_msp.o
 .debug_abbrev  0x0000000000004a0e      0x282 Src/stm32f1xx_it.o
 .debug_abbrev  0x0000000000004c90      0x205 Src/system_stm32f1xx.o
 .debug_abbrev  0x0000000000004e95      0x21b Src/usb_device.o
 .debug_abbrev  0x00000000000050b0      0x410 Src/usbd_cdc_if.o
 .debug_abbrev  0x00000000000054c0      0x345 Src/usbd_conf.o
 .debug_abbrev  0x0000000000005805      0x2b2 Src/usbd_desc.o

.debug_aranges  0x0000000000000000      0xff8
 .debug_aranges
                0x0000000000000000       0x28 Drivers/CMSIS/Device/ST/STM32F1xx/Source/Templates/gcc/startup_stm32f105xc.o
 .debug_aranges
                0x0000000000000028       0xa8 Drivers/STM32F1xx_HAL_Driver/Src/stm32f1xx_hal.o
 .debug_aranges
                0x00000000000000d0       0x90 Drivers/STM32F1xx_HAL_Driver/Src/stm32f1xx_hal_cortex.o
 .debug_aranges
                0x0000000000000160       0x58 Drivers/STM32F1xx_HAL_Driver/Src/stm32f1xx_hal_gpio.o
 .debug_aranges
                0x00000000000001b8       0xc0 Drivers/STM32F1xx_HAL_Driver/Src/stm32f1xx_hal_pcd.o
 .debug_aranges
                0x0000000000000278       0x30 Drivers/STM32F1xx_HAL_Driver/Src/stm32f1xx_hal_pcd_ex.o
 .debug_aranges
                0x00000000000002a8       0x88 Drivers/STM32F1xx_HAL_Driver/Src/stm32f1xx_hal_rcc.o
 .debug_aranges
                0x0000000000000330       0x50 Drivers/STM32F1xx_HAL_Driver/Src/stm32f1xx_hal_rcc_ex.o
 .debug_aranges
                0x0000000000000380      0x100 Drivers/STM32F1xx_HAL_Driver/Src/stm32f1xx_hal_spi.o
 .debug_aranges
                0x0000000000000480       0x28 Drivers/STM32F1xx_HAL_Driver/Src/stm32f1xx_hal_spi_ex.o
 .debug_aranges
                0x00000000000004a8      0x180 Drivers/STM32F1xx_HAL_Driver/Src/stm32f1xx_ll_usb.o
 .debug_aranges
                0x0000000000000628       0x90 Middlewares/ST/STM32_USB_Device_Library/Class/CDC/Src/usbd_cdc.o
 .debug_aranges
                0x00000000000006b8       0xa8 Middlewares/ST/STM32_USB_Device_Library/Core/Src/usbd_core.o
 .debug_aranges
                0x0000000000000760       0x48 Middlewares/ST/STM32_USB_Device_Library/Core/Src/usbd_ctlreq.o
 .debug_aranges
                0x00000000000007a8       0x50 Middlewares/ST/STM32_USB_Device_Library/Core/Src/usbd_ioreq.o
 .debug_aranges
                0x00000000000007f8      0x358 Src/decadriver/deca_device.o
 .debug_aranges
                0x0000000000000b50       0x18 Src/decadriver/deca_params_init.o
 .debug_aranges
                0x0000000000000b68       0x20 Src/examples/ex_01c_tx_sleep_auto/ex_01c_main.o
 .debug_aranges
                0x0000000000000b88       0x38 Src/main.o
 .debug_aranges
                0x0000000000000bc0       0x28 Src/platform/deca_mutex.o
 .debug_aranges
                0x0000000000000be8       0x20 Src/platform/deca_sleep.o
 .debug_aranges
                0x0000000000000c08       0x30 Src/platform/deca_spi.o
 .debug_aranges
                0x0000000000000c38       0x30 Src/platform/lcd.o
 .debug_aranges
                0x0000000000000c68      0x118 Src/platform/port.o
 .debug_aranges
                0x0000000000000d80       0x30 Src/stm32f1xx_hal_msp.o
 .debug_aranges
                0x0000000000000db0       0x60 Src/stm32f1xx_it.o
 .debug_aranges
                0x0000000000000e10       0x28 Src/system_stm32f1xx.o
 .debug_aranges
                0x0000000000000e38       0x20 Src/usb_device.o
 .debug_aranges
                0x0000000000000e58       0x40 Src/usbd_cdc_if.o
 .debug_aranges
                0x0000000000000e98      0x110 Src/usbd_conf.o
 .debug_aranges
                0x0000000000000fa8       0x50 Src/usbd_desc.o

.debug_str      0x0000000000000000    0xba6a9
 .debug_str     0x0000000000000000       0xdc Drivers/CMSIS/Device/ST/STM32F1xx/Source/Templates/gcc/startup_stm32f105xc.o
 .debug_str     0x00000000000000dc    0xadc0e Drivers/STM32F1xx_HAL_Driver/Src/stm32f1xx_hal.o
                                      0xae1dd (size before relaxing)
 .debug_str     0x00000000000adcea      0x2c5 Drivers/STM32F1xx_HAL_Driver/Src/stm32f1xx_hal_cortex.o
                                      0xae1bb (size before relaxing)
 .debug_str     0x00000000000adfaf      0x44e Drivers/STM32F1xx_HAL_Driver/Src/stm32f1xx_hal_gpio.o
                                      0xadeec (size before relaxing)
 .debug_str     0x00000000000ae3fd      0x9bf Drivers/STM32F1xx_HAL_Driver/Src/stm32f1xx_hal_pcd.o
                                      0xae448 (size before relaxing)
 .debug_str     0x00000000000aedbc       0x4a Drivers/STM32F1xx_HAL_Driver/Src/stm32f1xx_hal_pcd_ex.o
                                      0xadd85 (size before relaxing)
 .debug_str     0x00000000000aee06      0x40a Drivers/STM32F1xx_HAL_Driver/Src/stm32f1xx_hal_rcc.o
                                      0xadf72 (size before relaxing)
 .debug_str     0x00000000000af210      0x1f1 Drivers/STM32F1xx_HAL_Driver/Src/stm32f1xx_hal_rcc_ex.o
                                      0xadd43 (size before relaxing)
 .debug_str     0x00000000000af401      0x6cd Drivers/STM32F1xx_HAL_Driver/Src/stm32f1xx_hal_spi.o
                                      0xae1ab (size before relaxing)
 .debug_str     0x00000000000aface       0x54 Drivers/STM32F1xx_HAL_Driver/Src/stm32f1xx_hal_spi_ex.o
                                      0xade30 (size before relaxing)
 .debug_str     0x00000000000afb22      0x38f Drivers/STM32F1xx_HAL_Driver/Src/stm32f1xx_ll_usb.o
                                      0xae367 (size before relaxing)
 .debug_str     0x00000000000afeb1     0x12be Middlewares/ST/STM32_USB_Device_Library/Class/CDC/Src/usbd_cdc.o
                                      0xaede6 (size before relaxing)
 .debug_str     0x00000000000b116f      0x294 Middlewares/ST/STM32_USB_Device_Library/Core/Src/usbd_core.o
                                      0xaeaa7 (size before relaxing)
 .debug_str     0x00000000000b1403      0x125 Middlewares/ST/STM32_USB_Device_Library/Core/Src/usbd_ctlreq.o
                                      0xae9c1 (size before relaxing)
 .debug_str     0x00000000000b1528       0x51 Middlewares/ST/STM32_USB_Device_Library/Core/Src/usbd_ioreq.o
                                      0xae8ee (size before relaxing)
 .debug_str     0x00000000000b1579     0x7303 Src/decadriver/deca_device.o
                                       0xd5b1 (size before relaxing)
 .debug_str     0x00000000000b887c       0x25 Src/decadriver/deca_params_init.o
                                       0xd8df (size before relaxing)
 .debug_str     0x00000000000b88a1      0xfe4 Src/examples/ex_01c_tx_sleep_auto/ex_01c_main.o
                                      0xb4e81 (size before relaxing)
 .debug_str     0x00000000000b9885       0xeb Src/main.o
                                      0xb0387 (size before relaxing)
 .debug_str     0x00000000000b9970       0x5a Src/platform/deca_mutex.o
                                      0xaf505 (size before relaxing)
 .debug_str     0x00000000000b99ca       0x30 Src/platform/deca_sleep.o
                                      0xaf4c3 (size before relaxing)
 .debug_str     0x00000000000b99fa       0x72 Src/platform/deca_spi.o
                                      0xaf989 (size before relaxing)
 .debug_str     0x00000000000b9a6c       0x6e Src/platform/lcd.o
                                      0xaefbc (size before relaxing)
 .debug_str     0x00000000000b9ada      0x23c Src/platform/port.o
                                      0xb1113 (size before relaxing)
 .debug_str     0x00000000000b9d16       0x1b Src/stm32f1xx_hal_msp.o
                                      0xae27a (size before relaxing)
 .debug_str     0x00000000000b9d31       0xfe Src/stm32f1xx_it.o
                                      0xaddf5 (size before relaxing)
 .debug_str     0x00000000000b9e2f       0x94 Src/system_stm32f1xx.o
                                      0xadb0c (size before relaxing)
 .debug_str     0x00000000000b9ec3       0x14 Src/usb_device.o
                                      0xaeb59 (size before relaxing)
 .debug_str     0x00000000000b9ed7      0x54f Src/usbd_cdc_if.o
                                      0xb0406 (size before relaxing)
 .debug_str     0x00000000000ba426       0x51 Src/usbd_conf.o
                                      0xaf75b (size before relaxing)
 .debug_str     0x00000000000ba477      0x232 Src/usbd_desc.o
                                      0xae798 (size before relaxing)

.debug_ranges   0x0000000000000000     0x5b90
 .debug_ranges  0x0000000000000000       0x20 Drivers/CMSIS/Device/ST/STM32F1xx/Source/Templates/gcc/startup_stm32f105xc.o
 .debug_ranges  0x0000000000000020       0xb0 Drivers/STM32F1xx_HAL_Driver/Src/stm32f1xx_hal.o
 .debug_ranges  0x00000000000000d0      0x148 Drivers/STM32F1xx_HAL_Driver/Src/stm32f1xx_hal_cortex.o
 .debug_ranges  0x0000000000000218       0x60 Drivers/STM32F1xx_HAL_Driver/Src/stm32f1xx_hal_gpio.o
 .debug_ranges  0x0000000000000278       0xf8 Drivers/STM32F1xx_HAL_Driver/Src/stm32f1xx_hal_pcd.o
 .debug_ranges  0x0000000000000370       0x20 Drivers/STM32F1xx_HAL_Driver/Src/stm32f1xx_hal_pcd_ex.o
 .debug_ranges  0x0000000000000390      0x2f0 Drivers/STM32F1xx_HAL_Driver/Src/stm32f1xx_hal_rcc.o
 .debug_ranges  0x0000000000000680      0x198 Drivers/STM32F1xx_HAL_Driver/Src/stm32f1xx_hal_rcc_ex.o
 .debug_ranges  0x0000000000000818      0x5d8 Drivers/STM32F1xx_HAL_Driver/Src/stm32f1xx_hal_spi.o
 .debug_ranges  0x0000000000000df0       0x18 Drivers/STM32F1xx_HAL_Driver/Src/stm32f1xx_hal_spi_ex.o
 .debug_ranges  0x0000000000000e08      0x1f8 Drivers/STM32F1xx_HAL_Driver/Src/stm32f1xx_ll_usb.o
 .debug_ranges  0x0000000000001000       0x80 Middlewares/ST/STM32_USB_Device_Library/Class/CDC/Src/usbd_cdc.o
 .debug_ranges  0x0000000000001080       0x98 Middlewares/ST/STM32_USB_Device_Library/Core/Src/usbd_core.o
 .debug_ranges  0x0000000000001118       0xd8 Middlewares/ST/STM32_USB_Device_Library/Core/Src/usbd_ctlreq.o
 .debug_ranges  0x00000000000011f0       0x40 Middlewares/ST/STM32_USB_Device_Library/Core/Src/usbd_ioreq.o
 .debug_ranges  0x0000000000001230     0x4430 Src/decadriver/deca_device.o
 .debug_ranges  0x0000000000005660       0x10 Src/examples/ex_01c_tx_sleep_auto/ex_01c_main.o
 .debug_ranges  0x0000000000005670       0xb0 Src/main.o
 .debug_ranges  0x0000000000005720       0x18 Src/platform/deca_mutex.o
 .debug_ranges  0x0000000000005738       0x10 Src/platform/deca_sleep.o
 .debug_ranges  0x0000000000005748       0x20 Src/platform/deca_spi.o
 .debug_ranges  0x0000000000005768       0xa0 Src/platform/lcd.o
 .debug_ranges  0x0000000000005808      0x108 Src/platform/port.o
 .debug_ranges  0x0000000000005910       0x98 Src/stm32f1xx_hal_msp.o
 .debug_ranges  0x00000000000059a8       0x50 Src/stm32f1xx_it.o
 .debug_ranges  0x00000000000059f8       0x18 Src/system_stm32f1xx.o
 .debug_ranges  0x0000000000005a10       0x10 Src/usb_device.o