###############################################################################
#
# IAR ELF Linker V8.30.1.114/W32 for ARM                  16/Feb/2020  14:24:33
# Copyright 2007-2018 IAR Systems AB.
#
#    Output file  =  
#        \\Mac\Home\Documents\PROJECTS\UWB-RTLS\uwb-rtls\software\anchor\EWARM\base-board\Exe\base-board.out
#    Map file     =  
#        \\Mac\Home\Documents\PROJECTS\UWB-RTLS\uwb-rtls\software\anchor\EWARM\base-board\List\base-board.map
#    Command line =  
#        -f C:\Users\Demian\AppData\Local\Temp\EW981E.tmp
#        (\\Mac\Home\Documents\PROJECTS\UWB-RTLS\uwb-rtls\software\anchor\EWARM\base-board\Obj\api_lib.o
#        \\Mac\Home\Documents\PROJECTS\UWB-RTLS\uwb-rtls\software\anchor\EWARM\base-board\Obj\api_msg.o
#        \\Mac\Home\Documents\PROJECTS\UWB-RTLS\uwb-rtls\software\anchor\EWARM\base-board\Obj\auth.o
#        \\Mac\Home\Documents\PROJECTS\UWB-RTLS\uwb-rtls\software\anchor\EWARM\base-board\Obj\autoip.o
#        \\Mac\Home\Documents\PROJECTS\UWB-RTLS\uwb-rtls\software\anchor\EWARM\base-board\Obj\ccp.o
#        \\Mac\Home\Documents\PROJECTS\UWB-RTLS\uwb-rtls\software\anchor\EWARM\base-board\Obj\chap-md5.o
#        \\Mac\Home\Documents\PROJECTS\UWB-RTLS\uwb-rtls\software\anchor\EWARM\base-board\Obj\chap-new.o
#        \\Mac\Home\Documents\PROJECTS\UWB-RTLS\uwb-rtls\software\anchor\EWARM\base-board\Obj\chap_ms.o
#        \\Mac\Home\Documents\PROJECTS\UWB-RTLS\uwb-rtls\software\anchor\EWARM\base-board\Obj\cmsis_os.o
#        \\Mac\Home\Documents\PROJECTS\UWB-RTLS\uwb-rtls\software\anchor\EWARM\base-board\Obj\croutine.o
#        \\Mac\Home\Documents\PROJECTS\UWB-RTLS\uwb-rtls\software\anchor\EWARM\base-board\Obj\def.o
#        \\Mac\Home\Documents\PROJECTS\UWB-RTLS\uwb-rtls\software\anchor\EWARM\base-board\Obj\demand.o
#        \\Mac\Home\Documents\PROJECTS\UWB-RTLS\uwb-rtls\software\anchor\EWARM\base-board\Obj\dhcp.o
#        \\Mac\Home\Documents\PROJECTS\UWB-RTLS\uwb-rtls\software\anchor\EWARM\base-board\Obj\dhcp6.o
#        \\Mac\Home\Documents\PROJECTS\UWB-RTLS\uwb-rtls\software\anchor\EWARM\base-board\Obj\dns.o
#        \\Mac\Home\Documents\PROJECTS\UWB-RTLS\uwb-rtls\software\anchor\EWARM\base-board\Obj\eap.o
#        \\Mac\Home\Documents\PROJECTS\UWB-RTLS\uwb-rtls\software\anchor\EWARM\base-board\Obj\ecp.o
#        \\Mac\Home\Documents\PROJECTS\UWB-RTLS\uwb-rtls\software\anchor\EWARM\base-board\Obj\err.o
#        \\Mac\Home\Documents\PROJECTS\UWB-RTLS\uwb-rtls\software\anchor\EWARM\base-board\Obj\etharp.o
#        \\Mac\Home\Documents\PROJECTS\UWB-RTLS\uwb-rtls\software\anchor\EWARM\base-board\Obj\ethernet.o
#        \\Mac\Home\Documents\PROJECTS\UWB-RTLS\uwb-rtls\software\anchor\EWARM\base-board\Obj\ethernetif.o
#        \\Mac\Home\Documents\PROJECTS\UWB-RTLS\uwb-rtls\software\anchor\EWARM\base-board\Obj\ethip6.o
#        \\Mac\Home\Documents\PROJECTS\UWB-RTLS\uwb-rtls\software\anchor\EWARM\base-board\Obj\eui64.o
#        \\Mac\Home\Documents\PROJECTS\UWB-RTLS\uwb-rtls\software\anchor\EWARM\base-board\Obj\event_groups.o
#        \\Mac\Home\Documents\PROJECTS\UWB-RTLS\uwb-rtls\software\anchor\EWARM\base-board\Obj\fsm.o
#        \\Mac\Home\Documents\PROJECTS\UWB-RTLS\uwb-rtls\software\anchor\EWARM\base-board\Obj\heap_4.o
#        \\Mac\Home\Documents\PROJECTS\UWB-RTLS\uwb-rtls\software\anchor\EWARM\base-board\Obj\icmp.o
#        \\Mac\Home\Documents\PROJECTS\UWB-RTLS\uwb-rtls\software\anchor\EWARM\base-board\Obj\icmp6.o
#        \\Mac\Home\Documents\PROJECTS\UWB-RTLS\uwb-rtls\software\anchor\EWARM\base-board\Obj\igmp.o
#        \\Mac\Home\Documents\PROJECTS\UWB-RTLS\uwb-rtls\software\anchor\EWARM\base-board\Obj\inet6.o
#        \\Mac\Home\Documents\PROJECTS\UWB-RTLS\uwb-rtls\software\anchor\EWARM\base-board\Obj\inet_chksum.o
#        \\Mac\Home\Documents\PROJECTS\UWB-RTLS\uwb-rtls\software\anchor\EWARM\base-board\Obj\init.o
#        \\Mac\Home\Documents\PROJECTS\UWB-RTLS\uwb-rtls\software\anchor\EWARM\base-board\Obj\ip.o
#        \\Mac\Home\Documents\PROJECTS\UWB-RTLS\uwb-rtls\software\anchor\EWARM\base-board\Obj\ip4.o
#        \\Mac\Home\Documents\PROJECTS\UWB-RTLS\uwb-rtls\software\anchor\EWARM\base-board\Obj\ip4_addr.o
#        \\Mac\Home\Documents\PROJECTS\UWB-RTLS\uwb-rtls\software\anchor\EWARM\base-board\Obj\ip4_frag.o
#        \\Mac\Home\Documents\PROJECTS\UWB-RTLS\uwb-rtls\software\anchor\EWARM\base-board\Obj\ip6.o
#        \\Mac\Home\Documents\PROJECTS\UWB-RTLS\uwb-rtls\software\anchor\EWARM\base-board\Obj\ip6_addr.o
#        \\Mac\Home\Documents\PROJECTS\UWB-RTLS\uwb-rtls\software\anchor\EWARM\base-board\Obj\ip6_frag.o
#        \\Mac\Home\Documents\PROJECTS\UWB-RTLS\uwb-rtls\software\anchor\EWARM\base-board\Obj\ipcp.o
#        \\Mac\Home\Documents\PROJECTS\UWB-RTLS\uwb-rtls\software\anchor\EWARM\base-board\Obj\ipv6cp.o
#        \\Mac\Home\Documents\PROJECTS\UWB-RTLS\uwb-rtls\software\anchor\EWARM\base-board\Obj\lcp.o
#        \\Mac\Home\Documents\PROJECTS\UWB-RTLS\uwb-rtls\software\anchor\EWARM\base-board\Obj\list.o
#        \\Mac\Home\Documents\PROJECTS\UWB-RTLS\uwb-rtls\software\anchor\EWARM\base-board\Obj\lowpan6.o
#        \\Mac\Home\Documents\PROJECTS\UWB-RTLS\uwb-rtls\software\anchor\EWARM\base-board\Obj\lwip.o
#        \\Mac\Home\Documents\PROJECTS\UWB-RTLS\uwb-rtls\software\anchor\EWARM\base-board\Obj\magic.o
#        \\Mac\Home\Documents\PROJECTS\UWB-RTLS\uwb-rtls\software\anchor\EWARM\base-board\Obj\main.o
#        \\Mac\Home\Documents\PROJECTS\UWB-RTLS\uwb-rtls\software\anchor\EWARM\base-board\Obj\mem.o
#        \\Mac\Home\Documents\PROJECTS\UWB-RTLS\uwb-rtls\software\anchor\EWARM\base-board\Obj\memp.o
#        \\Mac\Home\Documents\PROJECTS\UWB-RTLS\uwb-rtls\software\anchor\EWARM\base-board\Obj\mld6.o
#        \\Mac\Home\Documents\PROJECTS\UWB-RTLS\uwb-rtls\software\anchor\EWARM\base-board\Obj\mppe.o
#        \\Mac\Home\Documents\PROJECTS\UWB-RTLS\uwb-rtls\software\anchor\EWARM\base-board\Obj\mqtt.o
#        \\Mac\Home\Documents\PROJECTS\UWB-RTLS\uwb-rtls\software\anchor\EWARM\base-board\Obj\multilink.o
#        \\Mac\Home\Documents\PROJECTS\UWB-RTLS\uwb-rtls\software\anchor\EWARM\base-board\Obj\nd6.o
#        \\Mac\Home\Documents\PROJECTS\UWB-RTLS\uwb-rtls\software\anchor\EWARM\base-board\Obj\net_conf.o
#        \\Mac\Home\Documents\PROJECTS\UWB-RTLS\uwb-rtls\software\anchor\EWARM\base-board\Obj\netbuf.o
#        \\Mac\Home\Documents\PROJECTS\UWB-RTLS\uwb-rtls\software\anchor\EWARM\base-board\Obj\netdb.o
#        \\Mac\Home\Documents\PROJECTS\UWB-RTLS\uwb-rtls\software\anchor\EWARM\base-board\Obj\netif.o
#        \\Mac\Home\Documents\PROJECTS\UWB-RTLS\uwb-rtls\software\anchor\EWARM\base-board\Obj\netifapi.o
#        \\Mac\Home\Documents\PROJECTS\UWB-RTLS\uwb-rtls\software\anchor\EWARM\base-board\Obj\pbuf.o
#        \\Mac\Home\Documents\PROJECTS\UWB-RTLS\uwb-rtls\software\anchor\EWARM\base-board\Obj\port.o
#        \\Mac\Home\Documents\PROJECTS\UWB-RTLS\uwb-rtls\software\anchor\EWARM\base-board\Obj\portasm.o
#        \\Mac\Home\Documents\PROJECTS\UWB-RTLS\uwb-rtls\software\anchor\EWARM\base-board\Obj\ppp.o
#        \\Mac\Home\Documents\PROJECTS\UWB-RTLS\uwb-rtls\software\anchor\EWARM\base-board\Obj\pppapi.o
#        \\Mac\Home\Documents\PROJECTS\UWB-RTLS\uwb-rtls\software\anchor\EWARM\base-board\Obj\pppcrypt.o
#        \\Mac\Home\Documents\PROJECTS\UWB-RTLS\uwb-rtls\software\anchor\EWARM\base-board\Obj\pppoe.o
#        \\Mac\Home\Documents\PROJECTS\UWB-RTLS\uwb-rtls\software\anchor\EWARM\base-board\Obj\pppol2tp.o
#        \\Mac\Home\Documents\PROJECTS\UWB-RTLS\uwb-rtls\software\anchor\EWARM\base-board\Obj\pppos.o
#        \\Mac\Home\Documents\PROJECTS\UWB-RTLS\uwb-rtls\software\anchor\EWARM\base-board\Obj\queue.o
#        \\Mac\Home\Documents\PROJECTS\UWB-RTLS\uwb-rtls\software\anchor\EWARM\base-board\Obj\raw.o
#        \\Mac\Home\Documents\PROJECTS\UWB-RTLS\uwb-rtls\software\anchor\EWARM\base-board\Obj\slipif.o
#        \\Mac\Home\Documents\PROJECTS\UWB-RTLS\uwb-rtls\software\anchor\EWARM\base-board\Obj\soc_proto.o
#        \\Mac\Home\Documents\PROJECTS\UWB-RTLS\uwb-rtls\software\anchor\EWARM\base-board\Obj\sockets.o
#        \\Mac\Home\Documents\PROJECTS\UWB-RTLS\uwb-rtls\software\anchor\EWARM\base-board\Obj\startup_stm32f207xx.o
#        \\Mac\Home\Documents\PROJECTS\UWB-RTLS\uwb-rtls\software\anchor\EWARM\base-board\Obj\stats.o
#        \\Mac\Home\Documents\PROJECTS\UWB-RTLS\uwb-rtls\software\anchor\EWARM\base-board\Obj\stm32f2xx_hal.o
#        \\Mac\Home\Documents\PROJECTS\UWB-RTLS\uwb-rtls\software\anchor\EWARM\base-board\Obj\stm32f2xx_hal_cortex.o
#        \\Mac\Home\Documents\PROJECTS\UWB-RTLS\uwb-rtls\software\anchor\EWARM\base-board\Obj\stm32f2xx_hal_dma.o
#        \\Mac\Home\Documents\PROJECTS\UWB-RTLS\uwb-rtls\software\anchor\EWARM\base-board\Obj\stm32f2xx_hal_dma_ex.o
#        \\Mac\Home\Documents\PROJECTS\UWB-RTLS\uwb-rtls\software\anchor\EWARM\base-board\Obj\stm32f2xx_hal_eth.o
#        \\Mac\Home\Documents\PROJECTS\UWB-RTLS\uwb-rtls\software\anchor\EWARM\base-board\Obj\stm32f2xx_hal_exti.o
#        \\Mac\Home\Documents\PROJECTS\UWB-RTLS\uwb-rtls\software\anchor\EWARM\base-board\Obj\stm32f2xx_hal_flash.o
#        \\Mac\Home\Documents\PROJECTS\UWB-RTLS\uwb-rtls\software\anchor\EWARM\base-board\Obj\stm32f2xx_hal_flash_ex.o
#        \\Mac\Home\Documents\PROJECTS\UWB-RTLS\uwb-rtls\software\anchor\EWARM\base-board\Obj\stm32f2xx_hal_gpio.o
#        \\Mac\Home\Documents\PROJECTS\UWB-RTLS\uwb-rtls\software\anchor\EWARM\base-board\Obj\stm32f2xx_hal_msp.o
#        \\Mac\Home\Documents\PROJECTS\UWB-RTLS\uwb-rtls\software\anchor\EWARM\base-board\Obj\stm32f2xx_hal_pwr.o
#        \\Mac\Home\Documents\PROJECTS\UWB-RTLS\uwb-rtls\software\anchor\EWARM\base-board\Obj\stm32f2xx_hal_pwr_ex.o
#        \\Mac\Home\Documents\PROJECTS\UWB-RTLS\uwb-rtls\software\anchor\EWARM\base-board\Obj\stm32f2xx_hal_rcc.o
#        \\Mac\Home\Documents\PROJECTS\UWB-RTLS\uwb-rtls\software\anchor\EWARM\base-board\Obj\stm32f2xx_hal_rcc_ex.o
#        \\Mac\Home\Documents\PROJECTS\UWB-RTLS\uwb-rtls\software\anchor\EWARM\base-board\Obj\stm32f2xx_hal_spi.o
#        \\Mac\Home\Documents\PROJECTS\UWB-RTLS\uwb-rtls\software\anchor\EWARM\base-board\Obj\stm32f2xx_hal_tim.o
#        \\Mac\Home\Documents\PROJECTS\UWB-RTLS\uwb-rtls\software\anchor\EWARM\base-board\Obj\stm32f2xx_hal_tim_ex.o
#        \\Mac\Home\Documents\PROJECTS\UWB-RTLS\uwb-rtls\software\anchor\EWARM\base-board\Obj\stm32f2xx_hal_timebase_tim.o
#        \\Mac\Home\Documents\PROJECTS\UWB-RTLS\uwb-rtls\software\anchor\EWARM\base-board\Obj\stm32f2xx_it.o
#        \\Mac\Home\Documents\PROJECTS\UWB-RTLS\uwb-rtls\software\anchor\EWARM\base-board\Obj\stream_buffer.o
#        \\Mac\Home\Documents\PROJECTS\UWB-RTLS\uwb-rtls\software\anchor\EWARM\base-board\Obj\sys.o
#        \\Mac\Home\Documents\PROJECTS\UWB-RTLS\uwb-rtls\software\anchor\EWARM\base-board\Obj\sys_arch.o
#        \\Mac\Home\Documents\PROJECTS\UWB-RTLS\uwb-rtls\software\anchor\EWARM\base-board\Obj\system_stm32f2xx.o
#        \\Mac\Home\Documents\PROJECTS\UWB-RTLS\uwb-rtls\software\anchor\EWARM\base-board\Obj\tasks.o
#        \\Mac\Home\Documents\PROJECTS\UWB-RTLS\uwb-rtls\software\anchor\EWARM\base-board\Obj\tcp.o
#        \\Mac\Home\Documents\PROJECTS\UWB-RTLS\uwb-rtls\software\anchor\EWARM\base-board\Obj\tcp_in.o
#        \\Mac\Home\Documents\PROJECTS\UWB-RTLS\uwb-rtls\software\anchor\EWARM\base-board\Obj\tcp_out.o
#        \\Mac\Home\Documents\PROJECTS\UWB-RTLS\uwb-rtls\software\anchor\EWARM\base-board\Obj\tcpip.o
#        \\Mac\Home\Documents\PROJECTS\UWB-RTLS\uwb-rtls\software\anchor\EWARM\base-board\Obj\timeouts.o
#        \\Mac\Home\Documents\PROJECTS\UWB-RTLS\uwb-rtls\software\anchor\EWARM\base-board\Obj\timers.o
#        \\Mac\Home\Documents\PROJECTS\UWB-RTLS\uwb-rtls\software\anchor\EWARM\base-board\Obj\tsk_udp_client.o
#        \\Mac\Home\Documents\PROJECTS\UWB-RTLS\uwb-rtls\software\anchor\EWARM\base-board\Obj\udp.o
#        \\Mac\Home\Documents\PROJECTS\UWB-RTLS\uwb-rtls\software\anchor\EWARM\base-board\Obj\upap.o
#        \\Mac\Home\Documents\PROJECTS\UWB-RTLS\uwb-rtls\software\anchor\EWARM\base-board\Obj\utils.o
#        \\Mac\Home\Documents\PROJECTS\UWB-RTLS\uwb-rtls\software\anchor\EWARM\base-board\Obj\vj.o
#        --redirect _Printf=_PrintfFull --redirect _Scanf=_ScanfFull
#        --no_out_extension -o
#        \\Mac\Home\Documents\PROJECTS\UWB-RTLS\uwb-rtls\software\anchor\EWARM\base-board\Exe\base-board.out
#        --map
#        \\Mac\Home\Documents\PROJECTS\UWB-RTLS\uwb-rtls\software\anchor\EWARM\base-board\List\base-board.map
#        --config
#        \\Mac\Home\Documents\PROJECTS\UWB-RTLS\uwb-rtls\software\anchor\EWARM/stm32f207xx_flash.icf
#        --semihosting --entry __iar_program_start --vfe --text_out locale)
#
###############################################################################

*******************************************************************************
*** RUNTIME MODEL ATTRIBUTES
***

CppFlavor                     = *
__CPP_Exceptions              = Disabled
__CPP_Language                = C++14
__Heap_Handler                = DLMalloc
__SystemLibrary               = DLib
__dlib_dynamic_initialization = normal
__dlib_version                = 6


*******************************************************************************
*** HEAP SELECTION
***

The advanced heap was selected because the application calls memory
allocation functions outside of system library functions, and there
are calls to deallocation functions in the application.


*******************************************************************************
*** PLACEMENT SUMMARY
***

"A0":  place at 0x800'0000 { ro section .intvec };
"P1":  place in [from 0x800'0000 to 0x80f'ffff] { ro };
define block CSTACK with size = 1K, alignment = 8 { };
define block HEAP with size = 512, alignment = 8 { };
"P2":  place in [from 0x2000'0000 to 0x2002'0000] {
          rw, block CSTACK, block HEAP };
initialize by copy { rw };

  Section                Kind         Address     Size  Object
  -------                ----         -------     ----  ------
"A0":                                            0x184
  .intvec                ro code   0x800'0000    0x184  startup_stm32f207xx.o [1]
                                 - 0x800'0184    0x184

"P1":                                          0x107f5
  .text                  ro code   0x800'0184   0x15dc  tcp_in.o [1]
  .text                  ro code   0x800'1760     0x32  ip4_addr.o [1]
  .text                  ro code   0x800'1792     0x7a  lz77_init_single.o [5]
  .text                  ro code   0x800'180c    0xb80  pbuf.o [1]
  .text                  ro code   0x800'238c     0x26  def.o [1]
  .text                  ro code   0x800'23b2     0x3a  zero_init3.o [5]
  .text                  ro code   0x800'23ec   0x1230  tcp.o [1]
  .text                  ro code   0x800'361c   0x1288  tcp_out.o [1]
  .text                  ro code   0x800'48a4    0x25c  memp.o [1]
  .text                  ro code   0x800'4b00    0x2b8  timeouts.o [1]
  .text                  ro code   0x800'4db8     0x28  printf.o [2]
  .text                  ro code   0x800'4de0    0x1e8  sys_arch.o [1]
  .text                  ro code   0x800'4fc8    0x308  tcpip.o [1]
  .text                  ro code   0x800'52d0    0x5fc  mem.o [1]
  .text                  ro code   0x800'58cc     0xa6  ABImemcpy.o [5]
  .text                  ro code   0x800'5972     0x1e  xencoding_8859_1.o [2]
  .text                  ro code   0x800'5990    0x3a4  ip4.o [1]
  .text                  ro code   0x800'5d34      0x6  ABImemclr4.o [5]
  .rodata                const     0x800'5d3a      0x1  soc_proto.o [1]
  .rodata                const     0x800'5d3b      0x1  unwind_debug.o [6]
  .text                  ro code   0x800'5d3c    0x494  ethernetif.o [1]
  .text                  ro code   0x800'61d0    0xf7a  xprintffull.o [2]
  .text                  ro code   0x800'714c    0x2be  cmsis_os.o [1]
  .text                  ro code   0x800'740a     0x26  init.o [1]
  .text                  ro code   0x800'7430    0x8e0  ip4_frag.o [1]
  .text                  ro code   0x800'7d10    0x484  udp.o [1]
  .text                  ro code   0x800'8194    0x2e0  icmp.o [1]
  .text                  ro code   0x800'8474     0x32  ABImemset48.o [5]
  .text                  ro code   0x800'84a8    0x20e  stm32f2xx_hal_gpio.o [1]
  .text                  ro code   0x800'86b8     0x98  stm32f2xx_hal_cortex.o [1]
  .text                  ro code   0x800'8750    0x768  stm32f2xx_hal_eth.o [1]
  .text                  ro code   0x800'8eb8      0xc  stm32f2xx_hal.o [1]
  .text                  ro code   0x800'8ec4     0x78  xlocale_c.o [2]
  .text                  ro code   0x800'8f3c     0x16  strchr.o [5]
  .text                  ro code   0x800'8f54     0x40  xfail_s.o [2]
  .text                  ro code   0x800'8f94     0x36  strlen.o [5]
  .text                  ro code   0x800'8fcc     0x58  memchr.o [5]
  .text                  ro code   0x800'9024      0xa  xmbcurmax.o [2]
  .text                  ro code   0x800'9030    0x230  I64DivMod.o [5]
  .text                  ro code   0x800'9260    0x1a2  DblMul.o [4]
  .text                  ro code   0x800'9404     0x70  frexp.o [4]
  .text                  ro code   0x800'9474     0x2e  DblCmpLe.o [4]
  .text                  ro code   0x800'94a4     0x2e  DblCmpGe.o [4]
  .text                  ro code   0x800'94d4    0x13a  ldexp.o [4]
  .text                  ro code   0x800'9610     0x3a  DblToS32.o [4]
  .text                  ro code   0x800'964c     0x22  S32ToDbl.o [4]
  .text                  ro code   0x800'9670     0xe2  DblSub.o [4]
  .text                  ro code   0x800'9754    0x246  DblDiv.o [4]
  .text                  ro code   0x800'999c     0x28  DblToU32.o [4]
  .text                  ro code   0x800'99c4     0x1a  U32ToDbl.o [4]
  .text                  ro code   0x800'99e0    0x7f4  tasks.o [1]
  .text                  ro code   0x800'a1d4    0x7d0  queue.o [1]
  .text                  ro code   0x800'a9a4    0x21c  netif.o [1]
  .text                  ro code   0x800'abc0      0x6  ABImemclr.o [5]
  .text                  ro code   0x800'abc8     0x28  stm32f2xx_hal.o [1]
  .text                  ro code   0x800'abf0    0x4c0  stm32f2xx_hal_rcc.o [1]
  .text                  ro code   0x800'b0b0      0x2  stm32f2xx_hal_eth.o [1]
  .text                  ro code   0x800'b0b2      0x2  stm32f2xx_hal_eth.o [1]
  .text                  ro code   0x800'b0b4      0x6  abort.o [2]
  .text                  ro code   0x800'b0bc      0x2  I64DivZer.o [5]
  .text                  ro code   0x800'b0c0    0x16a  DblAdd.o [4]
  .text                  ro code   0x800'b22c    0x1b4  heap_4.o [1]
  .text                  ro code   0x800'b3e0     0x92  list.o [1]
  .text                  ro code   0x800'b474    0x1b0  port.o [1]
  .text                  ro code   0x800'b624    0x98c  etharp.o [1]
  .text                  ro code   0x800'bfb0     0x5e  ABImemset.o [5]
  .text                  ro code   0x800'c010     0x7c  stm32f2xx_hal_timebase_tim.o [1]
  .text                  ro code   0x800'c08c     0x14  exit.o [6]
  CODE                   ro code   0x800'c0a0     0x88  portasm.o [1]
  .text                  ro code   0x800'c128    0x1d4  ethernet.o [1]
  .text                  ro code   0x800'c2fc    0x26a  stm32f2xx_hal_tim.o [1]
  .text                  ro code   0x800'c568     0x80  iarttio.o [6]
  .text                  ro code   0x800'c5e8     0x68  memcmp.o [5]
  .text                  ro code   0x800'c650      0x2  stm32f2xx_hal_tim.o [1]
  .text                  ro code   0x800'c652      0x2  stm32f2xx_hal_tim.o [1]
  .text                  ro code   0x800'c654    0x1bc  main.o [1]
  .text                  ro code   0x800'c810      0x2  stm32f2xx_hal_tim_ex.o [1]
  .text                  ro code   0x800'c812      0x2  stm32f2xx_hal_tim.o [1]
  .text                  ro code   0x800'c814      0x2  stm32f2xx_hal_tim_ex.o [1]
  .text                  ro code   0x800'c816      0x2  stm32f2xx_hal_tim.o [1]
  .text                  ro code   0x800'c818     0x3c  XShttio.o [2]
  .text                  ro code   0x800'c854     0x34  stm32f2xx_hal.o [1]
  .text                  ro code   0x800'c888    0x21c  tsk_udp_client.o [1]
  .text                  ro code   0x800'caa4     0xc4  lwip.o [1]
  .text                  ro code   0x800'cb68     0x10  stm32f2xx_hal.o [1]
  .text                  ro code   0x800'cb78     0x40  stm32f2xx_hal_msp.o [1]
  .text                  ro code   0x800'cbb8     0xa2  net_conf.o [1]
  .text                  ro code   0x800'cc5c    0x166  soc_proto.o [1]
  .text                  ro code   0x800'cdc4    0x56c  api_lib.o [1]
  .text                  ro code   0x800'd330    0x164  netbuf.o [1]
  .text                  ro code   0x800'd494     0x12  soc_proto.o [1]
  .text                  ro code   0x800'd4a6     0x3e  soc_proto.o [1]
  .text                  ro code   0x800'd4e4      0xe  soc_proto.o [1]
  .text                  ro code   0x800'd4f2     0x12  soc_proto.o [1]
  .text                  ro code   0x800'd504     0x42  soc_proto.o [1]
  .text                  ro code   0x800'd546     0x4a  soc_proto.o [1]
  .text                  ro code   0x800'd590      0xc  soc_proto.o [1]
  .text                  ro code   0x800'd59c      0xe  soc_proto.o [1]
  .text                  ro code   0x800'd5aa     0x24  soc_proto.o [1]
  .text                  ro code   0x800'd5ce      0xc  soc_proto.o [1]
  .text                  ro code   0x800'd5da     0x48  soc_proto.o [1]
  .text                  ro code   0x800'd624   0x1200  api_msg.o [1]
  .text                  ro code   0x800'e824      0x4  soc_proto.o [1]
  .text                  ro code   0x800'e828     0x14  soc_proto.o [1]
  .text                  ro code   0x800'e83c      0xc  soc_proto.o [1]
  .text                  ro code   0x800'e848      0x4  soc_proto.o [1]
  .text                  ro code   0x800'e84c     0x18  soc_proto.o [1]
  .text                  ro code   0x800'e864      0x4  soc_proto.o [1]
  .text                  ro code   0x800'e868     0x22  soc_proto.o [1]
  .text                  ro code   0x800'e88a     0x22  soc_proto.o [1]
  .text                  ro code   0x800'e8ac     0x14  soc_proto.o [1]
  .text                  ro code   0x800'e8c0      0x2  soc_proto.o [1]
  .text                  ro code   0x800'e8c2      0x4  soc_proto.o [1]
  .text                  ro code   0x800'e8c6     0x14  soc_proto.o [1]
  .text                  ro code   0x800'e8da     0x10  soc_proto.o [1]
  .text                  ro code   0x800'e8ea     0x14  soc_proto.o [1]
  .text                  ro code   0x800'e8fe      0xc  soc_proto.o [1]
  .text                  ro code   0x800'e90a      0x4  soc_proto.o [1]
  .text                  ro code   0x800'e90e      0x2  soc_proto.o [1]
  .text                  ro code   0x800'e910      0x6  soc_proto.o [1]
  .text                  ro code   0x800'e916      0xc  soc_proto.o [1]
  .text                  ro code   0x800'e922      0x4  soc_proto.o [1]
  .text                  ro code   0x800'e926      0x4  soc_proto.o [1]
  .text                  ro code   0x800'e92a      0x4  soc_proto.o [1]
  .text                  ro code   0x800'e930     0x24  newop_0.o [3]
  .text                  ro code   0x800'e954     0x16  soc_proto.o [1]
  .text                  ro code   0x800'e96a      0xa  delop_0.o [3]
  .text                  ro code   0x800'e974      0xa  soc_proto.o [1]
  .text                  ro code   0x800'e97e     0x10  soc_proto.o [1]
  .text                  ro code   0x800'e98e     0x10  soc_proto.o [1]
  .text                  ro code   0x800'e99e      0x4  nomemory.o [3]
  .text                  ro code   0x800'e9a4   0x14e0  dlmalloc.o [2]
  .text                  ro code   0x800'fe84     0x14  soc_proto.o [1]
  .text                  ro code   0x800'fe98      0x4  heaptramp0.o [2]
  .text                  ro code   0x800'fe9c     0x14  soc_proto.o [1]
  .text                  ro code   0x800'feb0     0x14  soc_proto.o [1]
  .text                  ro code   0x800'fec4     0x2c  xgetmemchunk.o [2]
  .text                  ro code   0x800'fef0     0x96  ABImemmove.o [5]
  .text                  ro code   0x800'ff86     0xd8  xfspos.o [2]
  .text                  ro code   0x801'0060     0xac  fflush.o [2]
  .text                  ro code   0x801'010c      0xc  xfgpos.o [2]
  .text                  ro code   0x801'0118     0x4a  lseek.o [6]
  .text                  ro code   0x801'0162     0x10  write.o [6]
  .text                  ro code   0x801'0174     0xcc  XShHandles.o [2]
  .text                  ro code   0x801'0240     0x1e  dwrite.o [6]
  .text                  ro code   0x801'025e     0x20  iarwstd.o [6]
  .text                  ro code   0x801'027e     0x22  iarwrite.o [6]
  .text                  ro code   0x801'02a0     0xb4  xfwprep.o [2]
  .text                  ro code   0x801'0354     0x24  fseek.o [2]
  .rodata                const     0x801'0378     0x9c  memp.o [1]
  .text                  ro code   0x801'0414     0x8c  xfofind.o [2]
  .text                  ro code   0x801'04a0     0x7e  fclose.o [2]
  .text                  ro code   0x801'051e     0x18  close.o [6]
  .text                  ro code   0x801'0536     0x14  remove.o [6]
  .text                  ro code   0x801'054a     0x54  fputc.o [2]
  .text                  ro code   0x801'05a0     0x50  system_stm32f2xx.o [1]
  .text                  ro code   0x801'05f0     0x3c  xcloseall.o [2]
  .text                  ro code   0x801'062c     0x28  stm32f2xx_it.o [1]
  .text                  ro code   0x801'0654     0x28  data_init.o [5]
  .iar.init_table        const     0x801'067c     0x24  - Linker created -
  .text                  ro code   0x801'06a0     0x20  cmain_call_ctors.o [5]
  .text                  ro code   0x801'06c0     0x18  cppinit.o [2]
  .text                  ro code   0x801'06d8     0x1e  cmain.o [5]
  .text                  ro code   0x801'06f6      0x4  low_level_init.o [2]
  .text                  ro code   0x801'06fa      0x4  exit.o [2]
  .text                  ro code   0x801'0700      0xe  cexit.o [5]
  .rodata                const     0x801'0710     0x1c  tsk_udp_client.o [1]
  .text                  ro code   0x801'072c     0x16  xprout.o [2]
  .text                  ro code   0x801'0744      0xc  putchar.o [2]
  .text                  ro code   0x801'0750     0x10  startup_stm32f207xx.o [1]
  .rodata                const     0x801'0760      0xc  main.o [1]
  .text                  ro code   0x801'076c      0xc  cstartup_M.o [5]
  .rodata                const     0x801'0778      0x8  ethernet.o [1]
  .rodata                const     0x801'0780      0x8  ethernetif.o [1]
  .rodata                const     0x801'0788      0x8  system_stm32f2xx.o [1]
  SHT$$PREINIT_ARRAY               0x801'0790      0x0  <Block>
  SHT$$INIT_ARRAY                  0x801'0790      0x8  <Block>
    .init_array          const     0x801'0790      0x4  soc_proto.o [1]
    .init_array          const     0x801'0794      0x4  tsk_udp_client.o [1]
  __iar_tls$$INIT_ARRAY            0x801'0798      0x0  <Block>
  .rodata                const     0x801'0798      0x6  xlocale_c.o [2]
  .rodata                const     0x801'07a0      0x4  ip4_addr.o [1]
  .text                  ro code   0x801'07a4      0x4  startup_stm32f207xx.o [1]
  .text                  ro code   0x801'07a8      0x4  startup_stm32f207xx.o [1]
  .text                  ro code   0x801'07ac      0x4  startup_stm32f207xx.o [1]
  .text                  ro code   0x801'07b0      0x4  startup_stm32f207xx.o [1]
  .text                  ro code   0x801'07b4      0x4  startup_stm32f207xx.o [1]
  .text                  ro code   0x801'07b8      0x4  startup_stm32f207xx.o [1]
  .text                  ro code   0x801'07bc      0x4  startup_stm32f207xx.o [1]
  .text                  ro code   0x801'07c0      0x4  startup_stm32f207xx.o [1]
  .text                  ro code   0x801'07c4      0x4  startup_stm32f207xx.o [1]
  .text                  ro code   0x801'07c8      0x4  startup_stm32f207xx.o [1]
  .text                  ro code   0x801'07cc      0x4  startup_stm32f207xx.o [1]
  .text                  ro code   0x801'07d0      0x4  startup_stm32f207xx.o [1]
  .text                  ro code   0x801'07d4      0x4  startup_stm32f207xx.o [1]
  .text                  ro code   0x801'07d8      0x4  startup_stm32f207xx.o [1]
  .text                  ro code   0x801'07dc      0x4  startup_stm32f207xx.o [1]
  .text                  ro code   0x801'07e0      0x4  startup_stm32f207xx.o [1]
  .text                  ro code   0x801'07e4      0x4  startup_stm32f207xx.o [1]
  .text                  ro code   0x801'07e8      0x4  startup_stm32f207xx.o [1]
  .text                  ro code   0x801'07ec      0x4  startup_stm32f207xx.o [1]
  .text                  ro code   0x801'07f0      0x4  startup_stm32f207xx.o [1]
  .text                  ro code   0x801'07f4      0x4  startup_stm32f207xx.o [1]
  .text                  ro code   0x801'07f8      0x4  startup_stm32f207xx.o [1]
  .text                  ro code   0x801'07fc      0x4  startup_stm32f207xx.o [1]
  .text                  ro code   0x801'0800      0x4  startup_stm32f207xx.o [1]
  .text                  ro code   0x801'0804      0x4  startup_stm32f207xx.o [1]
  .text                  ro code   0x801'0808      0x4  startup_stm32f207xx.o [1]
  .text                  ro code   0x801'080c      0x4  startup_stm32f207xx.o [1]
  .text                  ro code   0x801'0810      0x4  startup_stm32f207xx.o [1]
  .text                  ro code   0x801'0814      0x4  startup_stm32f207xx.o [1]
  .text                  ro code   0x801'0818      0x4  startup_stm32f207xx.o [1]
  .text                  ro code   0x801'081c      0x4  startup_stm32f207xx.o [1]
  .text                  ro code   0x801'0820      0x4  startup_stm32f207xx.o [1]
  .text                  ro code   0x801'0824      0x4  startup_stm32f207xx.o [1]
  .text                  ro code   0x801'0828      0x4  startup_stm32f207xx.o [1]
  .text                  ro code   0x801'082c      0x4  startup_stm32f207xx.o [1]
  .text                  ro code   0x801'0830      0x4  startup_stm32f207xx.o [1]
  .text                  ro code   0x801'0834      0x4  startup_stm32f207xx.o [1]
  .text                  ro code   0x801'0838      0x4  startup_stm32f207xx.o [1]
  .text                  ro code   0x801'083c      0x4  startup_stm32f207xx.o [1]
  .text                  ro code   0x801'0840      0x4  startup_stm32f207xx.o [1]
  .text                  ro code   0x801'0844      0x4  startup_stm32f207xx.o [1]
  .text                  ro code   0x801'0848      0x4  startup_stm32f207xx.o [1]
  .text                  ro code   0x801'084c      0x4  startup_stm32f207xx.o [1]
  .text                  ro code   0x801'0850      0x4  startup_stm32f207xx.o [1]
  .text                  ro code   0x801'0854      0x4  startup_stm32f207xx.o [1]
  .text                  ro code   0x801'0858      0x4  startup_stm32f207xx.o [1]
  .text                  ro code   0x801'085c      0x4  startup_stm32f207xx.o [1]
  .text                  ro code   0x801'0860      0x4  startup_stm32f207xx.o [1]
  .text                  ro code   0x801'0864      0x4  startup_stm32f207xx.o [1]
  .text                  ro code   0x801'0868      0x4  startup_stm32f207xx.o [1]
  .text                  ro code   0x801'086c      0x4  startup_stm32f207xx.o [1]
  .text                  ro code   0x801'0870      0x4  startup_stm32f207xx.o [1]
  .text                  ro code   0x801'0874      0x4  startup_stm32f207xx.o [1]
  .text                  ro code   0x801'0878      0x4  startup_stm32f207xx.o [1]
  .text                  ro code   0x801'087c      0x4  startup_stm32f207xx.o [1]
  .text                  ro code   0x801'0880      0x4  startup_stm32f207xx.o [1]
  .text                  ro code   0x801'0884      0x4  startup_stm32f207xx.o [1]
  .text                  ro code   0x801'0888      0x4  startup_stm32f207xx.o [1]
  .text                  ro code   0x801'088c      0x4  startup_stm32f207xx.o [1]
  .text                  ro code   0x801'0890      0x4  startup_stm32f207xx.o [1]
  .text                  ro code   0x801'0894      0x4  startup_stm32f207xx.o [1]
  .text                  ro code   0x801'0898      0x4  startup_stm32f207xx.o [1]
  .text                  ro code   0x801'089c      0x4  startup_stm32f207xx.o [1]
  .text                  ro code   0x801'08a0      0x4  startup_stm32f207xx.o [1]
  .text                  ro code   0x801'08a4      0x4  startup_stm32f207xx.o [1]
  .text                  ro code   0x801'08a8      0x4  startup_stm32f207xx.o [1]
  .text                  ro code   0x801'08ac      0x4  startup_stm32f207xx.o [1]
  .text                  ro code   0x801'08b0      0x4  startup_stm32f207xx.o [1]
  .text                  ro code   0x801'08b4      0x4  startup_stm32f207xx.o [1]
  .text                  ro code   0x801'08b8      0x4  startup_stm32f207xx.o [1]
  .text                  ro code   0x801'08bc      0x4  startup_stm32f207xx.o [1]
  .text                  ro code   0x801'08c0      0x4  startup_stm32f207xx.o [1]
  .text                  ro code   0x801'08c4      0x4  startup_stm32f207xx.o [1]
  .text                  ro code   0x801'08c8      0x4  startup_stm32f207xx.o [1]
  .text                  ro code   0x801'08cc      0x4  startup_stm32f207xx.o [1]
  .text                  ro code   0x801'08d0      0x4  startup_stm32f207xx.o [1]
  .text                  ro code   0x801'08d4      0x4  startup_stm32f207xx.o [1]
  .text                  ro code   0x801'08d8      0x0  cstart_closeall.o [5]
  .rodata                const     0x801'08d8      0x0  zero_init3.o [5]
  .rodata                const     0x801'08d8      0x0  lz77_init_single.o [5]
  Initializer bytes      const     0x801'08d8     0xa1  <for P2-1>
                                 - 0x801'0979  0x107f5

"P2", part 1 of 3:                               0x1c2
  P2-1                            0x2000'0000    0x1c2  <Init block>
    .data                inited   0x2000'0000      0xc  port.o [1]
    .data                inited   0x2000'000c      0xc  stm32f2xx_hal.o [1]
    .data                inited   0x2000'0018      0x4  system_stm32f2xx.o [1]
    .data                inited   0x2000'001c     0x1c  tcp.o [1]
    .data                inited   0x2000'0038      0x8  udp.o [1]
    .data                inited   0x2000'0040     0x38  xlocale_c.o [2]
    .data                inited   0x2000'0078     0x48  xlocale_c.o [2]
    .data                inited   0x2000'00c0     0x48  xfiles.o [2]
    .data                inited   0x2000'0108     0x48  xfiles.o [2]
    .data                inited   0x2000'0150     0x48  xfiles.o [2]
    .data                inited   0x2000'0198     0x20  xfiles.o [2]
    .data                inited   0x2000'01b8      0x8  XShttio.o [2]
    .data                inited   0x2000'01c0      0x2  tcp.o [1]
                                - 0x2000'01c2    0x1c2

"P2", part 2 of 3:                              0xe7b0
  .bss                   zero     0x2000'01c4   0x7818  heap_4.o [1]
  .bss                   zero     0x2000'79dc   0x30ec  ethernetif.o [1]
  .bss                   zero     0x2000'aac8   0x2604  memp.o [1]
  .bss                   zero     0x2000'd0cc    0x664  mem.o [1]
  .bss                   zero     0x2000'd730    0x2fc  memp.o [1]
  .bss                   zero     0x2000'da2c    0x1d8  dlmalloc.o [2]
  .bss                   zero     0x2000'dc04    0x184  memp.o [1]
  .bss                   zero     0x2000'dd88    0x16c  memp.o [1]
  .bss                   zero     0x2000'def4    0x104  memp.o [1]
  .bss                   zero     0x2000'dff8     0xf0  etharp.o [1]
  .bss                   zero     0x2000'e0e8     0xe4  memp.o [1]
  .bss                   zero     0x2000'e1cc     0xb4  memp.o [1]
  .bss                   zero     0x2000'e280     0xa4  memp.o [1]
  .bss                   zero     0x2000'e324     0xa0  tasks.o [1]
  .bss                   zero     0x2000'e3c4     0x8c  tasks.o [1]
  .bss                   zero     0x2000'e450     0x84  memp.o [1]
  .bss                   zero     0x2000'e4d4     0x84  memp.o [1]
  .bss                   zero     0x2000'e558     0x84  memp.o [1]
  .bss                   zero     0x2000'e5dc     0x80  XShHandles.o [2]
  .bss                   zero     0x2000'e65c     0x5c  tsk_udp_client.o [1]
  .bss                   zero     0x2000'e6b8     0x50  xfiles.o [2]
  .bss                   zero     0x2000'e708     0x50  xfiles.o [2]
  .bss                   zero     0x2000'e758     0x48  lwip.o [1]
  .bss                   zero     0x2000'e7a0     0x40  queue.o [1]
  .bss                   zero     0x2000'e7e0     0x40  stm32f2xx_hal_timebase_tim.o [1]
  .bss                   zero     0x2000'e820     0x38  tcp_in.o [1]
  .bss                   zero     0x2000'e858     0x34  memp.o [1]
  .bss                   zero     0x2000'e88c     0x24  memp.o [1]
  .bss                   zero     0x2000'e8b0     0x18  ip.o [1]
  .bss                   zero     0x2000'e8c8     0x18  dlmalloc.o [2]
  .bss                   zero     0x2000'e8e0     0x14  soc_proto.o [1]
  .bss                   zero     0x2000'e8f4     0x10  tcpip.o [1]
  .bss                   zero     0x2000'e904      0xc  netif.o [1]
  .bss                   zero     0x2000'e910      0x8  ip4_frag.o [1]
  .bss                   zero     0x2000'e918      0x8  timeouts.o [1]
  .bss                   zero     0x2000'e920      0x4  main.o [1]
  .bss                   zero     0x2000'e924      0x4  memp.o [1]
  .bss                   zero     0x2000'e928      0x4  memp.o [1]
  .bss                   zero     0x2000'e92c      0x4  memp.o [1]
  .bss                   zero     0x2000'e930      0x4  memp.o [1]
  .bss                   zero     0x2000'e934      0x4  memp.o [1]
  .bss                   zero     0x2000'e938      0x4  memp.o [1]
  .bss                   zero     0x2000'e93c      0x4  memp.o [1]
  .bss                   zero     0x2000'e940      0x4  memp.o [1]
  .bss                   zero     0x2000'e944      0x4  memp.o [1]
  .bss                   zero     0x2000'e948      0x4  memp.o [1]
  .bss                   zero     0x2000'e94c      0x4  memp.o [1]
  .bss                   zero     0x2000'e950      0x4  memp.o [1]
  .bss                   zero     0x2000'e954      0x4  memp.o [1]
  .bss                   zero     0x2000'e958      0x4  sys_arch.o [1]
  .bss                   zero     0x2000'e95c      0x4  timeouts.o [1]
  .bss                   zero     0x2000'e960      0x4  new.o [3]
  .bss                   zero     0x2000'e964      0x4  xfail_s.o [2]
  .bss                   zero     0x2000'e968      0x4  xgetmemchunk.o [2]
  .bss                   zero     0x2000'e96c      0x2  ip4.o [1]
  .bss                   zero     0x2000'e96e      0x1  api_msg.o [1]
  .bss                   zero     0x2000'e96f      0x1  etharp.o [1]
  .bss                   zero     0x2000'e970      0x1  pbuf.o [1]
  .bss                   zero     0x2000'e971      0x1  tcp.o [1]
  .bss                   zero     0x2000'e972      0x1  XShttio.o [2]
                                - 0x2000'e973   0xe7af

"P2", part 3 of 3:                               0x600
  CSTACK                          0x2000'e978    0x400  <Block>
    CSTACK               uninit   0x2000'e978    0x400  <Block tail>
  HEAP                            0x2000'ed78    0x200  <Block>
    HEAP                 uninit   0x2000'ed78    0x200  <Block tail>
                                - 0x2000'ef78    0x600

Unused ranges:

         From           To      Size
         ----           --      ----
   0x801'0979   0x80f'ffff  0xe'f687
  0x2000'01c2  0x2000'01c3       0x2
  0x2000'e974  0x2000'e977       0x4
  0x2000'ef78  0x2002'0000  0x1'1089


*******************************************************************************
*** INIT TABLE
***

          Address      Size
          -------      ----
Zero (__iar_zero_init3)
    1 destination range, total size 0xe7af:
          0x2000'01c4  0xe7af

Copy/lz77 (__iar_lz77_init_single3)
    1 source range, total size 0xa1 (35% of destination):
           0x801'08d8    0xa1
    1 destination range, total size 0x1c2:
          0x2000'0000   0x1c2

Extra (__iar_cstart_call_ctors)



*******************************************************************************
*** MODULE SUMMARY
***

    Module                        ro code  ro data  rw data
    ------                        -------  -------  -------
command line/config:
    -------------------------------------------------------
    Total:

\\Mac\Home\Documents\PROJECTS\UWB-RTLS\uwb-rtls\software\anchor\EWARM\base-board\Obj: [1]
    api_lib.o                       1 388
    api_msg.o                       4 608                 1
    cmsis_os.o                        702
    def.o                              38
    etharp.o                        2 444               241
    ethernet.o                        468        8
    ethernetif.o                    1 172        8   12 524
    heap_4.o                          436            30 744
    icmp.o                            736
    init.o                             38
    ip.o                                                 24
    ip4.o                             932                 2
    ip4_addr.o                         50        4
    ip4_frag.o                      2 272                 8
    list.o                            146
    lwip.o                            196                72
    main.o                            444       12        4
    mem.o                           1 532             1 636
    memp.o                            604      156   12 616
    net_conf.o                        162
    netbuf.o                          356
    netif.o                           540                12
    pbuf.o                          2 944                 1
    port.o                            432        4       12
    portasm.o                         136
    queue.o                         2 000                64
    soc_proto.o                     1 146        5       20
    startup_stm32f207xx.o             712
    stm32f2xx_hal.o                   120        4       12
    stm32f2xx_hal_cortex.o            152
    stm32f2xx_hal_eth.o             1 900
    stm32f2xx_hal_gpio.o              526
    stm32f2xx_hal_msp.o                64
    stm32f2xx_hal_rcc.o             1 216
    stm32f2xx_hal_tim.o               626
    stm32f2xx_hal_tim_ex.o              4
    stm32f2xx_hal_timebase_tim.o      124                64
    stm32f2xx_it.o                     40
    sys_arch.o                        488                 4
    system_stm32f2xx.o                 80       10        4
    tasks.o                         2 036               300
    tcp.o                           4 656       11       31
    tcp_in.o                        5 596                56
    tcp_out.o                       4 744
    tcpip.o                           776                16
    timeouts.o                        696                12
    tsk_udp_client.o                  540       32       92
    udp.o                           1 156        2        8
    -------------------------------------------------------
    Total:                         52 174      256   58 580

dl7M_tlf.a: [2]
    XShHandles.o                      204               128
    XShttio.o                          60        3        9
    abort.o                             6
    cppinit.o                          24
    dlmalloc.o                      5 344               496
    exit.o                              4
    fclose.o                          126
    fflush.o                          172
    fputc.o                            84
    fseek.o                            36
    heaptramp0.o                        4
    low_level_init.o                    4
    printf.o                           40
    putchar.o                          12
    xcloseall.o                        60
    xencoding_8859_1.o                 30
    xfail_s.o                          64                 4
    xfgpos.o                           12
    xfiles.o                                    89      408
    xfofind.o                         140
    xfspos.o                          216
    xfwprep.o                         180
    xgetmemchunk.o                     44                 4
    xlocale_c.o                       120       52      128
    xmbcurmax.o                        10
    xprintffull.o                   3 962
    xprout.o                           22
    -------------------------------------------------------
    Total:                         10 980      144    1 177

dlpp7M_tl_fc.a: [3]
    delop_0.o                          10
    new.o                                                 4
    newop_0.o                          36
    nomemory.o                          4
    -------------------------------------------------------
    Total:                             50                 4

m7M_tl.a: [4]
    DblAdd.o                          362
    DblCmpGe.o                         46
    DblCmpLe.o                         46
    DblDiv.o                          582
    DblMul.o                          418
    DblSub.o                          226
    DblToS32.o                         58
    DblToU32.o                         40
    S32ToDbl.o                         34
    U32ToDbl.o                         26
    frexp.o                           112
    ldexp.o                           314
    -------------------------------------------------------
    Total:                          2 264

rt7M_tl.a: [5]
    ABImemclr.o                         6
    ABImemclr4.o                        6
    ABImemcpy.o                       166
    ABImemmove.o                      150
    ABImemset.o                        94
    ABImemset48.o                      50
    I64DivMod.o                       560
    I64DivZer.o                         2
    cexit.o                            14
    cmain.o                            30
    cmain_call_ctors.o                 32
    cstart_closeall.o
    cstartup_M.o                       12
    data_init.o                        40
    lz77_init_single.o                122
    memchr.o                           88
    memcmp.o                          104
    strchr.o                           22
    strlen.o                           54
    zero_init3.o                       58
    -------------------------------------------------------
    Total:                          1 610

shb_l.a: [6]
    close.o                            24
    dwrite.o                           30
    exit.o                             20
    iarttio.o                         128
    iarwrite.o                         34
    iarwstd.o                          32
    lseek.o                            74
    remove.o                           20
    unwind_debug.o                               1
    write.o                            16
    -------------------------------------------------------
    Total:                            378        1

    Gaps                               64        4
    Linker created                              36    1 536
-----------------------------------------------------------
    Grand Total:                   67 520      441   61 297


*******************************************************************************
*** ENTRY LIST
***

Entry                       Address    Size  Type      Object
-----                       -------    ----  ----      ------
.iar.init_table$$Base    0x801'067c           --   Gb  - Linker created -
.iar.init_table$$Limit   0x801'06a0           --   Gb  - Linker created -
?main                    0x801'06d9          Code  Gb  cmain.o [5]
AHBPrescTable            0x801'05e0    0x10  Data  Gb  system_stm32f2xx.o [1]
APBPrescTable            0x801'0788     0x8  Data  Gb  system_stm32f2xx.o [1]
BusFault_Handler         0x801'0633     0x2  Code  Gb  stm32f2xx_it.o [1]
CRC_08(unsigned char, unsigned char *, unsigned short)
                         0x800'cc69    0x2c  Code  Gb  soc_proto.o [1]
CSTACK$$Base            0x2000'e978           --   Gb  - Linker created -
CSTACK$$Limit           0x2000'ed78           --   Gb  - Linker created -
CacheMore                0x800'8ec9    0x24  Code  Lc  xlocale_c.o [2]
DMARxDscrTab            0x2000'7a28    0x80  Data  Gb  ethernetif.o [1]
DMATxDscrTab            0x2000'7aa8    0x80  Data  Gb  ethernetif.o [1]
DebugMon_Handler         0x801'0637     0x2  Code  Gb  stm32f2xx_it.o [1]
ETH_Delay                0x800'8e61    0x24  Code  Lc  stm32f2xx_hal_eth.o [1]
ETH_FlushTransmitFIFO    0x800'8e3d    0x24  Code  Lc  stm32f2xx_hal_eth.o [1]
ETH_IRQHandler           0x801'0647     0x6  Code  Gb  stm32f2xx_it.o [1]
ETH_MACDMAConfig         0x800'8d4b    0xec  Code  Lc  stm32f2xx_hal_eth.o [1]
EXTI15_10_IRQHandler     0x801'063f     0x8  Code  Gb  stm32f2xx_it.o [1]
GATEWAY_ADDRESS         0x2000'e790     0x4  Data  Gb  lwip.o [1]
HAL_Delay                0x800'abc9    0x28  Code  Wk  stm32f2xx_hal.o [1]
HAL_ETH_DMARxDescListInit
                         0x800'897f    0x88  Code  Gb  stm32f2xx_hal_eth.o [1]
HAL_ETH_DMATxDescListInit
                         0x800'8905    0x7a  Code  Gb  stm32f2xx_hal_eth.o [1]
HAL_ETH_GetReceivedFrame_IT
                         0x800'8af1    0x86  Code  Gb  stm32f2xx_hal_eth.o [1]
HAL_ETH_IRQHandler       0x800'8b77    0x64  Code  Gb  stm32f2xx_hal_eth.o [1]
HAL_ETH_Init             0x800'8751   0x194  Code  Gb  stm32f2xx_hal_eth.o [1]
HAL_ETH_MspInit          0x800'5d3d    0xea  Code  Gb  ethernetif.o [1]
HAL_ETH_ReadPHYRegister
                         0x800'8bdb    0x78  Code  Gb  stm32f2xx_hal_eth.o [1]
HAL_ETH_RxCpltCallback   0x800'5e3f     0x8  Code  Gb  ethernetif.o [1]
HAL_ETH_Start            0x800'8cc1    0x5e  Code  Gb  stm32f2xx_hal_eth.o [1]
HAL_ETH_TransmitFrame    0x800'8a07    0xea  Code  Gb  stm32f2xx_hal_eth.o [1]
HAL_ETH_WritePHYRegister
                         0x800'8c53    0x66  Code  Gb  stm32f2xx_hal_eth.o [1]
HAL_GPIO_EXTI_IRQHandler
                         0x800'866f    0x10  Code  Gb  stm32f2xx_hal_gpio.o [1]
HAL_GPIO_Init            0x800'84a9   0x1be  Code  Gb  stm32f2xx_hal_gpio.o [1]
HAL_GPIO_WritePin        0x800'8667     0x8  Code  Gb  stm32f2xx_hal_gpio.o [1]
HAL_GetTick              0x800'8eb9     0xc  Code  Wk  stm32f2xx_hal.o [1]
HAL_IncTick              0x800'cb69    0x10  Code  Wk  stm32f2xx_hal.o [1]
HAL_Init                 0x800'c855    0x30  Code  Gb  stm32f2xx_hal.o [1]
HAL_InitTick             0x800'c011    0x6c  Code  Gb  stm32f2xx_hal_timebase_tim.o [1]
HAL_MspInit              0x800'cb79    0x3c  Code  Gb  stm32f2xx_hal_msp.o [1]
HAL_NVIC_EnableIRQ       0x800'8727    0x16  Code  Gb  stm32f2xx_hal_cortex.o [1]
HAL_NVIC_SetPriority     0x800'86ed    0x3a  Code  Gb  stm32f2xx_hal_cortex.o [1]
HAL_NVIC_SetPriorityGrouping
                         0x800'86d3    0x1a  Code  Gb  stm32f2xx_hal_cortex.o [1]
HAL_RCC_ClockConfig      0x800'aecb    0xfa  Code  Gb  stm32f2xx_hal_rcc.o [1]
HAL_RCC_GetClockConfig   0x800'b041    0x36  Code  Gb  stm32f2xx_hal_rcc.o [1]
HAL_RCC_GetHCLKFreq      0x800'b025     0x6  Code  Gb  stm32f2xx_hal_rcc.o [1]
HAL_RCC_GetPCLK1Freq     0x800'b02b    0x10  Code  Gb  stm32f2xx_hal_rcc.o [1]
HAL_RCC_GetSysClockFreq
                         0x800'afd1    0x54  Code  Gb  stm32f2xx_hal_rcc.o [1]
HAL_RCC_OscConfig        0x800'abf1   0x2d0  Code  Gb  stm32f2xx_hal_rcc.o [1]
HAL_TIMEx_BreakCallback
                         0x800'c811     0x2  Code  Wk  stm32f2xx_hal_tim_ex.o [1]
HAL_TIMEx_CommutCallback
                         0x800'c815     0x2  Code  Wk  stm32f2xx_hal_tim_ex.o [1]
HAL_TIM_Base_Init        0x800'c2fd    0x1a  Code  Gb  stm32f2xx_hal_tim.o [1]
HAL_TIM_Base_Start_IT    0x800'c317    0x20  Code  Gb  stm32f2xx_hal_tim.o [1]
HAL_TIM_IRQHandler       0x800'c35b   0x142  Code  Gb  stm32f2xx_hal_tim.o [1]
HAL_TIM_PeriodElapsedCallback
                         0x800'c7d7     0xe  Code  Gb  main.o [1]
HEAP$$Base              0x2000'ed78           --   Gb  - Linker created -
HEAP$$Limit             0x2000'ef78           --   Gb  - Linker created -
HardFault_Handler        0x801'062f     0x2  Code  Gb  stm32f2xx_it.o [1]
IP_ADDRESS              0x2000'e788     0x4  Data  Gb  lwip.o [1]
LoadInt                  0x800'6393    0x7a  Code  Lc  xprintffull.o [2]
MX_LWIP_Init             0x800'caa5    0xc4  Code  Gb  lwip.o [1]
MemManage_Handler        0x801'0631     0x2  Code  Gb  stm32f2xx_it.o [1]
NETMASK_ADDRESS         0x2000'e78c     0x4  Data  Gb  lwip.o [1]
NMI_Handler              0x801'062d     0x2  Code  Gb  stm32f2xx_it.o [1]
NetConfig::NetConfig()   0x800'cbb9    0x4c  Code  Gb  net_conf.o [1]
NetConfig::getServerIp()
                         0x800'cc37     0x4  Code  Gb  net_conf.o [1]
NetConfig::getServerPort()
                         0x800'cc57     0x4  Code  Gb  net_conf.o [1]
NetConfig::ipArrToHex(unsigned char *)
                         0x800'cc05    0x16  Code  Gb  net_conf.o [1]
NetConfig::setDeviceIp(unsigned char, unsigned char, unsigned char, unsigned char)
                         0x800'cc1b     0xe  Code  Gb  net_conf.o [1]
NetConfig::setGatewayIp(unsigned char, unsigned char, unsigned char, unsigned char)
                         0x800'cc29     0xe  Code  Gb  net_conf.o [1]
NetConfig::setServerIp(unsigned char, unsigned char, unsigned char, unsigned char)
                         0x800'cc3b     0xe  Code  Gb  net_conf.o [1]
NetConfig::setSubnetMask(unsigned char, unsigned char, unsigned char, unsigned char)
                         0x800'cc49     0xe  Code  Gb  net_conf.o [1]
PendSV_Handler           0x800'c0a1          Code  Gb  portasm.o [1]
Region$$Table$$Base      0x801'067c           --   Gb  - Linker created -
Region$$Table$$Limit     0x801'06a0           --   Gb  - Linker created -
Rx_Buff                 0x2000'7b28  0x17d0  Data  Gb  ethernetif.o [1]
SHT$$INIT_ARRAY$$Base    0x801'0790           --   Gb  - Linker created -
SHT$$INIT_ARRAY$$Limit   0x801'0798           --   Gb  - Linker created -
SHT$$PREINIT_ARRAY$$Base
                         0x801'0790           --   Gb  - Linker created -
SHT$$PREINIT_ARRAY$$Limit
                         0x801'0790           --   Gb  - Linker created -
SVC_Handler              0x800'c0e7          Code  Gb  portasm.o [1]
SocketProtocol::SocketProtocol()
                         0x800'cc95    0x1e  Code  Gb  soc_proto.o [1]
SocketProtocol::parseBuf(unsigned char *, unsigned short, SocketProtocol::queue_data_t *)
                         0x800'ccb3    0x66  Code  Gb  soc_proto.o [1]
SocketProtocol::proto_base_t::proto_base_t()
                         0x800'd495    0x12  Code  Gb  soc_proto.o [1]
SocketProtocol::proto_base_t::~proto_base_t()
                         0x800'd59d     0xe  Code  Gb  soc_proto.o [1]
SocketProtocol::toProtoBase(std::vector<unsigned char, std::allocator<unsigned char>>, SocketProtocol::proto_base_t *)
                         0x800'cd19    0xaa  Code  Gb  soc_proto.o [1]
StartDefaultTask(void const *)
                         0x800'c79b    0x34  Code  Gb  main.o [1]
SysTick_Handler          0x800'b58d    0x1c  Code  Gb  port.o [1]
SystemClock_Config()     0x800'c687    0x5e  Code  Gb  main.o [1]
SystemCoreClock         0x2000'0018     0x4  Data  Gb  system_stm32f2xx.o [1]
SystemInit               0x801'05a1    0x30  Code  Gb  system_stm32f2xx.o [1]
TIM3_IRQHandler          0x801'0639     0x6  Code  Gb  stm32f2xx_it.o [1]
TIM_Base_SetConfig       0x800'c4a3    0x96  Code  Gb  stm32f2xx_hal_tim.o [1]
TskUdpClient::TskUdpClient()
                         0x800'c88b    0x22  Code  Gb  tsk_udp_client.o [1]
TskUdpClient::createTask()
                         0x800'c8ad    0x58  Code  Gb  tsk_udp_client.o [1]
TskUdpClient::udpEchoThread(void const *)
                         0x800'c911    0x8e  Code  Gb  tsk_udp_client.o [1]
TskUdpClient::udpTransmitThread(void const *)
                         0x800'c99f    0x86  Code  Gb  tsk_udp_client.o [1]
Tx_Buff                 0x2000'92f8  0x17d0  Data  Gb  ethernetif.o [1]
UsageFault_Handler       0x801'0635     0x2  Code  Gb  stm32f2xx_it.o [1]
[local to main_cpp]::MX_GPIO_Init()
                         0x800'c6e5    0xa6  Code  Lc  main.o [1]
_Close_all               0x801'05f1    0x3c  Code  Gb  xcloseall.o [2]
_Encoding_8859_1_Mbrlen
                         0x800'5985     0x2  Code  Gb  xencoding_8859_1.o [2]
_Encoding_8859_1_Wctomb
                         0x800'5973    0x12  Code  Gb  xencoding_8859_1.o [2]
_Files                  0x2000'0198    0x20  Data  Gb  xfiles.o [2]
_Fofree                  0x801'0415    0x86  Code  Gb  xfofind.o [2]
_Fspos                   0x800'ff87    0xd8  Code  Gb  xfspos.o [2]
_Fwprep                  0x801'02a1    0xb4  Code  Gb  xfwprep.o [2]
_GenldFull               0x800'6e25   0x274  Code  Lc  xprintffull.o [2]
_LdtobFull               0x800'69f9   0x400  Code  Lc  xprintffull.o [2]
_LitobFull               0x800'68a1   0x112  Code  Lc  xprintffull.o [2]
_Locale_lconv           0x2000'0040    0x38  Data  Lc  xlocale_c.o [2]
_Nnl                     0x801'010d     0xc  Code  Gb  xfgpos.o [2]
_PrintfFull              0x800'61d1   0x1aa  Code  Gb  xprintffull.o [2]
_Prout                   0x801'072d    0x16  Code  Gb  xprout.o [2]
_PutcharsFull            0x800'7099    0x2e  Code  Lc  xprintffull.o [2]
_PutfldFull              0x800'640d   0x2d8  Code  Lc  xprintffull.o [2]
_PutstrFull              0x800'67db    0xc6  Code  Lc  xprintffull.o [2]
_PuttxtFull              0x800'66e5    0xf6  Code  Lc  xprintffull.o [2]
__NVIC_SetPriority       0x800'86b9    0x1a  Code  Lc  stm32f2xx_hal_cortex.o [1]
__aeabi_cdcmple          0x800'9475          Code  Gb  DblCmpLe.o [4]
__aeabi_cdrcmple         0x800'94a5          Code  Gb  DblCmpGe.o [4]
__aeabi_d2iz             0x800'9611          Code  Gb  DblToS32.o [4]
__aeabi_d2uiz            0x800'999d          Code  Gb  DblToU32.o [4]
__aeabi_ddiv             0x800'9755          Code  Gb  DblDiv.o [4]
__aeabi_dmul             0x800'9261          Code  Gb  DblMul.o [4]
__aeabi_dsub             0x800'9671          Code  Gb  DblSub.o [4]
__aeabi_i2d              0x800'964d          Code  Gb  S32ToDbl.o [4]
__aeabi_ldiv0            0x800'b0bd          Code  Gb  I64DivZer.o [5]
__aeabi_memclr           0x800'abc1          Code  Gb  ABImemclr.o [5]
__aeabi_memclr4          0x800'5d35          Code  Gb  ABImemclr4.o [5]
__aeabi_memcpy           0x800'58cd          Code  Gb  ABImemcpy.o [5]
__aeabi_memcpy4          0x800'58ed          Code  Gb  ABImemcpy.o [5]
__aeabi_memcpy8          0x800'58ed          Code  Gb  ABImemcpy.o [5]
__aeabi_memmove          0x800'fef1          Code  Gb  ABImemmove.o [5]
__aeabi_memmove4         0x800'fef1          Code  Gb  ABImemmove.o [5]
__aeabi_memmove8         0x800'fef1          Code  Gb  ABImemmove.o [5]
__aeabi_ui2d             0x800'99c5          Code  Gb  U32ToDbl.o [4]
__aeabi_uldivmod         0x800'9031          Code  Gb  I64DivMod.o [5]
__call_ctors             0x801'06c1    0x18  Code  Gb  cppinit.o [2]
__cexit_closeall         0x801'0703          Code  Gb  cexit.o [5]
__close                  0x801'051f    0x18  Code  Gb  close.o [6]
__cmain                  0x801'06d9          Code  Gb  cmain.o [5]
__cstart_closeall        0x801'08d8          Data  Gb  cstart_closeall.o [5]
__data_GetMemChunk       0x800'fec5    0x2c  Code  Gb  xgetmemchunk.o [2]
__data_GetMemChunk::start
                        0x2000'e968     0x4  Data  Lc  xgetmemchunk.o [2]
__dwrite                 0x801'0241    0x1e  Code  Gb  dwrite.o [6]
__exit                   0x800'c08d    0x14  Code  Gb  exit.o [6]
__iar_Fail_s             0x800'8f55    0x1c  Code  Gb  xfail_s.o [2]
__iar_Mbcurmax           0x800'9025     0xa  Code  Gb  xmbcurmax.o [2]
__iar_Memchr             0x800'8fcd          Code  Gb  memchr.o [5]
__iar_Memset4_word       0x800'8475          Code  Gb  ABImemset48.o [5]
__iar_Memset8_word       0x800'8475          Code  Gb  ABImemset48.o [5]
__iar_Memset_word        0x800'bfb1          Code  Gb  ABImemset.o [5]
__iar_Stderr            0x2000'0150    0x48  Data  Gb  xfiles.o [2]
__iar_Stdin             0x2000'00c0    0x48  Data  Gb  xfiles.o [2]
__iar_Stdout            0x2000'0108    0x48  Data  Gb  xfiles.o [2]
__iar_Strchr             0x800'8f3d          Code  Gb  strchr.o [5]
__iar_close_ttio         0x800'c569    0x2e  Code  Gb  iarttio.o [6]
__iar_cstart_call_ctors
                         0x801'06a1    0x20  Code  Gb  cmain_call_ctors.o [5]
__iar_dadd               0x800'9681          Code  Gb  DblSub.o [4]
__iar_data_init3         0x801'0655    0x28  Code  Gb  data_init.o [5]
__iar_debug_exceptions   0x800'5d3b     0x1  Data  Gb  unwind_debug.o [6]
__iar_dlfree             0x800'f983   0x4f6  Code  Gb  dlmalloc.o [2]
__iar_dlmalloc           0x800'f6cd   0x2b6  Code  Gb  dlmalloc.o [2]
__iar_dsub               0x800'b0c1          Code  Gb  DblAdd.o [4]
__iar_dsubStart          0x800'b0d3          Code  Gb  DblAdd.o [4]
__iar_frexp              0x800'9411          Code  Gb  frexp.o [4]
__iar_frexp64            0x800'9405          Code  Gb  frexp.o [4]
__iar_frexpl             0x800'9411          Code  Gb  frexp.o [4]
__iar_get_ttio           0x800'c599    0x4c  Code  Gb  iarttio.o [6]
__iar_globLocale        0x2000'0078    0x48  Data  Lc  xlocale_c.o [2]
__iar_global_Locale      0x800'8ec5     0x4  Code  Gb  xlocale_c.o [2]
__iar_ldexp64            0x800'94d5          Code  Gb  ldexp.o [4]
__iar_lookup_ttioh       0x800'c847     0x4  Code  Gb  XShttio.o [2]
__iar_lz77_init_single3
                         0x800'1793    0x7a  Code  Gb  lz77_init_single.o [5]
__iar_program_start      0x801'076d          Code  Gb  cstartup_M.o [5]
__iar_scalbln64          0x800'94d5          Code  Gb  ldexp.o [4]
__iar_scalbn64           0x800'94d5          Code  Gb  ldexp.o [4]
__iar_sh_Discard         0x801'0175    0x42  Code  Gb  XShHandles.o [2]
__iar_sh_Move            0x801'01b7    0x46  Code  Gb  XShHandles.o [2]
__iar_sh_Pos             0x801'01fd    0x3e  Code  Gb  XShHandles.o [2]
__iar_sh_stdout          0x801'025f    0x20  Code  Gb  iarwstd.o [6]
__iar_sh_write           0x801'027f    0x22  Code  Gb  iarwrite.o [6]
__iar_tls$$INIT_ARRAY$$Base
                         0x801'0798           --   Gb  - Linker created -
__iar_tls$$INIT_ARRAY$$Limit
                         0x801'0798           --   Gb  - Linker created -
__iar_ttio_guard_lock    0x800'c819    0x1e  Code  Gb  XShttio.o [2]
__iar_ttio_guard_unlock
                         0x800'c837    0x10  Code  Gb  XShttio.o [2]
__iar_ttio_handles      0x2000'01b8     0x8  Data  Lc  XShttio.o [2]
__iar_zero_init3         0x800'23b3    0x3a  Code  Gb  zero_init3.o [5]
__low_level_init         0x801'06f7     0x4  Code  Gb  low_level_init.o [2]
__lseek                  0x801'0119    0x4a  Code  Gb  lseek.o [6]
__sti__routine           0x800'cc5d     0x4  Code  Lc  soc_proto.o [1]
__sti__routine           0x800'c889     0x2  Code  Lc  tsk_udp_client.o [1]
__vector_table           0x800'0000          Data  Gb  startup_stm32f207xx.o [1]
__write                  0x801'0163    0x10  Code  Gb  write.o [6]
_call_main               0x801'06e5          Code  Gb  cmain.o [5]
_exit                    0x801'0701          Code  Gb  cexit.o [5]
_gLocale_mblen           0x800'8f29     0x4  Code  Gb  xlocale_c.o [2]
_gLocale_mblenInt        0x800'8eed    0x2c  Code  Gb  xlocale_c.o [2]
_gLocale_wctomb          0x800'8f2d     0x4  Code  Gb  xlocale_c.o [2]
_gLocale_wctombInt       0x800'8f25     0x4  Code  Gb  xlocale_c.o [2]
_gm_                    0x2000'da2c   0x1d8  Data  Lc  dlmalloc.o [2]
_main                    0x801'06f3          Code  Gb  cmain.o [5]
abort                    0x800'b0b5     0x6  Code  Gb  abort.o [2]
ackno                   0x2000'e84c     0x4  Data  Lc  tcp_in.o [1]
add_segment              0x800'ed6d   0x1f2  Code  Lc  dlmalloc.o [2]
arp_table               0x2000'dff8    0xf0  Data  Lc  etharp.o [1]
cyclic_timer             0x800'4b4d    0x14  Code  Lc  timeouts.o [1]
defaultTaskHandle       0x2000'e920     0x4  Data  Gb  main.o [1]
do_memp_free_pool        0x800'495d    0x32  Code  Lc  memp.o [1]
do_memp_malloc_pool      0x800'48e9    0x42  Code  Lc  memp.o [1]
ebuf                    0x2000'e6b8    0x50  Data  Lc  xfiles.o [2]
err_tcp                  0x800'd911   0x116  Code  Lc  api_msg.o [1]
etharp_cached_entry     0x2000'e96f     0x1  Data  Lc  etharp.o [1]
etharp_cleanup_netif     0x800'b885    0x28  Code  Gb  etharp.o [1]
etharp_find_entry        0x800'b69f   0x14c  Code  Lc  etharp.o [1]
etharp_free_entry        0x800'b625    0x20  Code  Lc  etharp.o [1]
etharp_input             0x800'b8ad    0xa2  Code  Gb  etharp.o [1]
etharp_output            0x800'b9c9   0x12e  Code  Gb  etharp.o [1]
etharp_output_to_arp_index
                         0x800'b94f    0x6e  Code  Lc  etharp.o [1]
etharp_query             0x800'bb05   0x138  Code  Gb  etharp.o [1]
etharp_raw               0x800'bc3d    0xcc  Code  Lc  etharp.o [1]
etharp_request           0x800'bd2b     0x4  Code  Gb  etharp.o [1]
etharp_request_dst       0x800'bd09    0x22  Code  Lc  etharp.o [1]
etharp_tmr               0x800'b645    0x5a  Code  Gb  etharp.o [1]
etharp_update_arp_entry
                         0x800'b7f3    0x92  Code  Lc  etharp.o [1]
ethbroadcast             0x800'c2f4     0x8  Data  Gb  ethernet.o [1]
ethernet_input           0x800'c129    0x90  Code  Gb  ethernet.o [1]
ethernet_output          0x800'c1b9    0x6a  Code  Gb  ethernet.o [1]
ethernetif_init          0x800'60d1    0x38  Code  Gb  ethernetif.o [1]
ethernetif_input         0x800'60a1    0x30  Code  Gb  ethernetif.o [1]
ethzero                  0x801'0778     0x8  Data  Gb  ethernet.o [1]
exit                     0x801'06fb     0x4  Code  Gb  exit.o [2]
fclose                   0x801'04a1    0x7e  Code  Gb  fclose.o [2]
fflush                   0x801'00d5    0x34  Code  Gb  fflush.o [2]
fflushOne                0x801'0061    0x74  Code  Lc  fflush.o [2]
flags                   0x2000'e820     0x1  Data  Lc  tcp_in.o [1]
fputc                    0x801'054b    0x54  Code  Gb  fputc.o [2]
free                     0x800'fe99     0x4  Code  Gb  heaptramp0.o [2]
frexp                    0x800'9405          Code  Gb  frexp.o [4]
frexpl                   0x800'9405          Code  Gb  frexp.o [4]
fseek                    0x801'0355    0x24  Code  Gb  fseek.o [2]
gnetif                  0x2000'e758    0x30  Data  Gb  lwip.o [1]
gw                      0x2000'e79c     0x4  Data  Gb  lwip.o [1]
heth                    0x2000'79dc    0x48  Data  Gb  ethernetif.o [1]
htim3                   0x2000'e7e0    0x40  Data  Gb  stm32f2xx_hal_timebase_tim.o [1]
icmp_dest_unreach        0x800'82b5     0x6  Code  Gb  icmp.o [1]
icmp_input               0x800'8195   0x11a  Code  Gb  icmp.o [1]
icmp_send_response       0x800'82c1    0x7e  Code  Lc  icmp.o [1]
icmp_time_exceeded       0x800'82bd     0x4  Code  Gb  icmp.o [1]
init_mparams             0x800'e9bf    0x32  Code  Lc  dlmalloc.o [2]
init_top                 0x800'e9f1    0x36  Code  Lc  dlmalloc.o [2]
inseg                   0x2000'e824    0x10  Data  Lc  tcp_in.o [1]
ip4_addr_isbroadcast_u32
                         0x800'1761    0x32  Code  Gb  ip4_addr.o [1]
ip4_frag                 0x800'7949   0x1a0  Code  Gb  ip4_frag.o [1]
ip4_input                0x800'59e3   0x174  Code  Gb  ip4.o [1]
ip4_output_if            0x800'5b57    0x26  Code  Gb  ip4.o [1]
ip4_output_if_src        0x800'5b7d    0xca  Code  Gb  ip4.o [1]
ip4_reass                0x800'7777   0x166  Code  Gb  ip4_frag.o [1]
ip4_route                0x800'5991    0x52  Code  Gb  ip4.o [1]
ip_addr_any              0x801'07a0     0x4  Data  Gb  ip4_addr.o [1]
ip_data                 0x2000'e8b0    0x18  Data  Gb  ip.o [1]
ip_frag_free_pbuf_custom_ref
                         0x800'78f5    0x26  Code  Lc  ip4_frag.o [1]
ip_id                   0x2000'e96c     0x2  Data  Lc  ip4.o [1]
ip_reass_chain_frag_into_datagram_and_validate
                         0x800'7625   0x152  Code  Lc  ip4_frag.o [1]
ip_reass_dequeue_datagram
                         0x800'75e9    0x3c  Code  Lc  ip4_frag.o [1]
ip_reass_enqueue_new_datagram
                         0x800'759f    0x4a  Code  Lc  ip4_frag.o [1]
ip_reass_free_complete_datagram
                         0x800'745d    0xd0  Code  Lc  ip4_frag.o [1]
ip_reass_pbufcount      0x2000'e910     0x2  Data  Lc  ip4_frag.o [1]
ip_reass_remove_oldest_datagram
                         0x800'7537    0x68  Code  Lc  ip4_frag.o [1]
ip_reass_tmr             0x800'7431    0x2c  Code  Gb  ip4_frag.o [1]
ipaddr                  0x2000'e794     0x4  Data  Gb  lwip.o [1]
ipfrag_free_pbuf_custom
                         0x800'791d    0x2a  Code  Lc  ip4_frag.o [1]
ldexp                    0x800'94d5          Code  Gb  ldexp.o [4]
ldexpl                   0x800'94d5          Code  Gb  ldexp.o [4]
lfree                   0x2000'd0d4     0x4  Data  Lc  mem.o [1]
localeconv               0x800'8f31     0x4  Code  Gb  xlocale_c.o [2]
lock_tcpip_core         0x2000'e900     0x4  Data  Gb  tcpip.o [1]
low_level_init           0x800'5e49    0xf6  Code  Lc  ethernetif.o [1]
low_level_input          0x800'5fe9    0xb8  Code  Lc  ethernetif.o [1]
low_level_output         0x800'5f49    0xa0  Code  Lc  ethernetif.o [1]
lwip_cyclic_timers       0x800'4da0    0x18  Data  Gb  timeouts.o [1]
lwip_htonl               0x800'2399    0x1a  Code  Gb  def.o [1]
lwip_htons               0x800'238d     0xc  Code  Gb  def.o [1]
lwip_init                0x800'740b    0x26  Code  Gb  init.o [1]
lwip_netconn_do_bind     0x800'dfe1    0x4e  Code  Gb  api_msg.o [1]
lwip_netconn_do_close    0x800'e519    0xc0  Code  Gb  api_msg.o [1]
lwip_netconn_do_close_internal
                         0x800'dda1   0x1bc  Code  Lc  api_msg.o [1]
lwip_netconn_do_connect
                         0x800'e103    0xf4  Code  Gb  api_msg.o [1]
lwip_netconn_do_connected
                         0x800'e039    0xca  Code  Lc  api_msg.o [1]
lwip_netconn_do_newconn
                         0x800'dabb    0x80  Code  Gb  api_msg.o [1]
lwip_netconn_do_recv     0x800'e2b1    0x48  Code  Gb  api_msg.o [1]
lwip_netconn_do_send     0x800'e249    0x4e  Code  Gb  api_msg.o [1]
lwip_netconn_do_writemore
                         0x800'e30d   0x1d8  Code  Lc  api_msg.o [1]
lwip_sys_mutex          0x2000'e958     0x4  Data  Gb  sys_arch.o [1]
main                     0x800'c655    0x32  Code  Gb  main.o [1]
makeFreeRtosPriority     0x800'714d     0xc  Code  Lc  cmsis_os.o [1]
mbox                    0x2000'e8fc     0x4  Data  Lc  tcpip.o [1]
mem_free                 0x800'53c9    0x98  Code  Gb  mem.o [1]
mem_init                 0x800'537d    0x4c  Code  Gb  mem.o [1]
mem_malloc               0x800'5561   0x10c  Code  Gb  mem.o [1]
mem_mutex               0x2000'd72c     0x4  Data  Lc  mem.o [1]
mem_trim                 0x800'5461    0xf4  Code  Gb  mem.o [1]
memchr                   0x800'8fcd          Code  Gb  memchr.o [5]
memcmp                   0x800'c5e9          Code  Gb  memcmp.o [5]
memp_FRAG_PBUF           0x801'03b4     0xc  Data  Gb  memp.o [1]
memp_NETBUF              0x801'03c0     0xc  Data  Gb  memp.o [1]
memp_NETCONN             0x801'03cc     0xc  Data  Gb  memp.o [1]
memp_PBUF                0x801'03fc     0xc  Data  Gb  memp.o [1]
memp_PBUF_POOL           0x801'0408     0xc  Data  Gb  memp.o [1]
memp_REASSDATA           0x801'03a8     0xc  Data  Gb  memp.o [1]
memp_SYS_TIMEOUT         0x801'03f0     0xc  Data  Gb  memp.o [1]
memp_TCPIP_MSG_API       0x801'03d8     0xc  Data  Gb  memp.o [1]
memp_TCPIP_MSG_INPKT     0x801'03e4     0xc  Data  Gb  memp.o [1]
memp_TCP_PCB             0x801'0384     0xc  Data  Gb  memp.o [1]
memp_TCP_PCB_LISTEN      0x801'0390     0xc  Data  Gb  memp.o [1]
memp_TCP_SEG             0x801'039c     0xc  Data  Gb  memp.o [1]
memp_UDP_PCB             0x801'0378     0xc  Data  Gb  memp.o [1]
memp_free                0x800'4991    0x22  Code  Gb  memp.o [1]
memp_init                0x800'48cd    0x1a  Code  Gb  memp.o [1]
memp_init_pool           0x800'48a5    0x28  Code  Gb  memp.o [1]
memp_malloc              0x800'492d    0x20  Code  Gb  memp.o [1]
memp_memory_FRAG_PBUF_base
                        0x2000'dd88   0x16c  Data  Gb  memp.o [1]
memp_memory_NETBUF_base
                        0x2000'e88c    0x24  Data  Gb  memp.o [1]
memp_memory_NETCONN_base
                        0x2000'e1cc    0xb4  Data  Gb  memp.o [1]
memp_memory_PBUF_POOL_base
                        0x2000'aac8  0x2604  Data  Gb  memp.o [1]
memp_memory_PBUF_base   0x2000'def4   0x104  Data  Gb  memp.o [1]
memp_memory_REASSDATA_base
                        0x2000'e280    0xa4  Data  Gb  memp.o [1]
memp_memory_SYS_TIMEOUT_base
                        0x2000'e858    0x34  Data  Gb  memp.o [1]
memp_memory_TCPIP_MSG_API_base
                        0x2000'e4d4    0x84  Data  Gb  memp.o [1]
memp_memory_TCPIP_MSG_INPKT_base
                        0x2000'e558    0x84  Data  Gb  memp.o [1]
memp_memory_TCP_PCB_LISTEN_base
                        0x2000'e0e8    0xe4  Data  Gb  memp.o [1]
memp_memory_TCP_PCB_base
                        0x2000'd730   0x2fc  Data  Gb  memp.o [1]
memp_memory_TCP_SEG_base
                        0x2000'dc04   0x184  Data  Gb  memp.o [1]
memp_memory_UDP_PCB_base
                        0x2000'e450    0x84  Data  Gb  memp.o [1]
memp_pools               0x800'4acc    0x34  Data  Gb  memp.o [1]
memp_tab_FRAG_PBUF      0x2000'e938     0x4  Data  Lc  memp.o [1]
memp_tab_NETBUF         0x2000'e93c     0x4  Data  Lc  memp.o [1]
memp_tab_NETCONN        0x2000'e940     0x4  Data  Lc  memp.o [1]
memp_tab_PBUF           0x2000'e950     0x4  Data  Lc  memp.o [1]
memp_tab_PBUF_POOL      0x2000'e954     0x4  Data  Lc  memp.o [1]
memp_tab_REASSDATA      0x2000'e934     0x4  Data  Lc  memp.o [1]
memp_tab_SYS_TIMEOUT    0x2000'e94c     0x4  Data  Lc  memp.o [1]
memp_tab_TCPIP_MSG_API  0x2000'e944     0x4  Data  Lc  memp.o [1]
memp_tab_TCPIP_MSG_INPKT
                        0x2000'e948     0x4  Data  Lc  memp.o [1]
memp_tab_TCP_PCB        0x2000'e928     0x4  Data  Lc  memp.o [1]
memp_tab_TCP_PCB_LISTEN
                        0x2000'e92c     0x4  Data  Lc  memp.o [1]
memp_tab_TCP_SEG        0x2000'e930     0x4  Data  Lc  memp.o [1]
memp_tab_UDP_PCB        0x2000'e924     0x4  Data  Lc  memp.o [1]
mparams                 0x2000'e8c8    0x18  Data  Lc  dlmalloc.o [2]
netbuf_alloc             0x800'd369    0x52  Code  Gb  netbuf.o [1]
netbuf_delete            0x800'd347    0x22  Code  Gb  netbuf.o [1]
netbuf_new               0x800'd331    0x16  Code  Gb  netbuf.o [1]
netconn_aborted         0x2000'e96e     0x1  Data  Gb  api_msg.o [1]
netconn_alloc            0x800'db3d    0x80  Code  Gb  api_msg.o [1]
netconn_apimsg           0x800'cdc5    0x18  Code  Lc  api_lib.o [1]
netconn_bind             0x800'ce7b    0x2e  Code  Gb  api_lib.o [1]
netconn_close_shutdown   0x800'd0e1    0x38  Code  Lc  api_lib.o [1]
netconn_connect          0x800'cea9    0x30  Code  Gb  api_lib.o [1]
netconn_drain            0x800'dd01    0x9e  Code  Lc  api_msg.o [1]
netconn_free             0x800'dbed    0x62  Code  Gb  api_msg.o [1]
netconn_new_with_proto_and_callback
                         0x800'cddd    0x98  Code  Gb  api_lib.o [1]
netconn_recv             0x800'd007    0x94  Code  Gb  api_lib.o [1]
netconn_recv_data        0x800'cefb   0x102  Code  Lc  api_lib.o [1]
netconn_send             0x800'd0b1    0x30  Code  Gb  api_lib.o [1]
netif_add                0x800'a9a9    0x76  Code  Gb  netif.o [1]
netif_default           0x2000'e90c     0x4  Data  Gb  netif.o [1]
netif_init               0x800'a9a5     0x2  Code  Gb  netif.o [1]
netif_issue_reports      0x800'aadd    0x18  Code  Lc  netif.o [1]
netif_list              0x2000'e908     0x4  Data  Gb  netif.o [1]
netif_num               0x2000'e904     0x1  Data  Lc  netif.o [1]
netif_set_addr           0x800'aa1f    0x44  Code  Gb  netif.o [1]
netif_set_default        0x800'aaaf     0x6  Code  Gb  netif.o [1]
netif_set_down           0x800'aaf5    0x1a  Code  Gb  netif.o [1]
netif_set_gw             0x800'aa9f     0x8  Code  Gb  netif.o [1]
netif_set_ipaddr         0x800'aa63    0x3c  Code  Gb  netif.o [1]
netif_set_netmask        0x800'aaa7     0x8  Code  Gb  netif.o [1]
netif_set_up             0x800'aac1    0x1c  Code  Gb  netif.o [1]
netmask                 0x2000'e798     0x4  Data  Gb  lwip.o [1]
next_timeout            0x2000'e918     0x4  Data  Lc  timeouts.o [1]
obuf                    0x2000'e708    0x50  Data  Lc  xfiles.o [2]
operator delete (void *)
                         0x800'e96b     0xa  Code  Gb  delop_0.o [3]
operator new (unsigned int)
                         0x800'e931    0x24  Code  Gb  newop_0.o [3]
osDelay                  0x800'71a1     0xe  Code  Gb  cmsis_os.o [1]
osKernelStart            0x800'7159     0xa  Code  Gb  cmsis_os.o [1]
osKernelSysTick          0x800'7163    0x10  Code  Gb  cmsis_os.o [1]
osMessageCreate          0x800'7305     0xa  Code  Gb  cmsis_os.o [1]
osMessageDelete          0x800'73fd     0xe  Code  Gb  cmsis_os.o [1]
osMessageGet             0x800'734b    0x5c  Code  Gb  cmsis_os.o [1]
osMessagePut             0x800'730f    0x3c  Code  Gb  cmsis_os.o [1]
osMessageWaiting         0x800'73ed    0x10  Code  Gb  cmsis_os.o [1]
osMutexCreate            0x800'71af     0x6  Code  Gb  cmsis_os.o [1]
osMutexRelease           0x800'71f7    0x36  Code  Gb  cmsis_os.o [1]
osMutexWait              0x800'71b5    0x42  Code  Gb  cmsis_os.o [1]
osSemaphoreCreate        0x800'722d    0x2c  Code  Gb  cmsis_os.o [1]
osSemaphoreDelete        0x800'72f1     0xc  Code  Gb  cmsis_os.o [1]
osSemaphoreRelease       0x800'72a7    0x36  Code  Gb  cmsis_os.o [1]
osSemaphoreWait          0x800'7259    0x42  Code  Gb  cmsis_os.o [1]
osThreadCreate           0x800'7173    0x2e  Code  Gb  cmsis_os.o [1]
os_mutex_def_lwip_sys_mutex
                         0x800'4fc4     0x4  Data  Gb  sys_arch.o [1]
pbuf_alloc               0x800'1875   0x1d0  Code  Gb  pbuf.o [1]
pbuf_alloced_custom      0x800'1a59    0x60  Code  Gb  pbuf.o [1]
pbuf_cat                 0x800'1d3d    0x72  Code  Gb  pbuf.o [1]
pbuf_chain               0x800'1daf    0x10  Code  Gb  pbuf.o [1]
pbuf_clen                0x800'1cf9    0x12  Code  Gb  pbuf.o [1]
pbuf_copy                0x800'1dbf    0xf8  Code  Gb  pbuf.o [1]
pbuf_copy_partial        0x800'1eb9    0x84  Code  Gb  pbuf.o [1]
pbuf_free                0x800'1c31    0xc2  Code  Gb  pbuf.o [1]
[...]
sys_now                  0x800'6129     0x4  Code  Gb  ethernetif.o [1]
sys_sem_free             0x800'4f0d     0x6  Code  Gb  sys_arch.o [1]
sys_sem_new              0x800'4ea9    0x2a  Code  Gb  sys_arch.o [1]
sys_sem_set_invalid      0x800'4f21     0x2  Code  Gb  sys_arch.o [1]
sys_sem_signal           0x800'4f07     0x6  Code  Gb  sys_arch.o [1]
sys_sem_valid            0x800'4f15     0x2  Code  Gb  sys_arch.o [1]
sys_thread_new           0x800'4f65    0x30  Code  Gb  sys_arch.o [1]
sys_timeout              0x800'4b89    0x92  Code  Gb  timeouts.o [1]
sys_timeouts_init        0x800'4b61    0x20  Code  Gb  timeouts.o [1]
sys_timeouts_mbox_fetch
                         0x800'4c1b    0x8c  Code  Gb  timeouts.o [1]
sys_trim                 0x800'f0c9    0x64  Code  Lc  dlmalloc.o [2]
tcp_abandon              0x800'2665    0xbc  Code  Gb  tcp.o [1]
tcp_abort                0x800'2755     0x4  Code  Gb  tcp.o [1]
tcp_accept               0x800'30c7     0xc  Code  Gb  tcp.o [1]
tcp_active_pcbs         0x2000'002c     0x4  Data  Gb  tcp.o [1]
tcp_active_pcbs_changed
                        0x2000'001c     0x1  Data  Gb  tcp.o [1]
tcp_alloc                0x800'2f59    0xe4  Code  Gb  tcp.o [1]
tcp_arg                  0x800'304b     0x6  Code  Gb  tcp.o [1]
tcp_backoff              0x800'3604    0x10  Data  Lc  tcp.o [1]
tcp_bind                 0x800'2759    0x94  Code  Gb  tcp.o [1]
tcp_bound_pcbs          0x2000'0024     0x4  Data  Gb  tcp.o [1]
tcp_close                0x800'260d    0x12  Code  Gb  tcp.o [1]
tcp_close_shutdown       0x800'240d   0x14c  Code  Lc  tcp.o [1]
tcp_close_shutdown_fin   0x800'2559    0x72  Code  Lc  tcp.o [1]
tcp_connect              0x800'295d    0xec  Code  Gb  tcp.o [1]
tcp_create_segment       0x800'36e1    0xae  Code  Lc  tcp_out.o [1]
tcp_eff_send_mss_impl    0x800'31e1    0x24  Code  Gb  tcp.o [1]
tcp_enqueue_flags        0x800'3dd5   0x11a  Code  Gb  tcp_out.o [1]
tcp_err                  0x800'30a1    0x26  Code  Gb  tcp.o [1]
tcp_fasttmr              0x800'2da3    0x5e  Code  Gb  tcp.o [1]
tcp_getoptbyte           0x800'14a5    0x26  Code  Lc  tcp_in.o [1]
tcp_init                 0x800'23ed     0x2  Code  Gb  tcp.o [1]
tcp_input                0x800'0185   0x446  Code  Gb  tcp_in.o [1]
tcp_input_delayed_close
                         0x800'0729    0x3c  Code  Lc  tcp_in.o [1]
tcp_input_pcb           0x2000'e854     0x4  Data  Gb  tcp_in.o [1]
tcp_keepalive            0x800'440f    0x4c  Code  Gb  tcp_out.o [1]
tcp_kill_state           0x800'2eed    0x56  Code  Lc  tcp.o [1]
tcp_listen_input         0x800'0765    0xea  Code  Lc  tcp_in.o [1]
tcp_listen_pcbs         0x2000'0028     0x4  Data  Gb  tcp.o [1]
tcp_netif_ip_addr_changed
                         0x800'3223    0x44  Code  Gb  tcp.o [1]
tcp_netif_ip_addr_changed_pcblist
                         0x800'3205    0x1e  Code  Lc  tcp.o [1]
tcp_new_ip_type          0x800'3045     0x2  Code  Gb  tcp.o [1]
tcp_new_port             0x800'2901    0x4c  Code  Lc  tcp.o [1]
tcp_next_iss             0x800'31d5     0xc  Code  Gb  tcp.o [1]
tcp_next_iss::iss       0x2000'0034     0x4  Data  Lc  tcp.o [1]
tcp_oos_insert_segment   0x800'0c3d    0x66  Code  Lc  tcp_in.o [1]
tcp_optidx              0x2000'e838     0x2  Data  Lc  tcp_in.o [1]
tcp_output               0x800'3f5f   0x1ec  Code  Gb  tcp_out.o [1]
tcp_output_alloc_header
                         0x800'361d    0x80  Code  Lc  tcp_out.o [1]
tcp_output_segment       0x800'415f    0xa0  Code  Lc  tcp_out.o [1]
tcp_parseopt             0x800'14cb    0x66  Code  Lc  tcp_in.o [1]
tcp_pbuf_prealloc        0x800'37a9    0x78  Code  Lc  tcp_out.o [1]
tcp_pcb_lists            0x800'294c    0x10  Data  Gb  tcp.o [1]
tcp_pcb_purge            0x800'30ff    0x46  Code  Gb  tcp.o [1]
tcp_pcb_remove           0x800'3145    0x8a  Code  Gb  tcp.o [1]
tcp_persist_backoff      0x800'3614     0x8  Data  Lc  tcp.o [1]
tcp_poll                 0x800'30d5    0x2a  Code  Gb  tcp.o [1]
tcp_port                0x2000'01c0     0x2  Data  Lc  tcp.o [1]
tcp_process              0x800'0851   0x36c  Code  Lc  tcp_in.o [1]
tcp_process_refused_data
                         0x800'2e0d    0x6a  Code  Gb  tcp.o [1]
tcp_receive              0x800'0cd5   0x76c  Code  Lc  tcp_in.o [1]
tcp_recv                 0x800'3051    0x28  Code  Gb  tcp.o [1]
tcp_recv_null            0x800'2ec9    0x24  Code  Gb  tcp.o [1]
tcp_recved               0x800'288b    0x76  Code  Gb  tcp.o [1]
tcp_rexmit               0x800'436f    0x4a  Code  Gb  tcp_out.o [1]
tcp_rexmit_fast          0x800'43c1    0x4e  Code  Gb  tcp_out.o [1]
tcp_rexmit_rto           0x800'4341    0x2e  Code  Gb  tcp_out.o [1]
tcp_rst                  0x800'4209    0x94  Code  Gb  tcp_out.o [1]
tcp_seg_copy             0x800'2ea5    0x24  Code  Gb  tcp.o [1]
tcp_seg_free             0x800'2e89    0x1c  Code  Gb  tcp.o [1]
tcp_segs_free            0x800'2e77    0x12  Code  Gb  tcp.o [1]
tcp_send_empty_ack       0x800'3ef5    0x6a  Code  Gb  tcp_out.o [1]
tcp_send_fin             0x800'369d    0x44  Code  Gb  tcp_out.o [1]
tcp_sent                 0x800'3079    0x26  Code  Gb  tcp.o [1]
tcp_shutdown             0x800'261f    0x44  Code  Gb  tcp.o [1]
tcp_slowtmr              0x800'2a49   0x35a  Code  Gb  tcp.o [1]
tcp_ticks               0x2000'0020     0x4  Data  Gb  tcp.o [1]
tcp_timer               0x2000'e971     0x1  Data  Lc  tcp.o [1]
tcp_timer_ctr           0x2000'001d     0x1  Data  Lc  tcp.o [1]
tcp_timer_needed         0x800'4b29    0x24  Code  Gb  timeouts.o [1]
tcp_tmr                  0x800'23ef    0x1c  Code  Gb  tcp.o [1]
tcp_trigger_input_pcb_close
                         0x800'1531     0xc  Code  Gb  tcp_in.o [1]
tcp_tw_pcbs             0x2000'0030     0x4  Data  Gb  tcp.o [1]
tcp_update_rcv_ann_wnd   0x800'283b    0x50  Code  Gb  tcp.o [1]
tcp_write                0x800'3835   0x56c  Code  Gb  tcp_out.o [1]
tcp_zero_window_probe    0x800'445b    0xac  Code  Gb  tcp_out.o [1]
tcphdr                  0x2000'e840     0x4  Data  Lc  tcp_in.o [1]
tcphdr_opt1len          0x2000'e836     0x2  Data  Lc  tcp_in.o [1]
tcphdr_opt2             0x2000'e844     0x4  Data  Lc  tcp_in.o [1]
tcphdr_optlen           0x2000'e834     0x2  Data  Lc  tcp_in.o [1]
tcpip_callback_with_block
                         0x800'50ab    0x52  Code  Gb  tcpip.o [1]
tcpip_init               0x800'5141    0x60  Code  Gb  tcpip.o [1]
tcpip_init_done         0x2000'e8f4     0x4  Data  Lc  tcpip.o [1]
tcpip_init_done_arg     0x2000'e8f8     0x4  Data  Lc  tcpip.o [1]
tcpip_inpkt              0x800'5057    0x44  Code  Gb  tcpip.o [1]
tcpip_input              0x800'509b    0x10  Code  Gb  tcpip.o [1]
tcpip_send_msg_wait_sem
                         0x800'511d    0x16  Code  Gb  tcpip.o [1]
tcpip_tcp_timer          0x800'4b01    0x28  Code  Lc  timeouts.o [1]
tcpip_tcp_timer_active  0x2000'e95c     0x4  Data  Lc  timeouts.o [1]
tcpip_thread             0x800'4fc9    0x8e  Code  Lc  tcpip.o [1]
tcplen                  0x2000'e83c     0x2  Data  Lc  tcp_in.o [1]
timeouts_last_time      0x2000'e91c     0x4  Data  Lc  timeouts.o [1]
tmalloc_large            0x800'f139   0x386  Code  Lc  dlmalloc.o [2]
tmalloc_small            0x800'f4bf   0x200  Code  Lc  dlmalloc.o [2]
tskUdpClient            0x2000'e65c    0x5c  Data  Gb  tsk_udp_client.o [1]
ttio_guard              0x2000'e972     0x1  Data  Lc  XShttio.o [2]
ucHeap                  0x2000'01dc  0x7800  Data  Lc  heap_4.o [1]
ucMaxSysCallPriority    0x2000'0000     0x1  Data  Lc  port.o [1]
udp_bind                 0x800'7f77    0x9a  Code  Gb  udp.o [1]
udp_connect              0x800'8011    0x4e  Code  Gb  udp.o [1]
udp_init                 0x800'7d11     0x2  Code  Gb  udp.o [1]
udp_input                0x800'7d13   0x12c  Code  Gb  udp.o [1]
udp_netif_ip_addr_changed
                         0x800'8081    0x30  Code  Gb  udp.o [1]
udp_new                  0x800'8065    0x1a  Code  Gb  udp.o [1]
udp_new_ip_type          0x800'807f     0x2  Code  Gb  udp.o [1]
udp_pcbs                0x2000'003c     0x4  Data  Gb  udp.o [1]
udp_port                0x2000'0038     0x2  Data  Lc  udp.o [1]
udp_recv                 0x800'805f     0x6  Code  Gb  udp.o [1]
udp_send                 0x800'7e3f     0xc  Code  Gb  udp.o [1]
udp_sendto               0x800'7e4b    0x34  Code  Gb  udp.o [1]
udp_sendto_if            0x800'7e7f    0x3a  Code  Gb  udp.o [1]
udp_sendto_if_src        0x800'7eb9    0xbe  Code  Gb  udp.o [1]
ulMaxPRIGROUPValue      0x2000'0008     0x4  Data  Lc  port.o [1]
unsigned char * std::_Uninit_copy<unsigned char *, unsigned char *, std::_Wrap_alloc<std::allocator<unsigned char>>>(unsigned char *, unsigned char *, unsigned char *, std::_Wrap_alloc<std::allocator<unsigned char>> &)
                         0x800'e97f    0x10  Code  Gb  soc_proto.o [1]
unsigned char * std::_Uninit_copy<unsigned char const *, unsigned char *, std::_Wrap_alloc<std::allocator<unsigned char>>>(unsigned char const *, unsigned char const *, unsigned char *, std::_Wrap_alloc<std::allocator<unsigned char>> &)
                         0x800'e98f    0x10  Code  Gb  soc_proto.o [1]
unsigned char * std::_Uninit_copy<unsigned char const, unsigned char>(unsigned char const *, unsigned char const *, unsigned char *, std::_Wrap_alloc<std::allocator<unsigned char>> &, std::_Scalar_ptr_iterator_tag)
                         0x800'feb1    0x14  Code  Gb  soc_proto.o [1]
unsigned char * std::_Uninit_copy<unsigned char, unsigned char>(unsigned char *, unsigned char *, unsigned char *, std::_Wrap_alloc<std::allocator<unsigned char>> &, std::_Scalar_ptr_iterator_tag)
                         0x800'fe9d    0x14  Code  Gb  soc_proto.o [1]
unsigned char * std::_Uninit_move<unsigned char *, unsigned char *, std::_Wrap_alloc<std::allocator<unsigned char>>>(unsigned char *, unsigned char *, unsigned char *, std::_Wrap_alloc<std::allocator<unsigned char>> &)
                         0x800'e955    0x16  Code  Gb  soc_proto.o [1]
unsigned char * std::_Uninit_move<unsigned char, unsigned char, unsigned char>(unsigned char *, unsigned char *, unsigned char *, std::_Wrap_alloc<std::allocator<unsigned char>> &, unsigned char *, std::_Scalar_ptr_iterator_tag)
                         0x800'fe85    0x14  Code  Gb  soc_proto.o [1]
unsigned char * std::_Uninitialized_copy<std::_Vector_const_iterator<std::_Vector_val<std::_Simple_types<unsigned char>>>, unsigned char *, std::_Wrap_alloc<std::allocator<unsigned char>>>(std::_Vector_const_iterator<std::_Vector_val<std::_Simple_types<unsigned char>>>, std::_Vector_const_iterator<std::_Vector_val<std::_Simple_types<unsigned char>>>, unsigned char *, std::_Wrap_alloc<std::allocator<unsigned char>> &)
                         0x800'e927     0x4  Code  Gb  soc_proto.o [1]
unsigned char * std::_Uninitialized_copy<std::_Vector_iterator<std::_Vector_val<std::_Simple_types<unsigned char>>>, unsigned char *, std::_Wrap_alloc<std::allocator<unsigned char>>>(std::_Vector_iterator<std::_Vector_val<std::_Simple_types<unsigned char>>>, std::_Vector_iterator<std::_Vector_val<std::_Simple_types<unsigned char>>>, unsigned char *, std::_Wrap_alloc<std::allocator<unsigned char>> &)
                         0x800'e92b     0x4  Code  Gb  soc_proto.o [1]
unsigned char * std::_Uninitialized_copy<unsigned char *, unsigned char *, std::_Wrap_alloc<std::allocator<unsigned char>>>(unsigned char *, unsigned char *, unsigned char *, std::_Wrap_alloc<std::allocator<unsigned char>> &)
                         0x800'e923     0x4  Code  Gb  soc_proto.o [1]
unsigned char * std::_Uninitialized_move<unsigned char *, unsigned char *, std::_Wrap_alloc<std::allocator<unsigned char>>>(unsigned char *, unsigned char *, unsigned char *, std::_Wrap_alloc<std::allocator<unsigned char>> &)
                         0x800'e90b     0x4  Code  Gb  soc_proto.o [1]
unsigned char * std::vector<unsigned char, std::allocator<unsigned char>>::_Ucopy<std::_Vector_const_iterator<std::_Vector_val<std::_Simple_types<unsigned char>>>>(std::_Vector_const_iterator<std::_Vector_val<std::_Simple_types<unsigned char>>>, std::_Vector_const_iterator<std::_Vector_val<std::_Simple_types<unsigned char>>>, unsigned char *)
                         0x800'e8c7    0x14  Code  Gb  soc_proto.o [1]
unsigned char * std::vector<unsigned char, std::allocator<unsigned char>>::_Ucopy<std::_Vector_iterator<std::_Vector_val<std::_Simple_types<unsigned char>>>>(std::_Vector_iterator<std::_Vector_val<std::_Simple_types<unsigned char>>>, std::_Vector_iterator<std::_Vector_val<std::_Simple_types<unsigned char>>>, unsigned char *)
                         0x800'e8eb    0x14  Code  Gb  soc_proto.o [1]
unsigned char * std::vector<unsigned char, std::allocator<unsigned char>>::_Ucopy<unsigned char *>(unsigned char *, unsigned char *, unsigned char *)
                         0x800'e8ad    0x14  Code  Gb  soc_proto.o [1]
unsigned char * std::vector<unsigned char, std::allocator<unsigned char>>::_Umove<unsigned char *>(unsigned char *, unsigned char *, unsigned char *)
                         0x800'e829    0x14  Code  Gb  soc_proto.o [1]
uwTick                  0x2000'0010     0x4  Data  Gb  stm32f2xx_hal.o [1]
uwTickFreq              0x2000'000c     0x1  Data  Gb  stm32f2xx_hal.o [1]
uwTickPrio              0x2000'0014     0x4  Data  Gb  stm32f2xx_hal.o [1]
uxCriticalNesting       0x2000'0004     0x4  Data  Lc  port.o [1]
uxCurrentNumberOfTasks  0x2000'e370     0x4  Data  Lc  tasks.o [1]
uxDeletedTasksWaitingCleanUp
                        0x2000'e358     0x4  Data  Lc  tasks.o [1]
uxListRemove             0x800'b44d    0x26  Code  Gb  list.o [1]
uxPendedTicks           0x2000'e380     0x4  Data  Lc  tasks.o [1]
uxQueueMessagesWaiting   0x800'a815    0x14  Code  Gb  queue.o [1]
uxQueueMessagesWaitingFromISR
                         0x800'a841    0x16  Code  Gb  queue.o [1]
uxSchedulerSuspended    0x2000'e394     0x4  Data  Lc  tasks.o [1]
uxTaskNumber            0x2000'e38c     0x4  Data  Lc  tasks.o [1]
uxTopReadyPriority      0x2000'e378     0x4  Data  Lc  tasks.o [1]
vListInitialise          0x800'b3e1    0x1a  Code  Gb  list.o [1]
vListInitialiseItem      0x800'b3fb     0x6  Code  Gb  list.o [1]
vListInsert              0x800'b41b    0x32  Code  Gb  list.o [1]
vListInsertEnd           0x800'b401    0x1a  Code  Gb  list.o [1]
vPortEnterCritical       0x800'b539    0x32  Code  Gb  port.o [1]
vPortExitCritical        0x800'b56b    0x22  Code  Gb  port.o [1]
vPortFree                0x800'b33f    0x46  Code  Gb  heap_4.o [1]
vPortStartFirstTask      0x800'c107          Code  Gb  portasm.o [1]
vPortValidateInterruptPriority
                         0x800'b5a9    0x3c  Code  Gb  port.o [1]
vQueueDelete             0x800'a857    0x1a  Code  Gb  queue.o [1]
vQueueUnregisterQueue    0x800'a97b    0x22  Code  Gb  queue.o [1]
vTaskDelay               0x800'9b4f    0x2e  Code  Gb  tasks.o [1]
vTaskInternalSetTimeOutState
                         0x800'9e57     0xe  Code  Gb  tasks.o [1]
vTaskMissedYield         0x800'9ecb     0xa  Code  Gb  tasks.o [1]
vTaskPlaceOnEventList    0x800'9dbd    0x26  Code  Gb  tasks.o [1]
vTaskPriorityDisinheritAfterTimeout
                         0x800'a071    0x80  Code  Gb  tasks.o [1]
vTaskStartScheduler      0x800'9b95    0x54  Code  Gb  tasks.o [1]
vTaskSuspendAll          0x800'9be9     0xc  Code  Gb  tasks.o [1]
vTaskSwitchContext       0x800'9d6b    0x52  Code  Gb  tasks.o [1]
void std::_Destroy_range<std::_Wrap_alloc<std::allocator<unsigned char>>>(std::_Wrap_alloc<std::allocator<unsigned char>>::pointer, std::_Wrap_alloc<std::allocator<unsigned char>>::pointer, std::_Wrap_alloc<std::allocator<unsigned char>>&)
                         0x800'e90f     0x2  Code  Gb  soc_proto.o [1]
void std::_Distance2<std::_Vector_iterator<std::_Vector_val<std::_Simple_types<unsigned char>>>, int>(std::_Vector_iterator<std::_Vector_val<std::_Simple_types<unsigned char>>>, std::_Vector_iterator<std::_Vector_val<std::_Simple_types<unsigned char>>>, int &, std::random_access_iterator_tag)
                         0x800'e8db    0x10  Code  Gb  soc_proto.o [1]
void std::vector<unsigned char, std::allocator<unsigned char>>::_Assign<std::_Vector_iterator<std::_Vector_val<std::_Simple_types<unsigned char>>>>(std::_Vector_iterator<std::_Vector_val<std::_Simple_types<unsigned char>>>, std::_Vector_iterator<std::_Vector_val<std::_Simple_types<unsigned char>>>, std::forward_iterator_tag)
                         0x800'd5db    0x48  Code  Gb  soc_proto.o [1]
void std::vector<unsigned char, std::allocator<unsigned char>>::_Assign<unsigned char *>(unsigned char *, unsigned char *, std::forward_iterator_tag)
                         0x800'd505    0x42  Code  Gb  soc_proto.o [1]
xBlockAllocatedBit      0x2000'01d8     0x4  Data  Lc  heap_4.o [1]
xDelayedTaskList1       0x2000'e398    0x14  Data  Lc  tasks.o [1]
xDelayedTaskList2       0x2000'e3ac    0x14  Data  Lc  tasks.o [1]
xFreeBytesRemaining     0x2000'01d0     0x4  Data  Lc  heap_4.o [1]
xIdleTaskHandle         0x2000'e3c0     0x4  Data  Lc  tasks.o [1]
xMinimumEverFreeBytesRemaining
                        0x2000'01d4     0x4  Data  Lc  heap_4.o [1]
xNextTaskUnblockTime    0x2000'e390     0x4  Data  Lc  tasks.o [1]
xNumOfOverflows         0x2000'e388     0x4  Data  Lc  tasks.o [1]
xPendingReadyList       0x2000'e324    0x14  Data  Lc  tasks.o [1]
xPortStartScheduler      0x800'b4b1    0x78  Code  Gb  port.o [1]
xQueueCreateCountingSemaphore
                         0x800'a2c3    0x2e  Code  Gb  queue.o [1]
xQueueCreateMutex        0x800'a29b    0x28  Code  Gb  queue.o [1]
xQueueGenericCreate      0x800'a24d    0x38  Code  Gb  queue.o [1]
xQueueGenericReset       0x800'a1d5    0x78  Code  Gb  queue.o [1]
xQueueGenericSend        0x800'a2f1   0x128  Code  Gb  queue.o [1]
xQueueGenericSendFromISR
                         0x800'a421    0x8a  Code  Gb  queue.o [1]
xQueueGiveFromISR        0x800'a4ab    0x70  Code  Gb  queue.o [1]
xQueueReceive            0x800'a52f    0xfc  Code  Gb  queue.o [1]
xQueueReceiveFromISR     0x800'a793    0x82  Code  Gb  queue.o [1]
xQueueRegistry          0x2000'e7a0    0x40  Data  Gb  queue.o [1]
xQueueSemaphoreTake      0x800'a635   0x128  Code  Gb  queue.o [1]
xSchedulerRunning       0x2000'e37c     0x4  Data  Lc  tasks.o [1]
xStart                  0x2000'01c4     0x8  Data  Lc  heap_4.o [1]
xSuspendedTaskList      0x2000'e35c    0x14  Data  Lc  tasks.o [1]
xTaskCheckForTimeOut     0x800'9e65    0x66  Code  Gb  tasks.o [1]
xTaskCreate              0x800'99e1    0x58  Code  Gb  tasks.o [1]
xTaskGetSchedulerState   0x800'9f47    0x18  Code  Gb  tasks.o [1]
xTaskGetTickCount        0x800'9c97     0x8  Code  Gb  tasks.o [1]
xTaskGetTickCountFromISR
                         0x800'9c9f     0xe  Code  Gb  tasks.o [1]
xTaskIncrementTick       0x800'9cad    0xbe  Code  Gb  tasks.o [1]
xTaskPriorityDisinherit
                         0x800'9fe1    0x70  Code  Gb  tasks.o [1]
xTaskPriorityInherit     0x800'9f5f    0x7c  Code  Gb  tasks.o [1]
xTaskRemoveFromEventList
                         0x800'9de7    0x52  Code  Gb  tasks.o [1]
xTaskResumeAll           0x800'9bf5    0x9a  Code  Gb  tasks.o [1]
xTasksWaitingTermination
                        0x2000'e338    0x14  Data  Lc  tasks.o [1]
xTickCount              0x2000'e374     0x4  Data  Lc  tasks.o [1]
xYieldPending           0x2000'e384     0x4  Data  Lc  tasks.o [1]


[1] = \\Mac\Home\Documents\PROJECTS\UWB-RTLS\uwb-rtls\software\anchor\EWARM\base-board\Obj
[2] = dl7M_tlf.a
[3] = dlpp7M_tl_fc.a
[4] = m7M_tl.a
[5] = rt7M_tl.a
[6] = shb_l.a

  67 520 bytes of readonly  code memory
     441 bytes of readonly  data memory
  61 297 bytes of readwrite data memory

Errors: none
Warnings: none
