###############################################################################
#
# IAR ELF Linker V8.30.1.114/W32 for ARM                  26/Jun/2019  16:53:52
# Copyright 2007-2018 IAR Systems AB.
#
#    Output file  =  
#        D:\demian.z\free\uwb-rtls\software\nucleo\EWARM\NUCLEOF207-RTLS\Exe\NUCLEOF207-RTLS.out
#    Map file     =  
#        D:\demian.z\free\uwb-rtls\software\nucleo\EWARM\NUCLEOF207-RTLS\List\NUCLEOF207-RTLS.map
#    Command line =  
#        -f C:\Users\dzenkov\AppData\Local\Temp\EWD3F5.tmp
#        (D:\demian.z\free\uwb-rtls\software\nucleo\EWARM\NUCLEOF207-RTLS\Obj\api_lib.o
#        D:\demian.z\free\uwb-rtls\software\nucleo\EWARM\NUCLEOF207-RTLS\Obj\api_msg.o
#        D:\demian.z\free\uwb-rtls\software\nucleo\EWARM\NUCLEOF207-RTLS\Obj\auth.o
#        D:\demian.z\free\uwb-rtls\software\nucleo\EWARM\NUCLEOF207-RTLS\Obj\autoip.o
#        D:\demian.z\free\uwb-rtls\software\nucleo\EWARM\NUCLEOF207-RTLS\Obj\ccp.o
#        D:\demian.z\free\uwb-rtls\software\nucleo\EWARM\NUCLEOF207-RTLS\Obj\chap-md5.o
#        D:\demian.z\free\uwb-rtls\software\nucleo\EWARM\NUCLEOF207-RTLS\Obj\chap-new.o
#        D:\demian.z\free\uwb-rtls\software\nucleo\EWARM\NUCLEOF207-RTLS\Obj\chap_ms.o
#        D:\demian.z\free\uwb-rtls\software\nucleo\EWARM\NUCLEOF207-RTLS\Obj\cmsis_os.o
#        D:\demian.z\free\uwb-rtls\software\nucleo\EWARM\NUCLEOF207-RTLS\Obj\croutine.o
#        D:\demian.z\free\uwb-rtls\software\nucleo\EWARM\NUCLEOF207-RTLS\Obj\deca_device.o
#        D:\demian.z\free\uwb-rtls\software\nucleo\EWARM\NUCLEOF207-RTLS\Obj\deca_mutex.o
#        D:\demian.z\free\uwb-rtls\software\nucleo\EWARM\NUCLEOF207-RTLS\Obj\deca_params_init.o
#        D:\demian.z\free\uwb-rtls\software\nucleo\EWARM\NUCLEOF207-RTLS\Obj\deca_port.o
#        D:\demian.z\free\uwb-rtls\software\nucleo\EWARM\NUCLEOF207-RTLS\Obj\deca_range_tables.o
#        D:\demian.z\free\uwb-rtls\software\nucleo\EWARM\NUCLEOF207-RTLS\Obj\deca_sleep.o
#        D:\demian.z\free\uwb-rtls\software\nucleo\EWARM\NUCLEOF207-RTLS\Obj\deca_spi.o
#        D:\demian.z\free\uwb-rtls\software\nucleo\EWARM\NUCLEOF207-RTLS\Obj\def.o
#        D:\demian.z\free\uwb-rtls\software\nucleo\EWARM\NUCLEOF207-RTLS\Obj\demand.o
#        D:\demian.z\free\uwb-rtls\software\nucleo\EWARM\NUCLEOF207-RTLS\Obj\dhcp.o
#        D:\demian.z\free\uwb-rtls\software\nucleo\EWARM\NUCLEOF207-RTLS\Obj\dhcp6.o
#        D:\demian.z\free\uwb-rtls\software\nucleo\EWARM\NUCLEOF207-RTLS\Obj\dns.o
#        D:\demian.z\free\uwb-rtls\software\nucleo\EWARM\NUCLEOF207-RTLS\Obj\dwm1000.o
#        D:\demian.z\free\uwb-rtls\software\nucleo\EWARM\NUCLEOF207-RTLS\Obj\eap.o
#        D:\demian.z\free\uwb-rtls\software\nucleo\EWARM\NUCLEOF207-RTLS\Obj\ecp.o
#        D:\demian.z\free\uwb-rtls\software\nucleo\EWARM\NUCLEOF207-RTLS\Obj\err.o
#        D:\demian.z\free\uwb-rtls\software\nucleo\EWARM\NUCLEOF207-RTLS\Obj\etharp.o
#        D:\demian.z\free\uwb-rtls\software\nucleo\EWARM\NUCLEOF207-RTLS\Obj\ethernet.o
#        D:\demian.z\free\uwb-rtls\software\nucleo\EWARM\NUCLEOF207-RTLS\Obj\ethernetif.o
#        D:\demian.z\free\uwb-rtls\software\nucleo\EWARM\NUCLEOF207-RTLS\Obj\ethip6.o
#        D:\demian.z\free\uwb-rtls\software\nucleo\EWARM\NUCLEOF207-RTLS\Obj\eui64.o
#        D:\demian.z\free\uwb-rtls\software\nucleo\EWARM\NUCLEOF207-RTLS\Obj\event_groups.o
#        D:\demian.z\free\uwb-rtls\software\nucleo\EWARM\NUCLEOF207-RTLS\Obj\fsm.o
#        D:\demian.z\free\uwb-rtls\software\nucleo\EWARM\NUCLEOF207-RTLS\Obj\heap_4.o
#        D:\demian.z\free\uwb-rtls\software\nucleo\EWARM\NUCLEOF207-RTLS\Obj\icmp.o
#        D:\demian.z\free\uwb-rtls\software\nucleo\EWARM\NUCLEOF207-RTLS\Obj\icmp6.o
#        D:\demian.z\free\uwb-rtls\software\nucleo\EWARM\NUCLEOF207-RTLS\Obj\igmp.o
#        D:\demian.z\free\uwb-rtls\software\nucleo\EWARM\NUCLEOF207-RTLS\Obj\inet6.o
#        D:\demian.z\free\uwb-rtls\software\nucleo\EWARM\NUCLEOF207-RTLS\Obj\inet_chksum.o
#        D:\demian.z\free\uwb-rtls\software\nucleo\EWARM\NUCLEOF207-RTLS\Obj\init.o
#        D:\demian.z\free\uwb-rtls\software\nucleo\EWARM\NUCLEOF207-RTLS\Obj\ip.o
#        D:\demian.z\free\uwb-rtls\software\nucleo\EWARM\NUCLEOF207-RTLS\Obj\ip4.o
#        D:\demian.z\free\uwb-rtls\software\nucleo\EWARM\NUCLEOF207-RTLS\Obj\ip4_addr.o
#        D:\demian.z\free\uwb-rtls\software\nucleo\EWARM\NUCLEOF207-RTLS\Obj\ip4_frag.o
#        D:\demian.z\free\uwb-rtls\software\nucleo\EWARM\NUCLEOF207-RTLS\Obj\ip6.o
#        D:\demian.z\free\uwb-rtls\software\nucleo\EWARM\NUCLEOF207-RTLS\Obj\ip6_addr.o
#        D:\demian.z\free\uwb-rtls\software\nucleo\EWARM\NUCLEOF207-RTLS\Obj\ip6_frag.o
#        D:\demian.z\free\uwb-rtls\software\nucleo\EWARM\NUCLEOF207-RTLS\Obj\ipcp.o
#        D:\demian.z\free\uwb-rtls\software\nucleo\EWARM\NUCLEOF207-RTLS\Obj\ipv6cp.o
#        D:\demian.z\free\uwb-rtls\software\nucleo\EWARM\NUCLEOF207-RTLS\Obj\lcp.o
#        D:\demian.z\free\uwb-rtls\software\nucleo\EWARM\NUCLEOF207-RTLS\Obj\list.o
#        D:\demian.z\free\uwb-rtls\software\nucleo\EWARM\NUCLEOF207-RTLS\Obj\lowpan6.o
#        D:\demian.z\free\uwb-rtls\software\nucleo\EWARM\NUCLEOF207-RTLS\Obj\lwip.o
#        D:\demian.z\free\uwb-rtls\software\nucleo\EWARM\NUCLEOF207-RTLS\Obj\magic.o
#        D:\demian.z\free\uwb-rtls\software\nucleo\EWARM\NUCLEOF207-RTLS\Obj\main.o
#        D:\demian.z\free\uwb-rtls\software\nucleo\EWARM\NUCLEOF207-RTLS\Obj\mem.o
#        D:\demian.z\free\uwb-rtls\software\nucleo\EWARM\NUCLEOF207-RTLS\Obj\memp.o
#        D:\demian.z\free\uwb-rtls\software\nucleo\EWARM\NUCLEOF207-RTLS\Obj\mld6.o
#        D:\demian.z\free\uwb-rtls\software\nucleo\EWARM\NUCLEOF207-RTLS\Obj\mppe.o
#        D:\demian.z\free\uwb-rtls\software\nucleo\EWARM\NUCLEOF207-RTLS\Obj\multilink.o
#        D:\demian.z\free\uwb-rtls\software\nucleo\EWARM\NUCLEOF207-RTLS\Obj\nd6.o
#        D:\demian.z\free\uwb-rtls\software\nucleo\EWARM\NUCLEOF207-RTLS\Obj\net_conf.o
#        D:\demian.z\free\uwb-rtls\software\nucleo\EWARM\NUCLEOF207-RTLS\Obj\netbuf.o
#        D:\demian.z\free\uwb-rtls\software\nucleo\EWARM\NUCLEOF207-RTLS\Obj\netdb.o
#        D:\demian.z\free\uwb-rtls\software\nucleo\EWARM\NUCLEOF207-RTLS\Obj\netif.o
#        D:\demian.z\free\uwb-rtls\software\nucleo\EWARM\NUCLEOF207-RTLS\Obj\netifapi.o
#        D:\demian.z\free\uwb-rtls\software\nucleo\EWARM\NUCLEOF207-RTLS\Obj\pbuf.o
#        D:\demian.z\free\uwb-rtls\software\nucleo\EWARM\NUCLEOF207-RTLS\Obj\port.o
#        D:\demian.z\free\uwb-rtls\software\nucleo\EWARM\NUCLEOF207-RTLS\Obj\portasm.o
#        D:\demian.z\free\uwb-rtls\software\nucleo\EWARM\NUCLEOF207-RTLS\Obj\ppp.o
#        D:\demian.z\free\uwb-rtls\software\nucleo\EWARM\NUCLEOF207-RTLS\Obj\pppapi.o
#        D:\demian.z\free\uwb-rtls\software\nucleo\EWARM\NUCLEOF207-RTLS\Obj\pppcrypt.o
#        D:\demian.z\free\uwb-rtls\software\nucleo\EWARM\NUCLEOF207-RTLS\Obj\pppoe.o
#        D:\demian.z\free\uwb-rtls\software\nucleo\EWARM\NUCLEOF207-RTLS\Obj\pppol2tp.o
#        D:\demian.z\free\uwb-rtls\software\nucleo\EWARM\NUCLEOF207-RTLS\Obj\pppos.o
#        D:\demian.z\free\uwb-rtls\software\nucleo\EWARM\NUCLEOF207-RTLS\Obj\queue.o
#        D:\demian.z\free\uwb-rtls\software\nucleo\EWARM\NUCLEOF207-RTLS\Obj\raw.o
#        D:\demian.z\free\uwb-rtls\software\nucleo\EWARM\NUCLEOF207-RTLS\Obj\slipif.o
#        D:\demian.z\free\uwb-rtls\software\nucleo\EWARM\NUCLEOF207-RTLS\Obj\soc_proto.o
#        D:\demian.z\free\uwb-rtls\software\nucleo\EWARM\NUCLEOF207-RTLS\Obj\sockets.o
#        D:\demian.z\free\uwb-rtls\software\nucleo\EWARM\NUCLEOF207-RTLS\Obj\startup_stm32f207xx.o
#        D:\demian.z\free\uwb-rtls\software\nucleo\EWARM\NUCLEOF207-RTLS\Obj\stats.o
#        D:\demian.z\free\uwb-rtls\software\nucleo\EWARM\NUCLEOF207-RTLS\Obj\stm32f2xx_hal.o
#        D:\demian.z\free\uwb-rtls\software\nucleo\EWARM\NUCLEOF207-RTLS\Obj\stm32f2xx_hal_cortex.o
#        D:\demian.z\free\uwb-rtls\software\nucleo\EWARM\NUCLEOF207-RTLS\Obj\stm32f2xx_hal_dma.o
#        D:\demian.z\free\uwb-rtls\software\nucleo\EWARM\NUCLEOF207-RTLS\Obj\stm32f2xx_hal_dma_ex.o
#        D:\demian.z\free\uwb-rtls\software\nucleo\EWARM\NUCLEOF207-RTLS\Obj\stm32f2xx_hal_eth.o
#        D:\demian.z\free\uwb-rtls\software\nucleo\EWARM\NUCLEOF207-RTLS\Obj\stm32f2xx_hal_flash.o
#        D:\demian.z\free\uwb-rtls\software\nucleo\EWARM\NUCLEOF207-RTLS\Obj\stm32f2xx_hal_flash_ex.o
#        D:\demian.z\free\uwb-rtls\software\nucleo\EWARM\NUCLEOF207-RTLS\Obj\stm32f2xx_hal_gpio.o
#        D:\demian.z\free\uwb-rtls\software\nucleo\EWARM\NUCLEOF207-RTLS\Obj\stm32f2xx_hal_msp.o
#        D:\demian.z\free\uwb-rtls\software\nucleo\EWARM\NUCLEOF207-RTLS\Obj\stm32f2xx_hal_pwr.o
#        D:\demian.z\free\uwb-rtls\software\nucleo\EWARM\NUCLEOF207-RTLS\Obj\stm32f2xx_hal_pwr_ex.o
#        D:\demian.z\free\uwb-rtls\software\nucleo\EWARM\NUCLEOF207-RTLS\Obj\stm32f2xx_hal_rcc.o
#        D:\demian.z\free\uwb-rtls\software\nucleo\EWARM\NUCLEOF207-RTLS\Obj\stm32f2xx_hal_rcc_ex.o
#        D:\demian.z\free\uwb-rtls\software\nucleo\EWARM\NUCLEOF207-RTLS\Obj\stm32f2xx_hal_spi.o
#        D:\demian.z\free\uwb-rtls\software\nucleo\EWARM\NUCLEOF207-RTLS\Obj\stm32f2xx_hal_tim.o
#        D:\demian.z\free\uwb-rtls\software\nucleo\EWARM\NUCLEOF207-RTLS\Obj\stm32f2xx_hal_tim_ex.o
#        D:\demian.z\free\uwb-rtls\software\nucleo\EWARM\NUCLEOF207-RTLS\Obj\stm32f2xx_it.o
#        D:\demian.z\free\uwb-rtls\software\nucleo\EWARM\NUCLEOF207-RTLS\Obj\sys.o
#        D:\demian.z\free\uwb-rtls\software\nucleo\EWARM\NUCLEOF207-RTLS\Obj\sys_arch.o
#        D:\demian.z\free\uwb-rtls\software\nucleo\EWARM\NUCLEOF207-RTLS\Obj\system_stm32f2xx.o
#        D:\demian.z\free\uwb-rtls\software\nucleo\EWARM\NUCLEOF207-RTLS\Obj\tasks.o
#        D:\demian.z\free\uwb-rtls\software\nucleo\EWARM\NUCLEOF207-RTLS\Obj\tcp.o
#        D:\demian.z\free\uwb-rtls\software\nucleo\EWARM\NUCLEOF207-RTLS\Obj\tcp_in.o
#        D:\demian.z\free\uwb-rtls\software\nucleo\EWARM\NUCLEOF207-RTLS\Obj\tcp_out.o
#        D:\demian.z\free\uwb-rtls\software\nucleo\EWARM\NUCLEOF207-RTLS\Obj\tcpip.o
#        D:\demian.z\free\uwb-rtls\software\nucleo\EWARM\NUCLEOF207-RTLS\Obj\timeouts.o
#        D:\demian.z\free\uwb-rtls\software\nucleo\EWARM\NUCLEOF207-RTLS\Obj\timers.o
#        D:\demian.z\free\uwb-rtls\software\nucleo\EWARM\NUCLEOF207-RTLS\Obj\tsk_udp_client.o
#        D:\demian.z\free\uwb-rtls\software\nucleo\EWARM\NUCLEOF207-RTLS\Obj\udp.o
#        D:\demian.z\free\uwb-rtls\software\nucleo\EWARM\NUCLEOF207-RTLS\Obj\upap.o
#        D:\demian.z\free\uwb-rtls\software\nucleo\EWARM\NUCLEOF207-RTLS\Obj\utils.o
#        D:\demian.z\free\uwb-rtls\software\nucleo\EWARM\NUCLEOF207-RTLS\Obj\vj.o
#        --redirect _Printf=_PrintfFull --redirect _Scanf=_ScanfFull
#        --no_out_extension -o
#        D:\demian.z\free\uwb-rtls\software\nucleo\EWARM\NUCLEOF207-RTLS\Exe\NUCLEOF207-RTLS.out
#        --map
#        D:\demian.z\free\uwb-rtls\software\nucleo\EWARM\NUCLEOF207-RTLS\List\NUCLEOF207-RTLS.map
#        --config
#        D:\demian.z\free\uwb-rtls\software\nucleo\EWARM/stm32f207xx_flash.icf
#        --semihosting --entry __iar_program_start --redirect
#        __iar_sh_stdout=__iar_sh_stdout_swo --no_vfe --text_out locale)
#
###############################################################################

*******************************************************************************
*** RUNTIME MODEL ATTRIBUTES
***

CppFlavor                     = *
__CPP_Exceptions              = Disabled
__CPP_Language                = C++14
__Heap_Handler                = DLMalloc
__SystemLibrary               = DLib
__dlib_dynamic_initialization = normal
__dlib_version                = 6


*******************************************************************************
*** HEAP SELECTION
***

The advanced heap was selected because the application calls memory
allocation functions outside of system library functions, and there
are calls to deallocation functions in the application.


*******************************************************************************
*** PLACEMENT SUMMARY
***

"A0":  place at 0x800'0000 { ro section .intvec };
"P1":  place in [from 0x800'0000 to 0x80f'ffff] { ro };
define block CSTACK with size = 1K, alignment = 8 { };
define block HEAP with size = 512, alignment = 8 { };
"P2":  place in [from 0x2000'0000 to 0x2002'0000] {
          rw, block CSTACK, block HEAP };
initialize by copy { rw };

  Section                Kind         Address     Size  Object
  -------                ----         -------     ----  ------
"A0":                                            0x184
  .intvec                ro code   0x800'0000    0x184  startup_stm32f207xx.o [1]
                                 - 0x800'0184    0x184

"P1":                                          0x10153
  .text                  ro code   0x800'0184   0x1650  tcp_in.o [1]
  .text                  ro code   0x800'17d4    0x5f8  pbuf.o [1]
  .text                  ro code   0x800'1dcc     0x4c  ip4_addr.o [1]
  .text                  ro code   0x800'1e18    0x1aa  inet_chksum.o [1]
  .text                  ro code   0x800'1fc2     0x7a  lz77_init_single.o [5]
  .text                  ro code   0x800'203c     0x2c  def.o [1]
  .text                  ro code   0x800'2068    0xe9c  tcp.o [1]
  .text                  ro code   0x800'2f04    0x11c  memp.o [1]
  .text                  ro code   0x800'3020    0xebc  tcp_out.o [1]
  .text                  ro code   0x800'3edc    0x238  timeouts.o [1]
  .text                  ro code   0x800'4114    0x2f4  sys_arch.o [1]
  .text                  ro code   0x800'4408    0x1c0  tcpip.o [1]
  .text                  ro code   0x800'45c8    0x400  mem.o [1]
  .text                  ro code   0x800'49c8     0xa6  ABImemcpy.o [5]
  .text                  ro code   0x800'4a6e     0x3a  zero_init3.o [5]
  .text                  ro code   0x800'4aa8    0x474  ip4.o [1]
  .text                  ro code   0x800'4f1c     0x66  ABImemset.o [5]
  .text                  ro code   0x800'4f82     0x1e  xencoding_8859_1.o [2]
  .text                  ro code   0x800'4fa0    0x4b8  ethernetif.o [1]
  .text                  ro code   0x800'5458    0x3ba  cmsis_os.o [1]
  .rodata                const     0x800'5812      0x1  soc_proto.o [1]
  .rodata                const     0x800'5813      0x1  unwind_debug.o [6]
  .text                  ro code   0x800'5814      0x6  ABImemclr4.o [5]
  .text                  ro code   0x800'581a     0x24  init.o [1]
  .text                  ro code   0x800'5840    0x6b4  ip4_frag.o [1]
  .text                  ro code   0x800'5ef4    0x580  udp.o [1]
  .text                  ro code   0x800'6474    0x2d0  icmp.o [1]
  .text                  ro code   0x800'6744    0x268  stm32f2xx_hal_gpio.o [1]
  .text                  ro code   0x800'69ac    0x144  stm32f2xx_hal_cortex.o [1]
  .text                  ro code   0x800'6af0    0xa4c  stm32f2xx_hal_eth.o [1]
  .text                  ro code   0x800'753c      0xc  stm32f2xx_hal.o [1]
  .text                  ro code   0x800'7548    0xa2c  tasks.o [1]
  .text                  ro code   0x800'7f74    0x8b4  queue.o [1]
  .text                  ro code   0x800'8828    0x1dc  port.o [1]
  .text                  ro code   0x800'8a04     0x32  ABImemset48.o [5]
  .text                  ro code   0x800'8a36      0x2  stats.o [1]
  .text                  ro code   0x800'8a38    0x17a  netif.o [1]
  .text                  ro code   0x800'8bb4     0x88  deca_port.o [1]
  .text                  ro code   0x800'8c3c    0x508  stm32f2xx_hal_rcc.o [1]
  .text                  ro code   0x800'9144     0x1e  stm32f2xx_hal.o [1]
  .text                  ro code   0x800'9162      0x2  stm32f2xx_hal_eth.o [1]
  .text                  ro code   0x800'9164      0x2  stm32f2xx_hal_eth.o [1]
  .text                  ro code   0x800'9168    0x260  heap_4.o [1]
  .text                  ro code   0x800'93c8     0x98  list.o [1]
  CODE                   ro code   0x800'9460     0x88  portasm.o [1]
  .text                  ro code   0x800'94e8    0x950  etharp.o [1]
  .text                  ro code   0x800'9e38     0x18  deca_port.o [1]
  .text                  ro code   0x800'9e50     0x28  stm32f2xx_hal.o [1]
  .text                  ro code   0x800'9e78    0x230  I64DivMod.o [5]
  .text                  ro code   0x800'a0a8    0x154  ethernet.o [1]
  .text                  ro code   0x800'a1fc     0x10  deca_port.o [1]
  .text                  ro code   0x800'a20c      0x2  I64DivZer.o [5]
  .text                  ro code   0x800'a210     0x68  memcmp.o [5]
  .text                  ro code   0x800'a278   0x14e0  dlmalloc.o [2]
  .text                  ro code   0x800'b758      0x6  abort.o [2]
  .text                  ro code   0x800'b760     0x2c  xgetmemchunk.o [2]
  .text                  ro code   0x800'b78c     0x14  exit.o [6]
  .text                  ro code   0x800'b7a0    0xf7a  xprintffull.o [2]
  .text                  ro code   0x800'c71c     0x78  xlocale_c.o [2]
  .text                  ro code   0x800'c794     0x16  strchr.o [5]
  .text                  ro code   0x800'c7ac     0x40  xfail_s.o [2]
  .text                  ro code   0x800'c7ec     0x36  strlen.o [5]
  .text                  ro code   0x800'c824     0x58  memchr.o [5]
  .text                  ro code   0x800'c87c      0xa  xmbcurmax.o [2]
  .text                  ro code   0x800'c888    0x1a2  DblMul.o [4]
  .text                  ro code   0x800'ca2c     0x70  frexp.o [4]
  .text                  ro code   0x800'ca9c     0x2e  DblCmpLe.o [4]
  .text                  ro code   0x800'cacc     0x2e  DblCmpGe.o [4]
  .text                  ro code   0x800'cafc    0x13a  ldexp.o [4]
  .text                  ro code   0x800'cc38     0x3a  DblToS32.o [4]
  .text                  ro code   0x800'cc74     0x22  S32ToDbl.o [4]
  .text                  ro code   0x800'cc98     0xe2  DblSub.o [4]
  .text                  ro code   0x800'cd7c    0x246  DblDiv.o [4]
  .text                  ro code   0x800'cfc4     0x28  DblToU32.o [4]
  .text                  ro code   0x800'cfec     0x1a  U32ToDbl.o [4]
  .text                  ro code   0x800'd008    0x16a  DblAdd.o [4]
  .text                  ro code   0x800'd174    0xcc4  api_msg.o [1]
  .text                  ro code   0x800'de38     0x80  netbuf.o [1]
  .text                  ro code   0x800'deb8    0x2d8  api_lib.o [1]
  .text                  ro code   0x800'e190    0x272  main.o [1]
  .text                  ro code   0x800'e404     0x34  stm32f2xx_hal.o [1]
  .text                  ro code   0x800'e438    0x180  dwm1000.o [1]
  .text                  ro code   0x800'e5b8    0x204  tsk_udp_client.o [1]
  .text                  ro code   0x800'e7bc    0x170  lwip.o [1]
  .text                  ro code   0x800'e92c     0x48  stm32f2xx_hal_msp.o [1]
  .text                  ro code   0x800'e974     0x90  stm32f2xx_hal_spi.o [1]
  .text                  ro code   0x800'ea04     0xbe  net_conf.o [1]
  .text                  ro code   0x800'eac4    0x1ae  soc_proto.o [1]
  .text                  ro code   0x800'ec74     0x28  printf.o [2]
  .text                  ro code   0x800'ec9c     0x12  soc_proto.o [1]
  .text                  ro code   0x800'ecae     0x28  soc_proto.o [1]
  .text                  ro code   0x800'ecd6     0x10  soc_proto.o [1]
  .text                  ro code   0x800'ece6     0x20  soc_proto.o [1]
  .text                  ro code   0x800'ed06     0x64  soc_proto.o [1]
  .text                  ro code   0x800'ed6a      0xe  soc_proto.o [1]
  .text                  ro code   0x800'ed78      0xe  soc_proto.o [1]
  .text                  ro code   0x800'ed86     0x1c  soc_proto.o [1]
  .text                  ro code   0x800'eda2      0xe  soc_proto.o [1]
  .text                  ro code   0x800'edb0     0x36  soc_proto.o [1]
  .text                  ro code   0x800'ede6     0x30  soc_proto.o [1]
  .text                  ro code   0x800'ee16     0x20  soc_proto.o [1]
  .text                  ro code   0x800'ee36     0x20  soc_proto.o [1]
  .text                  ro code   0x800'ee56     0x10  soc_proto.o [1]
  .text                  ro code   0x800'ee66     0x10  soc_proto.o [1]
  .text                  ro code   0x800'ee76     0x20  soc_proto.o [1]
  .text                  ro code   0x800'ee96      0xe  soc_proto.o [1]
  .text                  ro code   0x800'eea4     0x1c  soc_proto.o [1]
  .text                  ro code   0x800'eec0      0xe  soc_proto.o [1]
  .text                  ro code   0x800'eece     0xb8  soc_proto.o [1]
  .text                  ro code   0x800'ef86      0x8  soc_proto.o [1]
  .text                  ro code   0x800'ef8e      0x2  soc_proto.o [1]
  .text                  ro code   0x800'ef90     0x52  soc_proto.o [1]
  .text                  ro code   0x800'efe2      0x8  soc_proto.o [1]
  .text                  ro code   0x800'efea     0x14  soc_proto.o [1]
  .text                  ro code   0x800'effe     0x7c  soc_proto.o [1]
  .text                  ro code   0x800'f07a      0xa  soc_proto.o [1]
  .text                  ro code   0x800'f084      0x8  soc_proto.o [1]
  .text                  ro code   0x800'f08c     0x20  soc_proto.o [1]
  .text                  ro code   0x800'f0ac     0x20  soc_proto.o [1]
  .text                  ro code   0x800'f0cc     0x1a  soc_proto.o [1]
  .text                  ro code   0x800'f0e6     0x78  soc_proto.o [1]
  .text                  ro code   0x800'f15e      0xa  soc_proto.o [1]
  .text                  ro code   0x800'f168      0x8  soc_proto.o [1]
  .text                  ro code   0x800'f170      0xc  soc_proto.o [1]
  .text                  ro code   0x800'f17c     0x16  soc_proto.o [1]
  .text                  ro code   0x800'f192     0x24  soc_proto.o [1]
  .text                  ro code   0x800'f1b6     0x24  soc_proto.o [1]
  .text                  ro code   0x800'f1da      0x8  soc_proto.o [1]
  .text                  ro code   0x800'f1e2      0xe  soc_proto.o [1]
  .text                  ro code   0x800'f1f0      0xa  soc_proto.o [1]
  .text                  ro code   0x800'f1fa      0xe  soc_proto.o [1]
  .text                  ro code   0x800'f208      0x2  soc_proto.o [1]
  .text                  ro code   0x800'f20a     0x52  soc_proto.o [1]
  .text                  ro code   0x800'f25c      0x8  soc_proto.o [1]
  .text                  ro code   0x800'f264      0xa  soc_proto.o [1]
  .text                  ro code   0x800'f26e      0x8  soc_proto.o [1]
  .text                  ro code   0x800'f276      0x8  soc_proto.o [1]
  .text                  ro code   0x800'f27e      0x8  soc_proto.o [1]
  .text                  ro code   0x800'f286     0x1a  soc_proto.o [1]
  .text                  ro code   0x800'f2a0      0xa  soc_proto.o [1]
  .text                  ro code   0x800'f2aa      0x8  soc_proto.o [1]
  .text                  ro code   0x800'f2b4     0x18  soc_proto.o [1]
  .text                  ro code   0x800'f2cc     0x20  soc_proto.o [1]
  .text                  ro code   0x800'f2ec     0x2e  soc_proto.o [1]
  .text                  ro code   0x800'f31a     0x1a  soc_proto.o [1]
  .text                  ro code   0x800'f334      0x2  soc_proto.o [1]
  .text                  ro code   0x800'f336      0x2  soc_proto.o [1]
  .text                  ro code   0x800'f338      0x2  soc_proto.o [1]
  .text                  ro code   0x800'f33a      0x8  soc_proto.o [1]
  .text                  ro code   0x800'f342     0x12  soc_proto.o [1]
  .text                  ro code   0x800'f354     0x34  soc_proto.o [1]
  .text                  ro code   0x800'f388      0x2  soc_proto.o [1]
  .text                  ro code   0x800'f38a     0x1e  soc_proto.o [1]
  .text                  ro code   0x800'f3a8      0x2  soc_proto.o [1]
  .text                  ro code   0x800'f3aa      0x8  soc_proto.o [1]
  .text                  ro code   0x800'f3b2      0x8  soc_proto.o [1]
  .text                  ro code   0x800'f3ba     0x20  soc_proto.o [1]
  .text                  ro code   0x800'f3da     0x1a  soc_proto.o [1]
  .text                  ro code   0x800'f3f4      0x2  soc_proto.o [1]
  .text                  ro code   0x800'f3f6      0x8  soc_proto.o [1]
  .text                  ro code   0x800'f3fe      0x2  soc_proto.o [1]
  .text                  ro code   0x800'f400      0xe  soc_proto.o [1]
  .text                  ro code   0x800'f40e     0x34  soc_proto.o [1]
  .text                  ro code   0x800'f442      0xc  soc_proto.o [1]
  .text                  ro code   0x800'f44e     0x1c  soc_proto.o [1]
  .text                  ro code   0x800'f46a      0xa  soc_proto.o [1]
  .text                  ro code   0x800'f474     0x34  soc_proto.o [1]
  .text                  ro code   0x800'f4a8      0x2  soc_proto.o [1]
  .text                  ro code   0x800'f4aa      0x2  soc_proto.o [1]
  .text                  ro code   0x800'f4ac      0x2  soc_proto.o [1]
  .text                  ro code   0x800'f4ae      0xa  soc_proto.o [1]
  .text                  ro code   0x800'f4b8     0x22  soc_proto.o [1]
  .text                  ro code   0x800'f4da      0x4  soc_proto.o [1]
  .text                  ro code   0x800'f4de      0x2  soc_proto.o [1]
  .text                  ro code   0x800'f4e0      0x2  soc_proto.o [1]
  .text                  ro code   0x800'f4e2     0x14  soc_proto.o [1]
  .text                  ro code   0x800'f4f6     0x34  soc_proto.o [1]
  .text                  ro code   0x800'f52a      0x6  soc_proto.o [1]
  .text                  ro code   0x800'f530     0x12  soc_proto.o [1]
  .text                  ro code   0x800'f542     0x32  soc_proto.o [1]
  .text                  ro code   0x800'f574      0x8  soc_proto.o [1]
  .text                  ro code   0x800'f57c      0x2  soc_proto.o [1]
  .text                  ro code   0x800'f57e      0x8  soc_proto.o [1]
  .text                  ro code   0x800'f586      0xe  soc_proto.o [1]
  .text                  ro code   0x800'f594     0x22  soc_proto.o [1]
  .text                  ro code   0x800'f5b6      0x4  soc_proto.o [1]
  .text                  ro code   0x800'f5ba      0x2  soc_proto.o [1]
  .text                  ro code   0x800'f5bc     0x18  soc_proto.o [1]
  .text                  ro code   0x800'f5d4      0x8  soc_proto.o [1]
  .text                  ro code   0x800'f5dc      0xa  soc_proto.o [1]
  .text                  ro code   0x800'f5e8     0x24  newop_0.o [3]
  .text                  ro code   0x800'f60c      0x4  soc_proto.o [1]
  .text                  ro code   0x800'f610     0x18  soc_proto.o [1]
  .text                  ro code   0x800'f628      0xa  delop_0.o [3]
  .text                  ro code   0x800'f632     0x18  soc_proto.o [1]
  .text                  ro code   0x800'f64c     0x96  ABImemmove.o [5]
  .text                  ro code   0x800'f6e2     0x16  soc_proto.o [1]
  .text                  ro code   0x800'f6f8      0x4  soc_proto.o [1]
  .text                  ro code   0x800'f6fc      0x4  nomemory.o [3]
  .text                  ro code   0x800'f700      0x4  heaptramp0.o [2]
  .text                  ro code   0x800'f704      0x2  soc_proto.o [1]
  .text                  ro code   0x800'f706     0xd8  xfspos.o [2]
  .text                  ro code   0x800'f7e0     0xac  fflush.o [2]
  .text                  ro code   0x800'f88c      0xc  xfgpos.o [2]
  .text                  ro code   0x800'f898     0x4a  lseek.o [6]
  .text                  ro code   0x800'f8e2     0x10  write.o [6]
  .text                  ro code   0x800'f8f4     0xcc  XShHandles.o [2]
  .text                  ro code   0x800'f9c0     0x1e  dwrite.o [6]
  .text                  ro code   0x800'f9e0     0x50  iarwstdswo.o [6]
  .text                  ro code   0x800'fa30     0x22  iarwrite.o [6]
  .text                  ro code   0x800'fa52     0xb4  xfwprep.o [2]
  .text                  ro code   0x800'fb06     0x24  fseek.o [2]
  .text                  ro code   0x800'fb2c     0x8c  xfofind.o [2]
  .text                  ro code   0x800'fbb8     0x7e  fclose.o [2]
  .text                  ro code   0x800'fc36     0x18  close.o [6]
  .text                  ro code   0x800'fc4e     0x14  remove.o [6]
  .text                  ro code   0x800'fc64     0x54  system_stm32f2xx.o [1]
  .text                  ro code   0x800'fcb8     0x54  fputc.o [2]
  .text                  ro code   0x800'fd0c     0x46  stm32f2xx_it.o [1]
  .text                  ro code   0x800'fd54     0x10  stm32f2xx_hal.o [1]
  .text                  ro code   0x800'fd64     0x3c  xcloseall.o [2]
  .rodata                const     0x800'fda0     0x34  memp.o [1]
  .text                  ro code   0x800'fdd4     0x28  data_init.o [5]
  .iar.init_table        const     0x800'fdfc     0x24  - Linker created -
  .text                  ro code   0x800'fe20     0x20  cmain_call_ctors.o [5]
  .text                  ro code   0x800'fe40     0x18  cppinit.o [2]
  .text                  ro code   0x800'fe58     0x1e  cmain.o [5]
  .text                  ro code   0x800'fe76      0x4  low_level_init.o [2]
  .text                  ro code   0x800'fe7a      0x4  exit.o [2]
  .text                  ro code   0x800'fe80      0xe  cexit.o [5]
  .rodata                const     0x800'fe90     0x1c  tsk_udp_client.o [1]
  .rodata                const     0x800'feac     0x18  timeouts.o [1]
  .rodata                const     0x800'fec4     0x18  tsk_udp_client.o [1]
  .text                  ro code   0x800'fedc     0x16  xprout.o [2]
  .text                  ro code   0x800'fef4      0xc  putchar.o [2]
  .rodata                const     0x800'ff00     0x14  ethernetif.o [1]
  .rodata                const     0x800'ff14     0x14  lwip.o [1]
  .rodata                const     0x800'ff28     0x14  tsk_udp_client.o [1]
  .rodata                const     0x800'ff3c     0x14  tsk_udp_client.o [1]
  .rodata                const     0x800'ff50     0x10  lwip.o [1]
  .rodata                const     0x800'ff60     0x10  memp.o [1]
  .rodata                const     0x800'ff70     0x10  memp.o [1]
  .rodata                const     0x800'ff80     0x10  memp.o [1]
  .rodata                const     0x800'ff90     0x10  memp.o [1]
  .rodata                const     0x800'ffa0     0x10  memp.o [1]
  .rodata                const     0x800'ffb0     0x10  memp.o [1]
  .rodata                const     0x800'ffc0     0x10  memp.o [1]
  .rodata                const     0x800'ffd0     0x10  memp.o [1]
  .rodata                const     0x800'ffe0     0x10  memp.o [1]
  .rodata                const     0x800'fff0     0x10  memp.o [1]
  .rodata                const     0x801'0000     0x10  memp.o [1]
  .rodata                const     0x801'0010     0x10  memp.o [1]
  .rodata                const     0x801'0020     0x10  memp.o [1]
  .rodata                const     0x801'0030     0x10  system_stm32f2xx.o [1]
  .rodata                const     0x801'0040     0x10  tcp.o [1]
  .rodata                const     0x801'0050     0x10  tcp.o [1]
  .rodata                const     0x801'0060     0x10  tcpip.o [1]
  .rodata                const     0x801'0070     0x10  tsk_udp_client.o [1]
  .text                  ro code   0x801'0080     0x10  startup_stm32f207xx.o [1]
  .rodata                const     0x801'0090      0xc  dwm1000.o [1]
  .rodata                const     0x801'009c      0xc  tsk_udp_client.o [1]
  .text                  ro code   0x801'00a8      0xc  cstartup_M.o [5]
  SHT$$PREINIT_ARRAY               0x801'00b4      0x0  <Block>
  SHT$$INIT_ARRAY                  0x801'00b4      0xc  <Block>
    .init_array          const     0x801'00b4      0x4  dwm1000.o [1]
    .init_array          const     0x801'00b8      0x4  soc_proto.o [1]
    .init_array          const     0x801'00bc      0x4  tsk_udp_client.o [1]
  __iar_tls$$INIT_ARRAY            0x801'00c0      0x0  <Block>
  .rodata                const     0x801'00c0      0x8  ethernet.o [1]
  .rodata                const     0x801'00c8      0x8  ethernet.o [1]
  .rodata                const     0x801'00d0      0x8  ethernetif.o [1]
  .rodata                const     0x801'00d8      0x8  sys_arch.o [1]
  .rodata                const     0x801'00e0      0x8  tasks.o [1]
  .rodata                const     0x801'00e8      0x8  tcp.o [1]
  .rodata                const     0x801'00f0      0x6  xlocale_c.o [2]
  .rodata                const     0x801'00f8      0x4  ethernetif.o [1]
  .rodata                const     0x801'00fc      0x4  heap_4.o [1]
  .rodata                const     0x801'0100      0x4  ip4_addr.o [1]
  .rodata                const     0x801'0104      0x4  port.o [1]
  .rodata                const     0x801'0108      0x4  sys_arch.o [1]
  .rodata                const     0x801'010c      0x4  sys_arch.o [1]
  .rodata                const     0x801'0110      0x4  sys_arch.o [1]
  .text                  ro code   0x801'0114      0x4  startup_stm32f207xx.o [1]
  .text                  ro code   0x801'0118      0x4  startup_stm32f207xx.o [1]
  .text                  ro code   0x801'011c      0x4  startup_stm32f207xx.o [1]
  .text                  ro code   0x801'0120      0x4  startup_stm32f207xx.o [1]
  .text                  ro code   0x801'0124      0x4  startup_stm32f207xx.o [1]
  .text                  ro code   0x801'0128      0x4  startup_stm32f207xx.o [1]
  .text                  ro code   0x801'012c      0x4  startup_stm32f207xx.o [1]
  .text                  ro code   0x801'0130      0x4  startup_stm32f207xx.o [1]
  .text                  ro code   0x801'0134      0x4  startup_stm32f207xx.o [1]
  .text                  ro code   0x801'0138      0x4  startup_stm32f207xx.o [1]
  .text                  ro code   0x801'013c      0x4  startup_stm32f207xx.o [1]
  .text                  ro code   0x801'0140      0x4  startup_stm32f207xx.o [1]
  .text                  ro code   0x801'0144      0x4  startup_stm32f207xx.o [1]
  .text                  ro code   0x801'0148      0x4  startup_stm32f207xx.o [1]
  .text                  ro code   0x801'014c      0x4  startup_stm32f207xx.o [1]
  .text                  ro code   0x801'0150      0x4  startup_stm32f207xx.o [1]
  .text                  ro code   0x801'0154      0x4  startup_stm32f207xx.o [1]
  .text                  ro code   0x801'0158      0x4  startup_stm32f207xx.o [1]
  .text                  ro code   0x801'015c      0x4  startup_stm32f207xx.o [1]
  .text                  ro code   0x801'0160      0x4  startup_stm32f207xx.o [1]
  .text                  ro code   0x801'0164      0x4  startup_stm32f207xx.o [1]
  .text                  ro code   0x801'0168      0x4  startup_stm32f207xx.o [1]
  .text                  ro code   0x801'016c      0x4  startup_stm32f207xx.o [1]
  .text                  ro code   0x801'0170      0x4  startup_stm32f207xx.o [1]
  .text                  ro code   0x801'0174      0x4  startup_stm32f207xx.o [1]
  .text                  ro code   0x801'0178      0x4  startup_stm32f207xx.o [1]
  .text                  ro code   0x801'017c      0x4  startup_stm32f207xx.o [1]
  .text                  ro code   0x801'0180      0x4  startup_stm32f207xx.o [1]
  .text                  ro code   0x801'0184      0x4  startup_stm32f207xx.o [1]
  .text                  ro code   0x801'0188      0x4  startup_stm32f207xx.o [1]
  .text                  ro code   0x801'018c      0x4  startup_stm32f207xx.o [1]
  .text                  ro code   0x801'0190      0x4  startup_stm32f207xx.o [1]
  .text                  ro code   0x801'0194      0x4  startup_stm32f207xx.o [1]
  .text                  ro code   0x801'0198      0x4  startup_stm32f207xx.o [1]
  .text                  ro code   0x801'019c      0x4  startup_stm32f207xx.o [1]
  .text                  ro code   0x801'01a0      0x4  startup_stm32f207xx.o [1]
  .text                  ro code   0x801'01a4      0x4  startup_stm32f207xx.o [1]
  .text                  ro code   0x801'01a8      0x4  startup_stm32f207xx.o [1]
  .text                  ro code   0x801'01ac      0x4  startup_stm32f207xx.o [1]
  .text                  ro code   0x801'01b0      0x4  startup_stm32f207xx.o [1]
  .text                  ro code   0x801'01b4      0x4  startup_stm32f207xx.o [1]
  .text                  ro code   0x801'01b8      0x4  startup_stm32f207xx.o [1]
  .text                  ro code   0x801'01bc      0x4  startup_stm32f207xx.o [1]
  .text                  ro code   0x801'01c0      0x4  startup_stm32f207xx.o [1]
  .text                  ro code   0x801'01c4      0x4  startup_stm32f207xx.o [1]
  .text                  ro code   0x801'01c8      0x4  startup_stm32f207xx.o [1]
  .text                  ro code   0x801'01cc      0x4  startup_stm32f207xx.o [1]
  .text                  ro code   0x801'01d0      0x4  startup_stm32f207xx.o [1]
  .text                  ro code   0x801'01d4      0x4  startup_stm32f207xx.o [1]
  .text                  ro code   0x801'01d8      0x4  startup_stm32f207xx.o [1]
  .text                  ro code   0x801'01dc      0x4  startup_stm32f207xx.o [1]
  .text                  ro code   0x801'01e0      0x4  startup_stm32f207xx.o [1]
  .text                  ro code   0x801'01e4      0x4  startup_stm32f207xx.o [1]
  .text                  ro code   0x801'01e8      0x4  startup_stm32f207xx.o [1]
  .text                  ro code   0x801'01ec      0x4  startup_stm32f207xx.o [1]
  .text                  ro code   0x801'01f0      0x4  startup_stm32f207xx.o [1]
  .text                  ro code   0x801'01f4      0x4  startup_stm32f207xx.o [1]
  .text                  ro code   0x801'01f8      0x4  startup_stm32f207xx.o [1]
  .text                  ro code   0x801'01fc      0x4  startup_stm32f207xx.o [1]
  .text                  ro code   0x801'0200      0x4  startup_stm32f207xx.o [1]
  .text                  ro code   0x801'0204      0x4  startup_stm32f207xx.o [1]
  .text                  ro code   0x801'0208      0x4  startup_stm32f207xx.o [1]
  .text                  ro code   0x801'020c      0x4  startup_stm32f207xx.o [1]
  .text                  ro code   0x801'0210      0x4  startup_stm32f207xx.o [1]
  .text                  ro code   0x801'0214      0x4  startup_stm32f207xx.o [1]
  .text                  ro code   0x801'0218      0x4  startup_stm32f207xx.o [1]
  .text                  ro code   0x801'021c      0x4  startup_stm32f207xx.o [1]
  .text                  ro code   0x801'0220      0x4  startup_stm32f207xx.o [1]
  .text                  ro code   0x801'0224      0x4  startup_stm32f207xx.o [1]
  .text                  ro code   0x801'0228      0x4  startup_stm32f207xx.o [1]
  .text                  ro code   0x801'022c      0x4  startup_stm32f207xx.o [1]
  .text                  ro code   0x801'0230      0x4  startup_stm32f207xx.o [1]
  .text                  ro code   0x801'0234      0x4  startup_stm32f207xx.o [1]
  .text                  ro code   0x801'0238      0x4  startup_stm32f207xx.o [1]
  .text                  ro code   0x801'023c      0x4  startup_stm32f207xx.o [1]
  .text                  ro code   0x801'0240      0x4  startup_stm32f207xx.o [1]
  .text                  ro code   0x801'0244      0x0  cstart_closeall.o [5]
  .rodata                const     0x801'0244      0x0  zero_init3.o [5]
  .rodata                const     0x801'0244      0x0  lz77_init_single.o [5]
  Initializer bytes      const     0x801'0244     0x93  <for P2-1>
                                 - 0x801'02d7  0x10153

"P2", part 1 of 3:                               0x188
  P2-1                            0x2000'0000    0x188  <Init block>
    .data                inited   0x2000'0000      0x4  port.o [1]
    .data                inited   0x2000'0004      0x4  system_stm32f2xx.o [1]
    .data                inited   0x2000'0008      0x4  tcp.o [1]
    .data                inited   0x2000'000c     0x38  xlocale_c.o [2]
    .data                inited   0x2000'0044     0x48  xlocale_c.o [2]
    .data                inited   0x2000'008c     0x48  xfiles.o [2]
    .data                inited   0x2000'00d4     0x48  xfiles.o [2]
    .data                inited   0x2000'011c     0x48  xfiles.o [2]
    .data                inited   0x2000'0164     0x20  xfiles.o [2]
    .data                inited   0x2000'0184      0x2  tcp.o [1]
    .data                inited   0x2000'0186      0x2  udp.o [1]
                                - 0x2000'0188    0x188

"P2", part 2 of 3:                              0xe44c
  .bss                   zero     0x2000'0188   0x7800  heap_4.o [1]
  .bss                   zero     0x2000'7988   0x2144  memp.o [1]
  .bss                   zero     0x2000'9acc   0x17d0  ethernetif.o [1]
  .bss                   zero     0x2000'b29c   0x17d0  ethernetif.o [1]
  .bss                   zero     0x2000'ca6c    0x654  mem.o [1]
  .bss                   zero     0x2000'd0c0    0x2fc  memp.o [1]
  .bss                   zero     0x2000'd3bc    0x1d8  dlmalloc.o [2]
  .bss                   zero     0x2000'd594    0x16c  memp.o [1]
  .bss                   zero     0x2000'd700    0x104  memp.o [1]
  .bss                   zero     0x2000'd804    0x104  memp.o [1]
  .bss                   zero     0x2000'd908     0xfc  stats.o [1]
  .bss                   zero     0x2000'da04     0xf0  etharp.o [1]
  .bss                   zero     0x2000'daf4     0xe4  memp.o [1]
  .bss                   zero     0x2000'dbd8     0xb4  memp.o [1]
  .bss                   zero     0x2000'dc8c     0xa4  memp.o [1]
  .bss                   zero     0x2000'dd30     0x8c  tasks.o [1]
  .bss                   zero     0x2000'ddbc     0x84  memp.o [1]
  .bss                   zero     0x2000'de40     0x84  memp.o [1]
  .bss                   zero     0x2000'dec4     0x84  memp.o [1]
  .bss                   zero     0x2000'df48     0x80  ethernetif.o [1]
  .bss                   zero     0x2000'dfc8     0x80  ethernetif.o [1]
  .bss                   zero     0x2000'e048     0x80  XShHandles.o [2]
  .bss                   zero     0x2000'e0c8     0x64  dwm1000.o [1]
  .bss                   zero     0x2000'e12c     0x5c  tsk_udp_client.o [1]
  .bss                   zero     0x2000'e188     0x50  xfiles.o [2]
  .bss                   zero     0x2000'e1d8     0x50  xfiles.o [2]
  .bss                   zero     0x2000'e228     0x48  ethernetif.o [1]
  .bss                   zero     0x2000'e270     0x40  queue.o [1]
  .bss                   zero     0x2000'e2b0     0x34  memp.o [1]
  .bss                   zero     0x2000'e2e4     0x30  lwip.o [1]
  .bss                   zero     0x2000'e314     0x24  memp.o [1]
  .bss                   zero     0x2000'e338     0x18  ip.o [1]
  .bss                   zero     0x2000'e350     0x18  dlmalloc.o [2]
  .bss                   zero     0x2000'e368     0x14  soc_proto.o [1]
  .bss                   zero     0x2000'e37c     0x14  tasks.o [1]
  .bss                   zero     0x2000'e390     0x14  tasks.o [1]
  .bss                   zero     0x2000'e3a4     0x14  tasks.o [1]
  .bss                   zero     0x2000'e3b8     0x14  tasks.o [1]
  .bss                   zero     0x2000'e3cc     0x14  tasks.o [1]
  .bss                   zero     0x2000'e3e0     0x10  tcp_in.o [1]
  .bss                   zero     0x2000'e3f0      0xc  memp.o [1]
  .bss                   zero     0x2000'e3fc      0xc  memp.o [1]
  .bss                   zero     0x2000'e408      0xc  memp.o [1]
  .bss                   zero     0x2000'e414      0xc  memp.o [1]
  .bss                   zero     0x2000'e420      0xc  memp.o [1]
  .bss                   zero     0x2000'e42c      0xc  memp.o [1]
  .bss                   zero     0x2000'e438      0xc  memp.o [1]
  .bss                   zero     0x2000'e444      0xc  memp.o [1]
  .bss                   zero     0x2000'e450      0xc  memp.o [1]
  .bss                   zero     0x2000'e45c      0xc  memp.o [1]
  .bss                   zero     0x2000'e468      0xc  memp.o [1]
  .bss                   zero     0x2000'e474      0xc  memp.o [1]
  .bss                   zero     0x2000'e480      0xc  memp.o [1]
  .bss                   zero     0x2000'e48c      0x8  heap_4.o [1]
  .bss                   zero     0x2000'e494      0x4  deca_port.o [1]
  .bss                   zero     0x2000'e498      0x4  deca_port.o [1]
  .bss                   zero     0x2000'e49c      0x4  ethernetif.o [1]
  .bss                   zero     0x2000'e4a0      0x4  heap_4.o [1]
  .bss                   zero     0x2000'e4a4      0x4  heap_4.o [1]
  .bss                   zero     0x2000'e4a8      0x4  heap_4.o [1]
  .bss                   zero     0x2000'e4ac      0x4  heap_4.o [1]
  .bss                   zero     0x2000'e4b0      0x4  ip4_frag.o [1]
  .bss                   zero     0x2000'e4b4      0x4  lwip.o [1]
  .bss                   zero     0x2000'e4b8      0x4  lwip.o [1]
  .bss                   zero     0x2000'e4bc      0x4  lwip.o [1]
  .bss                   zero     0x2000'e4c0      0x4  lwip.o [1]
  .bss                   zero     0x2000'e4c4      0x4  lwip.o [1]
  .bss                   zero     0x2000'e4c8      0x4  lwip.o [1]
  .bss                   zero     0x2000'e4cc      0x4  lwip.o [1]
  .bss                   zero     0x2000'e4d0      0x4  mem.o [1]
  .bss                   zero     0x2000'e4d4      0x4  mem.o [1]
  .bss                   zero     0x2000'e4d8      0x4  mem.o [1]
  .bss                   zero     0x2000'e4dc      0x4  mem.o [1]
  .bss                   zero     0x2000'e4e0      0x4  memp.o [1]
  .bss                   zero     0x2000'e4e4      0x4  memp.o [1]
  .bss                   zero     0x2000'e4e8      0x4  memp.o [1]
  .bss                   zero     0x2000'e4ec      0x4  memp.o [1]
  .bss                   zero     0x2000'e4f0      0x4  memp.o [1]
  .bss                   zero     0x2000'e4f4      0x4  memp.o [1]
  .bss                   zero     0x2000'e4f8      0x4  memp.o [1]
  .bss                   zero     0x2000'e4fc      0x4  memp.o [1]
  .bss                   zero     0x2000'e500      0x4  memp.o [1]
  .bss                   zero     0x2000'e504      0x4  memp.o [1]
  .bss                   zero     0x2000'e508      0x4  memp.o [1]
  .bss                   zero     0x2000'e50c      0x4  memp.o [1]
  .bss                   zero     0x2000'e510      0x4  memp.o [1]
  .bss                   zero     0x2000'e514      0x4  netif.o [1]
  .bss                   zero     0x2000'e518      0x4  netif.o [1]
  .bss                   zero     0x2000'e51c      0x4  port.o [1]
  .bss                   zero     0x2000'e520      0x4  stm32f2xx_hal.o [1]
  .bss                   zero     0x2000'e524      0x4  sys_arch.o [1]
  .bss                   zero     0x2000'e528      0x4  tasks.o [1]
  .bss                   zero     0x2000'e52c      0x4  tasks.o [1]
  .bss                   zero     0x2000'e530      0x4  tasks.o [1]
  .bss                   zero     0x2000'e534      0x4  tasks.o [1]
  .bss                   zero     0x2000'e538      0x4  tasks.o [1]
  .bss                   zero     0x2000'e53c      0x4  tasks.o [1]
  .bss                   zero     0x2000'e540      0x4  tasks.o [1]
  .bss                   zero     0x2000'e544      0x4  tasks.o [1]
  .bss                   zero     0x2000'e548      0x4  tasks.o [1]
  .bss                   zero     0x2000'e54c      0x4  tasks.o [1]
  .bss                   zero     0x2000'e550      0x4  tasks.o [1]
  .bss                   zero     0x2000'e554      0x4  tasks.o [1]
  .bss                   zero     0x2000'e558      0x4  tasks.o [1]
  .bss                   zero     0x2000'e55c      0x4  tasks.o [1]
  .bss                   zero     0x2000'e560      0x4  tasks.o [1]
  .bss                   zero     0x2000'e564      0x4  tcp.o [1]
  .bss                   zero     0x2000'e568      0x4  tcp.o [1]
  .bss                   zero     0x2000'e56c      0x4  tcp.o [1]
  .bss                   zero     0x2000'e570      0x4  tcp.o [1]
  .bss                   zero     0x2000'e574      0x4  tcp.o [1]
  .bss                   zero     0x2000'e578      0x4  tcp_in.o [1]
  .bss                   zero     0x2000'e57c      0x4  tcp_in.o [1]
  .bss                   zero     0x2000'e580      0x4  tcp_in.o [1]
  .bss                   zero     0x2000'e584      0x4  tcp_in.o [1]
  .bss                   zero     0x2000'e588      0x4  tcp_in.o [1]
  .bss                   zero     0x2000'e58c      0x4  tcp_in.o [1]
  .bss                   zero     0x2000'e590      0x4  tcpip.o [1]
  .bss                   zero     0x2000'e594      0x4  tcpip.o [1]
  .bss                   zero     0x2000'e598      0x4  tcpip.o [1]
  .bss                   zero     0x2000'e59c      0x4  tcpip.o [1]
  .bss                   zero     0x2000'e5a0      0x4  timeouts.o [1]
  .bss                   zero     0x2000'e5a4      0x4  timeouts.o [1]
  .bss                   zero     0x2000'e5a8      0x4  timeouts.o [1]
  .bss                   zero     0x2000'e5ac      0x4  udp.o [1]
  .bss                   zero     0x2000'e5b0      0x4  new.o [3]
  .bss                   zero     0x2000'e5b4      0x4  xfail_s.o [2]
  .bss                   zero     0x2000'e5b8      0x4  xgetmemchunk.o [2]
  .bss                   zero     0x2000'e5bc      0x2  ip4.o [1]
  .bss                   zero     0x2000'e5be      0x2  ip4_frag.o [1]
  .bss                   zero     0x2000'e5c0      0x2  tcp_in.o [1]
  .bss                   zero     0x2000'e5c2      0x2  tcp_in.o [1]
  .bss                   zero     0x2000'e5c4      0x2  tcp_in.o [1]
  .bss                   zero     0x2000'e5c6      0x2  tcp_in.o [1]
  .bss                   zero     0x2000'e5c8      0x2  tcp_in.o [1]
  .bss                   zero     0x2000'e5ca      0x1  api_msg.o [1]
  .bss                   zero     0x2000'e5cb      0x1  etharp.o [1]
  .bss                   zero     0x2000'e5cc      0x1  netif.o [1]
  .bss                   zero     0x2000'e5cd      0x1  pbuf.o [1]
  .bss                   zero     0x2000'e5ce      0x1  port.o [1]
  .bss                   zero     0x2000'e5cf      0x1  tcp.o [1]
  .bss                   zero     0x2000'e5d0      0x1  tcp.o [1]
  .bss                   zero     0x2000'e5d1      0x1  tcp.o [1]
  .bss                   zero     0x2000'e5d2      0x1  tcp_in.o [1]
  .bss                   zero     0x2000'e5d3      0x1  tcp_in.o [1]
                                - 0x2000'e5d4   0xe44c

"P2", part 3 of 3:                               0x600
  CSTACK                          0x2000'e5d8    0x400  <Block>
    CSTACK               uninit   0x2000'e5d8    0x400  <Block tail>
  HEAP                            0x2000'e9d8    0x200  <Block>
    HEAP                 uninit   0x2000'e9d8    0x200  <Block tail>
                                - 0x2000'ebd8    0x600

Unused ranges:

         From           To      Size
         ----           --      ----
   0x801'02d7   0x80f'ffff  0xe'fd29
  0x2000'e5d4  0x2000'e5d7       0x4
  0x2000'ebd8  0x2002'0000  0x1'1429


*******************************************************************************
*** INIT TABLE
***

          Address      Size
          -------      ----
Zero (__iar_zero_init3)
    1 destination range, total size 0xe44c:
          0x2000'0188  0xe44c

Copy/lz77 (__iar_lz77_init_single3)
    1 source range, total size 0x93 (37% of destination):
           0x801'0244    0x93
    1 destination range, total size 0x188:
          0x2000'0000   0x188

Extra (__iar_cstart_call_ctors)



*******************************************************************************
*** MODULE SUMMARY
***

    Module                  ro code  ro data  rw data
    ------                  -------  -------  -------
command line/config:
    -------------------------------------------------
    Total:

D:\demian.z\free\uwb-rtls\software\nucleo\EWARM\NUCLEOF207-RTLS\Obj: [1]
    api_lib.o                   728
    api_msg.o                 3 268                 1
    cmsis_os.o                  954
    deca_port.o                 176                 8
    def.o                        44
    dwm1000.o                   384       16      100
    etharp.o                  2 384               241
    ethernet.o                  340       16
    ethernetif.o              1 208       32   12 524
    heap_4.o                    608        4   30 744
    icmp.o                      720
    inet_chksum.o               426
    init.o                       36
    ip.o                                           24
    ip4.o                     1 140                 2
    ip4_addr.o                   76        4
    ip4_frag.o                1 716                 6
    list.o                      152
    lwip.o                      368       36       76
    main.o                      626
    mem.o                     1 024             1 636
    memp.o                      284      260   11 428
    net_conf.o                  190
    netbuf.o                    128
    netif.o                     378                 9
    pbuf.o                    1 528                 1
    port.o                      476        5        9
    portasm.o                   136
    queue.o                   2 228                64
    soc_proto.o               2 886        5       20
    startup_stm32f207xx.o       708
    stats.o                       2               252
    stm32f2xx_hal.o             150                 4
    stm32f2xx_hal_cortex.o      324
    stm32f2xx_hal_eth.o       2 640
    stm32f2xx_hal_gpio.o        616
    stm32f2xx_hal_msp.o          72
    stm32f2xx_hal_rcc.o       1 288
    stm32f2xx_hal_spi.o         144
    stm32f2xx_it.o               70
    sys_arch.o                  756       20        4
    system_stm32f2xx.o           84       18        4
    tasks.o                   2 604        8      300
    tcp.o                     3 740       42       29
    tcp_in.o                  5 712                52
    tcp_out.o                 3 772
    tcpip.o                     448       16       16
    timeouts.o                  568       24       12
    tsk_udp_client.o            516      124       92
    udp.o                     1 408        1        6
    -------------------------------------------------
    Total:                   50 234      631   57 664

dl7M_tlf.a: [2]
    XShHandles.o                204               128
    abort.o                       6
    cppinit.o                    24
    dlmalloc.o                5 344               496
    exit.o                        4
    fclose.o                    126
    fflush.o                    172
    fputc.o                      84
    fseek.o                      36
    heaptramp0.o                  4
    low_level_init.o              4
    printf.o                     40
    putchar.o                    12
    xcloseall.o                  60
    xencoding_8859_1.o           30
    xfail_s.o                    64                 4
    xfgpos.o                     12
    xfiles.o                              93      408
    xfofind.o                   140
    xfspos.o                    216
    xfwprep.o                   180
    xgetmemchunk.o               44                 4
    xlocale_c.o                 120       54      128
    xmbcurmax.o                  10
    xprintffull.o             3 962
    xprout.o                     22
    -------------------------------------------------
    Total:                   10 920      147    1 168

dlpp7M_tl_fc.a: [3]
    delop_0.o                    10
    new.o                                           4
    newop_0.o                    36
    nomemory.o                    4
    -------------------------------------------------
    Total:                       50                 4

m7M_tl.a: [4]
    DblAdd.o                    362
    DblCmpGe.o                   46
    DblCmpLe.o                   46
    DblDiv.o                    582
    DblMul.o                    418
    DblSub.o                    226
    DblToS32.o                   58
    DblToU32.o                   40
    S32ToDbl.o                   34
    U32ToDbl.o                   26
    frexp.o                     112
    ldexp.o                     314
    -------------------------------------------------
    Total:                    2 264

rt7M_tl.a: [5]
    ABImemclr4.o                  6
    ABImemcpy.o                 166
    ABImemmove.o                150
    ABImemset.o                 102
    ABImemset48.o                50
    I64DivMod.o                 560
    I64DivZer.o                   2
    cexit.o                      14
    cmain.o                      30
    cmain_call_ctors.o           32
    cstart_closeall.o
    cstartup_M.o                 12
    data_init.o                  40
    lz77_init_single.o          122
    memchr.o                     88
    memcmp.o                    104
    strchr.o                     22
    strlen.o                     54
    zero_init3.o                 58
    -------------------------------------------------
    Total:                    1 612

shb_l.a: [6]
    close.o                      24
    dwrite.o                     30
    exit.o                       20
    iarwrite.o                   34
    iarwstdswo.o                 80
    lseek.o                      74
    remove.o                     20
    unwind_debug.o                         1
    write.o                      16
    -------------------------------------------------
    Total:                      298        1

    Gaps                         66        4
    Linker created                        36    1 536
-----------------------------------------------------
    Grand Total:             65 444      819   60 372


*******************************************************************************
*** ENTRY LIST
***

Entry                       Address    Size  Type      Object
-----                       -------    ----  ----      ------
.iar.init_table$$Base    0x800'fdfc           --   Gb  - Linker created -
.iar.init_table$$Limit   0x800'fe20           --   Gb  - Linker created -
?main                    0x800'fe59          Code  Gb  cmain.o [5]
AHBPrescTable            0x801'0030    0x10  Data  Gb  system_stm32f2xx.o [1]
BusFault_Handler         0x800'fd13     0x2  Code  Gb  stm32f2xx_it.o [1]
CRC_08(unsigned char, unsigned char *, unsigned short)
                         0x800'ead5    0x34  Code  Gb  soc_proto.o [1]
CSTACK$$Base            0x2000'e5d8           --   Gb  - Linker created -
CSTACK$$Limit           0x2000'e9d8           --   Gb  - Linker created -
CacheMore                0x800'c721    0x24  Code  Lc  xlocale_c.o [2]
DMARxDscrTab            0x2000'df48    0x80  Data  Gb  ethernetif.o [1]
DMATxDscrTab            0x2000'dfc8    0x80  Data  Gb  ethernetif.o [1]
DWM1000::DWM1000()       0x800'e443    0x20  Code  Gb  dwm1000.o [1]
DWM1000::periphInit()    0x800'e463   0x12c  Code  Gb  dwm1000.o [1]
DebugMon_Handler         0x800'fd17     0x2  Code  Gb  stm32f2xx_it.o [1]
ETH_DMAReceptionEnable   0x800'74a5    0x12  Code  Lc  stm32f2xx_hal_eth.o [1]
ETH_DMATransmissionEnable
                         0x800'7493    0x12  Code  Lc  stm32f2xx_hal_eth.o [1]
ETH_Delay                0x800'74e3    0x24  Code  Lc  stm32f2xx_hal_eth.o [1]
ETH_FlushTransmitFIFO    0x800'74b7    0x2c  Code  Lc  stm32f2xx_hal_eth.o [1]
ETH_IRQHandler           0x800'fd25     0xa  Code  Gb  stm32f2xx_it.o [1]
ETH_MACAddressConfig     0x800'7419    0x2a  Code  Lc  stm32f2xx_hal_eth.o [1]
ETH_MACDMAConfig         0x800'71bd   0x25c  Code  Lc  stm32f2xx_hal_eth.o [1]
ETH_MACReceptionEnable   0x800'746b    0x28  Code  Lc  stm32f2xx_hal_eth.o [1]
ETH_MACTransmissionEnable
                         0x800'7443    0x28  Code  Lc  stm32f2xx_hal_eth.o [1]
EXTI1_IRQHandler         0x800'fd35     0xa  Code  Gb  stm32f2xx_it.o [1]
EXTI3_IRQHandler         0x800'fd49     0xa  Code  Gb  stm32f2xx_it.o [1]
EXTI9_5_IRQHandler       0x800'fd3f     0xa  Code  Gb  stm32f2xx_it.o [1]
Error_Handler            0x800'e401     0x2  Code  Gb  main.o [1]
GATEWAY_ADDRESS         0x2000'e4c8     0x4  Data  Gb  lwip.o [1]
HAL_Delay                0x800'9145    0x1e  Code  Wk  stm32f2xx_hal.o [1]
HAL_ETH_DMARxDescListInit
                         0x800'6da3    0x7e  Code  Gb  stm32f2xx_hal_eth.o [1]
HAL_ETH_DMATxDescListInit
                         0x800'6d27    0x7c  Code  Gb  stm32f2xx_hal_eth.o [1]
HAL_ETH_GetReceivedFrame_IT
                         0x800'6f4f    0xaa  Code  Gb  stm32f2xx_hal_eth.o [1]
HAL_ETH_IRQHandler       0x800'6ff9    0x76  Code  Gb  stm32f2xx_hal_eth.o [1]
HAL_ETH_Init             0x800'6af1   0x236  Code  Gb  stm32f2xx_hal_eth.o [1]
HAL_ETH_MspInit          0x800'4fa1   0x13e  Code  Gb  ethernetif.o [1]
HAL_ETH_ReadPHYRegister
                         0x800'706f    0x84  Code  Gb  stm32f2xx_hal_eth.o [1]
HAL_ETH_RxCpltCallback   0x800'50df     0xc  Code  Gb  ethernetif.o [1]
HAL_ETH_Start            0x800'7173    0x4a  Code  Gb  stm32f2xx_hal_eth.o [1]
HAL_ETH_TransmitFrame    0x800'6e21   0x12e  Code  Gb  stm32f2xx_hal_eth.o [1]
HAL_ETH_WritePHYRegister
                         0x800'70f3    0x80  Code  Gb  stm32f2xx_hal_eth.o [1]
HAL_GPIO_EXTI_Callback   0x800'8c11    0x1e  Code  Gb  deca_port.o [1]
HAL_GPIO_EXTI_IRQHandler
                         0x800'6951    0x1c  Code  Gb  stm32f2xx_hal_gpio.o [1]
HAL_GPIO_Init            0x800'6745   0x1e6  Code  Gb  stm32f2xx_hal_gpio.o [1]
HAL_GPIO_ReadPin         0x800'692b    0x12  Code  Gb  stm32f2xx_hal_gpio.o [1]
HAL_GPIO_WritePin        0x800'693d    0x14  Code  Gb  stm32f2xx_hal_gpio.o [1]
HAL_GetTick              0x800'753d     0xc  Code  Wk  stm32f2xx_hal.o [1]
HAL_IncTick              0x800'fd55    0x10  Code  Wk  stm32f2xx_hal.o [1]
HAL_Init                 0x800'e405    0x30  Code  Gb  stm32f2xx_hal.o [1]
HAL_InitTick             0x800'9e51    0x28  Code  Wk  stm32f2xx_hal.o [1]
HAL_MspInit              0x800'e92d    0x48  Code  Gb  stm32f2xx_hal_msp.o [1]
HAL_NVIC_DisableIRQ      0x800'6abb     0xa  Code  Gb  stm32f2xx_hal_cortex.o [1]
HAL_NVIC_EnableIRQ       0x800'6ab1     0xa  Code  Gb  stm32f2xx_hal_cortex.o [1]
HAL_NVIC_SetPriority     0x800'6a8f    0x22  Code  Gb  stm32f2xx_hal_cortex.o [1]
HAL_NVIC_SetPriorityGrouping
                         0x800'6a87     0x8  Code  Gb  stm32f2xx_hal_cortex.o [1]
HAL_RCC_ClockConfig      0x800'8f3f   0x14a  Code  Gb  stm32f2xx_hal_rcc.o [1]
HAL_RCC_GetHCLKFreq      0x800'90f9     0x6  Code  Gb  stm32f2xx_hal_rcc.o [1]
HAL_RCC_GetSysClockFreq
                         0x800'9089    0x70  Code  Gb  stm32f2xx_hal_rcc.o [1]
HAL_RCC_OscConfig        0x800'8c3d   0x302  Code  Gb  stm32f2xx_hal_rcc.o [1]
HAL_SPI_Init             0x800'e975    0x8e  Code  Gb  stm32f2xx_hal_spi.o [1]
HAL_SYSTICK_Config       0x800'6ac5     0x8  Code  Gb  stm32f2xx_hal_cortex.o [1]
HEAP$$Base              0x2000'e9d8           --   Gb  - Linker created -
HEAP$$Limit             0x2000'ebd8           --   Gb  - Linker created -
HardFault_Handler        0x800'fd0f     0x2  Code  Gb  stm32f2xx_it.o [1]
IP_ADDRESS              0x2000'e4c0     0x4  Data  Gb  lwip.o [1]
LoadInt                  0x800'b963    0x7a  Code  Lc  xprintffull.o [2]
MX_LWIP_Init             0x800'e7db   0x120  Code  Gb  lwip.o [1]
MemManage_Handler        0x800'fd11     0x2  Code  Gb  stm32f2xx_it.o [1]
NETMASK_ADDRESS         0x2000'e4c4     0x4  Data  Gb  lwip.o [1]
NMI_Handler              0x800'fd0d     0x2  Code  Gb  stm32f2xx_it.o [1]
NVIC_DisableIRQ          0x800'69e5    0x14  Code  Lc  stm32f2xx_hal_cortex.o [1]
NVIC_EnableIRQ           0x800'69d1    0x14  Code  Lc  stm32f2xx_hal_cortex.o [1]
NVIC_EncodePriority      0x800'6a1d    0x3c  Code  Lc  stm32f2xx_hal_cortex.o [1]
NVIC_GetPriorityGrouping
                         0x800'69c7     0xa  Code  Lc  stm32f2xx_hal_cortex.o [1]
NVIC_SetPriority         0x800'69f9    0x24  Code  Lc  stm32f2xx_hal_cortex.o [1]
NVIC_SetPriorityGrouping
                         0x800'69ad    0x1a  Code  Lc  stm32f2xx_hal_cortex.o [1]
NetConfig::NetConfig()   0x800'ea05    0x52  Code  Gb  net_conf.o [1]
NetConfig::getDeviceIp()
                         0x800'ea6d     0x2  Code  Gb  net_conf.o [1]
NetConfig::getGatewayIp()
                         0x800'ea7f     0x4  Code  Gb  net_conf.o [1]
NetConfig::getServerIp()
                         0x800'ea93     0x4  Code  Gb  net_conf.o [1]
NetConfig::getServerPort()
                         0x800'eabb     0x4  Code  Gb  net_conf.o [1]
NetConfig::getSubnetMask()
                         0x800'eaa7     0x4  Code  Gb  net_conf.o [1]
NetConfig::ipArrToHex(unsigned char *)
                         0x800'ea57    0x16  Code  Gb  net_conf.o [1]
NetConfig::setDeviceIp(unsigned char, unsigned char, unsigned char, unsigned char)
                         0x800'ea6f    0x10  Code  Gb  net_conf.o [1]
NetConfig::setGatewayIp(unsigned char, unsigned char, unsigned char, unsigned char)
                         0x800'ea83    0x10  Code  Gb  net_conf.o [1]
NetConfig::setServerIp(unsigned char, unsigned char, unsigned char, unsigned char)
                         0x800'ea97    0x10  Code  Gb  net_conf.o [1]
NetConfig::setServerPort(unsigned short)
                         0x800'eabf     0x4  Code  Gb  net_conf.o [1]
NetConfig::setSubnetMask(unsigned char, unsigned char, unsigned char, unsigned char)
                         0x800'eaab    0x10  Code  Gb  net_conf.o [1]
PendSV_Handler           0x800'9461          Code  Gb  portasm.o [1]
Region$$Table$$Base      0x800'fdfc           --   Gb  - Linker created -
Region$$Table$$Limit     0x800'fe20           --   Gb  - Linker created -
Rx_Buff                 0x2000'9acc  0x17d0  Data  Gb  ethernetif.o [1]
SHT$$INIT_ARRAY$$Base    0x801'00b4           --   Gb  - Linker created -
SHT$$INIT_ARRAY$$Limit   0x801'00c0           --   Gb  - Linker created -
SHT$$PREINIT_ARRAY$$Base
                         0x801'00b4           --   Gb  - Linker created -
SHT$$PREINIT_ARRAY$$Limit
                         0x801'00b4           --   Gb  - Linker created -
SVC_Handler              0x800'94a7          Code  Gb  portasm.o [1]
SocketProtocol::SocketProtocol()
                         0x800'eb09    0x16  Code  Gb  soc_proto.o [1]
SocketProtocol::parseBuf(unsigned char *, unsigned short, SocketProtocol::queue_data_t *)
                         0x800'eb1f    0x66  Code  Gb  soc_proto.o [1]
SocketProtocol::proto_base_t::proto_base_t()
                         0x800'ec9d    0x12  Code  Gb  soc_proto.o [1]
SocketProtocol::proto_base_t::~proto_base_t()
                         0x800'ed79     0xe  Code  Gb  soc_proto.o [1]
SocketProtocol::toProtoBase(std::vector<unsigned char, std::allocator<unsigned char>>, SocketProtocol::proto_base_t *)
                         0x800'eb85    0xee  Code  Gb  soc_proto.o [1]
SysTick_Config           0x800'6a59    0x2e  Code  Lc  stm32f2xx_hal_cortex.o [1]
SysTick_Handler          0x800'fd19     0xc  Code  Gb  stm32f2xx_it.o [1]
SystemClock_Config()     0x800'e1bb    0x72  Code  Gb  main.o [1]
SystemCoreClock         0x2000'0004     0x4  Data  Gb  system_stm32f2xx.o [1]
SystemInit               0x800'fc65    0x36  Code  Gb  system_stm32f2xx.o [1]
TskUdpClient::TskUdpClient()
                         0x800'e5c3    0x24  Code  Gb  tsk_udp_client.o [1]
TskUdpClient::createTask()
                         0x800'e5e7    0x62  Code  Gb  tsk_udp_client.o [1]
TskUdpClient::udpEchoThread(void const *)
                         0x800'e649    0xb0  Code  Gb  tsk_udp_client.o [1]
TskUdpClient::udpTransmitThread(void const *)
                         0x800'e6f9    0xac  Code  Gb  tsk_udp_client.o [1]
Tx_Buff                 0x2000'b29c  0x17d0  Data  Gb  ethernetif.o [1]
UsageFault_Handler       0x800'fd15     0x2  Code  Gb  stm32f2xx_it.o [1]
[local to main_cpp]::MX_GPIO_Init()
                         0x800'e22d   0x1ae  Code  Lc  main.o [1]
_Close_all               0x800'fd65    0x3c  Code  Gb  xcloseall.o [2]
_Encoding_8859_1_Mbrlen
                         0x800'4f95     0x2  Code  Gb  xencoding_8859_1.o [2]
_Encoding_8859_1_Wctomb
                         0x800'4f83    0x12  Code  Gb  xencoding_8859_1.o [2]
_Files                  0x2000'0164    0x20  Data  Gb  xfiles.o [2]
_Fofree                  0x800'fb2d    0x86  Code  Gb  xfofind.o [2]
_Fspos                   0x800'f707    0xd8  Code  Gb  xfspos.o [2]
_Fwprep                  0x800'fa53    0xb4  Code  Gb  xfwprep.o [2]
_GenldFull               0x800'c3f5   0x274  Code  Lc  xprintffull.o [2]
_LdtobFull               0x800'bfc9   0x400  Code  Lc  xprintffull.o [2]
_LitobFull               0x800'be71   0x112  Code  Lc  xprintffull.o [2]
_Locale_lconv           0x2000'000c    0x38  Data  Lc  xlocale_c.o [2]
_Nnl                     0x800'f88d     0xc  Code  Gb  xfgpos.o [2]
_PrintfFull              0x800'b7a1   0x1aa  Code  Gb  xprintffull.o [2]
_Prout                   0x800'fedd    0x16  Code  Gb  xprout.o [2]
_PutcharsFull            0x800'c669    0x2e  Code  Lc  xprintffull.o [2]
_PutfldFull              0x800'b9dd   0x2d8  Code  Lc  xprintffull.o [2]
_PutstrFull              0x800'bdab    0xc6  Code  Lc  xprintffull.o [2]
_PuttxtFull              0x800'bcb5    0xf6  Code  Lc  xprintffull.o [2]
__aeabi_cdcmple          0x800'ca9d          Code  Gb  DblCmpLe.o [4]
__aeabi_cdrcmple         0x800'cacd          Code  Gb  DblCmpGe.o [4]
__aeabi_d2iz             0x800'cc39          Code  Gb  DblToS32.o [4]
__aeabi_d2uiz            0x800'cfc5          Code  Gb  DblToU32.o [4]
__aeabi_ddiv             0x800'cd7d          Code  Gb  DblDiv.o [4]
__aeabi_dmul             0x800'c889          Code  Gb  DblMul.o [4]
__aeabi_dsub             0x800'cc99          Code  Gb  DblSub.o [4]
__aeabi_i2d              0x800'cc75          Code  Gb  S32ToDbl.o [4]
__aeabi_ldiv0            0x800'a20d          Code  Gb  I64DivZer.o [5]
__aeabi_memclr4          0x800'5815          Code  Gb  ABImemclr4.o [5]
__aeabi_memcpy           0x800'49c9          Code  Gb  ABImemcpy.o [5]
__aeabi_memcpy4          0x800'49e9          Code  Gb  ABImemcpy.o [5]
__aeabi_memcpy8          0x800'49e9          Code  Gb  ABImemcpy.o [5]
__aeabi_memmove          0x800'f64d          Code  Gb  ABImemmove.o [5]
__aeabi_memmove4         0x800'f64d          Code  Gb  ABImemmove.o [5]
__aeabi_memmove8         0x800'f64d          Code  Gb  ABImemmove.o [5]
__aeabi_memset           0x800'4f1d          Code  Gb  ABImemset.o [5]
__aeabi_ui2d             0x800'cfed          Code  Gb  U32ToDbl.o [4]
__aeabi_uldivmod         0x800'9e79          Code  Gb  I64DivMod.o [5]
__call_ctors             0x800'fe41    0x18  Code  Gb  cppinit.o [2]
__cexit_closeall         0x800'fe83          Code  Gb  cexit.o [5]
__close                  0x800'fc37    0x18  Code  Gb  close.o [6]
__cmain                  0x800'fe59          Code  Gb  cmain.o [5]
__cstart_closeall        0x801'0244          Data  Gb  cstart_closeall.o [5]
__data_GetMemChunk       0x800'b761    0x2c  Code  Gb  xgetmemchunk.o [2]
__data_GetMemChunk::start
                        0x2000'e5b8     0x4  Data  Lc  xgetmemchunk.o [2]
__dwrite                 0x800'f9c1    0x1e  Code  Gb  dwrite.o [6]
__exit                   0x800'b78d    0x14  Code  Gb  exit.o [6]
__iar_Fail_s             0x800'c7ad    0x1c  Code  Gb  xfail_s.o [2]
__iar_Mbcurmax           0x800'c87d     0xa  Code  Gb  xmbcurmax.o [2]
__iar_Memchr             0x800'c825          Code  Gb  memchr.o [5]
__iar_Memset             0x800'4f1d          Code  Gb  ABImemset.o [5]
__iar_Memset4_word       0x800'8a05          Code  Gb  ABImemset48.o [5]
__iar_Memset8_word       0x800'8a05          Code  Gb  ABImemset48.o [5]
__iar_Memset_word        0x800'4f25          Code  Gb  ABImemset.o [5]
__iar_Stderr            0x2000'011c    0x48  Data  Gb  xfiles.o [2]
__iar_Stdin             0x2000'008c    0x48  Data  Gb  xfiles.o [2]
__iar_Stdout            0x2000'00d4    0x48  Data  Gb  xfiles.o [2]
__iar_Strchr             0x800'c795          Code  Gb  strchr.o [5]
__iar_cstart_call_ctors
                         0x800'fe21    0x20  Code  Gb  cmain_call_ctors.o [5]
__iar_dadd               0x800'cca9          Code  Gb  DblSub.o [4]
__iar_data_init3         0x800'fdd5    0x28  Code  Gb  data_init.o [5]
__iar_debug_exceptions   0x800'5813     0x1  Data  Gb  unwind_debug.o [6]
__iar_dlfree             0x800'b257   0x4f6  Code  Gb  dlmalloc.o [2]
__iar_dlmalloc           0x800'afa1   0x2b6  Code  Gb  dlmalloc.o [2]
__iar_dsub               0x800'd009          Code  Gb  DblAdd.o [4]
__iar_dsubStart          0x800'd01b          Code  Gb  DblAdd.o [4]
__iar_frexp              0x800'ca39          Code  Gb  frexp.o [4]
__iar_frexp64            0x800'ca2d          Code  Gb  frexp.o [4]
__iar_frexpl             0x800'ca39          Code  Gb  frexp.o [4]
__iar_globLocale        0x2000'0044    0x48  Data  Lc  xlocale_c.o [2]
__iar_global_Locale      0x800'c71d     0x4  Code  Gb  xlocale_c.o [2]
__iar_ldexp64            0x800'cafd          Code  Gb  ldexp.o [4]
__iar_lz77_init_single3
                         0x800'1fc3    0x7a  Code  Gb  lz77_init_single.o [5]
__iar_program_start      0x801'00a9          Code  Gb  cstartup_M.o [5]
__iar_scalbln64          0x800'cafd          Code  Gb  ldexp.o [4]
__iar_scalbn64           0x800'cafd          Code  Gb  ldexp.o [4]
__iar_sh_Discard         0x800'f8f5    0x42  Code  Gb  XShHandles.o [2]
__iar_sh_Move            0x800'f937    0x46  Code  Gb  XShHandles.o [2]
__iar_sh_Pos             0x800'f97d    0x3e  Code  Gb  XShHandles.o [2]
__iar_sh_stdout_swo      0x800'f9e1    0x50  Code  Gb  iarwstdswo.o [6]
__iar_sh_write           0x800'fa31    0x22  Code  Gb  iarwrite.o [6]
__iar_tls$$INIT_ARRAY$$Base
                         0x801'00c0           --   Gb  - Linker created -
__iar_tls$$INIT_ARRAY$$Limit
                         0x801'00c0           --   Gb  - Linker created -
__iar_zero_init3         0x800'4a6f    0x3a  Code  Gb  zero_init3.o [5]
__low_level_init         0x800'fe77     0x4  Code  Gb  low_level_init.o [2]
__lseek                  0x800'f899    0x4a  Code  Gb  lseek.o [6]
__sti__routine           0x800'e439     0xa  Code  Lc  dwm1000.o [1]
__sti__routine           0x800'eac5     0xa  Code  Lc  soc_proto.o [1]
__sti__routine           0x800'e5b9     0xa  Code  Lc  tsk_udp_client.o [1]
__vector_table           0x800'0000          Data  Gb  startup_stm32f207xx.o [1]
__write                  0x800'f8e3    0x10  Code  Gb  write.o [6]
_call_main               0x800'fe65          Code  Gb  cmain.o [5]
_exit                    0x800'fe81          Code  Gb  cexit.o [5]
_gLocale_mblen           0x800'c781     0x4  Code  Gb  xlocale_c.o [2]
_gLocale_mblenInt        0x800'c745    0x2c  Code  Gb  xlocale_c.o [2]
_gLocale_wctomb          0x800'c785     0x4  Code  Gb  xlocale_c.o [2]
_gLocale_wctombInt       0x800'c77d     0x4  Code  Gb  xlocale_c.o [2]
_gm_                    0x2000'd3bc   0x1d8  Data  Lc  dlmalloc.o [2]
_main                    0x800'fe73          Code  Gb  cmain.o [5]
abort                    0x800'b759     0x6  Code  Gb  abort.o [2]
ackno                   0x2000'e584     0x4  Data  Lc  tcp_in.o [1]
add_segment              0x800'a641   0x1f2  Code  Lc  dlmalloc.o [2]
arp_table               0x2000'da04    0xf0  Data  Lc  etharp.o [1]
const std::allocator<unsigned char>& && std::forward<const std::allocator<unsigned char>&>(std::remove_reference<const std::allocator<unsigned char>&>::type &)
                         0x800'f57d     0x2  Code  Gb  soc_proto.o [1]
createLwipInitTsk        0x800'e7bd    0x1e  Code  Gb  lwip.o [1]
cyclic_timer             0x800'3f31    0x16  Code  Lc  timeouts.o [1]
do_memp_free_pool        0x800'2fd7    0x24  Code  Lc  memp.o [1]
do_memp_malloc_pool      0x800'2f6d    0x4e  Code  Lc  memp.o [1]
dwm1000                 0x2000'e0c8    0x64  Data  Gb  dwm1000.o [1]
ebuf                    0x2000'e188    0x50  Data  Lc  xfiles.o [2]
err_tcp                  0x800'd34d   0x100  Code  Lc  api_msg.o [1]
etharp_cached_entry     0x2000'e5cb     0x1  Data  Lc  etharp.o [1]
etharp_cleanup_netif     0x800'9877    0x44  Code  Gb  etharp.o [1]
etharp_find_entry        0x800'95f9   0x1b0  Code  Lc  etharp.o [1]
etharp_free_entry        0x800'94e9    0x32  Code  Lc  etharp.o [1]
etharp_input             0x800'98bb   0x12c  Code  Gb  etharp.o [1]
etharp_output            0x800'9a9b   0x112  Code  Gb  etharp.o [1]
etharp_output_to_arp_index
                         0x800'99e7    0xb4  Code  Lc  etharp.o [1]
etharp_query             0x800'9bad   0x188  Code  Gb  etharp.o [1]
etharp_raw               0x800'9d35    0xc4  Code  Lc  etharp.o [1]
etharp_request           0x800'9e19     0xa  Code  Gb  etharp.o [1]
etharp_request_dst       0x800'9df9    0x20  Code  Lc  etharp.o [1]
etharp_tmr               0x800'951b    0xde  Code  Gb  etharp.o [1]
etharp_update_arp_entry
                         0x800'97a9    0xce  Code  Lc  etharp.o [1]
ethbroadcast             0x801'00c0     0x8  Data  Gb  ethernet.o [1]
ethernet_input           0x800'a0a9    0xf0  Code  Gb  ethernet.o [1]
ethernet_output          0x800'a199    0x5a  Code  Gb  ethernet.o [1]
ethernetif_init          0x800'53f3    0x1e  Code  Gb  ethernetif.o [1]
ethernetif_input         0x800'53bb    0x38  Code  Gb  ethernetif.o [1]
ethzero                  0x801'00c8     0x8  Data  Gb  ethernet.o [1]
exit                     0x800'fe7b     0x4  Code  Gb  exit.o [2]
fclose                   0x800'fbb9    0x7e  Code  Gb  fclose.o [2]
fflush                   0x800'f855    0x34  Code  Gb  fflush.o [2]
fflushOne                0x800'f7e1    0x74  Code  Lc  fflush.o [2]
flags                   0x2000'e5d2     0x1  Data  Lc  tcp_in.o [1]
fputc                    0x800'fcb9    0x54  Code  Gb  fputc.o [2]
free                     0x800'f701     0x4  Code  Gb  heaptramp0.o [2]
frexp                    0x800'ca2d          Code  Gb  frexp.o [4]
frexpl                   0x800'ca2d          Code  Gb  frexp.o [4]
fseek                    0x800'fb07    0x24  Code  Gb  fseek.o [2]
gnetif                  0x2000'e2e4    0x30  Data  Gb  lwip.o [1]
gw                      0x2000'e4bc     0x4  Data  Gb  lwip.o [1]
heth                    0x2000'e228    0x48  Data  Gb  ethernetif.o [1]
icmp_dest_unreach        0x800'6695     0xe  Code  Gb  icmp.o [1]
icmp_input               0x800'6475   0x220  Code  Gb  icmp.o [1]
icmp_send_response       0x800'66b1    0x8c  Code  Lc  icmp.o [1]
icmp_time_exceeded       0x800'66a3     0xe  Code  Gb  icmp.o [1]
inHandlerMode            0x800'546f    0x12  Code  Lc  cmsis_os.o [1]
inet_chksum              0x800'1f53     0xe  Code  Gb  inet_chksum.o [1]
inet_chksum_pbuf         0x800'1f61    0x62  Code  Gb  inet_chksum.o [1]
inet_chksum_pseudo       0x800'1f17    0x2c  Code  Gb  inet_chksum.o [1]
inet_cksum_pseudo_base   0x800'1e7b    0x9c  Code  Lc  inet_chksum.o [1]
[...]
tcp_bind                 0x800'23b3    0xb8  Code  Gb  tcp.o [1]
tcp_bound_pcbs          0x2000'e568     0x4  Data  Gb  tcp.o [1]
tcp_close                0x800'2257    0x18  Code  Gb  tcp.o [1]
tcp_close_shutdown       0x800'20bb   0x19c  Code  Lc  tcp.o [1]
tcp_connect              0x800'2569   0x11e  Code  Gb  tcp.o [1]
tcp_create_segment       0x800'30ef    0xda  Code  Lc  tcp_out.o [1]
tcp_eff_send_mss_impl    0x800'2e21    0x38  Code  Gb  tcp.o [1]
tcp_enqueue_flags        0x800'36e7   0x116  Code  Gb  tcp_out.o [1]
tcp_err                  0x800'2d39     0xa  Code  Gb  tcp.o [1]
tcp_fasttmr              0x800'29a9    0x64  Code  Gb  tcp.o [1]
tcp_getoptbyte           0x800'16d1    0x42  Code  Lc  tcp_in.o [1]
tcp_init                 0x800'2069     0x2  Code  Gb  tcp.o [1]
tcp_input                0x800'0185   0x51a  Code  Gb  tcp_in.o [1]
tcp_input_pcb           0x2000'e58c     0x4  Data  Gb  tcp_in.o [1]
tcp_keepalive            0x800'3d51    0x7a  Code  Gb  tcp_out.o [1]
tcp_kill_prio            0x800'2b1f    0x4c  Code  Lc  tcp.o [1]
tcp_kill_state           0x800'2b79    0x42  Code  Lc  tcp.o [1]
tcp_kill_timewait        0x800'2bc1    0x34  Code  Lc  tcp.o [1]
tcp_listen_closed        0x800'209b    0x20  Code  Lc  tcp.o [1]
tcp_listen_input         0x800'069f   0x128  Code  Lc  tcp_in.o [1]
tcp_listen_pcbs         0x2000'e56c     0x4  Data  Gb  tcp.o [1]
tcp_netif_ip_addr_changed
                         0x800'2e7b    0x4a  Code  Gb  tcp.o [1]
tcp_netif_ip_addr_changed_pcblist
                         0x800'2e59    0x22  Code  Lc  tcp.o [1]
tcp_new                  0x800'2d15     0xa  Code  Gb  tcp.o [1]
tcp_new_port             0x800'2507    0x62  Code  Lc  tcp.o [1]
tcp_next_iss             0x800'2e09    0x10  Code  Gb  tcp.o [1]
tcp_next_iss::iss       0x2000'0008     0x4  Data  Lc  tcp.o [1]
tcp_oos_insert_segment   0x800'0d49    0x86  Code  Lc  tcp_in.o [1]
tcp_optidx              0x2000'e5c4     0x2  Data  Lc  tcp_in.o [1]
tcp_output               0x800'3891   0x22c  Code  Gb  tcp_out.o [1]
tcp_output_alloc_header
                         0x800'3021    0x84  Code  Lc  tcp_out.o [1]
tcp_output_segment       0x800'3abd    0xdc  Code  Lc  tcp_out.o [1]
tcp_parseopt             0x800'1713    0x8a  Code  Lc  tcp_in.o [1]
tcp_pbuf_prealloc        0x800'31c9    0x7e  Code  Lc  tcp_out.o [1]
tcp_pcb_lists            0x801'0050    0x10  Data  Gb  tcp.o [1]
tcp_pcb_purge            0x800'2d59    0x52  Code  Gb  tcp.o [1]
tcp_pcb_remove           0x800'2dab    0x5e  Code  Gb  tcp.o [1]
tcp_persist_backoff      0x801'00e8     0x8  Data  Lc  tcp.o [1]
tcp_poll                 0x800'2d51     0x8  Code  Gb  tcp.o [1]
tcp_port                0x2000'0184     0x2  Data  Lc  tcp.o [1]
tcp_process              0x800'084d   0x4f6  Code  Lc  tcp_in.o [1]
tcp_process_refused_data
                         0x800'2a0d    0x92  Code  Gb  tcp.o [1]
tcp_receive              0x800'0e19   0x8b4  Code  Lc  tcp_in.o [1]
tcp_recv                 0x800'2d27     0xa  Code  Gb  tcp.o [1]
tcp_recv_null            0x800'2af9    0x26  Code  Gb  tcp.o [1]
tcp_recved               0x800'24b5    0x52  Code  Gb  tcp.o [1]
tcp_remove_listener      0x800'2087    0x14  Code  Lc  tcp.o [1]
tcp_rexmit               0x800'3c83    0x5a  Code  Gb  tcp_out.o [1]
tcp_rexmit_fast          0x800'3cdd    0x74  Code  Gb  tcp_out.o [1]
tcp_rexmit_rto           0x800'3c4f    0x34  Code  Gb  tcp_out.o [1]
tcp_rst                  0x800'3b99    0xb6  Code  Gb  tcp_out.o [1]
tcp_seg_copy             0x800'2acf    0x2a  Code  Gb  tcp.o [1]
tcp_seg_free             0x800'2ab1    0x1e  Code  Gb  tcp.o [1]
tcp_segs_free            0x800'2a9f    0x12  Code  Gb  tcp.o [1]
tcp_send_empty_ack       0x800'37fd    0x94  Code  Gb  tcp_out.o [1]
tcp_send_fin             0x800'30a5    0x4a  Code  Gb  tcp_out.o [1]
tcp_sent                 0x800'2d31     0x8  Code  Gb  tcp.o [1]
tcp_shutdown             0x800'226f    0x64  Code  Gb  tcp.o [1]
tcp_slowtmr              0x800'2687   0x322  Code  Gb  tcp.o [1]
tcp_ticks               0x2000'e564     0x4  Data  Gb  tcp.o [1]
tcp_timer               0x2000'e5d0     0x1  Data  Lc  tcp.o [1]
tcp_timer_ctr           0x2000'e5d1     0x1  Data  Lc  tcp.o [1]
tcp_timer_needed         0x800'3f07    0x2a  Code  Gb  timeouts.o [1]
tcp_timewait_input       0x800'07c7    0x86  Code  Lc  tcp_in.o [1]
tcp_tmr                  0x800'206b    0x1c  Code  Gb  tcp.o [1]
tcp_trigger_input_pcb_close
                         0x800'179d     0xc  Code  Gb  tcp_in.o [1]
tcp_tw_pcbs             0x2000'e574     0x4  Data  Gb  tcp.o [1]
tcp_update_rcv_ann_wnd   0x800'246b    0x4a  Code  Gb  tcp.o [1]
tcp_write                0x800'32c5   0x422  Code  Gb  tcp_out.o [1]
tcp_write_checks         0x800'3247    0x7e  Code  Lc  tcp_out.o [1]
tcp_zero_window_probe    0x800'3dd1    0xfe  Code  Gb  tcp_out.o [1]
tcphdr                  0x2000'e578     0x4  Data  Lc  tcp_in.o [1]
tcphdr_opt1len          0x2000'e5c2     0x2  Data  Lc  tcp_in.o [1]
tcphdr_opt2             0x2000'e57c     0x4  Data  Lc  tcp_in.o [1]
tcphdr_optlen           0x2000'e5c0     0x2  Data  Lc  tcp_in.o [1]
tcpip_callback_with_block
                         0x800'44f7    0x5c  Code  Gb  tcpip.o [1]
tcpip_init               0x800'456f    0x38  Code  Gb  tcpip.o [1]
tcpip_init_done         0x2000'e590     0x4  Data  Lc  tcpip.o [1]
tcpip_init_done_arg     0x2000'e594     0x4  Data  Lc  tcpip.o [1]
tcpip_inpkt              0x800'448b    0x50  Code  Gb  tcpip.o [1]
tcpip_input              0x800'44db    0x1c  Code  Gb  tcpip.o [1]
tcpip_send_msg_wait_sem
                         0x800'4553    0x1c  Code  Gb  tcpip.o [1]
tcpip_tcp_timer          0x800'3edd    0x2a  Code  Lc  timeouts.o [1]
tcpip_tcp_timer_active  0x2000'e5a8     0x4  Data  Lc  timeouts.o [1]
tcpip_thread             0x800'4409    0x82  Code  Lc  tcpip.o [1]
tcplen                  0x2000'e5c8     0x2  Data  Lc  tcp_in.o [1]
timeouts_last_time      0x2000'e5a4     0x4  Data  Lc  timeouts.o [1]
tmalloc_large            0x800'aa0d   0x386  Code  Lc  dlmalloc.o [2]
tmalloc_small            0x800'ad93   0x200  Code  Lc  dlmalloc.o [2]
tskUdpClient            0x2000'e12c    0x5c  Data  Gb  tsk_udp_client.o [1]
ucHeap                  0x2000'0188  0x7800  Data  Lc  heap_4.o [1]
ucMaxSysCallPriority    0x2000'e5ce     0x1  Data  Lc  port.o [1]
udp_bind                 0x800'6311    0x8e  Code  Gb  udp.o [1]
udp_connect              0x800'639f    0x66  Code  Gb  udp.o [1]
udp_init                 0x800'5ef5     0x2  Code  Gb  udp.o [1]
udp_input                0x800'5f91   0x1e2  Code  Gb  udp.o [1]
udp_input_local_match    0x800'5f43    0x4e  Code  Lc  udp.o [1]
udp_netif_ip_addr_changed
                         0x800'642d    0x32  Code  Gb  udp.o [1]
udp_new                  0x800'640b    0x22  Code  Gb  udp.o [1]
udp_new_port             0x800'5ef7    0x4c  Code  Lc  udp.o [1]
udp_pcbs                0x2000'e5ac     0x4  Data  Gb  udp.o [1]
udp_port                0x2000'0186     0x2  Data  Lc  udp.o [1]
udp_recv                 0x800'6405     0x6  Code  Gb  udp.o [1]
udp_send                 0x800'6173    0x16  Code  Gb  udp.o [1]
udp_sendto               0x800'6189    0x48  Code  Gb  udp.o [1]
udp_sendto_if            0x800'61d1    0x46  Code  Gb  udp.o [1]
udp_sendto_if_src        0x800'6217    0xfa  Code  Gb  udp.o [1]
ulMaxPRIGROUPValue      0x2000'e51c     0x4  Data  Lc  port.o [1]
unsigned char * & std::_Rechecked<unsigned char *, unsigned char *>(unsigned char * &, unsigned char *)
                         0x800'f4db     0x4  Code  Gb  soc_proto.o [1]
unsigned char * std::_Addressof<unsigned char>(unsigned char &, std::integral_constant<bool, (bool)0>)
                         0x800'f3f5     0x2  Code  Gb  soc_proto.o [1]
unsigned char * std::_Allocate<unsigned char>(unsigned int, unsigned char *, bool)
                         0x800'f531    0x12  Code  Gb  soc_proto.o [1]
unsigned char * std::_Unchecked<unsigned char *>(unsigned char *)
                         0x800'f4ad     0x2  Code  Gb  soc_proto.o [1]
unsigned char * std::_Uninit_copy<unsigned char *, unsigned char *, std::_Wrap_alloc<std::allocator<unsigned char>>>(unsigned char *, unsigned char *, unsigned char *, std::_Wrap_alloc<std::allocator<unsigned char>> &)
                         0x800'f595    0x22  Code  Gb  soc_proto.o [1]
unsigned char * std::_Uninit_copy<unsigned char const *, unsigned char *, std::_Wrap_alloc<std::allocator<unsigned char>>>(unsigned char const *, unsigned char const *, unsigned char *, std::_Wrap_alloc<std::allocator<unsigned char>> &)
                         0x800'f4b9    0x22  Code  Gb  soc_proto.o [1]
unsigned char * std::_Uninit_copy<unsigned char const, unsigned char>(unsigned char const *, unsigned char const *, unsigned char *, std::_Wrap_alloc<std::allocator<unsigned char>> &, std::_Scalar_ptr_iterator_tag)
                         0x800'f5bd    0x18  Code  Gb  soc_proto.o [1]
unsigned char * std::_Uninit_copy<unsigned char, unsigned char>(unsigned char *, unsigned char *, unsigned char *, std::_Wrap_alloc<std::allocator<unsigned char>> &, std::_Scalar_ptr_iterator_tag)
                         0x800'f633    0x18  Code  Gb  soc_proto.o [1]
unsigned char * std::_Uninit_move<unsigned char *, unsigned char *, std::_Wrap_alloc<std::allocator<unsigned char>>>(unsigned char *, unsigned char *, unsigned char *, std::_Wrap_alloc<std::allocator<unsigned char>> &)
                         0x800'f543    0x32  Code  Gb  soc_proto.o [1]
unsigned char * std::_Uninit_move<unsigned char, unsigned char, unsigned char>(unsigned char *, unsigned char *, unsigned char *, std::_Wrap_alloc<std::allocator<unsigned char>> &, unsigned char *, std::_Scalar_ptr_iterator_tag)
                         0x800'f611    0x18  Code  Gb  soc_proto.o [1]
unsigned char * std::_Uninitialized_copy<std::_Vector_const_iterator<std::_Vector_val<std::_Simple_types<unsigned char>>>, unsigned char *, std::_Wrap_alloc<std::allocator<unsigned char>>>(std::_Vector_const_iterator<std::_Vector_val<std::_Simple_types<unsigned char>>>, std::_Vector_const_iterator<std::_Vector_val<std::_Simple_types<unsigned char>>>, unsigned char *, std::_Wrap_alloc<std::allocator<unsigned char>> &)
                         0x800'f355    0x34  Code  Gb  soc_proto.o [1]
unsigned char * std::_Uninitialized_copy<std::_Vector_iterator<std::_Vector_val<std::_Simple_types<unsigned char>>>, unsigned char *, std::_Wrap_alloc<std::allocator<unsigned char>>>(std::_Vector_iterator<std::_Vector_val<std::_Simple_types<unsigned char>>>, std::_Vector_iterator<std::_Vector_val<std::_Simple_types<unsigned char>>>, unsigned char *, std::_Wrap_alloc<std::allocator<unsigned char>> &)
                         0x800'f4f7    0x34  Code  Gb  soc_proto.o [1]
unsigned char * std::_Uninitialized_copy<unsigned char *, unsigned char *, std::_Wrap_alloc<std::allocator<unsigned char>>>(unsigned char *, unsigned char *, unsigned char *, std::_Wrap_alloc<std::allocator<unsigned char>> &)
                         0x800'f475    0x34  Code  Gb  soc_proto.o [1]
unsigned char * std::_Uninitialized_move<unsigned char *, unsigned char *, std::_Wrap_alloc<std::allocator<unsigned char>>>(unsigned char *, unsigned char *, unsigned char *, std::_Wrap_alloc<std::allocator<unsigned char>> &)
                         0x800'f40f    0x34  Code  Gb  soc_proto.o [1]
unsigned char * std::addressof<unsigned char>(unsigned char &)
                         0x800'f25d     0x8  Code  Gb  soc_proto.o [1]
unsigned char * std::vector<unsigned char, std::allocator<unsigned char>>::_Ucopy<std::_Vector_const_iterator<std::_Vector_val<std::_Simple_types<unsigned char>>>>(std::_Vector_const_iterator<std::_Vector_val<std::_Simple_types<unsigned char>>>, std::_Vector_const_iterator<std::_Vector_val<std::_Simple_types<unsigned char>>>, unsigned char *)
                         0x800'f0cd    0x1a  Code  Gb  soc_proto.o [1]
unsigned char * std::vector<unsigned char, std::allocator<unsigned char>>::_Ucopy<std::_Vector_iterator<std::_Vector_val<std::_Simple_types<unsigned char>>>>(std::_Vector_iterator<std::_Vector_val<std::_Simple_types<unsigned char>>>, std::_Vector_iterator<std::_Vector_val<std::_Simple_types<unsigned char>>>, unsigned char *)
                         0x800'f3db    0x1a  Code  Gb  soc_proto.o [1]
unsigned char * std::vector<unsigned char, std::allocator<unsigned char>>::_Ucopy<unsigned char *>(unsigned char *, unsigned char *, unsigned char *)
                         0x800'f31b    0x1a  Code  Gb  soc_proto.o [1]
unsigned char * std::vector<unsigned char, std::allocator<unsigned char>>::_Umove<unsigned char *>(unsigned char *, unsigned char *, unsigned char *)
                         0x800'f287    0x1a  Code  Gb  soc_proto.o [1]
uwTick                  0x2000'e520     0x4  Data  Gb  stm32f2xx_hal.o [1]
uxCriticalNesting       0x2000'0000     0x4  Data  Lc  port.o [1]
uxCurrentNumberOfTasks  0x2000'e538     0x4  Data  Lc  tasks.o [1]
uxDeletedTasksWaitingCleanUp
                        0x2000'e534     0x4  Data  Lc  tasks.o [1]
uxListRemove             0x800'943b    0x26  Code  Gb  list.o [1]
uxPendedTicks           0x2000'e548     0x4  Data  Lc  tasks.o [1]
uxQueueMessagesWaiting   0x800'863f    0x26  Code  Gb  queue.o [1]
uxQueueMessagesWaitingFromISR
                         0x800'8665    0x18  Code  Gb  queue.o [1]
uxSchedulerSuspended    0x2000'e560     0x4  Data  Lc  tasks.o [1]
uxTaskNumber            0x2000'e554     0x4  Data  Lc  tasks.o [1]
uxTopReadyPriority      0x2000'e540     0x4  Data  Lc  tasks.o [1]
vListInitialise          0x800'93c9    0x1e  Code  Gb  list.o [1]
vListInitialiseItem      0x800'93e7     0x6  Code  Gb  list.o [1]
vListInsert              0x800'9405    0x36  Code  Gb  list.o [1]
vListInsertEnd           0x800'93ed    0x18  Code  Gb  list.o [1]
vPortEnterCritical       0x800'88e7    0x34  Code  Gb  port.o [1]
vPortExitCritical        0x800'891b    0x2c  Code  Gb  port.o [1]
vPortFree                0x800'927d    0x72  Code  Gb  heap_4.o [1]
vPortStartFirstTask      0x800'94c7          Code  Gb  portasm.o [1]
vPortValidateInterruptPriority
                         0x800'8971    0x4a  Code  Gb  port.o [1]
vQueueDelete             0x800'867d    0x26  Code  Gb  queue.o [1]
vQueueUnregisterQueue    0x800'87fb    0x26  Code  Gb  queue.o [1]
vTaskMissedYield         0x800'7c07     0xa  Code  Gb  tasks.o [1]
vTaskPlaceOnEventList    0x800'7a9b    0x2e  Code  Gb  tasks.o [1]
vTaskPriorityInherit     0x800'7d47    0x8c  Code  Gb  tasks.o [1]
vTaskSetTimeOutState     0x800'7b55    0x26  Code  Gb  tasks.o [1]
vTaskStartScheduler      0x800'77d3    0x64  Code  Gb  tasks.o [1]
vTaskSuspend             0x800'770b    0xc8  Code  Gb  tasks.o [1]
vTaskSuspendAll          0x800'7837     0xc  Code  Gb  tasks.o [1]
vTaskSwitchContext       0x800'7a31    0x6a  Code  Gb  tasks.o [1]
void std::_Deallocate<unsigned char>(unsigned char *, unsigned int)
                         0x800'f575     0x8  Code  Gb  soc_proto.o [1]
void std::_Destroy_range<std::_Wrap_alloc<std::allocator<unsigned char>>>(std::_Wrap_alloc<std::allocator<unsigned char>>::pointer, std::_Wrap_alloc<std::allocator<unsigned char>>::pointer, std::_Wrap_alloc<std::allocator<unsigned char>>&)
                         0x800'f38b    0x1e  Code  Gb  soc_proto.o [1]
void std::_Destroy_range<std::_Wrap_alloc<std::allocator<unsigned char>>>(std::_Wrap_alloc<std::allocator<unsigned char>>::pointer, std::_Wrap_alloc<std::allocator<unsigned char>>::pointer, std::_Wrap_alloc<std::allocator<unsigned char>>&, std::_Scalar_ptr_iterator_tag)
                         0x800'f4e1     0x2  Code  Gb  soc_proto.o [1]
void std::_Distance2<std::_Vector_iterator<std::_Vector_val<std::_Simple_types<unsigned char>>>, int>(std::_Vector_iterator<std::_Vector_val<std::_Simple_types<unsigned char>>>, std::_Vector_iterator<std::_Vector_val<std::_Simple_types<unsigned char>>>, int &, std::random_access_iterator_tag)
                         0x800'f4e3    0x14  Code  Gb  soc_proto.o [1]
void std::_Distance2<unsigned char *, int>(unsigned char *, unsigned char *, int &, std::random_access_iterator_tag)
                         0x800'f46b     0xa  Code  Gb  soc_proto.o [1]
void std::vector<unsigned char, std::allocator<unsigned char>>::_Assign<std::_Vector_iterator<std::_Vector_val<std::_Simple_types<unsigned char>>>>(std::_Vector_iterator<std::_Vector_val<std::_Simple_types<unsigned char>>>, std::_Vector_iterator<std::_Vector_val<std::_Simple_types<unsigned char>>>, std::forward_iterator_tag)
                         0x800'f20b    0x52  Code  Gb  soc_proto.o [1]
void std::vector<unsigned char, std::allocator<unsigned char>>::_Assign<unsigned char *>(unsigned char *, unsigned char *, std::forward_iterator_tag)
                         0x800'ef91    0x52  Code  Gb  soc_proto.o [1]
xBlockAllocatedBit      0x2000'e4ac     0x4  Data  Lc  heap_4.o [1]
xDelayedTaskList1       0x2000'e37c    0x14  Data  Lc  tasks.o [1]
xDelayedTaskList2       0x2000'e390    0x14  Data  Lc  tasks.o [1]
xFreeBytesRemaining     0x2000'e4a4     0x4  Data  Lc  heap_4.o [1]
xHeapStructSize          0x801'00fc     0x4  Data  Lc  heap_4.o [1]
xIdleTaskHandle         0x2000'e55c     0x4  Data  Lc  tasks.o [1]
xMinimumEverFreeBytesRemaining
                        0x2000'e4a8     0x4  Data  Lc  heap_4.o [1]
xNextTaskUnblockTime    0x2000'e558     0x4  Data  Lc  tasks.o [1]
xNumOfOverflows         0x2000'e550     0x4  Data  Lc  tasks.o [1]
xPendingReadyList       0x2000'e3a4    0x14  Data  Lc  tasks.o [1]
xPortStartScheduler      0x800'8873    0x74  Code  Gb  port.o [1]
xPortSysTickHandler      0x800'8947    0x28  Code  Gb  port.o [1]
xQueueCreateMutex        0x800'8091    0x1a  Code  Gb  queue.o [1]
xQueueGenericCreate      0x800'8007    0x4a  Code  Gb  queue.o [1]
xQueueGenericReceive     0x800'83d7   0x1ba  Code  Gb  queue.o [1]
xQueueGenericReset       0x800'7f75    0x92  Code  Gb  queue.o [1]
xQueueGenericSend        0x800'80ab   0x196  Code  Gb  queue.o [1]
xQueueGenericSendFromISR
                         0x800'8241    0xde  Code  Gb  queue.o [1]
xQueueGiveFromISR        0x800'831f    0xb8  Code  Gb  queue.o [1]
xQueueReceiveFromISR     0x800'8591    0xae  Code  Gb  queue.o [1]
xQueueRegistry          0x2000'e270    0x40  Data  Gb  queue.o [1]
xSchedulerRunning       0x2000'e544     0x4  Data  Lc  tasks.o [1]
xStart                  0x2000'e48c     0x8  Data  Lc  heap_4.o [1]
xSuspendedTaskList      0x2000'e3cc    0x14  Data  Lc  tasks.o [1]
xTaskCheckForTimeOut     0x800'7b85    0x82  Code  Gb  tasks.o [1]
xTaskCreate              0x800'7549    0x6e  Code  Gb  tasks.o [1]
xTaskGetSchedulerState   0x800'7d27    0x20  Code  Gb  tasks.o [1]
xTaskGetTickCount        0x800'7927     0x8  Code  Gb  tasks.o [1]
xTaskGetTickCountFromISR
                         0x800'792f    0x10  Code  Gb  tasks.o [1]
xTaskIncrementTick       0x800'793f    0xf2  Code  Gb  tasks.o [1]
xTaskPriorityDisinherit
                         0x800'7dd9    0xae  Code  Gb  tasks.o [1]
xTaskRemoveFromEventList
                         0x800'7ac9    0x7a  Code  Gb  tasks.o [1]
xTaskResumeAll           0x800'7843    0xe4  Code  Gb  tasks.o [1]
xTasksWaitingTermination
                        0x2000'e3b8    0x14  Data  Lc  tasks.o [1]
xTickCount              0x2000'e53c     0x4  Data  Lc  tasks.o [1]
xYieldPending           0x2000'e54c     0x4  Data  Lc  tasks.o [1]


[1] = D:\demian.z\free\uwb-rtls\software\nucleo\EWARM\NUCLEOF207-RTLS\Obj
[2] = dl7M_tlf.a
[3] = dlpp7M_tl_fc.a
[4] = m7M_tl.a
[5] = rt7M_tl.a
[6] = shb_l.a

  65 444 bytes of readonly  code memory
     819 bytes of readonly  data memory
  60 372 bytes of readwrite data memory

Errors: none
Warnings: none
