###############################################################################
#
# IAR ELF Linker V8.30.1.114/W32 for ARM                  23/Jun/2019  23:35:45
# Copyright 2007-2018 IAR Systems AB.
#
#    Output file  =  
#        \\Mac\Home\Documents\PROJECTS\UWB-RTLS\Code\uwb-rtls\software\nucleo\EWARM\NUCLEOF207-RTLS\Exe\NUCLEOF207-RTLS.out
#    Map file     =  
#        \\Mac\Home\Documents\PROJECTS\UWB-RTLS\Code\uwb-rtls\software\nucleo\EWARM\NUCLEOF207-RTLS\List\NUCLEOF207-RTLS.map
#    Command line =  
#        -f C:\Users\Demian\AppData\Local\Temp\EW698E.tmp
#        (\\Mac\Home\Documents\PROJECTS\UWB-RTLS\Code\uwb-rtls\software\nucleo\EWARM\NUCLEOF207-RTLS\Obj\api_lib.o
#        \\Mac\Home\Documents\PROJECTS\UWB-RTLS\Code\uwb-rtls\software\nucleo\EWARM\NUCLEOF207-RTLS\Obj\api_msg.o
#        \\Mac\Home\Documents\PROJECTS\UWB-RTLS\Code\uwb-rtls\software\nucleo\EWARM\NUCLEOF207-RTLS\Obj\auth.o
#        \\Mac\Home\Documents\PROJECTS\UWB-RTLS\Code\uwb-rtls\software\nucleo\EWARM\NUCLEOF207-RTLS\Obj\autoip.o
#        \\Mac\Home\Documents\PROJECTS\UWB-RTLS\Code\uwb-rtls\software\nucleo\EWARM\NUCLEOF207-RTLS\Obj\ccp.o
#        \\Mac\Home\Documents\PROJECTS\UWB-RTLS\Code\uwb-rtls\software\nucleo\EWARM\NUCLEOF207-RTLS\Obj\chap-md5.o
#        \\Mac\Home\Documents\PROJECTS\UWB-RTLS\Code\uwb-rtls\software\nucleo\EWARM\NUCLEOF207-RTLS\Obj\chap-new.o
#        \\Mac\Home\Documents\PROJECTS\UWB-RTLS\Code\uwb-rtls\software\nucleo\EWARM\NUCLEOF207-RTLS\Obj\chap_ms.o
#        \\Mac\Home\Documents\PROJECTS\UWB-RTLS\Code\uwb-rtls\software\nucleo\EWARM\NUCLEOF207-RTLS\Obj\cmsis_os.o
#        \\Mac\Home\Documents\PROJECTS\UWB-RTLS\Code\uwb-rtls\software\nucleo\EWARM\NUCLEOF207-RTLS\Obj\croutine.o
#        \\Mac\Home\Documents\PROJECTS\UWB-RTLS\Code\uwb-rtls\software\nucleo\EWARM\NUCLEOF207-RTLS\Obj\deca_device.o
#        \\Mac\Home\Documents\PROJECTS\UWB-RTLS\Code\uwb-rtls\software\nucleo\EWARM\NUCLEOF207-RTLS\Obj\deca_mutex.o
#        \\Mac\Home\Documents\PROJECTS\UWB-RTLS\Code\uwb-rtls\software\nucleo\EWARM\NUCLEOF207-RTLS\Obj\deca_params_init.o
#        \\Mac\Home\Documents\PROJECTS\UWB-RTLS\Code\uwb-rtls\software\nucleo\EWARM\NUCLEOF207-RTLS\Obj\deca_port.o
#        \\Mac\Home\Documents\PROJECTS\UWB-RTLS\Code\uwb-rtls\software\nucleo\EWARM\NUCLEOF207-RTLS\Obj\deca_range_tables.o
#        \\Mac\Home\Documents\PROJECTS\UWB-RTLS\Code\uwb-rtls\software\nucleo\EWARM\NUCLEOF207-RTLS\Obj\deca_sleep.o
#        \\Mac\Home\Documents\PROJECTS\UWB-RTLS\Code\uwb-rtls\software\nucleo\EWARM\NUCLEOF207-RTLS\Obj\deca_spi.o
#        \\Mac\Home\Documents\PROJECTS\UWB-RTLS\Code\uwb-rtls\software\nucleo\EWARM\NUCLEOF207-RTLS\Obj\def.o
#        \\Mac\Home\Documents\PROJECTS\UWB-RTLS\Code\uwb-rtls\software\nucleo\EWARM\NUCLEOF207-RTLS\Obj\demand.o
#        \\Mac\Home\Documents\PROJECTS\UWB-RTLS\Code\uwb-rtls\software\nucleo\EWARM\NUCLEOF207-RTLS\Obj\dhcp.o
#        \\Mac\Home\Documents\PROJECTS\UWB-RTLS\Code\uwb-rtls\software\nucleo\EWARM\NUCLEOF207-RTLS\Obj\dhcp6.o
#        \\Mac\Home\Documents\PROJECTS\UWB-RTLS\Code\uwb-rtls\software\nucleo\EWARM\NUCLEOF207-RTLS\Obj\dns.o
#        \\Mac\Home\Documents\PROJECTS\UWB-RTLS\Code\uwb-rtls\software\nucleo\EWARM\NUCLEOF207-RTLS\Obj\dwm1000.o
#        \\Mac\Home\Documents\PROJECTS\UWB-RTLS\Code\uwb-rtls\software\nucleo\EWARM\NUCLEOF207-RTLS\Obj\eap.o
#        \\Mac\Home\Documents\PROJECTS\UWB-RTLS\Code\uwb-rtls\software\nucleo\EWARM\NUCLEOF207-RTLS\Obj\ecp.o
#        \\Mac\Home\Documents\PROJECTS\UWB-RTLS\Code\uwb-rtls\software\nucleo\EWARM\NUCLEOF207-RTLS\Obj\err.o
#        \\Mac\Home\Documents\PROJECTS\UWB-RTLS\Code\uwb-rtls\software\nucleo\EWARM\NUCLEOF207-RTLS\Obj\etharp.o
#        \\Mac\Home\Documents\PROJECTS\UWB-RTLS\Code\uwb-rtls\software\nucleo\EWARM\NUCLEOF207-RTLS\Obj\ethernet.o
#        \\Mac\Home\Documents\PROJECTS\UWB-RTLS\Code\uwb-rtls\software\nucleo\EWARM\NUCLEOF207-RTLS\Obj\ethernetif.o
#        \\Mac\Home\Documents\PROJECTS\UWB-RTLS\Code\uwb-rtls\software\nucleo\EWARM\NUCLEOF207-RTLS\Obj\ethip6.o
#        \\Mac\Home\Documents\PROJECTS\UWB-RTLS\Code\uwb-rtls\software\nucleo\EWARM\NUCLEOF207-RTLS\Obj\eui64.o
#        \\Mac\Home\Documents\PROJECTS\UWB-RTLS\Code\uwb-rtls\software\nucleo\EWARM\NUCLEOF207-RTLS\Obj\event_groups.o
#        \\Mac\Home\Documents\PROJECTS\UWB-RTLS\Code\uwb-rtls\software\nucleo\EWARM\NUCLEOF207-RTLS\Obj\fsm.o
#        \\Mac\Home\Documents\PROJECTS\UWB-RTLS\Code\uwb-rtls\software\nucleo\EWARM\NUCLEOF207-RTLS\Obj\heap_4.o
#        \\Mac\Home\Documents\PROJECTS\UWB-RTLS\Code\uwb-rtls\software\nucleo\EWARM\NUCLEOF207-RTLS\Obj\icmp.o
#        \\Mac\Home\Documents\PROJECTS\UWB-RTLS\Code\uwb-rtls\software\nucleo\EWARM\NUCLEOF207-RTLS\Obj\icmp6.o
#        \\Mac\Home\Documents\PROJECTS\UWB-RTLS\Code\uwb-rtls\software\nucleo\EWARM\NUCLEOF207-RTLS\Obj\igmp.o
#        \\Mac\Home\Documents\PROJECTS\UWB-RTLS\Code\uwb-rtls\software\nucleo\EWARM\NUCLEOF207-RTLS\Obj\inet6.o
#        \\Mac\Home\Documents\PROJECTS\UWB-RTLS\Code\uwb-rtls\software\nucleo\EWARM\NUCLEOF207-RTLS\Obj\inet_chksum.o
#        \\Mac\Home\Documents\PROJECTS\UWB-RTLS\Code\uwb-rtls\software\nucleo\EWARM\NUCLEOF207-RTLS\Obj\init.o
#        \\Mac\Home\Documents\PROJECTS\UWB-RTLS\Code\uwb-rtls\software\nucleo\EWARM\NUCLEOF207-RTLS\Obj\ip.o
#        \\Mac\Home\Documents\PROJECTS\UWB-RTLS\Code\uwb-rtls\software\nucleo\EWARM\NUCLEOF207-RTLS\Obj\ip4.o
#        \\Mac\Home\Documents\PROJECTS\UWB-RTLS\Code\uwb-rtls\software\nucleo\EWARM\NUCLEOF207-RTLS\Obj\ip4_addr.o
#        \\Mac\Home\Documents\PROJECTS\UWB-RTLS\Code\uwb-rtls\software\nucleo\EWARM\NUCLEOF207-RTLS\Obj\ip4_frag.o
#        \\Mac\Home\Documents\PROJECTS\UWB-RTLS\Code\uwb-rtls\software\nucleo\EWARM\NUCLEOF207-RTLS\Obj\ip6.o
#        \\Mac\Home\Documents\PROJECTS\UWB-RTLS\Code\uwb-rtls\software\nucleo\EWARM\NUCLEOF207-RTLS\Obj\ip6_addr.o
#        \\Mac\Home\Documents\PROJECTS\UWB-RTLS\Code\uwb-rtls\software\nucleo\EWARM\NUCLEOF207-RTLS\Obj\ip6_frag.o
#        \\Mac\Home\Documents\PROJECTS\UWB-RTLS\Code\uwb-rtls\software\nucleo\EWARM\NUCLEOF207-RTLS\Obj\ipcp.o
#        \\Mac\Home\Documents\PROJECTS\UWB-RTLS\Code\uwb-rtls\software\nucleo\EWARM\NUCLEOF207-RTLS\Obj\ipv6cp.o
#        \\Mac\Home\Documents\PROJECTS\UWB-RTLS\Code\uwb-rtls\software\nucleo\EWARM\NUCLEOF207-RTLS\Obj\lcp.o
#        \\Mac\Home\Documents\PROJECTS\UWB-RTLS\Code\uwb-rtls\software\nucleo\EWARM\NUCLEOF207-RTLS\Obj\list.o
#        \\Mac\Home\Documents\PROJECTS\UWB-RTLS\Code\uwb-rtls\software\nucleo\EWARM\NUCLEOF207-RTLS\Obj\lowpan6.o
#        \\Mac\Home\Documents\PROJECTS\UWB-RTLS\Code\uwb-rtls\software\nucleo\EWARM\NUCLEOF207-RTLS\Obj\lwip.o
#        \\Mac\Home\Documents\PROJECTS\UWB-RTLS\Code\uwb-rtls\software\nucleo\EWARM\NUCLEOF207-RTLS\Obj\magic.o
#        \\Mac\Home\Documents\PROJECTS\UWB-RTLS\Code\uwb-rtls\software\nucleo\EWARM\NUCLEOF207-RTLS\Obj\main.o
#        \\Mac\Home\Documents\PROJECTS\UWB-RTLS\Code\uwb-rtls\software\nucleo\EWARM\NUCLEOF207-RTLS\Obj\mem.o
#        \\Mac\Home\Documents\PROJECTS\UWB-RTLS\Code\uwb-rtls\software\nucleo\EWARM\NUCLEOF207-RTLS\Obj\memp.o
#        \\Mac\Home\Documents\PROJECTS\UWB-RTLS\Code\uwb-rtls\software\nucleo\EWARM\NUCLEOF207-RTLS\Obj\mld6.o
#        \\Mac\Home\Documents\PROJECTS\UWB-RTLS\Code\uwb-rtls\software\nucleo\EWARM\NUCLEOF207-RTLS\Obj\mppe.o
#        \\Mac\Home\Documents\PROJECTS\UWB-RTLS\Code\uwb-rtls\software\nucleo\EWARM\NUCLEOF207-RTLS\Obj\multilink.o
#        \\Mac\Home\Documents\PROJECTS\UWB-RTLS\Code\uwb-rtls\software\nucleo\EWARM\NUCLEOF207-RTLS\Obj\nd6.o
#        \\Mac\Home\Documents\PROJECTS\UWB-RTLS\Code\uwb-rtls\software\nucleo\EWARM\NUCLEOF207-RTLS\Obj\net_conf.o
#        \\Mac\Home\Documents\PROJECTS\UWB-RTLS\Code\uwb-rtls\software\nucleo\EWARM\NUCLEOF207-RTLS\Obj\netbuf.o
#        \\Mac\Home\Documents\PROJECTS\UWB-RTLS\Code\uwb-rtls\software\nucleo\EWARM\NUCLEOF207-RTLS\Obj\netdb.o
#        \\Mac\Home\Documents\PROJECTS\UWB-RTLS\Code\uwb-rtls\software\nucleo\EWARM\NUCLEOF207-RTLS\Obj\netif.o
#        \\Mac\Home\Documents\PROJECTS\UWB-RTLS\Code\uwb-rtls\software\nucleo\EWARM\NUCLEOF207-RTLS\Obj\netifapi.o
#        \\Mac\Home\Documents\PROJECTS\UWB-RTLS\Code\uwb-rtls\software\nucleo\EWARM\NUCLEOF207-RTLS\Obj\pbuf.o
#        \\Mac\Home\Documents\PROJECTS\UWB-RTLS\Code\uwb-rtls\software\nucleo\EWARM\NUCLEOF207-RTLS\Obj\port.o
#        \\Mac\Home\Documents\PROJECTS\UWB-RTLS\Code\uwb-rtls\software\nucleo\EWARM\NUCLEOF207-RTLS\Obj\portasm.o
#        \\Mac\Home\Documents\PROJECTS\UWB-RTLS\Code\uwb-rtls\software\nucleo\EWARM\NUCLEOF207-RTLS\Obj\ppp.o
#        \\Mac\Home\Documents\PROJECTS\UWB-RTLS\Code\uwb-rtls\software\nucleo\EWARM\NUCLEOF207-RTLS\Obj\pppapi.o
#        \\Mac\Home\Documents\PROJECTS\UWB-RTLS\Code\uwb-rtls\software\nucleo\EWARM\NUCLEOF207-RTLS\Obj\pppcrypt.o
#        \\Mac\Home\Documents\PROJECTS\UWB-RTLS\Code\uwb-rtls\software\nucleo\EWARM\NUCLEOF207-RTLS\Obj\pppoe.o
#        \\Mac\Home\Documents\PROJECTS\UWB-RTLS\Code\uwb-rtls\software\nucleo\EWARM\NUCLEOF207-RTLS\Obj\pppol2tp.o
#        \\Mac\Home\Documents\PROJECTS\UWB-RTLS\Code\uwb-rtls\software\nucleo\EWARM\NUCLEOF207-RTLS\Obj\pppos.o
#        \\Mac\Home\Documents\PROJECTS\UWB-RTLS\Code\uwb-rtls\software\nucleo\EWARM\NUCLEOF207-RTLS\Obj\queue.o
#        \\Mac\Home\Documents\PROJECTS\UWB-RTLS\Code\uwb-rtls\software\nucleo\EWARM\NUCLEOF207-RTLS\Obj\raw.o
#        \\Mac\Home\Documents\PROJECTS\UWB-RTLS\Code\uwb-rtls\software\nucleo\EWARM\NUCLEOF207-RTLS\Obj\slipif.o
#        \\Mac\Home\Documents\PROJECTS\UWB-RTLS\Code\uwb-rtls\software\nucleo\EWARM\NUCLEOF207-RTLS\Obj\soc_proto.o
#        \\Mac\Home\Documents\PROJECTS\UWB-RTLS\Code\uwb-rtls\software\nucleo\EWARM\NUCLEOF207-RTLS\Obj\sockets.o
#        \\Mac\Home\Documents\PROJECTS\UWB-RTLS\Code\uwb-rtls\software\nucleo\EWARM\NUCLEOF207-RTLS\Obj\startup_stm32f207xx.o
#        \\Mac\Home\Documents\PROJECTS\UWB-RTLS\Code\uwb-rtls\software\nucleo\EWARM\NUCLEOF207-RTLS\Obj\stats.o
#        \\Mac\Home\Documents\PROJECTS\UWB-RTLS\Code\uwb-rtls\software\nucleo\EWARM\NUCLEOF207-RTLS\Obj\stm32f2xx_hal.o
#        \\Mac\Home\Documents\PROJECTS\UWB-RTLS\Code\uwb-rtls\software\nucleo\EWARM\NUCLEOF207-RTLS\Obj\stm32f2xx_hal_cortex.o
#        \\Mac\Home\Documents\PROJECTS\UWB-RTLS\Code\uwb-rtls\software\nucleo\EWARM\NUCLEOF207-RTLS\Obj\stm32f2xx_hal_dma.o
#        \\Mac\Home\Documents\PROJECTS\UWB-RTLS\Code\uwb-rtls\software\nucleo\EWARM\NUCLEOF207-RTLS\Obj\stm32f2xx_hal_dma_ex.o
#        \\Mac\Home\Documents\PROJECTS\UWB-RTLS\Code\uwb-rtls\software\nucleo\EWARM\NUCLEOF207-RTLS\Obj\stm32f2xx_hal_eth.o
#        \\Mac\Home\Documents\PROJECTS\UWB-RTLS\Code\uwb-rtls\software\nucleo\EWARM\NUCLEOF207-RTLS\Obj\stm32f2xx_hal_flash.o
#        \\Mac\Home\Documents\PROJECTS\UWB-RTLS\Code\uwb-rtls\software\nucleo\EWARM\NUCLEOF207-RTLS\Obj\stm32f2xx_hal_flash_ex.o
#        \\Mac\Home\Documents\PROJECTS\UWB-RTLS\Code\uwb-rtls\software\nucleo\EWARM\NUCLEOF207-RTLS\Obj\stm32f2xx_hal_gpio.o
#        \\Mac\Home\Documents\PROJECTS\UWB-RTLS\Code\uwb-rtls\software\nucleo\EWARM\NUCLEOF207-RTLS\Obj\stm32f2xx_hal_msp.o
#        \\Mac\Home\Documents\PROJECTS\UWB-RTLS\Code\uwb-rtls\software\nucleo\EWARM\NUCLEOF207-RTLS\Obj\stm32f2xx_hal_pwr.o
#        \\Mac\Home\Documents\PROJECTS\UWB-RTLS\Code\uwb-rtls\software\nucleo\EWARM\NUCLEOF207-RTLS\Obj\stm32f2xx_hal_pwr_ex.o
#        \\Mac\Home\Documents\PROJECTS\UWB-RTLS\Code\uwb-rtls\software\nucleo\EWARM\NUCLEOF207-RTLS\Obj\stm32f2xx_hal_rcc.o
#        \\Mac\Home\Documents\PROJECTS\UWB-RTLS\Code\uwb-rtls\software\nucleo\EWARM\NUCLEOF207-RTLS\Obj\stm32f2xx_hal_rcc_ex.o
#        \\Mac\Home\Documents\PROJECTS\UWB-RTLS\Code\uwb-rtls\software\nucleo\EWARM\NUCLEOF207-RTLS\Obj\stm32f2xx_hal_spi.o
#        \\Mac\Home\Documents\PROJECTS\UWB-RTLS\Code\uwb-rtls\software\nucleo\EWARM\NUCLEOF207-RTLS\Obj\stm32f2xx_hal_tim.o
#        \\Mac\Home\Documents\PROJECTS\UWB-RTLS\Code\uwb-rtls\software\nucleo\EWARM\NUCLEOF207-RTLS\Obj\stm32f2xx_hal_tim_ex.o
#        \\Mac\Home\Documents\PROJECTS\UWB-RTLS\Code\uwb-rtls\software\nucleo\EWARM\NUCLEOF207-RTLS\Obj\stm32f2xx_it.o
#        \\Mac\Home\Documents\PROJECTS\UWB-RTLS\Code\uwb-rtls\software\nucleo\EWARM\NUCLEOF207-RTLS\Obj\sys.o
#        \\Mac\Home\Documents\PROJECTS\UWB-RTLS\Code\uwb-rtls\software\nucleo\EWARM\NUCLEOF207-RTLS\Obj\sys_arch.o
#        \\Mac\Home\Documents\PROJECTS\UWB-RTLS\Code\uwb-rtls\software\nucleo\EWARM\NUCLEOF207-RTLS\Obj\system_stm32f2xx.o
#        \\Mac\Home\Documents\PROJECTS\UWB-RTLS\Code\uwb-rtls\software\nucleo\EWARM\NUCLEOF207-RTLS\Obj\tasks.o
#        \\Mac\Home\Documents\PROJECTS\UWB-RTLS\Code\uwb-rtls\software\nucleo\EWARM\NUCLEOF207-RTLS\Obj\tcp.o
#        \\Mac\Home\Documents\PROJECTS\UWB-RTLS\Code\uwb-rtls\software\nucleo\EWARM\NUCLEOF207-RTLS\Obj\tcp_in.o
#        \\Mac\Home\Documents\PROJECTS\UWB-RTLS\Code\uwb-rtls\software\nucleo\EWARM\NUCLEOF207-RTLS\Obj\tcp_out.o
#        \\Mac\Home\Documents\PROJECTS\UWB-RTLS\Code\uwb-rtls\software\nucleo\EWARM\NUCLEOF207-RTLS\Obj\tcpip.o
#        \\Mac\Home\Documents\PROJECTS\UWB-RTLS\Code\uwb-rtls\software\nucleo\EWARM\NUCLEOF207-RTLS\Obj\timeouts.o
#        \\Mac\Home\Documents\PROJECTS\UWB-RTLS\Code\uwb-rtls\software\nucleo\EWARM\NUCLEOF207-RTLS\Obj\timers.o
#        \\Mac\Home\Documents\PROJECTS\UWB-RTLS\Code\uwb-rtls\software\nucleo\EWARM\NUCLEOF207-RTLS\Obj\tsk_udp_client.o
#        \\Mac\Home\Documents\PROJECTS\UWB-RTLS\Code\uwb-rtls\software\nucleo\EWARM\NUCLEOF207-RTLS\Obj\udp.o
#        \\Mac\Home\Documents\PROJECTS\UWB-RTLS\Code\uwb-rtls\software\nucleo\EWARM\NUCLEOF207-RTLS\Obj\upap.o
#        \\Mac\Home\Documents\PROJECTS\UWB-RTLS\Code\uwb-rtls\software\nucleo\EWARM\NUCLEOF207-RTLS\Obj\utils.o
#        \\Mac\Home\Documents\PROJECTS\UWB-RTLS\Code\uwb-rtls\software\nucleo\EWARM\NUCLEOF207-RTLS\Obj\vj.o
#        --redirect _Printf=_PrintfFull --redirect _Scanf=_ScanfFull
#        --no_out_extension -o
#        \\Mac\Home\Documents\PROJECTS\UWB-RTLS\Code\uwb-rtls\software\nucleo\EWARM\NUCLEOF207-RTLS\Exe\NUCLEOF207-RTLS.out
#        --map
#        \\Mac\Home\Documents\PROJECTS\UWB-RTLS\Code\uwb-rtls\software\nucleo\EWARM\NUCLEOF207-RTLS\List\NUCLEOF207-RTLS.map
#        --config
#        \\Mac\Home\Documents\PROJECTS\UWB-RTLS\Code\uwb-rtls\software\nucleo\EWARM/stm32f207xx_flash.icf
#        --semihosting --entry __iar_program_start --redirect
#        __iar_sh_stdout=__iar_sh_stdout_swo --no_vfe --text_out locale)
#
###############################################################################

*******************************************************************************
*** RUNTIME MODEL ATTRIBUTES
***

CppFlavor                     = *
__CPP_Exceptions              = Disabled
__CPP_Language                = C++14
__Heap_Handler                = DLMalloc
__SystemLibrary               = DLib
__dlib_dynamic_initialization = normal
__dlib_version                = 6


*******************************************************************************
*** HEAP SELECTION
***

The advanced heap was selected because the application calls memory
allocation functions outside of system library functions, and there
are calls to deallocation functions in the application.


*******************************************************************************
*** PLACEMENT SUMMARY
***

"A0":  place at 0x800'0000 { ro section .intvec };
"P1":  place in [from 0x800'0000 to 0x80f'ffff] { ro };
define block CSTACK with size = 1K, alignment = 8 { };
define block HEAP with size = 512, alignment = 8 { };
"P2":  place in [from 0x2000'0000 to 0x2002'0000] {
          rw, block CSTACK, block HEAP };
initialize by copy { rw };

  Section                Kind         Address    Size  Object
  -------                ----         -------    ----  ------
"A0":                                           0x184
  .intvec                ro code   0x800'0000   0x184  startup_stm32f207xx.o [1]
                                 - 0x800'0184   0x184

"P1":                                          0xfbef
  .text                  ro code   0x800'0184  0x1650  tcp_in.o [1]
  .text                  ro code   0x800'17d4   0x5f8  pbuf.o [1]
  .text                  ro code   0x800'1dcc    0x4c  ip4_addr.o [1]
  .text                  ro code   0x800'1e18   0x1aa  inet_chksum.o [1]
  .text                  ro code   0x800'1fc2    0x7a  lz77_init_single.o [5]
  .text                  ro code   0x800'203c    0x2c  def.o [1]
  .text                  ro code   0x800'2068   0xe9c  tcp.o [1]
  .text                  ro code   0x800'2f04   0x11c  memp.o [1]
  .text                  ro code   0x800'3020   0xebc  tcp_out.o [1]
  .text                  ro code   0x800'3edc   0x238  timeouts.o [1]
  .text                  ro code   0x800'4114   0x2f4  sys_arch.o [1]
  .text                  ro code   0x800'4408   0x1c0  tcpip.o [1]
  .text                  ro code   0x800'45c8   0x400  mem.o [1]
  .text                  ro code   0x800'49c8    0xa6  ABImemcpy.o [5]
  .text                  ro code   0x800'4a6e    0x3a  zero_init3.o [5]
  .text                  ro code   0x800'4aa8   0x474  ip4.o [1]
  .text                  ro code   0x800'4f1c    0x66  ABImemset.o [5]
  .text                  ro code   0x800'4f82    0x1e  xencoding_8859_1.o [2]
  .text                  ro code   0x800'4fa0   0x4b8  ethernetif.o [1]
  .text                  ro code   0x800'5458   0x3ce  cmsis_os.o [1]
  .rodata                const     0x800'5826     0x1  tsk_udp_client.o [1]
  .rodata                const     0x800'5827     0x1  unwind_debug.o [6]
  .text                  ro code   0x800'5828     0x6  ABImemclr4.o [5]
  .text                  ro code   0x800'582e    0x24  init.o [1]
  .text                  ro code   0x800'5854   0x6b4  ip4_frag.o [1]
  .text                  ro code   0x800'5f08   0x580  udp.o [1]
  .text                  ro code   0x800'6488   0x2d0  icmp.o [1]
  .text                  ro code   0x800'6758   0x268  stm32f2xx_hal_gpio.o [1]
  .text                  ro code   0x800'69c0   0x144  stm32f2xx_hal_cortex.o [1]
  .text                  ro code   0x800'6b04   0xa4c  stm32f2xx_hal_eth.o [1]
  .text                  ro code   0x800'7550     0xc  stm32f2xx_hal.o [1]
  .text                  ro code   0x800'755c   0xa78  tasks.o [1]
  .text                  ro code   0x800'7fd4   0x8b4  queue.o [1]
  .text                  ro code   0x800'8888   0x1dc  port.o [1]
  .text                  ro code   0x800'8a64    0x32  ABImemset48.o [5]
  .text                  ro code   0x800'8a96     0x2  stats.o [1]
  .text                  ro code   0x800'8a98   0x17a  netif.o [1]
  .text                  ro code   0x800'8c14    0x88  deca_port.o [1]
  .text                  ro code   0x800'8c9c   0x508  stm32f2xx_hal_rcc.o [1]
  .text                  ro code   0x800'91a4    0x1e  stm32f2xx_hal.o [1]
  .text                  ro code   0x800'91c2     0x2  stm32f2xx_hal_eth.o [1]
  .text                  ro code   0x800'91c4     0x2  stm32f2xx_hal_eth.o [1]
  .text                  ro code   0x800'91c8   0x260  heap_4.o [1]
  .text                  ro code   0x800'9428    0x98  list.o [1]
  CODE                   ro code   0x800'94c0    0x88  portasm.o [1]
  .text                  ro code   0x800'9548   0x950  etharp.o [1]
  .text                  ro code   0x800'9e98    0x18  deca_port.o [1]
  .text                  ro code   0x800'9eb0    0x28  stm32f2xx_hal.o [1]
  .text                  ro code   0x800'9ed8   0x230  I64DivMod.o [5]
  .text                  ro code   0x800'a108   0x154  ethernet.o [1]
  .text                  ro code   0x800'a25c    0x10  deca_port.o [1]
  .text                  ro code   0x800'a26c     0x2  I64DivZer.o [5]
  .text                  ro code   0x800'a270    0x68  memcmp.o [5]
  .text                  ro code   0x800'a2d8  0x14e0  dlmalloc.o [2]
  .text                  ro code   0x800'b7b8     0x6  abort.o [2]
  .text                  ro code   0x800'b7c0    0x2c  xgetmemchunk.o [2]
  .text                  ro code   0x800'b7ec    0x14  exit.o [6]
  .text                  ro code   0x800'b800   0xf7a  xprintffull.o [2]
  .text                  ro code   0x800'c77c    0x78  xlocale_c.o [2]
  .text                  ro code   0x800'c7f4    0x16  strchr.o [5]
  .text                  ro code   0x800'c80c    0x40  xfail_s.o [2]
  .text                  ro code   0x800'c84c    0x36  strlen.o [5]
  .text                  ro code   0x800'c884    0x58  memchr.o [5]
  .text                  ro code   0x800'c8dc     0xa  xmbcurmax.o [2]
  .text                  ro code   0x800'c8e8   0x1a2  DblMul.o [4]
  .text                  ro code   0x800'ca8c    0x70  frexp.o [4]
  .text                  ro code   0x800'cafc    0x2e  DblCmpLe.o [4]
  .text                  ro code   0x800'cb2c    0x2e  DblCmpGe.o [4]
  .text                  ro code   0x800'cb5c   0x13a  ldexp.o [4]
  .text                  ro code   0x800'cc98    0x3a  DblToS32.o [4]
  .text                  ro code   0x800'ccd4    0x22  S32ToDbl.o [4]
  .text                  ro code   0x800'ccf8    0xe2  DblSub.o [4]
  .text                  ro code   0x800'cddc   0x246  DblDiv.o [4]
  .text                  ro code   0x800'd024    0x28  DblToU32.o [4]
  .text                  ro code   0x800'd04c    0x1a  U32ToDbl.o [4]
  .text                  ro code   0x800'd068   0x16a  DblAdd.o [4]
  .text                  ro code   0x800'd1d4   0xcc4  api_msg.o [1]
  .text                  ro code   0x800'de98    0x80  netbuf.o [1]
  .text                  ro code   0x800'df18   0x2d8  api_lib.o [1]
  .text                  ro code   0x800'e1f0   0x272  main.o [1]
  .text                  ro code   0x800'e464    0x34  stm32f2xx_hal.o [1]
  .text                  ro code   0x800'e498   0x180  dwm1000.o [1]
  .text                  ro code   0x800'e618   0x228  tsk_udp_client.o [1]
  .text                  ro code   0x800'e840   0x170  lwip.o [1]
  .text                  ro code   0x800'e9b0    0x48  stm32f2xx_hal_msp.o [1]
  .text                  ro code   0x800'e9f8    0x90  stm32f2xx_hal_spi.o [1]
  .text                  ro code   0x800'ea88    0xbe  net_conf.o [1]
  .text                  ro code   0x800'eb48    0x26  soc_proto.o [1]
  .text                  ro code   0x800'eb6e    0x10  tsk_udp_client.o [1]
  .text                  ro code   0x800'eb7e    0x78  tsk_udp_client.o [1]
  .text                  ro code   0x800'ebf6     0xe  tsk_udp_client.o [1]
  .text                  ro code   0x800'ec04    0x28  printf.o [2]
  .text                  ro code   0x800'ec2c    0x12  soc_proto.o [1]
  .text                  ro code   0x800'ec3e    0x28  soc_proto.o [1]
  .text                  ro code   0x800'ec66     0x8  tsk_udp_client.o [1]
  .text                  ro code   0x800'ec6e    0x1c  tsk_udp_client.o [1]
  .text                  ro code   0x800'ec8a    0x2c  tsk_udp_client.o [1]
  .text                  ro code   0x800'ecb6    0x42  tsk_udp_client.o [1]
  .text                  ro code   0x800'ecf8     0x8  tsk_udp_client.o [1]
  .text                  ro code   0x800'ed00     0xa  tsk_udp_client.o [1]
  .text                  ro code   0x800'ed0a    0x28  tsk_udp_client.o [1]
  .text                  ro code   0x800'ed32    0x78  tsk_udp_client.o [1]
  .text                  ro code   0x800'edaa    0x1c  tsk_udp_client.o [1]
  .text                  ro code   0x800'edc6     0xe  tsk_udp_client.o [1]
  .text                  ro code   0x800'edd4    0xb8  tsk_udp_client.o [1]
  .text                  ro code   0x800'ee8c    0x18  tsk_udp_client.o [1]
  .text                  ro code   0x800'eea4     0xa  tsk_udp_client.o [1]
  .text                  ro code   0x800'eeae     0x8  tsk_udp_client.o [1]
  .text                  ro code   0x800'eeb6    0x16  tsk_udp_client.o [1]
  .text                  ro code   0x800'eecc    0x1c  tsk_udp_client.o [1]
  .text                  ro code   0x800'eee8    0x2e  tsk_udp_client.o [1]
  .text                  ro code   0x800'ef16     0x2  tsk_udp_client.o [1]
  .text                  ro code   0x800'ef18     0x8  tsk_udp_client.o [1]
  .text                  ro code   0x800'ef20     0x2  tsk_udp_client.o [1]
  .text                  ro code   0x800'ef22     0x4  tsk_udp_client.o [1]
  .text                  ro code   0x800'ef26     0xa  tsk_udp_client.o [1]
  .text                  ro code   0x800'ef30     0x8  tsk_udp_client.o [1]
  .text                  ro code   0x800'ef38     0xc  tsk_udp_client.o [1]
  .text                  ro code   0x800'ef44     0xa  tsk_udp_client.o [1]
  .text                  ro code   0x800'ef4e     0x8  tsk_udp_client.o [1]
  .text                  ro code   0x800'ef56     0xa  tsk_udp_client.o [1]
  .text                  ro code   0x800'ef60     0x8  tsk_udp_client.o [1]
  .text                  ro code   0x800'ef68     0x8  tsk_udp_client.o [1]
  .text                  ro code   0x800'ef70     0x8  tsk_udp_client.o [1]
  .text                  ro code   0x800'ef78    0x1a  tsk_udp_client.o [1]
  .text                  ro code   0x800'ef92    0x1c  tsk_udp_client.o [1]
  .text                  ro code   0x800'efae     0x8  tsk_udp_client.o [1]
  .text                  ro code   0x800'efb6    0x1e  tsk_udp_client.o [1]
  .text                  ro code   0x800'efd4     0x2  tsk_udp_client.o [1]
  .text                  ro code   0x800'efd6    0x18  tsk_udp_client.o [1]
  .text                  ro code   0x800'efee     0x2  tsk_udp_client.o [1]
  .text                  ro code   0x800'eff0     0xc  tsk_udp_client.o [1]
  .text                  ro code   0x800'effc     0x2  tsk_udp_client.o [1]
  .text                  ro code   0x800'effe     0x8  tsk_udp_client.o [1]
  .text                  ro code   0x800'f006     0xe  tsk_udp_client.o [1]
  .text                  ro code   0x800'f014    0x34  tsk_udp_client.o [1]
  .text                  ro code   0x800'f048     0x2  tsk_udp_client.o [1]
  .text                  ro code   0x800'f04a     0x8  tsk_udp_client.o [1]
  .text                  ro code   0x800'f052     0xe  tsk_udp_client.o [1]
  .text                  ro code   0x800'f060     0x2  tsk_udp_client.o [1]
  .text                  ro code   0x800'f062     0x2  tsk_udp_client.o [1]
  .text                  ro code   0x800'f064     0x8  tsk_udp_client.o [1]
  .text                  ro code   0x800'f06c     0x6  tsk_udp_client.o [1]
  .text                  ro code   0x800'f072    0x12  tsk_udp_client.o [1]
  .text                  ro code   0x800'f084     0x2  tsk_udp_client.o [1]
  .text                  ro code   0x800'f086    0x32  tsk_udp_client.o [1]
  .text                  ro code   0x800'f0b8     0x4  tsk_udp_client.o [1]
  .text                  ro code   0x800'f0bc     0x2  tsk_udp_client.o [1]
  .text                  ro code   0x800'f0be     0xa  delop_0.o [3]
  .text                  ro code   0x800'f0c8    0x24  newop_0.o [3]
  .text                  ro code   0x800'f0ec    0x18  tsk_udp_client.o [1]
  .text                  ro code   0x800'f104     0x4  heaptramp0.o [2]
  .text                  ro code   0x800'f108     0x4  nomemory.o [3]
  .text                  ro code   0x800'f10c    0x96  ABImemmove.o [5]
  .text                  ro code   0x800'f1a2    0xd8  xfspos.o [2]
  .text                  ro code   0x800'f27c    0xac  fflush.o [2]
  .text                  ro code   0x800'f328     0xc  xfgpos.o [2]
  .text                  ro code   0x800'f334    0x4a  lseek.o [6]
  .text                  ro code   0x800'f37e    0x10  write.o [6]
  .text                  ro code   0x800'f390    0xcc  XShHandles.o [2]
  .text                  ro code   0x800'f45c    0x1e  dwrite.o [6]
  .text                  ro code   0x800'f47c    0x50  iarwstdswo.o [6]
  .text                  ro code   0x800'f4cc    0x22  iarwrite.o [6]
  .text                  ro code   0x800'f4ee    0xb4  xfwprep.o [2]
  .text                  ro code   0x800'f5a2    0x24  fseek.o [2]
  .text                  ro code   0x800'f5c8    0x8c  xfofind.o [2]
  .text                  ro code   0x800'f654    0x7e  fclose.o [2]
  .text                  ro code   0x800'f6d2    0x18  close.o [6]
  .text                  ro code   0x800'f6ea    0x14  remove.o [6]
  .text                  ro code   0x800'f700    0x54  system_stm32f2xx.o [1]
  .text                  ro code   0x800'f754    0x54  fputc.o [2]
  .text                  ro code   0x800'f7a8    0x46  stm32f2xx_it.o [1]
  .text                  ro code   0x800'f7f0    0x10  stm32f2xx_hal.o [1]
  .text                  ro code   0x800'f800    0x3c  xcloseall.o [2]
  .rodata                const     0x800'f83c    0x34  memp.o [1]
  .text                  ro code   0x800'f870    0x28  data_init.o [5]
  .iar.init_table        const     0x800'f898    0x24  - Linker created -
  .text                  ro code   0x800'f8bc    0x20  cmain_call_ctors.o [5]
  .text                  ro code   0x800'f8dc    0x18  cppinit.o [2]
  .text                  ro code   0x800'f8f4    0x1e  cmain.o [5]
  .text                  ro code   0x800'f912     0x4  low_level_init.o [2]
  .text                  ro code   0x800'f916     0x4  exit.o [2]
  .text                  ro code   0x800'f91c     0xe  cexit.o [5]
  .rodata                const     0x800'f92c    0x1c  tsk_udp_client.o [1]
  .rodata                const     0x800'f948    0x18  timeouts.o [1]
  .rodata                const     0x800'f960    0x18  tsk_udp_client.o [1]
  .text                  ro code   0x800'f978    0x16  xprout.o [2]
  .text                  ro code   0x800'f990     0xc  putchar.o [2]
  .rodata                const     0x800'f99c    0x14  ethernetif.o [1]
  .rodata                const     0x800'f9b0    0x14  lwip.o [1]
  .rodata                const     0x800'f9c4    0x14  tsk_udp_client.o [1]
  .rodata                const     0x800'f9d8    0x14  tsk_udp_client.o [1]
  .rodata                const     0x800'f9ec    0x10  lwip.o [1]
  .rodata                const     0x800'f9fc    0x10  memp.o [1]
  .rodata                const     0x800'fa0c    0x10  memp.o [1]
  .rodata                const     0x800'fa1c    0x10  memp.o [1]
  .rodata                const     0x800'fa2c    0x10  memp.o [1]
  .rodata                const     0x800'fa3c    0x10  memp.o [1]
  .rodata                const     0x800'fa4c    0x10  memp.o [1]
  .rodata                const     0x800'fa5c    0x10  memp.o [1]
  .rodata                const     0x800'fa6c    0x10  memp.o [1]
  .rodata                const     0x800'fa7c    0x10  memp.o [1]
  .rodata                const     0x800'fa8c    0x10  memp.o [1]
  .rodata                const     0x800'fa9c    0x10  memp.o [1]
  .rodata                const     0x800'faac    0x10  memp.o [1]
  .rodata                const     0x800'fabc    0x10  memp.o [1]
  .rodata                const     0x800'facc    0x10  system_stm32f2xx.o [1]
  .rodata                const     0x800'fadc    0x10  tcp.o [1]
  .rodata                const     0x800'faec    0x10  tcp.o [1]
  .rodata                const     0x800'fafc    0x10  tcpip.o [1]
  .rodata                const     0x800'fb0c    0x10  tsk_udp_client.o [1]
  .text                  ro code   0x800'fb1c    0x10  startup_stm32f207xx.o [1]
  .rodata                const     0x800'fb2c     0xc  dwm1000.o [1]
  .rodata                const     0x800'fb38     0xc  tsk_udp_client.o [1]
  .text                  ro code   0x800'fb44     0xc  cstartup_M.o [5]
  SHT$$PREINIT_ARRAY               0x800'fb50     0x0  <Block>
  SHT$$INIT_ARRAY                  0x800'fb50     0xc  <Block>
    .init_array          const     0x800'fb50     0x4  dwm1000.o [1]
    .init_array          const     0x800'fb54     0x4  soc_proto.o [1]
    .init_array          const     0x800'fb58     0x4  tsk_udp_client.o [1]
  __iar_tls$$INIT_ARRAY            0x800'fb5c     0x0  <Block>
  .rodata                const     0x800'fb5c     0x8  ethernet.o [1]
  .rodata                const     0x800'fb64     0x8  ethernet.o [1]
  .rodata                const     0x800'fb6c     0x8  ethernetif.o [1]
  .rodata                const     0x800'fb74     0x8  sys_arch.o [1]
  .rodata                const     0x800'fb7c     0x8  tasks.o [1]
  .rodata                const     0x800'fb84     0x8  tcp.o [1]
  .rodata                const     0x800'fb8c     0x6  xlocale_c.o [2]
  .rodata                const     0x800'fb94     0x4  ethernetif.o [1]
  .rodata                const     0x800'fb98     0x4  heap_4.o [1]
  .rodata                const     0x800'fb9c     0x4  ip4_addr.o [1]
  .rodata                const     0x800'fba0     0x4  port.o [1]
  .rodata                const     0x800'fba4     0x4  sys_arch.o [1]
  .rodata                const     0x800'fba8     0x4  sys_arch.o [1]
  .rodata                const     0x800'fbac     0x4  sys_arch.o [1]
  .text                  ro code   0x800'fbb0     0x4  startup_stm32f207xx.o [1]
  .text                  ro code   0x800'fbb4     0x4  startup_stm32f207xx.o [1]
  .text                  ro code   0x800'fbb8     0x4  startup_stm32f207xx.o [1]
  .text                  ro code   0x800'fbbc     0x4  startup_stm32f207xx.o [1]
  .text                  ro code   0x800'fbc0     0x4  startup_stm32f207xx.o [1]
  .text                  ro code   0x800'fbc4     0x4  startup_stm32f207xx.o [1]
  .text                  ro code   0x800'fbc8     0x4  startup_stm32f207xx.o [1]
  .text                  ro code   0x800'fbcc     0x4  startup_stm32f207xx.o [1]
  .text                  ro code   0x800'fbd0     0x4  startup_stm32f207xx.o [1]
  .text                  ro code   0x800'fbd4     0x4  startup_stm32f207xx.o [1]
  .text                  ro code   0x800'fbd8     0x4  startup_stm32f207xx.o [1]
  .text                  ro code   0x800'fbdc     0x4  startup_stm32f207xx.o [1]
  .text                  ro code   0x800'fbe0     0x4  startup_stm32f207xx.o [1]
  .text                  ro code   0x800'fbe4     0x4  startup_stm32f207xx.o [1]
  .text                  ro code   0x800'fbe8     0x4  startup_stm32f207xx.o [1]
  .text                  ro code   0x800'fbec     0x4  startup_stm32f207xx.o [1]
  .text                  ro code   0x800'fbf0     0x4  startup_stm32f207xx.o [1]
  .text                  ro code   0x800'fbf4     0x4  startup_stm32f207xx.o [1]
  .text                  ro code   0x800'fbf8     0x4  startup_stm32f207xx.o [1]
  .text                  ro code   0x800'fbfc     0x4  startup_stm32f207xx.o [1]
  .text                  ro code   0x800'fc00     0x4  startup_stm32f207xx.o [1]
  .text                  ro code   0x800'fc04     0x4  startup_stm32f207xx.o [1]
  .text                  ro code   0x800'fc08     0x4  startup_stm32f207xx.o [1]
  .text                  ro code   0x800'fc0c     0x4  startup_stm32f207xx.o [1]
  .text                  ro code   0x800'fc10     0x4  startup_stm32f207xx.o [1]
  .text                  ro code   0x800'fc14     0x4  startup_stm32f207xx.o [1]
  .text                  ro code   0x800'fc18     0x4  startup_stm32f207xx.o [1]
  .text                  ro code   0x800'fc1c     0x4  startup_stm32f207xx.o [1]
  .text                  ro code   0x800'fc20     0x4  startup_stm32f207xx.o [1]
  .text                  ro code   0x800'fc24     0x4  startup_stm32f207xx.o [1]
  .text                  ro code   0x800'fc28     0x4  startup_stm32f207xx.o [1]
  .text                  ro code   0x800'fc2c     0x4  startup_stm32f207xx.o [1]
  .text                  ro code   0x800'fc30     0x4  startup_stm32f207xx.o [1]
  .text                  ro code   0x800'fc34     0x4  startup_stm32f207xx.o [1]
  .text                  ro code   0x800'fc38     0x4  startup_stm32f207xx.o [1]
  .text                  ro code   0x800'fc3c     0x4  startup_stm32f207xx.o [1]
  .text                  ro code   0x800'fc40     0x4  startup_stm32f207xx.o [1]
  .text                  ro code   0x800'fc44     0x4  startup_stm32f207xx.o [1]
  .text                  ro code   0x800'fc48     0x4  startup_stm32f207xx.o [1]
  .text                  ro code   0x800'fc4c     0x4  startup_stm32f207xx.o [1]
  .text                  ro code   0x800'fc50     0x4  startup_stm32f207xx.o [1]
  .text                  ro code   0x800'fc54     0x4  startup_stm32f207xx.o [1]
  .text                  ro code   0x800'fc58     0x4  startup_stm32f207xx.o [1]
  .text                  ro code   0x800'fc5c     0x4  startup_stm32f207xx.o [1]
  .text                  ro code   0x800'fc60     0x4  startup_stm32f207xx.o [1]
  .text                  ro code   0x800'fc64     0x4  startup_stm32f207xx.o [1]
  .text                  ro code   0x800'fc68     0x4  startup_stm32f207xx.o [1]
  .text                  ro code   0x800'fc6c     0x4  startup_stm32f207xx.o [1]
  .text                  ro code   0x800'fc70     0x4  startup_stm32f207xx.o [1]
  .text                  ro code   0x800'fc74     0x4  startup_stm32f207xx.o [1]
  .text                  ro code   0x800'fc78     0x4  startup_stm32f207xx.o [1]
  .text                  ro code   0x800'fc7c     0x4  startup_stm32f207xx.o [1]
  .text                  ro code   0x800'fc80     0x4  startup_stm32f207xx.o [1]
  .text                  ro code   0x800'fc84     0x4  startup_stm32f207xx.o [1]
  .text                  ro code   0x800'fc88     0x4  startup_stm32f207xx.o [1]
  .text                  ro code   0x800'fc8c     0x4  startup_stm32f207xx.o [1]
  .text                  ro code   0x800'fc90     0x4  startup_stm32f207xx.o [1]
  .text                  ro code   0x800'fc94     0x4  startup_stm32f207xx.o [1]
  .text                  ro code   0x800'fc98     0x4  startup_stm32f207xx.o [1]
  .text                  ro code   0x800'fc9c     0x4  startup_stm32f207xx.o [1]
  .text                  ro code   0x800'fca0     0x4  startup_stm32f207xx.o [1]
  .text                  ro code   0x800'fca4     0x4  startup_stm32f207xx.o [1]
  .text                  ro code   0x800'fca8     0x4  startup_stm32f207xx.o [1]
  .text                  ro code   0x800'fcac     0x4  startup_stm32f207xx.o [1]
  .text                  ro code   0x800'fcb0     0x4  startup_stm32f207xx.o [1]
  .text                  ro code   0x800'fcb4     0x4  startup_stm32f207xx.o [1]
  .text                  ro code   0x800'fcb8     0x4  startup_stm32f207xx.o [1]
  .text                  ro code   0x800'fcbc     0x4  startup_stm32f207xx.o [1]
  .text                  ro code   0x800'fcc0     0x4  startup_stm32f207xx.o [1]
  .text                  ro code   0x800'fcc4     0x4  startup_stm32f207xx.o [1]
  .text                  ro code   0x800'fcc8     0x4  startup_stm32f207xx.o [1]
  .text                  ro code   0x800'fccc     0x4  startup_stm32f207xx.o [1]
  .text                  ro code   0x800'fcd0     0x4  startup_stm32f207xx.o [1]
  .text                  ro code   0x800'fcd4     0x4  startup_stm32f207xx.o [1]
  .text                  ro code   0x800'fcd8     0x4  startup_stm32f207xx.o [1]
  .text                  ro code   0x800'fcdc     0x4  startup_stm32f207xx.o [1]
  .text                  ro code   0x800'fce0     0x0  cstart_closeall.o [5]
  .rodata                const     0x800'fce0     0x0  zero_init3.o [5]
  .rodata                const     0x800'fce0     0x0  lz77_init_single.o [5]
  Initializer bytes      const     0x800'fce0    0x93  <for P2-1>
                                 - 0x800'fd73  0xfbef

"P2", part 1 of 3:                              0x188
  P2-1                            0x2000'0000   0x188  <Init block>
    .data                inited   0x2000'0000     0x4  port.o [1]
    .data                inited   0x2000'0004     0x4  system_stm32f2xx.o [1]
    .data                inited   0x2000'0008     0x4  tcp.o [1]
    .data                inited   0x2000'000c    0x38  xlocale_c.o [2]
    .data                inited   0x2000'0044    0x48  xlocale_c.o [2]
    .data                inited   0x2000'008c    0x48  xfiles.o [2]
    .data                inited   0x2000'00d4    0x48  xfiles.o [2]
    .data                inited   0x2000'011c    0x48  xfiles.o [2]
    .data                inited   0x2000'0164    0x20  xfiles.o [2]
    .data                inited   0x2000'0184     0x2  tcp.o [1]
    .data                inited   0x2000'0186     0x2  udp.o [1]
                                - 0x2000'0188   0x188

"P2", part 2 of 3:                             0xe44c
  .bss                   zero     0x2000'0188  0x7800  heap_4.o [1]
  .bss                   zero     0x2000'7988  0x2144  memp.o [1]
  .bss                   zero     0x2000'9acc  0x17d0  ethernetif.o [1]
  .bss                   zero     0x2000'b29c  0x17d0  ethernetif.o [1]
  .bss                   zero     0x2000'ca6c   0x654  mem.o [1]
  .bss                   zero     0x2000'd0c0   0x2fc  memp.o [1]
  .bss                   zero     0x2000'd3bc   0x1d8  dlmalloc.o [2]
  .bss                   zero     0x2000'd594   0x16c  memp.o [1]
  .bss                   zero     0x2000'd700   0x104  memp.o [1]
  .bss                   zero     0x2000'd804   0x104  memp.o [1]
  .bss                   zero     0x2000'd908    0xfc  stats.o [1]
  .bss                   zero     0x2000'da04    0xf0  etharp.o [1]
  .bss                   zero     0x2000'daf4    0xe4  memp.o [1]
  .bss                   zero     0x2000'dbd8    0xb4  memp.o [1]
  .bss                   zero     0x2000'dc8c    0xa4  memp.o [1]
  .bss                   zero     0x2000'dd30    0x8c  tasks.o [1]
  .bss                   zero     0x2000'ddbc    0x84  memp.o [1]
  .bss                   zero     0x2000'de40    0x84  memp.o [1]
  .bss                   zero     0x2000'dec4    0x84  memp.o [1]
  .bss                   zero     0x2000'df48    0x80  ethernetif.o [1]
  .bss                   zero     0x2000'dfc8    0x80  ethernetif.o [1]
  .bss                   zero     0x2000'e048    0x80  XShHandles.o [2]
  .bss                   zero     0x2000'e0c8    0x64  dwm1000.o [1]
  .bss                   zero     0x2000'e12c    0x5c  tsk_udp_client.o [1]
  .bss                   zero     0x2000'e188    0x50  xfiles.o [2]
  .bss                   zero     0x2000'e1d8    0x50  xfiles.o [2]
  .bss                   zero     0x2000'e228    0x48  ethernetif.o [1]
  .bss                   zero     0x2000'e270    0x40  queue.o [1]
  .bss                   zero     0x2000'e2b0    0x34  memp.o [1]
  .bss                   zero     0x2000'e2e4    0x30  lwip.o [1]
  .bss                   zero     0x2000'e314    0x24  memp.o [1]
  .bss                   zero     0x2000'e338    0x18  ip.o [1]
  .bss                   zero     0x2000'e350    0x18  dlmalloc.o [2]
  .bss                   zero     0x2000'e368    0x14  soc_proto.o [1]
  .bss                   zero     0x2000'e37c    0x14  tasks.o [1]
  .bss                   zero     0x2000'e390    0x14  tasks.o [1]
  .bss                   zero     0x2000'e3a4    0x14  tasks.o [1]
  .bss                   zero     0x2000'e3b8    0x14  tasks.o [1]
  .bss                   zero     0x2000'e3cc    0x14  tasks.o [1]
  .bss                   zero     0x2000'e3e0    0x10  tcp_in.o [1]
  .bss                   zero     0x2000'e3f0     0xc  memp.o [1]
  .bss                   zero     0x2000'e3fc     0xc  memp.o [1]
  .bss                   zero     0x2000'e408     0xc  memp.o [1]
  .bss                   zero     0x2000'e414     0xc  memp.o [1]
  .bss                   zero     0x2000'e420     0xc  memp.o [1]
  .bss                   zero     0x2000'e42c     0xc  memp.o [1]
  .bss                   zero     0x2000'e438     0xc  memp.o [1]
  .bss                   zero     0x2000'e444     0xc  memp.o [1]
  .bss                   zero     0x2000'e450     0xc  memp.o [1]
  .bss                   zero     0x2000'e45c     0xc  memp.o [1]
  .bss                   zero     0x2000'e468     0xc  memp.o [1]
  .bss                   zero     0x2000'e474     0xc  memp.o [1]
  .bss                   zero     0x2000'e480     0xc  memp.o [1]
  .bss                   zero     0x2000'e48c     0x8  heap_4.o [1]
  .bss                   zero     0x2000'e494     0x4  deca_port.o [1]
  .bss                   zero     0x2000'e498     0x4  deca_port.o [1]
  .bss                   zero     0x2000'e49c     0x4  ethernetif.o [1]
  .bss                   zero     0x2000'e4a0     0x4  heap_4.o [1]
  .bss                   zero     0x2000'e4a4     0x4  heap_4.o [1]
  .bss                   zero     0x2000'e4a8     0x4  heap_4.o [1]
  .bss                   zero     0x2000'e4ac     0x4  heap_4.o [1]
  .bss                   zero     0x2000'e4b0     0x4  ip4_frag.o [1]
  .bss                   zero     0x2000'e4b4     0x4  lwip.o [1]
  .bss                   zero     0x2000'e4b8     0x4  lwip.o [1]
  .bss                   zero     0x2000'e4bc     0x4  lwip.o [1]
  .bss                   zero     0x2000'e4c0     0x4  lwip.o [1]
  .bss                   zero     0x2000'e4c4     0x4  lwip.o [1]
  .bss                   zero     0x2000'e4c8     0x4  lwip.o [1]
  .bss                   zero     0x2000'e4cc     0x4  lwip.o [1]
  .bss                   zero     0x2000'e4d0     0x4  mem.o [1]
  .bss                   zero     0x2000'e4d4     0x4  mem.o [1]
  .bss                   zero     0x2000'e4d8     0x4  mem.o [1]
  .bss                   zero     0x2000'e4dc     0x4  mem.o [1]
  .bss                   zero     0x2000'e4e0     0x4  memp.o [1]
  .bss                   zero     0x2000'e4e4     0x4  memp.o [1]
  .bss                   zero     0x2000'e4e8     0x4  memp.o [1]
  .bss                   zero     0x2000'e4ec     0x4  memp.o [1]
  .bss                   zero     0x2000'e4f0     0x4  memp.o [1]
  .bss                   zero     0x2000'e4f4     0x4  memp.o [1]
  .bss                   zero     0x2000'e4f8     0x4  memp.o [1]
  .bss                   zero     0x2000'e4fc     0x4  memp.o [1]
  .bss                   zero     0x2000'e500     0x4  memp.o [1]
  .bss                   zero     0x2000'e504     0x4  memp.o [1]
  .bss                   zero     0x2000'e508     0x4  memp.o [1]
  .bss                   zero     0x2000'e50c     0x4  memp.o [1]
  .bss                   zero     0x2000'e510     0x4  memp.o [1]
  .bss                   zero     0x2000'e514     0x4  netif.o [1]
  .bss                   zero     0x2000'e518     0x4  netif.o [1]
  .bss                   zero     0x2000'e51c     0x4  port.o [1]
  .bss                   zero     0x2000'e520     0x4  stm32f2xx_hal.o [1]
  .bss                   zero     0x2000'e524     0x4  sys_arch.o [1]
  .bss                   zero     0x2000'e528     0x4  tasks.o [1]
  .bss                   zero     0x2000'e52c     0x4  tasks.o [1]
  .bss                   zero     0x2000'e530     0x4  tasks.o [1]
  .bss                   zero     0x2000'e534     0x4  tasks.o [1]
  .bss                   zero     0x2000'e538     0x4  tasks.o [1]
  .bss                   zero     0x2000'e53c     0x4  tasks.o [1]
  .bss                   zero     0x2000'e540     0x4  tasks.o [1]
  .bss                   zero     0x2000'e544     0x4  tasks.o [1]
  .bss                   zero     0x2000'e548     0x4  tasks.o [1]
  .bss                   zero     0x2000'e54c     0x4  tasks.o [1]
  .bss                   zero     0x2000'e550     0x4  tasks.o [1]
  .bss                   zero     0x2000'e554     0x4  tasks.o [1]
  .bss                   zero     0x2000'e558     0x4  tasks.o [1]
  .bss                   zero     0x2000'e55c     0x4  tasks.o [1]
  .bss                   zero     0x2000'e560     0x4  tasks.o [1]
  .bss                   zero     0x2000'e564     0x4  tcp.o [1]
  .bss                   zero     0x2000'e568     0x4  tcp.o [1]
  .bss                   zero     0x2000'e56c     0x4  tcp.o [1]
  .bss                   zero     0x2000'e570     0x4  tcp.o [1]
  .bss                   zero     0x2000'e574     0x4  tcp.o [1]
  .bss                   zero     0x2000'e578     0x4  tcp_in.o [1]
  .bss                   zero     0x2000'e57c     0x4  tcp_in.o [1]
  .bss                   zero     0x2000'e580     0x4  tcp_in.o [1]
  .bss                   zero     0x2000'e584     0x4  tcp_in.o [1]
  .bss                   zero     0x2000'e588     0x4  tcp_in.o [1]
  .bss                   zero     0x2000'e58c     0x4  tcp_in.o [1]
  .bss                   zero     0x2000'e590     0x4  tcpip.o [1]
  .bss                   zero     0x2000'e594     0x4  tcpip.o [1]
  .bss                   zero     0x2000'e598     0x4  tcpip.o [1]
  .bss                   zero     0x2000'e59c     0x4  tcpip.o [1]
  .bss                   zero     0x2000'e5a0     0x4  timeouts.o [1]
  .bss                   zero     0x2000'e5a4     0x4  timeouts.o [1]
  .bss                   zero     0x2000'e5a8     0x4  timeouts.o [1]
  .bss                   zero     0x2000'e5ac     0x4  udp.o [1]
  .bss                   zero     0x2000'e5b0     0x4  new.o [3]
  .bss                   zero     0x2000'e5b4     0x4  xfail_s.o [2]
  .bss                   zero     0x2000'e5b8     0x4  xgetmemchunk.o [2]
  .bss                   zero     0x2000'e5bc     0x2  ip4.o [1]
  .bss                   zero     0x2000'e5be     0x2  ip4_frag.o [1]
  .bss                   zero     0x2000'e5c0     0x2  tcp_in.o [1]
  .bss                   zero     0x2000'e5c2     0x2  tcp_in.o [1]
  .bss                   zero     0x2000'e5c4     0x2  tcp_in.o [1]
  .bss                   zero     0x2000'e5c6     0x2  tcp_in.o [1]
  .bss                   zero     0x2000'e5c8     0x2  tcp_in.o [1]
  .bss                   zero     0x2000'e5ca     0x1  api_msg.o [1]
  .bss                   zero     0x2000'e5cb     0x1  etharp.o [1]
  .bss                   zero     0x2000'e5cc     0x1  netif.o [1]
  .bss                   zero     0x2000'e5cd     0x1  pbuf.o [1]
  .bss                   zero     0x2000'e5ce     0x1  port.o [1]
  .bss                   zero     0x2000'e5cf     0x1  tcp.o [1]
  .bss                   zero     0x2000'e5d0     0x1  tcp.o [1]
  .bss                   zero     0x2000'e5d1     0x1  tcp.o [1]
  .bss                   zero     0x2000'e5d2     0x1  tcp_in.o [1]
  .bss                   zero     0x2000'e5d3     0x1  tcp_in.o [1]
                                - 0x2000'e5d4  0xe44c

"P2", part 3 of 3:                              0x600
  CSTACK                          0x2000'e5d8   0x400  <Block>
    CSTACK               uninit   0x2000'e5d8   0x400  <Block tail>
  HEAP                            0x2000'e9d8   0x200  <Block>
    HEAP                 uninit   0x2000'e9d8   0x200  <Block tail>
                                - 0x2000'ebd8   0x600

Unused ranges:

         From           To      Size
         ----           --      ----
   0x800'fd73   0x80f'ffff  0xf'028d
  0x2000'e5d4  0x2000'e5d7       0x4
  0x2000'ebd8  0x2002'0000  0x1'1429


*******************************************************************************
*** INIT TABLE
***

          Address      Size
          -------      ----
Zero (__iar_zero_init3)
    1 destination range, total size 0xe44c:
          0x2000'0188  0xe44c

Copy/lz77 (__iar_lz77_init_single3)
    1 source range, total size 0x93 (37% of destination):
           0x800'fce0    0x93
    1 destination range, total size 0x188:
          0x2000'0000   0x188

Extra (__iar_cstart_call_ctors)



*******************************************************************************
*** MODULE SUMMARY
***

    Module                  ro code  ro data  rw data
    ------                  -------  -------  -------
command line/config:
    -------------------------------------------------
    Total:

\\Mac\Home\Documents\PROJECTS\UWB-RTLS\Code\uwb-rtls\software\nucleo\EWARM\NUCLEOF207-RTLS\Obj: [1]
    api_lib.o                   728
    api_msg.o                 3 268                 1
    cmsis_os.o                  974
    deca_port.o                 176                 8
    def.o                        44
    dwm1000.o                   384       16      100
    etharp.o                  2 384               241
    ethernet.o                  340       16
    ethernetif.o              1 208       32   12 524
    heap_4.o                    608        4   30 744
    icmp.o                      720
    inet_chksum.o               426
    init.o                       36
    ip.o                                           24
    ip4.o                     1 140                 2
    ip4_addr.o                   76        4
    ip4_frag.o                1 716                 6
    list.o                      152
    lwip.o                      368       36       76
    main.o                      626
    mem.o                     1 024             1 636
    memp.o                      284      260   11 428
    net_conf.o                  190
    netbuf.o                    128
    netif.o                     378                 9
    pbuf.o                    1 528                 1
    port.o                      476        5        9
    portasm.o                   136
    queue.o                   2 228                64
    soc_proto.o                  96        4       20
    startup_stm32f207xx.o       708
    stats.o                       2               252
    stm32f2xx_hal.o             150                 4
    stm32f2xx_hal_cortex.o      324
    stm32f2xx_hal_eth.o       2 640
    stm32f2xx_hal_gpio.o        616
    stm32f2xx_hal_msp.o          72
    stm32f2xx_hal_rcc.o       1 288
    stm32f2xx_hal_spi.o         144
    stm32f2xx_it.o               70
    sys_arch.o                  756       20        4
    system_stm32f2xx.o           84       18        4
    tasks.o                   2 680        8      300
    tcp.o                     3 740       42       29
    tcp_in.o                  5 712                52
    tcp_out.o                 3 772
    tcpip.o                     448       16       16
    timeouts.o                  568       24       12
    tsk_udp_client.o          1 838      125       92
    udp.o                     1 408        1        6
    -------------------------------------------------
    Total:                   48 862      631   57 664

dl7M_tlf.a: [2]
    XShHandles.o                204               128
    abort.o                       6
    cppinit.o                    24
    dlmalloc.o                5 344               496
    exit.o                        4
    fclose.o                    126
    fflush.o                    172
    fputc.o                      84
    fseek.o                      36
    heaptramp0.o                  4
    low_level_init.o              4
    printf.o                     40
    putchar.o                    12
    xcloseall.o                  60
    xencoding_8859_1.o           30
    xfail_s.o                    64                 4
    xfgpos.o                     12
    xfiles.o                              93      408
    xfofind.o                   140
    xfspos.o                    216
    xfwprep.o                   180
    xgetmemchunk.o               44                 4
    xlocale_c.o                 120       54      128
    xmbcurmax.o                  10
    xprintffull.o             3 962
    xprout.o                     22
    -------------------------------------------------
    Total:                   10 920      147    1 168

dlpp7M_tl_fc.a: [3]
    delop_0.o                    10
    new.o                                           4
    newop_0.o                    36
    nomemory.o                    4
    -------------------------------------------------
    Total:                       50                 4

m7M_tl.a: [4]
    DblAdd.o                    362
    DblCmpGe.o                   46
    DblCmpLe.o                   46
    DblDiv.o                    582
    DblMul.o                    418
    DblSub.o                    226
    DblToS32.o                   58
    DblToU32.o                   40
    S32ToDbl.o                   34
    U32ToDbl.o                   26
    frexp.o                     112
    ldexp.o                     314
    -------------------------------------------------
    Total:                    2 264

rt7M_tl.a: [5]
    ABImemclr4.o                  6
    ABImemcpy.o                 166
    ABImemmove.o                150
    ABImemset.o                 102
    ABImemset48.o                50
    I64DivMod.o                 560
    I64DivZer.o                   2
    cexit.o                      14
    cmain.o                      30
    cmain_call_ctors.o           32
    cstart_closeall.o
    cstartup_M.o                 12
    data_init.o                  40
    lz77_init_single.o          122
    memchr.o                     88
    memcmp.o                    104
    strchr.o                     22
    strlen.o                     54
    zero_init3.o                 58
    -------------------------------------------------
    Total:                    1 612

shb_l.a: [6]
    close.o                      24
    dwrite.o                     30
    exit.o                       20
    iarwrite.o                   34
    iarwstdswo.o                 80
    lseek.o                      74
    remove.o                     20
    unwind_debug.o                         1
    write.o                      16
    -------------------------------------------------
    Total:                      298        1

    Gaps                         58        4
    Linker created                        36    1 536
-----------------------------------------------------
    Grand Total:             64 064      819   60 372


*******************************************************************************
*** ENTRY LIST
***

Entry                       Address    Size  Type      Object
-----                       -------    ----  ----      ------
.iar.init_table$$Base    0x800'f898           --   Gb  - Linker created -
.iar.init_table$$Limit   0x800'f8bc           --   Gb  - Linker created -
?main                    0x800'f8f5          Code  Gb  cmain.o [5]
AHBPrescTable            0x800'facc    0x10  Data  Gb  system_stm32f2xx.o [1]
BusFault_Handler         0x800'f7af     0x2  Code  Gb  stm32f2xx_it.o [1]
CSTACK$$Base            0x2000'e5d8           --   Gb  - Linker created -
CSTACK$$Limit           0x2000'e9d8           --   Gb  - Linker created -
CacheMore                0x800'c781    0x24  Code  Lc  xlocale_c.o [2]
DMARxDscrTab            0x2000'df48    0x80  Data  Gb  ethernetif.o [1]
DMATxDscrTab            0x2000'dfc8    0x80  Data  Gb  ethernetif.o [1]
DWM1000::DWM1000()       0x800'e4a3    0x20  Code  Gb  dwm1000.o [1]
DWM1000::periphInit()    0x800'e4c3   0x12c  Code  Gb  dwm1000.o [1]
DebugMon_Handler         0x800'f7b3     0x2  Code  Gb  stm32f2xx_it.o [1]
ETH_DMAReceptionEnable   0x800'74b9    0x12  Code  Lc  stm32f2xx_hal_eth.o [1]
ETH_DMATransmissionEnable
                         0x800'74a7    0x12  Code  Lc  stm32f2xx_hal_eth.o [1]
ETH_Delay                0x800'74f7    0x24  Code  Lc  stm32f2xx_hal_eth.o [1]
ETH_FlushTransmitFIFO    0x800'74cb    0x2c  Code  Lc  stm32f2xx_hal_eth.o [1]
ETH_IRQHandler           0x800'f7c1     0xa  Code  Gb  stm32f2xx_it.o [1]
ETH_MACAddressConfig     0x800'742d    0x2a  Code  Lc  stm32f2xx_hal_eth.o [1]
ETH_MACDMAConfig         0x800'71d1   0x25c  Code  Lc  stm32f2xx_hal_eth.o [1]
ETH_MACReceptionEnable   0x800'747f    0x28  Code  Lc  stm32f2xx_hal_eth.o [1]
ETH_MACTransmissionEnable
                         0x800'7457    0x28  Code  Lc  stm32f2xx_hal_eth.o [1]
EXTI1_IRQHandler         0x800'f7d1     0xa  Code  Gb  stm32f2xx_it.o [1]
EXTI3_IRQHandler         0x800'f7e5     0xa  Code  Gb  stm32f2xx_it.o [1]
EXTI9_5_IRQHandler       0x800'f7db     0xa  Code  Gb  stm32f2xx_it.o [1]
Error_Handler            0x800'e461     0x2  Code  Gb  main.o [1]
GATEWAY_ADDRESS         0x2000'e4c8     0x4  Data  Gb  lwip.o [1]
HAL_Delay                0x800'91a5    0x1e  Code  Wk  stm32f2xx_hal.o [1]
HAL_ETH_DMARxDescListInit
                         0x800'6db7    0x7e  Code  Gb  stm32f2xx_hal_eth.o [1]
HAL_ETH_DMATxDescListInit
                         0x800'6d3b    0x7c  Code  Gb  stm32f2xx_hal_eth.o [1]
HAL_ETH_GetReceivedFrame_IT
                         0x800'6f63    0xaa  Code  Gb  stm32f2xx_hal_eth.o [1]
HAL_ETH_IRQHandler       0x800'700d    0x76  Code  Gb  stm32f2xx_hal_eth.o [1]
HAL_ETH_Init             0x800'6b05   0x236  Code  Gb  stm32f2xx_hal_eth.o [1]
HAL_ETH_MspInit          0x800'4fa1   0x13e  Code  Gb  ethernetif.o [1]
HAL_ETH_ReadPHYRegister
                         0x800'7083    0x84  Code  Gb  stm32f2xx_hal_eth.o [1]
HAL_ETH_RxCpltCallback   0x800'50df     0xc  Code  Gb  ethernetif.o [1]
HAL_ETH_Start            0x800'7187    0x4a  Code  Gb  stm32f2xx_hal_eth.o [1]
HAL_ETH_TransmitFrame    0x800'6e35   0x12e  Code  Gb  stm32f2xx_hal_eth.o [1]
HAL_ETH_WritePHYRegister
                         0x800'7107    0x80  Code  Gb  stm32f2xx_hal_eth.o [1]
HAL_GPIO_EXTI_Callback   0x800'8c71    0x1e  Code  Gb  deca_port.o [1]
HAL_GPIO_EXTI_IRQHandler
                         0x800'6965    0x1c  Code  Gb  stm32f2xx_hal_gpio.o [1]
HAL_GPIO_Init            0x800'6759   0x1e6  Code  Gb  stm32f2xx_hal_gpio.o [1]
HAL_GPIO_ReadPin         0x800'693f    0x12  Code  Gb  stm32f2xx_hal_gpio.o [1]
HAL_GPIO_WritePin        0x800'6951    0x14  Code  Gb  stm32f2xx_hal_gpio.o [1]
HAL_GetTick              0x800'7551     0xc  Code  Wk  stm32f2xx_hal.o [1]
HAL_IncTick              0x800'f7f1    0x10  Code  Wk  stm32f2xx_hal.o [1]
HAL_Init                 0x800'e465    0x30  Code  Gb  stm32f2xx_hal.o [1]
HAL_InitTick             0x800'9eb1    0x28  Code  Wk  stm32f2xx_hal.o [1]
HAL_MspInit              0x800'e9b1    0x48  Code  Gb  stm32f2xx_hal_msp.o [1]
HAL_NVIC_DisableIRQ      0x800'6acf     0xa  Code  Gb  stm32f2xx_hal_cortex.o [1]
HAL_NVIC_EnableIRQ       0x800'6ac5     0xa  Code  Gb  stm32f2xx_hal_cortex.o [1]
HAL_NVIC_SetPriority     0x800'6aa3    0x22  Code  Gb  stm32f2xx_hal_cortex.o [1]
HAL_NVIC_SetPriorityGrouping
                         0x800'6a9b     0x8  Code  Gb  stm32f2xx_hal_cortex.o [1]
HAL_RCC_ClockConfig      0x800'8f9f   0x14a  Code  Gb  stm32f2xx_hal_rcc.o [1]
HAL_RCC_GetHCLKFreq      0x800'9159     0x6  Code  Gb  stm32f2xx_hal_rcc.o [1]
HAL_RCC_GetSysClockFreq
                         0x800'90e9    0x70  Code  Gb  stm32f2xx_hal_rcc.o [1]
HAL_RCC_OscConfig        0x800'8c9d   0x302  Code  Gb  stm32f2xx_hal_rcc.o [1]
HAL_SPI_Init             0x800'e9f9    0x8e  Code  Gb  stm32f2xx_hal_spi.o [1]
HAL_SYSTICK_Config       0x800'6ad9     0x8  Code  Gb  stm32f2xx_hal_cortex.o [1]
HEAP$$Base              0x2000'e9d8           --   Gb  - Linker created -
HEAP$$Limit             0x2000'ebd8           --   Gb  - Linker created -
HardFault_Handler        0x800'f7ab     0x2  Code  Gb  stm32f2xx_it.o [1]
IP_ADDRESS              0x2000'e4c0     0x4  Data  Gb  lwip.o [1]
LoadInt                  0x800'b9c3    0x7a  Code  Lc  xprintffull.o [2]
MX_LWIP_Init             0x800'e85f   0x120  Code  Gb  lwip.o [1]
MemManage_Handler        0x800'f7ad     0x2  Code  Gb  stm32f2xx_it.o [1]
NETMASK_ADDRESS         0x2000'e4c4     0x4  Data  Gb  lwip.o [1]
NMI_Handler              0x800'f7a9     0x2  Code  Gb  stm32f2xx_it.o [1]
NVIC_DisableIRQ          0x800'69f9    0x14  Code  Lc  stm32f2xx_hal_cortex.o [1]
NVIC_EnableIRQ           0x800'69e5    0x14  Code  Lc  stm32f2xx_hal_cortex.o [1]
NVIC_EncodePriority      0x800'6a31    0x3c  Code  Lc  stm32f2xx_hal_cortex.o [1]
NVIC_GetPriorityGrouping
                         0x800'69db     0xa  Code  Lc  stm32f2xx_hal_cortex.o [1]
NVIC_SetPriority         0x800'6a0d    0x24  Code  Lc  stm32f2xx_hal_cortex.o [1]
NVIC_SetPriorityGrouping
                         0x800'69c1    0x1a  Code  Lc  stm32f2xx_hal_cortex.o [1]
NetConfig::NetConfig()   0x800'ea89    0x52  Code  Gb  net_conf.o [1]
NetConfig::getDeviceIp()
                         0x800'eaf1     0x2  Code  Gb  net_conf.o [1]
NetConfig::getGatewayIp()
                         0x800'eb03     0x4  Code  Gb  net_conf.o [1]
NetConfig::getServerIp()
                         0x800'eb17     0x4  Code  Gb  net_conf.o [1]
NetConfig::getServerPort()
                         0x800'eb3f     0x4  Code  Gb  net_conf.o [1]
NetConfig::getSubnetMask()
                         0x800'eb2b     0x4  Code  Gb  net_conf.o [1]
NetConfig::ipArrToHex(unsigned char *)
                         0x800'eadb    0x16  Code  Gb  net_conf.o [1]
NetConfig::setDeviceIp(unsigned char, unsigned char, unsigned char, unsigned char)
                         0x800'eaf3    0x10  Code  Gb  net_conf.o [1]
NetConfig::setGatewayIp(unsigned char, unsigned char, unsigned char, unsigned char)
                         0x800'eb07    0x10  Code  Gb  net_conf.o [1]
NetConfig::setServerIp(unsigned char, unsigned char, unsigned char, unsigned char)
                         0x800'eb1b    0x10  Code  Gb  net_conf.o [1]
NetConfig::setServerPort(unsigned short)
                         0x800'eb43     0x4  Code  Gb  net_conf.o [1]
NetConfig::setSubnetMask(unsigned char, unsigned char, unsigned char, unsigned char)
                         0x800'eb2f    0x10  Code  Gb  net_conf.o [1]
PendSV_Handler           0x800'94c1          Code  Gb  portasm.o [1]
Region$$Table$$Base      0x800'f898           --   Gb  - Linker created -
Region$$Table$$Limit     0x800'f8bc           --   Gb  - Linker created -
Rx_Buff                 0x2000'9acc  0x17d0  Data  Gb  ethernetif.o [1]
SHT$$INIT_ARRAY$$Base    0x800'fb50           --   Gb  - Linker created -
SHT$$INIT_ARRAY$$Limit   0x800'fb5c           --   Gb  - Linker created -
SHT$$PREINIT_ARRAY$$Base
                         0x800'fb50           --   Gb  - Linker created -
SHT$$PREINIT_ARRAY$$Limit
                         0x800'fb50           --   Gb  - Linker created -
SVC_Handler              0x800'9507          Code  Gb  portasm.o [1]
SocketProtocol::SocketProtocol()
                         0x800'eb59    0x16  Code  Gb  soc_proto.o [1]
SocketProtocol::proto_base_t::proto_base_t()
                         0x800'ec2d    0x12  Code  Gb  soc_proto.o [1]
SysTick_Config           0x800'6a6d    0x2e  Code  Lc  stm32f2xx_hal_cortex.o [1]
SysTick_Handler          0x800'f7b5     0xc  Code  Gb  stm32f2xx_it.o [1]
SystemClock_Config()     0x800'e21b    0x72  Code  Gb  main.o [1]
SystemCoreClock         0x2000'0004     0x4  Data  Gb  system_stm32f2xx.o [1]
SystemInit               0x800'f701    0x36  Code  Gb  system_stm32f2xx.o [1]
TskUdpClient::TskUdpClient()
                         0x800'e623    0x24  Code  Gb  tsk_udp_client.o [1]
TskUdpClient::createTask()
                         0x800'e647    0x62  Code  Gb  tsk_udp_client.o [1]
TskUdpClient::udpEchoThread(void const *)
                         0x800'e6a9    0xcc  Code  Gb  tsk_udp_client.o [1]
TskUdpClient::udpTransmitThread(void const *)
                         0x800'e775    0xb2  Code  Gb  tsk_udp_client.o [1]
Tx_Buff                 0x2000'b29c  0x17d0  Data  Gb  ethernetif.o [1]
UsageFault_Handler       0x800'f7b1     0x2  Code  Gb  stm32f2xx_it.o [1]
[local to main_cpp]::MX_GPIO_Init()
                         0x800'e28d   0x1ae  Code  Lc  main.o [1]
_Close_all               0x800'f801    0x3c  Code  Gb  xcloseall.o [2]
_Encoding_8859_1_Mbrlen
                         0x800'4f95     0x2  Code  Gb  xencoding_8859_1.o [2]
_Encoding_8859_1_Wctomb
                         0x800'4f83    0x12  Code  Gb  xencoding_8859_1.o [2]
_Files                  0x2000'0164    0x20  Data  Gb  xfiles.o [2]
_Fofree                  0x800'f5c9    0x86  Code  Gb  xfofind.o [2]
_Fspos                   0x800'f1a3    0xd8  Code  Gb  xfspos.o [2]
_Fwprep                  0x800'f4ef    0xb4  Code  Gb  xfwprep.o [2]
_GenldFull               0x800'c455   0x274  Code  Lc  xprintffull.o [2]
_LdtobFull               0x800'c029   0x400  Code  Lc  xprintffull.o [2]
_LitobFull               0x800'bed1   0x112  Code  Lc  xprintffull.o [2]
_Locale_lconv           0x2000'000c    0x38  Data  Lc  xlocale_c.o [2]
_Nnl                     0x800'f329     0xc  Code  Gb  xfgpos.o [2]
_PrintfFull              0x800'b801   0x1aa  Code  Gb  xprintffull.o [2]
_Prout                   0x800'f979    0x16  Code  Gb  xprout.o [2]
_PutcharsFull            0x800'c6c9    0x2e  Code  Lc  xprintffull.o [2]
_PutfldFull              0x800'ba3d   0x2d8  Code  Lc  xprintffull.o [2]
_PutstrFull              0x800'be0b    0xc6  Code  Lc  xprintffull.o [2]
_PuttxtFull              0x800'bd15    0xf6  Code  Lc  xprintffull.o [2]
__aeabi_cdcmple          0x800'cafd          Code  Gb  DblCmpLe.o [4]
__aeabi_cdrcmple         0x800'cb2d          Code  Gb  DblCmpGe.o [4]
__aeabi_d2iz             0x800'cc99          Code  Gb  DblToS32.o [4]
__aeabi_d2uiz            0x800'd025          Code  Gb  DblToU32.o [4]
__aeabi_ddiv             0x800'cddd          Code  Gb  DblDiv.o [4]
__aeabi_dmul             0x800'c8e9          Code  Gb  DblMul.o [4]
__aeabi_dsub             0x800'ccf9          Code  Gb  DblSub.o [4]
__aeabi_i2d              0x800'ccd5          Code  Gb  S32ToDbl.o [4]
__aeabi_ldiv0            0x800'a26d          Code  Gb  I64DivZer.o [5]
__aeabi_memclr4          0x800'5829          Code  Gb  ABImemclr4.o [5]
__aeabi_memcpy           0x800'49c9          Code  Gb  ABImemcpy.o [5]
__aeabi_memcpy4          0x800'49e9          Code  Gb  ABImemcpy.o [5]
__aeabi_memcpy8          0x800'49e9          Code  Gb  ABImemcpy.o [5]
__aeabi_memmove          0x800'f10d          Code  Gb  ABImemmove.o [5]
__aeabi_memmove4         0x800'f10d          Code  Gb  ABImemmove.o [5]
__aeabi_memmove8         0x800'f10d          Code  Gb  ABImemmove.o [5]
__aeabi_memset           0x800'4f1d          Code  Gb  ABImemset.o [5]
__aeabi_ui2d             0x800'd04d          Code  Gb  U32ToDbl.o [4]
__aeabi_uldivmod         0x800'9ed9          Code  Gb  I64DivMod.o [5]
__call_ctors             0x800'f8dd    0x18  Code  Gb  cppinit.o [2]
__cexit_closeall         0x800'f91f          Code  Gb  cexit.o [5]
__close                  0x800'f6d3    0x18  Code  Gb  close.o [6]
__cmain                  0x800'f8f5          Code  Gb  cmain.o [5]
__cstart_closeall        0x800'fce0          Data  Gb  cstart_closeall.o [5]
__data_GetMemChunk       0x800'b7c1    0x2c  Code  Gb  xgetmemchunk.o [2]
__data_GetMemChunk::start
                        0x2000'e5b8     0x4  Data  Lc  xgetmemchunk.o [2]
__dwrite                 0x800'f45d    0x1e  Code  Gb  dwrite.o [6]
__exit                   0x800'b7ed    0x14  Code  Gb  exit.o [6]
__iar_Fail_s             0x800'c80d    0x1c  Code  Gb  xfail_s.o [2]
__iar_Mbcurmax           0x800'c8dd     0xa  Code  Gb  xmbcurmax.o [2]
__iar_Memchr             0x800'c885          Code  Gb  memchr.o [5]
__iar_Memset             0x800'4f1d          Code  Gb  ABImemset.o [5]
__iar_Memset4_word       0x800'8a65          Code  Gb  ABImemset48.o [5]
__iar_Memset8_word       0x800'8a65          Code  Gb  ABImemset48.o [5]
__iar_Memset_word        0x800'4f25          Code  Gb  ABImemset.o [5]
__iar_Stderr            0x2000'011c    0x48  Data  Gb  xfiles.o [2]
__iar_Stdin             0x2000'008c    0x48  Data  Gb  xfiles.o [2]
__iar_Stdout            0x2000'00d4    0x48  Data  Gb  xfiles.o [2]
__iar_Strchr             0x800'c7f5          Code  Gb  strchr.o [5]
__iar_cstart_call_ctors
                         0x800'f8bd    0x20  Code  Gb  cmain_call_ctors.o [5]
__iar_dadd               0x800'cd09          Code  Gb  DblSub.o [4]
__iar_data_init3         0x800'f871    0x28  Code  Gb  data_init.o [5]
__iar_debug_exceptions   0x800'5827     0x1  Data  Gb  unwind_debug.o [6]
__iar_dlfree             0x800'b2b7   0x4f6  Code  Gb  dlmalloc.o [2]
__iar_dlmalloc           0x800'b001   0x2b6  Code  Gb  dlmalloc.o [2]
__iar_dsub               0x800'd069          Code  Gb  DblAdd.o [4]
__iar_dsubStart          0x800'd07b          Code  Gb  DblAdd.o [4]
__iar_frexp              0x800'ca99          Code  Gb  frexp.o [4]
__iar_frexp64            0x800'ca8d          Code  Gb  frexp.o [4]
__iar_frexpl             0x800'ca99          Code  Gb  frexp.o [4]
__iar_globLocale        0x2000'0044    0x48  Data  Lc  xlocale_c.o [2]
__iar_global_Locale      0x800'c77d     0x4  Code  Gb  xlocale_c.o [2]
__iar_ldexp64            0x800'cb5d          Code  Gb  ldexp.o [4]
__iar_lz77_init_single3
                         0x800'1fc3    0x7a  Code  Gb  lz77_init_single.o [5]
__iar_program_start      0x800'fb45          Code  Gb  cstartup_M.o [5]
__iar_scalbln64          0x800'cb5d          Code  Gb  ldexp.o [4]
__iar_scalbn64           0x800'cb5d          Code  Gb  ldexp.o [4]
__iar_sh_Discard         0x800'f391    0x42  Code  Gb  XShHandles.o [2]
__iar_sh_Move            0x800'f3d3    0x46  Code  Gb  XShHandles.o [2]
__iar_sh_Pos             0x800'f419    0x3e  Code  Gb  XShHandles.o [2]
__iar_sh_stdout_swo      0x800'f47d    0x50  Code  Gb  iarwstdswo.o [6]
__iar_sh_write           0x800'f4cd    0x22  Code  Gb  iarwrite.o [6]
__iar_tls$$INIT_ARRAY$$Base
                         0x800'fb5c           --   Gb  - Linker created -
__iar_tls$$INIT_ARRAY$$Limit
                         0x800'fb5c           --   Gb  - Linker created -
__iar_zero_init3         0x800'4a6f    0x3a  Code  Gb  zero_init3.o [5]
__low_level_init         0x800'f913     0x4  Code  Gb  low_level_init.o [2]
__lseek                  0x800'f335    0x4a  Code  Gb  lseek.o [6]
__sti__routine           0x800'e499     0xa  Code  Lc  dwm1000.o [1]
__sti__routine           0x800'eb49     0xa  Code  Lc  soc_proto.o [1]
__sti__routine           0x800'e619     0xa  Code  Lc  tsk_udp_client.o [1]
__vector_table           0x800'0000          Data  Gb  startup_stm32f207xx.o [1]
__write                  0x800'f37f    0x10  Code  Gb  write.o [6]
_call_main               0x800'f901          Code  Gb  cmain.o [5]
_exit                    0x800'f91d          Code  Gb  cexit.o [5]
_gLocale_mblen           0x800'c7e1     0x4  Code  Gb  xlocale_c.o [2]
_gLocale_mblenInt        0x800'c7a5    0x2c  Code  Gb  xlocale_c.o [2]
_gLocale_wctomb          0x800'c7e5     0x4  Code  Gb  xlocale_c.o [2]
_gLocale_wctombInt       0x800'c7dd     0x4  Code  Gb  xlocale_c.o [2]
_gm_                    0x2000'd3bc   0x1d8  Data  Lc  dlmalloc.o [2]
_main                    0x800'f90f          Code  Gb  cmain.o [5]
abort                    0x800'b7b9     0x6  Code  Gb  abort.o [2]
ackno                   0x2000'e584     0x4  Data  Lc  tcp_in.o [1]
add_segment              0x800'a6a1   0x1f2  Code  Lc  dlmalloc.o [2]
arp_table               0x2000'da04    0xf0  Data  Lc  etharp.o [1]
const std::allocator<unsigned char>& && std::forward<const std::allocator<unsigned char>&>(std::remove_reference<const std::allocator<unsigned char>&>::type &)
                         0x800'f049     0x2  Code  Gb  tsk_udp_client.o [1]
createLwipInitTsk        0x800'e841    0x1e  Code  Gb  lwip.o [1]
cyclic_timer             0x800'3f31    0x16  Code  Lc  timeouts.o [1]
do_memp_free_pool        0x800'2fd7    0x24  Code  Lc  memp.o [1]
do_memp_malloc_pool      0x800'2f6d    0x4e  Code  Lc  memp.o [1]
dwm1000                 0x2000'e0c8    0x64  Data  Gb  dwm1000.o [1]
ebuf                    0x2000'e188    0x50  Data  Lc  xfiles.o [2]
err_tcp                  0x800'd3ad   0x100  Code  Lc  api_msg.o [1]
etharp_cached_entry     0x2000'e5cb     0x1  Data  Lc  etharp.o [1]
etharp_cleanup_netif     0x800'98d7    0x44  Code  Gb  etharp.o [1]
etharp_find_entry        0x800'9659   0x1b0  Code  Lc  etharp.o [1]
etharp_free_entry        0x800'9549    0x32  Code  Lc  etharp.o [1]
etharp_input             0x800'991b   0x12c  Code  Gb  etharp.o [1]
etharp_output            0x800'9afb   0x112  Code  Gb  etharp.o [1]
etharp_output_to_arp_index
                         0x800'9a47    0xb4  Code  Lc  etharp.o [1]
etharp_query             0x800'9c0d   0x188  Code  Gb  etharp.o [1]
etharp_raw               0x800'9d95    0xc4  Code  Lc  etharp.o [1]
etharp_request           0x800'9e79     0xa  Code  Gb  etharp.o [1]
etharp_request_dst       0x800'9e59    0x20  Code  Lc  etharp.o [1]
etharp_tmr               0x800'957b    0xde  Code  Gb  etharp.o [1]
etharp_update_arp_entry
                         0x800'9809    0xce  Code  Lc  etharp.o [1]
ethbroadcast             0x800'fb5c     0x8  Data  Gb  ethernet.o [1]
ethernet_input           0x800'a109    0xf0  Code  Gb  ethernet.o [1]
ethernet_output          0x800'a1f9    0x5a  Code  Gb  ethernet.o [1]
ethernetif_init          0x800'53f3    0x1e  Code  Gb  ethernetif.o [1]
ethernetif_input         0x800'53bb    0x38  Code  Gb  ethernetif.o [1]
ethzero                  0x800'fb64     0x8  Data  Gb  ethernet.o [1]
exit                     0x800'f917     0x4  Code  Gb  exit.o [2]
fclose                   0x800'f655    0x7e  Code  Gb  fclose.o [2]
fflush                   0x800'f2f1    0x34  Code  Gb  fflush.o [2]
fflushOne                0x800'f27d    0x74  Code  Lc  fflush.o [2]
flags                   0x2000'e5d2     0x1  Data  Lc  tcp_in.o [1]
fputc                    0x800'f755    0x54  Code  Gb  fputc.o [2]
free                     0x800'f105     0x4  Code  Gb  heaptramp0.o [2]
frexp                    0x800'ca8d          Code  Gb  frexp.o [4]
frexpl                   0x800'ca8d          Code  Gb  frexp.o [4]
fseek                    0x800'f5a3    0x24  Code  Gb  fseek.o [2]
gnetif                  0x2000'e2e4    0x30  Data  Gb  lwip.o [1]
gw                      0x2000'e4bc     0x4  Data  Gb  lwip.o [1]
heth                    0x2000'e228    0x48  Data  Gb  ethernetif.o [1]
icmp_dest_unreach        0x800'66a9     0xe  Code  Gb  icmp.o [1]
icmp_input               0x800'6489   0x220  Code  Gb  icmp.o [1]
icmp_send_response       0x800'66c5    0x8c  Code  Lc  icmp.o [1]
icmp_time_exceeded       0x800'66b7     0xe  Code  Gb  icmp.o [1]
inHandlerMode            0x800'546f    0x12  Code  Lc  cmsis_os.o [1]
inet_chksum              0x800'1f53     0xe  Code  Gb  inet_chksum.o [1]
inet_chksum_pbuf         0x800'1f61    0x62  Code  Gb  inet_chksum.o [1]
inet_chksum_pseudo       0x800'1f17    0x2c  Code  Gb  inet_chksum.o [1]
inet_cksum_pseudo_base   0x800'1e7b    0x9c  Code  Lc  inet_chksum.o [1]
initLwipTaskHandle      0x2000'e4cc     0x4  Data  Gb  lwip.o [1]
init_mparams             0x800'a2f3    0x32  Code  Lc  dlmalloc.o [2]
init_top                 0x800'a325    0x36  Code  Lc  dlmalloc.o [2]
inseg                   0x2000'e3e0    0x10  Data  Lc  tcp_in.o [1]
ip4_addr_isbroadcast_u32
                         0x800'1dcd    0x4c  Code  Gb  ip4_addr.o [1]
ip4_frag                 0x800'5d1f   0x1d8  Code  Gb  ip4_frag.o [1]
ip4_input                0x800'4b29   0x278  Code  Gb  ip4.o [1]
ip4_output_if            0x800'4da1    0x30  Code  Gb  ip4.o [1]
ip4_output_if_src        0x800'4dd1   0x134  Code  Gb  ip4.o [1]
ip4_reass                0x800'5b17   0x1da  Code  Gb  ip4_frag.o [1]
ip4_route                0x800'4aa9    0x80  Code  Gb  ip4.o [1]
ip_addr_any              0x800'fb9c     0x4  Data  Gb  ip4_addr.o [1]
ip_chksum_pseudo         0x800'1f43    0x10  Code  Gb  inet_chksum.o [1]
ip_data                 0x2000'e338    0x18  Data  Gb  ip.o [1]
ip_frag_alloc_pbuf_custom_ref
[...]
std::vector<unsigned char, std::allocator<unsigned char>>::_Reserve(unsigned int)
                         0x800'ecb7    0x42  Code  Gb  tsk_udp_client.o [1]
std::vector<unsigned char, std::allocator<unsigned char>>::_Tidy()
                         0x800'ed33    0x78  Code  Gb  tsk_udp_client.o [1]
std::vector<unsigned char, std::allocator<unsigned char>>::_Unused_capacity() const
                         0x800'eecd    0x1c  Code  Gb  tsk_udp_client.o [1]
std::vector<unsigned char, std::allocator<unsigned char>>::capacity() const
                         0x800'edab    0x1c  Code  Gb  tsk_udp_client.o [1]
std::vector<unsigned char, std::allocator<unsigned char>>::max_size() const
                         0x800'edc7     0xe  Code  Gb  tsk_udp_client.o [1]
std::vector<unsigned char, std::allocator<unsigned char>>::reserve(unsigned int)
                         0x800'ec3f    0x28  Code  Gb  soc_proto.o [1]
std::vector<unsigned char, std::allocator<unsigned char>>::resize(unsigned int)
                         0x800'eb7f    0x78  Code  Gb  tsk_udp_client.o [1]
std::vector<unsigned char, std::allocator<unsigned char>>::size() const
                         0x800'ec6f    0x1c  Code  Gb  tsk_udp_client.o [1]
std::vector<unsigned char, std::allocator<unsigned char>>::vector()
                         0x800'eb6f    0x10  Code  Gb  tsk_udp_client.o [1]
std::vector<unsigned char, std::allocator<unsigned char>>::~vector()
                         0x800'ebf7     0xe  Code  Gb  tsk_udp_client.o [1]
strchr                   0x800'c7f5          Code  Gb  strchr.o [5]
strlen                   0x800'c84d          Code  Gb  strlen.o [5]
sys_alloc                0x800'a899   0x164  Code  Lc  dlmalloc.o [2]
sys_arch_mbox_fetch      0x800'41cb    0x50  Code  Gb  sys_arch.o [1]
sys_arch_mbox_tryfetch   0x800'421b    0x24  Code  Gb  sys_arch.o [1]
sys_arch_protect         0x800'43d1    0x12  Code  Gb  sys_arch.o [1]
sys_arch_sem_wait        0x800'42b3    0x44  Code  Gb  sys_arch.o [1]
sys_arch_unprotect       0x800'43e3     0xc  Code  Gb  sys_arch.o [1]
sys_check_timeouts       0x800'401b    0x68  Code  Lc  timeouts.o [1]
sys_init                 0x800'432b     0xe  Code  Gb  sys_arch.o [1]
sys_mbox_free            0x800'415f    0x2e  Code  Gb  sys_arch.o [1]
sys_mbox_new             0x800'4115    0x4a  Code  Gb  sys_arch.o [1]
sys_mbox_post            0x800'418d    0x18  Code  Gb  sys_arch.o [1]
sys_mbox_set_invalid     0x800'424d     0x6  Code  Gb  sys_arch.o [1]
sys_mbox_trypost         0x800'41a5    0x26  Code  Gb  sys_arch.o [1]
sys_mbox_valid           0x800'423f     0xe  Code  Gb  sys_arch.o [1]
sys_mutex_lock           0x800'4387     0xe  Code  Gb  sys_arch.o [1]
sys_mutex_new            0x800'4339    0x4e  Code  Gb  sys_arch.o [1]
sys_mutex_unlock         0x800'4395     0xa  Code  Gb  sys_arch.o [1]
sys_now                  0x800'5451     0x8  Code  Gb  ethernetif.o [1]
sys_sem_free             0x800'4301    0x16  Code  Gb  sys_arch.o [1]
sys_sem_new              0x800'4253    0x60  Code  Gb  sys_arch.o [1]
sys_sem_set_invalid      0x800'4325     0x6  Code  Gb  sys_arch.o [1]
sys_sem_signal           0x800'42f7     0xa  Code  Gb  sys_arch.o [1]
sys_sem_valid            0x800'4317     0xe  Code  Gb  sys_arch.o [1]
sys_thread_new           0x800'439f    0x32  Code  Gb  sys_arch.o [1]
sys_timeout              0x800'3f6d    0xae  Code  Gb  timeouts.o [1]
sys_timeouts_init        0x800'3f47    0x26  Code  Gb  timeouts.o [1]
sys_timeouts_mbox_fetch
                         0x800'40b3    0x3a  Code  Gb  timeouts.o [1]
sys_timeouts_sleeptime   0x800'4083    0x30  Code  Lc  timeouts.o [1]
sys_trim                 0x800'a9fd    0x64  Code  Lc  dlmalloc.o [2]
tcp_abandon              0x800'22d3    0xd6  Code  Gb  tcp.o [1]
tcp_abort                0x800'23a9     0xa  Code  Gb  tcp.o [1]
tcp_accept               0x800'2d43     0xe  Code  Gb  tcp.o [1]
tcp_active_pcbs         0x2000'e570     0x4  Data  Gb  tcp.o [1]
tcp_active_pcbs_changed
                        0x2000'e5cf     0x1  Data  Gb  tcp.o [1]
tcp_alloc                0x800'2c05   0x110  Code  Gb  tcp.o [1]
tcp_arg                  0x800'2d1f     0x8  Code  Gb  tcp.o [1]
tcp_backoff              0x800'fadc    0x10  Data  Lc  tcp.o [1]
tcp_bind                 0x800'23b3    0xb8  Code  Gb  tcp.o [1]
tcp_bound_pcbs          0x2000'e568     0x4  Data  Gb  tcp.o [1]
tcp_close                0x800'2257    0x18  Code  Gb  tcp.o [1]
tcp_close_shutdown       0x800'20bb   0x19c  Code  Lc  tcp.o [1]
tcp_connect              0x800'2569   0x11e  Code  Gb  tcp.o [1]
tcp_create_segment       0x800'30ef    0xda  Code  Lc  tcp_out.o [1]
tcp_eff_send_mss_impl    0x800'2e21    0x38  Code  Gb  tcp.o [1]
tcp_enqueue_flags        0x800'36e7   0x116  Code  Gb  tcp_out.o [1]
tcp_err                  0x800'2d39     0xa  Code  Gb  tcp.o [1]
tcp_fasttmr              0x800'29a9    0x64  Code  Gb  tcp.o [1]
tcp_getoptbyte           0x800'16d1    0x42  Code  Lc  tcp_in.o [1]
tcp_init                 0x800'2069     0x2  Code  Gb  tcp.o [1]
tcp_input                0x800'0185   0x51a  Code  Gb  tcp_in.o [1]
tcp_input_pcb           0x2000'e58c     0x4  Data  Gb  tcp_in.o [1]
tcp_keepalive            0x800'3d51    0x7a  Code  Gb  tcp_out.o [1]
tcp_kill_prio            0x800'2b1f    0x4c  Code  Lc  tcp.o [1]
tcp_kill_state           0x800'2b79    0x42  Code  Lc  tcp.o [1]
tcp_kill_timewait        0x800'2bc1    0x34  Code  Lc  tcp.o [1]
tcp_listen_closed        0x800'209b    0x20  Code  Lc  tcp.o [1]
tcp_listen_input         0x800'069f   0x128  Code  Lc  tcp_in.o [1]
tcp_listen_pcbs         0x2000'e56c     0x4  Data  Gb  tcp.o [1]
tcp_netif_ip_addr_changed
                         0x800'2e7b    0x4a  Code  Gb  tcp.o [1]
tcp_netif_ip_addr_changed_pcblist
                         0x800'2e59    0x22  Code  Lc  tcp.o [1]
tcp_new                  0x800'2d15     0xa  Code  Gb  tcp.o [1]
tcp_new_port             0x800'2507    0x62  Code  Lc  tcp.o [1]
tcp_next_iss             0x800'2e09    0x10  Code  Gb  tcp.o [1]
tcp_next_iss::iss       0x2000'0008     0x4  Data  Lc  tcp.o [1]
tcp_oos_insert_segment   0x800'0d49    0x86  Code  Lc  tcp_in.o [1]
tcp_optidx              0x2000'e5c4     0x2  Data  Lc  tcp_in.o [1]
tcp_output               0x800'3891   0x22c  Code  Gb  tcp_out.o [1]
tcp_output_alloc_header
                         0x800'3021    0x84  Code  Lc  tcp_out.o [1]
tcp_output_segment       0x800'3abd    0xdc  Code  Lc  tcp_out.o [1]
tcp_parseopt             0x800'1713    0x8a  Code  Lc  tcp_in.o [1]
tcp_pbuf_prealloc        0x800'31c9    0x7e  Code  Lc  tcp_out.o [1]
tcp_pcb_lists            0x800'faec    0x10  Data  Gb  tcp.o [1]
tcp_pcb_purge            0x800'2d59    0x52  Code  Gb  tcp.o [1]
tcp_pcb_remove           0x800'2dab    0x5e  Code  Gb  tcp.o [1]
tcp_persist_backoff      0x800'fb84     0x8  Data  Lc  tcp.o [1]
tcp_poll                 0x800'2d51     0x8  Code  Gb  tcp.o [1]
tcp_port                0x2000'0184     0x2  Data  Lc  tcp.o [1]
tcp_process              0x800'084d   0x4f6  Code  Lc  tcp_in.o [1]
tcp_process_refused_data
                         0x800'2a0d    0x92  Code  Gb  tcp.o [1]
tcp_receive              0x800'0e19   0x8b4  Code  Lc  tcp_in.o [1]
tcp_recv                 0x800'2d27     0xa  Code  Gb  tcp.o [1]
tcp_recv_null            0x800'2af9    0x26  Code  Gb  tcp.o [1]
tcp_recved               0x800'24b5    0x52  Code  Gb  tcp.o [1]
tcp_remove_listener      0x800'2087    0x14  Code  Lc  tcp.o [1]
tcp_rexmit               0x800'3c83    0x5a  Code  Gb  tcp_out.o [1]
tcp_rexmit_fast          0x800'3cdd    0x74  Code  Gb  tcp_out.o [1]
tcp_rexmit_rto           0x800'3c4f    0x34  Code  Gb  tcp_out.o [1]
tcp_rst                  0x800'3b99    0xb6  Code  Gb  tcp_out.o [1]
tcp_seg_copy             0x800'2acf    0x2a  Code  Gb  tcp.o [1]
tcp_seg_free             0x800'2ab1    0x1e  Code  Gb  tcp.o [1]
tcp_segs_free            0x800'2a9f    0x12  Code  Gb  tcp.o [1]
tcp_send_empty_ack       0x800'37fd    0x94  Code  Gb  tcp_out.o [1]
tcp_send_fin             0x800'30a5    0x4a  Code  Gb  tcp_out.o [1]
tcp_sent                 0x800'2d31     0x8  Code  Gb  tcp.o [1]
tcp_shutdown             0x800'226f    0x64  Code  Gb  tcp.o [1]
tcp_slowtmr              0x800'2687   0x322  Code  Gb  tcp.o [1]
tcp_ticks               0x2000'e564     0x4  Data  Gb  tcp.o [1]
tcp_timer               0x2000'e5d0     0x1  Data  Lc  tcp.o [1]
tcp_timer_ctr           0x2000'e5d1     0x1  Data  Lc  tcp.o [1]
tcp_timer_needed         0x800'3f07    0x2a  Code  Gb  timeouts.o [1]
tcp_timewait_input       0x800'07c7    0x86  Code  Lc  tcp_in.o [1]
tcp_tmr                  0x800'206b    0x1c  Code  Gb  tcp.o [1]
tcp_trigger_input_pcb_close
                         0x800'179d     0xc  Code  Gb  tcp_in.o [1]
tcp_tw_pcbs             0x2000'e574     0x4  Data  Gb  tcp.o [1]
tcp_update_rcv_ann_wnd   0x800'246b    0x4a  Code  Gb  tcp.o [1]
tcp_write                0x800'32c5   0x422  Code  Gb  tcp_out.o [1]
tcp_write_checks         0x800'3247    0x7e  Code  Lc  tcp_out.o [1]
tcp_zero_window_probe    0x800'3dd1    0xfe  Code  Gb  tcp_out.o [1]
tcphdr                  0x2000'e578     0x4  Data  Lc  tcp_in.o [1]
tcphdr_opt1len          0x2000'e5c2     0x2  Data  Lc  tcp_in.o [1]
tcphdr_opt2             0x2000'e57c     0x4  Data  Lc  tcp_in.o [1]
tcphdr_optlen           0x2000'e5c0     0x2  Data  Lc  tcp_in.o [1]
tcpip_callback_with_block
                         0x800'44f7    0x5c  Code  Gb  tcpip.o [1]
tcpip_init               0x800'456f    0x38  Code  Gb  tcpip.o [1]
tcpip_init_done         0x2000'e590     0x4  Data  Lc  tcpip.o [1]
tcpip_init_done_arg     0x2000'e594     0x4  Data  Lc  tcpip.o [1]
tcpip_inpkt              0x800'448b    0x50  Code  Gb  tcpip.o [1]
tcpip_input              0x800'44db    0x1c  Code  Gb  tcpip.o [1]
tcpip_send_msg_wait_sem
                         0x800'4553    0x1c  Code  Gb  tcpip.o [1]
tcpip_tcp_timer          0x800'3edd    0x2a  Code  Lc  timeouts.o [1]
tcpip_tcp_timer_active  0x2000'e5a8     0x4  Data  Lc  timeouts.o [1]
tcpip_thread             0x800'4409    0x82  Code  Lc  tcpip.o [1]
tcplen                  0x2000'e5c8     0x2  Data  Lc  tcp_in.o [1]
timeouts_last_time      0x2000'e5a4     0x4  Data  Lc  timeouts.o [1]
tmalloc_large            0x800'aa6d   0x386  Code  Lc  dlmalloc.o [2]
tmalloc_small            0x800'adf3   0x200  Code  Lc  dlmalloc.o [2]
tskUdpClient            0x2000'e12c    0x5c  Data  Gb  tsk_udp_client.o [1]
ucHeap                  0x2000'0188  0x7800  Data  Lc  heap_4.o [1]
ucMaxSysCallPriority    0x2000'e5ce     0x1  Data  Lc  port.o [1]
udp_bind                 0x800'6325    0x8e  Code  Gb  udp.o [1]
udp_connect              0x800'63b3    0x66  Code  Gb  udp.o [1]
udp_init                 0x800'5f09     0x2  Code  Gb  udp.o [1]
udp_input                0x800'5fa5   0x1e2  Code  Gb  udp.o [1]
udp_input_local_match    0x800'5f57    0x4e  Code  Lc  udp.o [1]
udp_netif_ip_addr_changed
                         0x800'6441    0x32  Code  Gb  udp.o [1]
udp_new                  0x800'641f    0x22  Code  Gb  udp.o [1]
udp_new_port             0x800'5f0b    0x4c  Code  Lc  udp.o [1]
udp_pcbs                0x2000'e5ac     0x4  Data  Gb  udp.o [1]
udp_port                0x2000'0186     0x2  Data  Lc  udp.o [1]
udp_recv                 0x800'6419     0x6  Code  Gb  udp.o [1]
udp_send                 0x800'6187    0x16  Code  Gb  udp.o [1]
udp_sendto               0x800'619d    0x48  Code  Gb  udp.o [1]
udp_sendto_if            0x800'61e5    0x46  Code  Gb  udp.o [1]
udp_sendto_if_src        0x800'622b    0xfa  Code  Gb  udp.o [1]
ulMaxPRIGROUPValue      0x2000'e51c     0x4  Data  Lc  port.o [1]
unsigned char * & std::_Rechecked<unsigned char *, unsigned char *>(unsigned char * &, unsigned char *)
                         0x800'f0b9     0x4  Code  Gb  tsk_udp_client.o [1]
unsigned char * std::_Allocate<unsigned char>(unsigned int, unsigned char *, bool)
                         0x800'f073    0x12  Code  Gb  tsk_udp_client.o [1]
unsigned char * std::_Unchecked<unsigned char *>(unsigned char *)
                         0x800'f085     0x2  Code  Gb  tsk_udp_client.o [1]
unsigned char * std::_Uninit_move<unsigned char *, unsigned char *, std::_Wrap_alloc<std::allocator<unsigned char>>>(unsigned char *, unsigned char *, unsigned char *, std::_Wrap_alloc<std::allocator<unsigned char>> &)
                         0x800'f087    0x32  Code  Gb  tsk_udp_client.o [1]
unsigned char * std::_Uninit_move<unsigned char, unsigned char, unsigned char>(unsigned char *, unsigned char *, unsigned char *, std::_Wrap_alloc<std::allocator<unsigned char>> &, unsigned char *, std::_Scalar_ptr_iterator_tag)
                         0x800'f0ed    0x18  Code  Gb  tsk_udp_client.o [1]
unsigned char * std::_Uninitialized_move<unsigned char *, unsigned char *, std::_Wrap_alloc<std::allocator<unsigned char>>>(unsigned char *, unsigned char *, unsigned char *, std::_Wrap_alloc<std::allocator<unsigned char>> &)
                         0x800'f015    0x34  Code  Gb  tsk_udp_client.o [1]
unsigned char * std::vector<unsigned char, std::allocator<unsigned char>>::_Umove<unsigned char *>(unsigned char *, unsigned char *, unsigned char *)
                         0x800'ef79    0x1a  Code  Gb  tsk_udp_client.o [1]
uwTick                  0x2000'e520     0x4  Data  Gb  stm32f2xx_hal.o [1]
uxCriticalNesting       0x2000'0000     0x4  Data  Lc  port.o [1]
uxCurrentNumberOfTasks  0x2000'e538     0x4  Data  Lc  tasks.o [1]
uxDeletedTasksWaitingCleanUp
                        0x2000'e534     0x4  Data  Lc  tasks.o [1]
uxListRemove             0x800'949b    0x26  Code  Gb  list.o [1]
uxPendedTicks           0x2000'e548     0x4  Data  Lc  tasks.o [1]
uxQueueMessagesWaiting   0x800'869f    0x26  Code  Gb  queue.o [1]
uxQueueMessagesWaitingFromISR
                         0x800'86c5    0x18  Code  Gb  queue.o [1]
uxSchedulerSuspended    0x2000'e560     0x4  Data  Lc  tasks.o [1]
uxTaskNumber            0x2000'e554     0x4  Data  Lc  tasks.o [1]
uxTopReadyPriority      0x2000'e540     0x4  Data  Lc  tasks.o [1]
vListInitialise          0x800'9429    0x1e  Code  Gb  list.o [1]
vListInitialiseItem      0x800'9447     0x6  Code  Gb  list.o [1]
vListInsert              0x800'9465    0x36  Code  Gb  list.o [1]
vListInsertEnd           0x800'944d    0x18  Code  Gb  list.o [1]
vPortEnterCritical       0x800'8947    0x34  Code  Gb  port.o [1]
vPortExitCritical        0x800'897b    0x2c  Code  Gb  port.o [1]
vPortFree                0x800'92dd    0x72  Code  Gb  heap_4.o [1]
vPortStartFirstTask      0x800'9527          Code  Gb  portasm.o [1]
vPortValidateInterruptPriority
                         0x800'89d1    0x4a  Code  Gb  port.o [1]
vQueueDelete             0x800'86dd    0x26  Code  Gb  queue.o [1]
vQueueUnregisterQueue    0x800'885b    0x26  Code  Gb  queue.o [1]
vTaskDelay               0x800'771f    0x4c  Code  Gb  tasks.o [1]
vTaskMissedYield         0x800'7c67     0xa  Code  Gb  tasks.o [1]
vTaskPlaceOnEventList    0x800'7afb    0x2e  Code  Gb  tasks.o [1]
vTaskPriorityInherit     0x800'7da7    0x8c  Code  Gb  tasks.o [1]
vTaskSetTimeOutState     0x800'7bb5    0x26  Code  Gb  tasks.o [1]
vTaskStartScheduler      0x800'7833    0x64  Code  Gb  tasks.o [1]
vTaskSuspend             0x800'776b    0xc8  Code  Gb  tasks.o [1]
vTaskSuspendAll          0x800'7897     0xc  Code  Gb  tasks.o [1]
vTaskSwitchContext       0x800'7a91    0x6a  Code  Gb  tasks.o [1]
void std::_Deallocate<unsigned char>(unsigned char *, unsigned int)
                         0x800'f065     0x8  Code  Gb  tsk_udp_client.o [1]
void std::_Destroy_range<std::_Wrap_alloc<std::allocator<unsigned char>>>(std::_Wrap_alloc<std::allocator<unsigned char>>::pointer, std::_Wrap_alloc<std::allocator<unsigned char>>::pointer, std::_Wrap_alloc<std::allocator<unsigned char>>&)
                         0x800'efb7    0x1e  Code  Gb  tsk_udp_client.o [1]
void std::_Destroy_range<std::_Wrap_alloc<std::allocator<unsigned char>>>(std::_Wrap_alloc<std::allocator<unsigned char>>::pointer, std::_Wrap_alloc<std::allocator<unsigned char>>::pointer, std::_Wrap_alloc<std::allocator<unsigned char>>&, std::_Scalar_ptr_iterator_tag)
                         0x800'f063     0x2  Code  Gb  tsk_udp_client.o [1]
void std::_Uninit_def_fill_n<unsigned char, unsigned int, unsigned char>(unsigned char *, unsigned int, std::_Wrap_alloc<std::allocator<unsigned char>> &, unsigned char *, std::_Scalar_ptr_iterator_tag)
                         0x800'ef27     0xa  Code  Gb  tsk_udp_client.o [1]
void std::_Uninitialized_default_fill_n<unsigned char *, unsigned int, std::_Wrap_alloc<std::allocator<unsigned char>>>(unsigned char *, unsigned int, std::_Wrap_alloc<std::allocator<unsigned char>> &)
                         0x800'ed0b    0x28  Code  Gb  tsk_udp_client.o [1]
xBlockAllocatedBit      0x2000'e4ac     0x4  Data  Lc  heap_4.o [1]
xDelayedTaskList1       0x2000'e37c    0x14  Data  Lc  tasks.o [1]
xDelayedTaskList2       0x2000'e390    0x14  Data  Lc  tasks.o [1]
xFreeBytesRemaining     0x2000'e4a4     0x4  Data  Lc  heap_4.o [1]
xHeapStructSize          0x800'fb98     0x4  Data  Lc  heap_4.o [1]
xIdleTaskHandle         0x2000'e55c     0x4  Data  Lc  tasks.o [1]
xMinimumEverFreeBytesRemaining
                        0x2000'e4a8     0x4  Data  Lc  heap_4.o [1]
xNextTaskUnblockTime    0x2000'e558     0x4  Data  Lc  tasks.o [1]
xNumOfOverflows         0x2000'e550     0x4  Data  Lc  tasks.o [1]
xPendingReadyList       0x2000'e3a4    0x14  Data  Lc  tasks.o [1]
xPortStartScheduler      0x800'88d3    0x74  Code  Gb  port.o [1]
xPortSysTickHandler      0x800'89a7    0x28  Code  Gb  port.o [1]
xQueueCreateMutex        0x800'80f1    0x1a  Code  Gb  queue.o [1]
xQueueGenericCreate      0x800'8067    0x4a  Code  Gb  queue.o [1]
xQueueGenericReceive     0x800'8437   0x1ba  Code  Gb  queue.o [1]
xQueueGenericReset       0x800'7fd5    0x92  Code  Gb  queue.o [1]
xQueueGenericSend        0x800'810b   0x196  Code  Gb  queue.o [1]
xQueueGenericSendFromISR
                         0x800'82a1    0xde  Code  Gb  queue.o [1]
xQueueGiveFromISR        0x800'837f    0xb8  Code  Gb  queue.o [1]
xQueueReceiveFromISR     0x800'85f1    0xae  Code  Gb  queue.o [1]
xQueueRegistry          0x2000'e270    0x40  Data  Gb  queue.o [1]
xSchedulerRunning       0x2000'e544     0x4  Data  Lc  tasks.o [1]
xStart                  0x2000'e48c     0x8  Data  Lc  heap_4.o [1]
xSuspendedTaskList      0x2000'e3cc    0x14  Data  Lc  tasks.o [1]
xTaskCheckForTimeOut     0x800'7be5    0x82  Code  Gb  tasks.o [1]
xTaskCreate              0x800'755d    0x6e  Code  Gb  tasks.o [1]
xTaskGetSchedulerState   0x800'7d87    0x20  Code  Gb  tasks.o [1]
xTaskGetTickCount        0x800'7987     0x8  Code  Gb  tasks.o [1]
xTaskGetTickCountFromISR
                         0x800'798f    0x10  Code  Gb  tasks.o [1]
xTaskIncrementTick       0x800'799f    0xf2  Code  Gb  tasks.o [1]
xTaskPriorityDisinherit
                         0x800'7e39    0xae  Code  Gb  tasks.o [1]
xTaskRemoveFromEventList
                         0x800'7b29    0x7a  Code  Gb  tasks.o [1]
xTaskResumeAll           0x800'78a3    0xe4  Code  Gb  tasks.o [1]
xTasksWaitingTermination
                        0x2000'e3b8    0x14  Data  Lc  tasks.o [1]
xTickCount              0x2000'e53c     0x4  Data  Lc  tasks.o [1]
xYieldPending           0x2000'e54c     0x4  Data  Lc  tasks.o [1]


[1] = \\Mac\Home\Documents\PROJECTS\UWB-RTLS\Code\uwb-rtls\software\nucleo\EWARM\NUCLEOF207-RTLS\Obj
[2] = dl7M_tlf.a
[3] = dlpp7M_tl_fc.a
[4] = m7M_tl.a
[5] = rt7M_tl.a
[6] = shb_l.a

  64 064 bytes of readonly  code memory
     819 bytes of readonly  data memory
  60 372 bytes of readwrite data memory

Errors: none
Warnings: none
