###############################################################################
#
# IAR ELF Linker V8.30.1.114/W32 for ARM                  21/Jun/2019  00:16:24
# Copyright 2007-2018 IAR Systems AB.
#
#    Output file  =  
#        \\Mac\Home\Documents\PROJECTS\UWB-RTLS\Code\uwb-rtls\software\nucleo\EWARM\NUCLEOF207-RTLS\Exe\NUCLEOF207-RTLS.out
#    Map file     =  
#        \\Mac\Home\Documents\PROJECTS\UWB-RTLS\Code\uwb-rtls\software\nucleo\EWARM\NUCLEOF207-RTLS\List\NUCLEOF207-RTLS.map
#    Command line =  
#        -f C:\Users\Demian\AppData\Local\Temp\EWE9BE.tmp
#        (\\Mac\Home\Documents\PROJECTS\UWB-RTLS\Code\uwb-rtls\software\nucleo\EWARM\NUCLEOF207-RTLS\Obj\api_lib.o
#        \\Mac\Home\Documents\PROJECTS\UWB-RTLS\Code\uwb-rtls\software\nucleo\EWARM\NUCLEOF207-RTLS\Obj\api_msg.o
#        \\Mac\Home\Documents\PROJECTS\UWB-RTLS\Code\uwb-rtls\software\nucleo\EWARM\NUCLEOF207-RTLS\Obj\auth.o
#        \\Mac\Home\Documents\PROJECTS\UWB-RTLS\Code\uwb-rtls\software\nucleo\EWARM\NUCLEOF207-RTLS\Obj\autoip.o
#        \\Mac\Home\Documents\PROJECTS\UWB-RTLS\Code\uwb-rtls\software\nucleo\EWARM\NUCLEOF207-RTLS\Obj\ccp.o
#        \\Mac\Home\Documents\PROJECTS\UWB-RTLS\Code\uwb-rtls\software\nucleo\EWARM\NUCLEOF207-RTLS\Obj\chap-md5.o
#        \\Mac\Home\Documents\PROJECTS\UWB-RTLS\Code\uwb-rtls\software\nucleo\EWARM\NUCLEOF207-RTLS\Obj\chap-new.o
#        \\Mac\Home\Documents\PROJECTS\UWB-RTLS\Code\uwb-rtls\software\nucleo\EWARM\NUCLEOF207-RTLS\Obj\chap_ms.o
#        \\Mac\Home\Documents\PROJECTS\UWB-RTLS\Code\uwb-rtls\software\nucleo\EWARM\NUCLEOF207-RTLS\Obj\cmsis_os.o
#        \\Mac\Home\Documents\PROJECTS\UWB-RTLS\Code\uwb-rtls\software\nucleo\EWARM\NUCLEOF207-RTLS\Obj\croutine.o
#        \\Mac\Home\Documents\PROJECTS\UWB-RTLS\Code\uwb-rtls\software\nucleo\EWARM\NUCLEOF207-RTLS\Obj\deca_device.o
#        \\Mac\Home\Documents\PROJECTS\UWB-RTLS\Code\uwb-rtls\software\nucleo\EWARM\NUCLEOF207-RTLS\Obj\deca_mutex.o
#        \\Mac\Home\Documents\PROJECTS\UWB-RTLS\Code\uwb-rtls\software\nucleo\EWARM\NUCLEOF207-RTLS\Obj\deca_params_init.o
#        \\Mac\Home\Documents\PROJECTS\UWB-RTLS\Code\uwb-rtls\software\nucleo\EWARM\NUCLEOF207-RTLS\Obj\deca_port.o
#        \\Mac\Home\Documents\PROJECTS\UWB-RTLS\Code\uwb-rtls\software\nucleo\EWARM\NUCLEOF207-RTLS\Obj\deca_range_tables.o
#        \\Mac\Home\Documents\PROJECTS\UWB-RTLS\Code\uwb-rtls\software\nucleo\EWARM\NUCLEOF207-RTLS\Obj\deca_sleep.o
#        \\Mac\Home\Documents\PROJECTS\UWB-RTLS\Code\uwb-rtls\software\nucleo\EWARM\NUCLEOF207-RTLS\Obj\deca_spi.o
#        \\Mac\Home\Documents\PROJECTS\UWB-RTLS\Code\uwb-rtls\software\nucleo\EWARM\NUCLEOF207-RTLS\Obj\def.o
#        \\Mac\Home\Documents\PROJECTS\UWB-RTLS\Code\uwb-rtls\software\nucleo\EWARM\NUCLEOF207-RTLS\Obj\demand.o
#        \\Mac\Home\Documents\PROJECTS\UWB-RTLS\Code\uwb-rtls\software\nucleo\EWARM\NUCLEOF207-RTLS\Obj\dhcp.o
#        \\Mac\Home\Documents\PROJECTS\UWB-RTLS\Code\uwb-rtls\software\nucleo\EWARM\NUCLEOF207-RTLS\Obj\dhcp6.o
#        \\Mac\Home\Documents\PROJECTS\UWB-RTLS\Code\uwb-rtls\software\nucleo\EWARM\NUCLEOF207-RTLS\Obj\dns.o
#        \\Mac\Home\Documents\PROJECTS\UWB-RTLS\Code\uwb-rtls\software\nucleo\EWARM\NUCLEOF207-RTLS\Obj\dwm1000.o
#        \\Mac\Home\Documents\PROJECTS\UWB-RTLS\Code\uwb-rtls\software\nucleo\EWARM\NUCLEOF207-RTLS\Obj\eap.o
#        \\Mac\Home\Documents\PROJECTS\UWB-RTLS\Code\uwb-rtls\software\nucleo\EWARM\NUCLEOF207-RTLS\Obj\ecp.o
#        \\Mac\Home\Documents\PROJECTS\UWB-RTLS\Code\uwb-rtls\software\nucleo\EWARM\NUCLEOF207-RTLS\Obj\err.o
#        \\Mac\Home\Documents\PROJECTS\UWB-RTLS\Code\uwb-rtls\software\nucleo\EWARM\NUCLEOF207-RTLS\Obj\etharp.o
#        \\Mac\Home\Documents\PROJECTS\UWB-RTLS\Code\uwb-rtls\software\nucleo\EWARM\NUCLEOF207-RTLS\Obj\ethernet.o
#        \\Mac\Home\Documents\PROJECTS\UWB-RTLS\Code\uwb-rtls\software\nucleo\EWARM\NUCLEOF207-RTLS\Obj\ethernetif.o
#        \\Mac\Home\Documents\PROJECTS\UWB-RTLS\Code\uwb-rtls\software\nucleo\EWARM\NUCLEOF207-RTLS\Obj\ethip6.o
#        \\Mac\Home\Documents\PROJECTS\UWB-RTLS\Code\uwb-rtls\software\nucleo\EWARM\NUCLEOF207-RTLS\Obj\eui64.o
#        \\Mac\Home\Documents\PROJECTS\UWB-RTLS\Code\uwb-rtls\software\nucleo\EWARM\NUCLEOF207-RTLS\Obj\event_groups.o
#        \\Mac\Home\Documents\PROJECTS\UWB-RTLS\Code\uwb-rtls\software\nucleo\EWARM\NUCLEOF207-RTLS\Obj\fsm.o
#        \\Mac\Home\Documents\PROJECTS\UWB-RTLS\Code\uwb-rtls\software\nucleo\EWARM\NUCLEOF207-RTLS\Obj\heap_4.o
#        \\Mac\Home\Documents\PROJECTS\UWB-RTLS\Code\uwb-rtls\software\nucleo\EWARM\NUCLEOF207-RTLS\Obj\icmp.o
#        \\Mac\Home\Documents\PROJECTS\UWB-RTLS\Code\uwb-rtls\software\nucleo\EWARM\NUCLEOF207-RTLS\Obj\icmp6.o
#        \\Mac\Home\Documents\PROJECTS\UWB-RTLS\Code\uwb-rtls\software\nucleo\EWARM\NUCLEOF207-RTLS\Obj\igmp.o
#        \\Mac\Home\Documents\PROJECTS\UWB-RTLS\Code\uwb-rtls\software\nucleo\EWARM\NUCLEOF207-RTLS\Obj\inet6.o
#        \\Mac\Home\Documents\PROJECTS\UWB-RTLS\Code\uwb-rtls\software\nucleo\EWARM\NUCLEOF207-RTLS\Obj\inet_chksum.o
#        \\Mac\Home\Documents\PROJECTS\UWB-RTLS\Code\uwb-rtls\software\nucleo\EWARM\NUCLEOF207-RTLS\Obj\init.o
#        \\Mac\Home\Documents\PROJECTS\UWB-RTLS\Code\uwb-rtls\software\nucleo\EWARM\NUCLEOF207-RTLS\Obj\ip.o
#        \\Mac\Home\Documents\PROJECTS\UWB-RTLS\Code\uwb-rtls\software\nucleo\EWARM\NUCLEOF207-RTLS\Obj\ip4.o
#        \\Mac\Home\Documents\PROJECTS\UWB-RTLS\Code\uwb-rtls\software\nucleo\EWARM\NUCLEOF207-RTLS\Obj\ip4_addr.o
#        \\Mac\Home\Documents\PROJECTS\UWB-RTLS\Code\uwb-rtls\software\nucleo\EWARM\NUCLEOF207-RTLS\Obj\ip4_frag.o
#        \\Mac\Home\Documents\PROJECTS\UWB-RTLS\Code\uwb-rtls\software\nucleo\EWARM\NUCLEOF207-RTLS\Obj\ip6.o
#        \\Mac\Home\Documents\PROJECTS\UWB-RTLS\Code\uwb-rtls\software\nucleo\EWARM\NUCLEOF207-RTLS\Obj\ip6_addr.o
#        \\Mac\Home\Documents\PROJECTS\UWB-RTLS\Code\uwb-rtls\software\nucleo\EWARM\NUCLEOF207-RTLS\Obj\ip6_frag.o
#        \\Mac\Home\Documents\PROJECTS\UWB-RTLS\Code\uwb-rtls\software\nucleo\EWARM\NUCLEOF207-RTLS\Obj\ipcp.o
#        \\Mac\Home\Documents\PROJECTS\UWB-RTLS\Code\uwb-rtls\software\nucleo\EWARM\NUCLEOF207-RTLS\Obj\ipv6cp.o
#        \\Mac\Home\Documents\PROJECTS\UWB-RTLS\Code\uwb-rtls\software\nucleo\EWARM\NUCLEOF207-RTLS\Obj\lcp.o
#        \\Mac\Home\Documents\PROJECTS\UWB-RTLS\Code\uwb-rtls\software\nucleo\EWARM\NUCLEOF207-RTLS\Obj\list.o
#        \\Mac\Home\Documents\PROJECTS\UWB-RTLS\Code\uwb-rtls\software\nucleo\EWARM\NUCLEOF207-RTLS\Obj\lowpan6.o
#        \\Mac\Home\Documents\PROJECTS\UWB-RTLS\Code\uwb-rtls\software\nucleo\EWARM\NUCLEOF207-RTLS\Obj\lwip.o
#        \\Mac\Home\Documents\PROJECTS\UWB-RTLS\Code\uwb-rtls\software\nucleo\EWARM\NUCLEOF207-RTLS\Obj\magic.o
#        \\Mac\Home\Documents\PROJECTS\UWB-RTLS\Code\uwb-rtls\software\nucleo\EWARM\NUCLEOF207-RTLS\Obj\main.o
#        \\Mac\Home\Documents\PROJECTS\UWB-RTLS\Code\uwb-rtls\software\nucleo\EWARM\NUCLEOF207-RTLS\Obj\mem.o
#        \\Mac\Home\Documents\PROJECTS\UWB-RTLS\Code\uwb-rtls\software\nucleo\EWARM\NUCLEOF207-RTLS\Obj\memp.o
#        \\Mac\Home\Documents\PROJECTS\UWB-RTLS\Code\uwb-rtls\software\nucleo\EWARM\NUCLEOF207-RTLS\Obj\mld6.o
#        \\Mac\Home\Documents\PROJECTS\UWB-RTLS\Code\uwb-rtls\software\nucleo\EWARM\NUCLEOF207-RTLS\Obj\mppe.o
#        \\Mac\Home\Documents\PROJECTS\UWB-RTLS\Code\uwb-rtls\software\nucleo\EWARM\NUCLEOF207-RTLS\Obj\multilink.o
#        \\Mac\Home\Documents\PROJECTS\UWB-RTLS\Code\uwb-rtls\software\nucleo\EWARM\NUCLEOF207-RTLS\Obj\nd6.o
#        \\Mac\Home\Documents\PROJECTS\UWB-RTLS\Code\uwb-rtls\software\nucleo\EWARM\NUCLEOF207-RTLS\Obj\netbuf.o
#        \\Mac\Home\Documents\PROJECTS\UWB-RTLS\Code\uwb-rtls\software\nucleo\EWARM\NUCLEOF207-RTLS\Obj\netdb.o
#        \\Mac\Home\Documents\PROJECTS\UWB-RTLS\Code\uwb-rtls\software\nucleo\EWARM\NUCLEOF207-RTLS\Obj\netif.o
#        \\Mac\Home\Documents\PROJECTS\UWB-RTLS\Code\uwb-rtls\software\nucleo\EWARM\NUCLEOF207-RTLS\Obj\netifapi.o
#        \\Mac\Home\Documents\PROJECTS\UWB-RTLS\Code\uwb-rtls\software\nucleo\EWARM\NUCLEOF207-RTLS\Obj\pbuf.o
#        \\Mac\Home\Documents\PROJECTS\UWB-RTLS\Code\uwb-rtls\software\nucleo\EWARM\NUCLEOF207-RTLS\Obj\port.o
#        \\Mac\Home\Documents\PROJECTS\UWB-RTLS\Code\uwb-rtls\software\nucleo\EWARM\NUCLEOF207-RTLS\Obj\portasm.o
#        \\Mac\Home\Documents\PROJECTS\UWB-RTLS\Code\uwb-rtls\software\nucleo\EWARM\NUCLEOF207-RTLS\Obj\ppp.o
#        \\Mac\Home\Documents\PROJECTS\UWB-RTLS\Code\uwb-rtls\software\nucleo\EWARM\NUCLEOF207-RTLS\Obj\pppapi.o
#        \\Mac\Home\Documents\PROJECTS\UWB-RTLS\Code\uwb-rtls\software\nucleo\EWARM\NUCLEOF207-RTLS\Obj\pppcrypt.o
#        \\Mac\Home\Documents\PROJECTS\UWB-RTLS\Code\uwb-rtls\software\nucleo\EWARM\NUCLEOF207-RTLS\Obj\pppoe.o
#        \\Mac\Home\Documents\PROJECTS\UWB-RTLS\Code\uwb-rtls\software\nucleo\EWARM\NUCLEOF207-RTLS\Obj\pppol2tp.o
#        \\Mac\Home\Documents\PROJECTS\UWB-RTLS\Code\uwb-rtls\software\nucleo\EWARM\NUCLEOF207-RTLS\Obj\pppos.o
#        \\Mac\Home\Documents\PROJECTS\UWB-RTLS\Code\uwb-rtls\software\nucleo\EWARM\NUCLEOF207-RTLS\Obj\queue.o
#        \\Mac\Home\Documents\PROJECTS\UWB-RTLS\Code\uwb-rtls\software\nucleo\EWARM\NUCLEOF207-RTLS\Obj\raw.o
#        \\Mac\Home\Documents\PROJECTS\UWB-RTLS\Code\uwb-rtls\software\nucleo\EWARM\NUCLEOF207-RTLS\Obj\slipif.o
#        \\Mac\Home\Documents\PROJECTS\UWB-RTLS\Code\uwb-rtls\software\nucleo\EWARM\NUCLEOF207-RTLS\Obj\sockets.o
#        \\Mac\Home\Documents\PROJECTS\UWB-RTLS\Code\uwb-rtls\software\nucleo\EWARM\NUCLEOF207-RTLS\Obj\startup_stm32f207xx.o
#        \\Mac\Home\Documents\PROJECTS\UWB-RTLS\Code\uwb-rtls\software\nucleo\EWARM\NUCLEOF207-RTLS\Obj\stats.o
#        \\Mac\Home\Documents\PROJECTS\UWB-RTLS\Code\uwb-rtls\software\nucleo\EWARM\NUCLEOF207-RTLS\Obj\stm32f2xx_hal.o
#        \\Mac\Home\Documents\PROJECTS\UWB-RTLS\Code\uwb-rtls\software\nucleo\EWARM\NUCLEOF207-RTLS\Obj\stm32f2xx_hal_cortex.o
#        \\Mac\Home\Documents\PROJECTS\UWB-RTLS\Code\uwb-rtls\software\nucleo\EWARM\NUCLEOF207-RTLS\Obj\stm32f2xx_hal_dma.o
#        \\Mac\Home\Documents\PROJECTS\UWB-RTLS\Code\uwb-rtls\software\nucleo\EWARM\NUCLEOF207-RTLS\Obj\stm32f2xx_hal_dma_ex.o
#        \\Mac\Home\Documents\PROJECTS\UWB-RTLS\Code\uwb-rtls\software\nucleo\EWARM\NUCLEOF207-RTLS\Obj\stm32f2xx_hal_eth.o
#        \\Mac\Home\Documents\PROJECTS\UWB-RTLS\Code\uwb-rtls\software\nucleo\EWARM\NUCLEOF207-RTLS\Obj\stm32f2xx_hal_flash.o
#        \\Mac\Home\Documents\PROJECTS\UWB-RTLS\Code\uwb-rtls\software\nucleo\EWARM\NUCLEOF207-RTLS\Obj\stm32f2xx_hal_flash_ex.o
#        \\Mac\Home\Documents\PROJECTS\UWB-RTLS\Code\uwb-rtls\software\nucleo\EWARM\NUCLEOF207-RTLS\Obj\stm32f2xx_hal_gpio.o
#        \\Mac\Home\Documents\PROJECTS\UWB-RTLS\Code\uwb-rtls\software\nucleo\EWARM\NUCLEOF207-RTLS\Obj\stm32f2xx_hal_msp.o
#        \\Mac\Home\Documents\PROJECTS\UWB-RTLS\Code\uwb-rtls\software\nucleo\EWARM\NUCLEOF207-RTLS\Obj\stm32f2xx_hal_pwr.o
#        \\Mac\Home\Documents\PROJECTS\UWB-RTLS\Code\uwb-rtls\software\nucleo\EWARM\NUCLEOF207-RTLS\Obj\stm32f2xx_hal_pwr_ex.o
#        \\Mac\Home\Documents\PROJECTS\UWB-RTLS\Code\uwb-rtls\software\nucleo\EWARM\NUCLEOF207-RTLS\Obj\stm32f2xx_hal_rcc.o
#        \\Mac\Home\Documents\PROJECTS\UWB-RTLS\Code\uwb-rtls\software\nucleo\EWARM\NUCLEOF207-RTLS\Obj\stm32f2xx_hal_rcc_ex.o
#        \\Mac\Home\Documents\PROJECTS\UWB-RTLS\Code\uwb-rtls\software\nucleo\EWARM\NUCLEOF207-RTLS\Obj\stm32f2xx_hal_spi.o
#        \\Mac\Home\Documents\PROJECTS\UWB-RTLS\Code\uwb-rtls\software\nucleo\EWARM\NUCLEOF207-RTLS\Obj\stm32f2xx_hal_tim.o
#        \\Mac\Home\Documents\PROJECTS\UWB-RTLS\Code\uwb-rtls\software\nucleo\EWARM\NUCLEOF207-RTLS\Obj\stm32f2xx_hal_tim_ex.o
#        \\Mac\Home\Documents\PROJECTS\UWB-RTLS\Code\uwb-rtls\software\nucleo\EWARM\NUCLEOF207-RTLS\Obj\stm32f2xx_it.o
#        \\Mac\Home\Documents\PROJECTS\UWB-RTLS\Code\uwb-rtls\software\nucleo\EWARM\NUCLEOF207-RTLS\Obj\sys.o
#        \\Mac\Home\Documents\PROJECTS\UWB-RTLS\Code\uwb-rtls\software\nucleo\EWARM\NUCLEOF207-RTLS\Obj\sys_arch.o
#        \\Mac\Home\Documents\PROJECTS\UWB-RTLS\Code\uwb-rtls\software\nucleo\EWARM\NUCLEOF207-RTLS\Obj\system_stm32f2xx.o
#        \\Mac\Home\Documents\PROJECTS\UWB-RTLS\Code\uwb-rtls\software\nucleo\EWARM\NUCLEOF207-RTLS\Obj\tasks.o
#        \\Mac\Home\Documents\PROJECTS\UWB-RTLS\Code\uwb-rtls\software\nucleo\EWARM\NUCLEOF207-RTLS\Obj\tcp.o
#        \\Mac\Home\Documents\PROJECTS\UWB-RTLS\Code\uwb-rtls\software\nucleo\EWARM\NUCLEOF207-RTLS\Obj\tcp_in.o
#        \\Mac\Home\Documents\PROJECTS\UWB-RTLS\Code\uwb-rtls\software\nucleo\EWARM\NUCLEOF207-RTLS\Obj\tcp_out.o
#        \\Mac\Home\Documents\PROJECTS\UWB-RTLS\Code\uwb-rtls\software\nucleo\EWARM\NUCLEOF207-RTLS\Obj\tcpip.o
#        \\Mac\Home\Documents\PROJECTS\UWB-RTLS\Code\uwb-rtls\software\nucleo\EWARM\NUCLEOF207-RTLS\Obj\timeouts.o
#        \\Mac\Home\Documents\PROJECTS\UWB-RTLS\Code\uwb-rtls\software\nucleo\EWARM\NUCLEOF207-RTLS\Obj\timers.o
#        \\Mac\Home\Documents\PROJECTS\UWB-RTLS\Code\uwb-rtls\software\nucleo\EWARM\NUCLEOF207-RTLS\Obj\tsk_udp_client.o
#        \\Mac\Home\Documents\PROJECTS\UWB-RTLS\Code\uwb-rtls\software\nucleo\EWARM\NUCLEOF207-RTLS\Obj\udp.o
#        \\Mac\Home\Documents\PROJECTS\UWB-RTLS\Code\uwb-rtls\software\nucleo\EWARM\NUCLEOF207-RTLS\Obj\upap.o
#        \\Mac\Home\Documents\PROJECTS\UWB-RTLS\Code\uwb-rtls\software\nucleo\EWARM\NUCLEOF207-RTLS\Obj\utils.o
#        \\Mac\Home\Documents\PROJECTS\UWB-RTLS\Code\uwb-rtls\software\nucleo\EWARM\NUCLEOF207-RTLS\Obj\vj.o
#        --redirect _Printf=_PrintfFull --redirect _Scanf=_ScanfFull
#        --no_out_extension -o
#        \\Mac\Home\Documents\PROJECTS\UWB-RTLS\Code\uwb-rtls\software\nucleo\EWARM\NUCLEOF207-RTLS\Exe\NUCLEOF207-RTLS.out
#        --map
#        \\Mac\Home\Documents\PROJECTS\UWB-RTLS\Code\uwb-rtls\software\nucleo\EWARM\NUCLEOF207-RTLS\List\NUCLEOF207-RTLS.map
#        --config
#        \\Mac\Home\Documents\PROJECTS\UWB-RTLS\Code\uwb-rtls\software\nucleo\EWARM/stm32f207xx_flash.icf
#        --semihosting --entry __iar_program_start --redirect
#        __iar_sh_stdout=__iar_sh_stdout_swo --no_vfe --text_out locale)
#
###############################################################################

*******************************************************************************
*** RUNTIME MODEL ATTRIBUTES
***

CppFlavor                     = *
__CPP_Exceptions              = Disabled
__CPP_Language                = C++14
__Heap_Handler                = Basic
__SystemLibrary               = DLib
__dlib_dynamic_initialization = normal
__dlib_version                = 6


*******************************************************************************
*** HEAP SELECTION
***

The basic heap was selected because no calls to memory allocation
functions were found in the application outside of system library
functions, and there are calls to deallocation functions in the
application.


*******************************************************************************
*** PLACEMENT SUMMARY
***

"A0":  place at 0x800'0000 { ro section .intvec };
"P1":  place in [from 0x800'0000 to 0x80f'ffff] { ro };
define block CSTACK with size = 1K, alignment = 8 { };
define block HEAP with size = 512, alignment = 8 { };
"P2":  place in [from 0x2000'0000 to 0x2002'0000] {
          rw, block CSTACK, block HEAP };
initialize by copy { rw };

  Section                Kind         Address    Size  Object
  -------                ----         -------    ----  ------
"A0":                                           0x184
  .intvec                ro code   0x800'0000   0x184  startup_stm32f207xx.o [1]
                                 - 0x800'0184   0x184

"P1":                                          0xbe10
  .text                  ro code   0x800'0184  0x1650  tcp_in.o [1]
  .text                  ro code   0x800'17d4   0x680  pbuf.o [1]
  .text                  ro code   0x800'1e54    0x4c  ip4_addr.o [1]
  .text                  ro code   0x800'1ea0   0x1aa  inet_chksum.o [1]
  .text                  ro code   0x800'204a    0x3a  zero_init3.o [5]
  .text                  ro code   0x800'2084    0x2c  def.o [1]
  .text                  ro code   0x800'20b0   0xe9c  tcp.o [1]
  .text                  ro code   0x800'2f4c   0x11c  memp.o [1]
  .text                  ro code   0x800'3068   0xebc  tcp_out.o [1]
  .text                  ro code   0x800'3f24   0x238  timeouts.o [1]
  .text                  ro code   0x800'415c   0x2f4  sys_arch.o [1]
  .text                  ro code   0x800'4450   0x1c0  tcpip.o [1]
  .text                  ro code   0x800'4610   0x400  mem.o [1]
  .text                  ro code   0x800'4a10    0xa6  ABImemcpy.o [5]
  .rodata                const     0x800'4ab6     0x1  unwind_debug.o [6]
  .text                  ro code   0x800'4ab8   0x474  ip4.o [1]
  .text                  ro code   0x800'4f2c    0x66  ABImemset.o [5]
  .text                  ro code   0x800'4f94   0x4b8  ethernetif.o [1]
  .text                  ro code   0x800'544c   0x3ce  cmsis_os.o [1]
  .text                  ro code   0x800'581c     0x6  ABImemclr4.o [5]
  .text                  ro code   0x800'5822    0x24  init.o [1]
  .text                  ro code   0x800'5848   0x6b4  ip4_frag.o [1]
  .text                  ro code   0x800'5efc   0x5b8  udp.o [1]
  .text                  ro code   0x800'64b4   0x2d0  icmp.o [1]
  .text                  ro code   0x800'6784   0x274  stm32f2xx_hal_gpio.o [1]
  .text                  ro code   0x800'69f8   0x144  stm32f2xx_hal_cortex.o [1]
  .text                  ro code   0x800'6b3c   0xa4c  stm32f2xx_hal_eth.o [1]
  .text                  ro code   0x800'7588     0xc  stm32f2xx_hal.o [1]
  .text                  ro code   0x800'7594   0x9b0  tasks.o [1]
  .text                  ro code   0x800'7f44   0x8b4  queue.o [1]
  .text                  ro code   0x800'87f8   0x1dc  port.o [1]
  .text                  ro code   0x800'89d4    0x32  ABImemset48.o [5]
  .text                  ro code   0x800'8a06     0x2  stats.o [1]
  .text                  ro code   0x800'8a08   0x17a  netif.o [1]
  .text                  ro code   0x800'8b84    0x88  deca_port.o [1]
  .text                  ro code   0x800'8c0c   0x508  stm32f2xx_hal_rcc.o [1]
  .text                  ro code   0x800'9114    0x1e  stm32f2xx_hal.o [1]
  .text                  ro code   0x800'9132     0x2  stm32f2xx_hal_eth.o [1]
  .text                  ro code   0x800'9134     0x2  stm32f2xx_hal_eth.o [1]
  .text                  ro code   0x800'9138   0x260  heap_4.o [1]
  .text                  ro code   0x800'9398    0x98  list.o [1]
  CODE                   ro code   0x800'9430    0x88  portasm.o [1]
  .text                  ro code   0x800'94b8   0x950  etharp.o [1]
  .text                  ro code   0x800'9e08    0x18  deca_port.o [1]
  .text                  ro code   0x800'9e20    0x28  stm32f2xx_hal.o [1]
  .text                  ro code   0x800'9e48   0x230  I64DivMod.o [5]
  .text                  ro code   0x800'a078   0x154  ethernet.o [1]
  .text                  ro code   0x800'a1cc    0x10  deca_port.o [1]
  .text                  ro code   0x800'a1dc     0x2  I64DivZer.o [5]
  .text                  ro code   0x800'a1e0    0x68  memcmp.o [5]
  .text                  ro code   0x800'a248   0xdc0  api_msg.o [1]
  .text                  ro code   0x800'b008    0x80  netbuf.o [1]
  .text                  ro code   0x800'b088   0x314  api_lib.o [1]
  .text                  ro code   0x800'b39c   0x26e  main.o [1]
  .text                  ro code   0x800'b60c    0x34  stm32f2xx_hal.o [1]
  .text                  ro code   0x800'b640   0x180  dwm1000.o [1]
  .text                  ro code   0x800'b7c0   0x11c  tsk_udp_client.o [1]
  .text                  ro code   0x800'b8dc    0x48  stm32f2xx_hal_msp.o [1]
  .text                  ro code   0x800'b924    0x90  stm32f2xx_hal_spi.o [1]
  .text                  ro code   0x800'b9b4    0xdc  lwip.o [1]
  .text                  ro code   0x800'ba90    0x54  system_stm32f2xx.o [1]
  .text                  ro code   0x800'bae4    0x46  stm32f2xx_it.o [1]
  .text                  ro code   0x800'bb2c    0x10  stm32f2xx_hal.o [1]
  .rodata                const     0x800'bb3c    0x34  memp.o [1]
  .text                  ro code   0x800'bb70    0x2c  copy_init3.o [5]
  .text                  ro code   0x800'bb9c    0x28  data_init.o [5]
  .iar.init_table        const     0x800'bbc4    0x28  - Linker created -
  .text                  ro code   0x800'bbec    0x20  cmain_call_ctors.o [5]
  .text                  ro code   0x800'bc0c    0x18  cppinit.o [2]
  .text                  ro code   0x800'bc24    0x1e  cmain.o [5]
  .text                  ro code   0x800'bc42     0x4  low_level_init.o [2]
  .text                  ro code   0x800'bc46     0x4  exit.o [2]
  .text                  ro code   0x800'bc4c     0xa  cexit.o [5]
  .text                  ro code   0x800'bc58    0x14  exit.o [6]
  .rodata                const     0x800'bc6c    0x18  timeouts.o [1]
  .rodata                const     0x800'bc84    0x14  ethernetif.o [1]
  .rodata                const     0x800'bc98    0x14  tsk_udp_client.o [1]
  .rodata                const     0x800'bcac    0x10  memp.o [1]
  .rodata                const     0x800'bcbc    0x10  memp.o [1]
  .rodata                const     0x800'bccc    0x10  memp.o [1]
  .rodata                const     0x800'bcdc    0x10  memp.o [1]
  .rodata                const     0x800'bcec    0x10  memp.o [1]
  .rodata                const     0x800'bcfc    0x10  memp.o [1]
  .rodata                const     0x800'bd0c    0x10  memp.o [1]
  .rodata                const     0x800'bd1c    0x10  memp.o [1]
  .rodata                const     0x800'bd2c    0x10  memp.o [1]
  .rodata                const     0x800'bd3c    0x10  memp.o [1]
  .rodata                const     0x800'bd4c    0x10  memp.o [1]
  .rodata                const     0x800'bd5c    0x10  memp.o [1]
  .rodata                const     0x800'bd6c    0x10  memp.o [1]
  .rodata                const     0x800'bd7c    0x10  system_stm32f2xx.o [1]
  .rodata                const     0x800'bd8c    0x10  tcp.o [1]
  .rodata                const     0x800'bd9c    0x10  tcp.o [1]
  .rodata                const     0x800'bdac    0x10  tcpip.o [1]
  .rodata                const     0x800'bdbc    0x10  tsk_udp_client.o [1]
  .rodata                const     0x800'bdcc    0x10  tsk_udp_client.o [1]
  .text                  ro code   0x800'bddc    0x10  startup_stm32f207xx.o [1]
  Initializer bytes      const     0x800'bdec    0x10  <for P2-1>
  .rodata                const     0x800'bdfc     0xc  dwm1000.o [1]
  .text                  ro code   0x800'be08     0xc  cstartup_M.o [5]
  .rodata                const     0x800'be14     0x8  ethernet.o [1]
  .rodata                const     0x800'be1c     0x8  ethernet.o [1]
  .rodata                const     0x800'be24     0x8  ethernetif.o [1]
  .rodata                const     0x800'be2c     0x8  sys_arch.o [1]
  .rodata                const     0x800'be34     0x8  tasks.o [1]
  .rodata                const     0x800'be3c     0x8  tcp.o [1]
  .rodata                const     0x800'be44     0x4  ethernetif.o [1]
  .rodata                const     0x800'be48     0x4  heap_4.o [1]
  .rodata                const     0x800'be4c     0x4  ip4_addr.o [1]
  .rodata                const     0x800'be50     0x4  port.o [1]
  .rodata                const     0x800'be54     0x4  sys_arch.o [1]
  .rodata                const     0x800'be58     0x4  sys_arch.o [1]
  .rodata                const     0x800'be5c     0x4  sys_arch.o [1]
  .text                  ro code   0x800'be60     0x4  startup_stm32f207xx.o [1]
  .text                  ro code   0x800'be64     0x4  startup_stm32f207xx.o [1]
  .text                  ro code   0x800'be68     0x4  startup_stm32f207xx.o [1]
  .text                  ro code   0x800'be6c     0x4  startup_stm32f207xx.o [1]
  .text                  ro code   0x800'be70     0x4  startup_stm32f207xx.o [1]
  .text                  ro code   0x800'be74     0x4  startup_stm32f207xx.o [1]
  .text                  ro code   0x800'be78     0x4  startup_stm32f207xx.o [1]
  .text                  ro code   0x800'be7c     0x4  startup_stm32f207xx.o [1]
  .text                  ro code   0x800'be80     0x4  startup_stm32f207xx.o [1]
  .text                  ro code   0x800'be84     0x4  startup_stm32f207xx.o [1]
  .text                  ro code   0x800'be88     0x4  startup_stm32f207xx.o [1]
  .text                  ro code   0x800'be8c     0x4  startup_stm32f207xx.o [1]
  .text                  ro code   0x800'be90     0x4  startup_stm32f207xx.o [1]
  .text                  ro code   0x800'be94     0x4  startup_stm32f207xx.o [1]
  .text                  ro code   0x800'be98     0x4  startup_stm32f207xx.o [1]
  .text                  ro code   0x800'be9c     0x4  startup_stm32f207xx.o [1]
  .text                  ro code   0x800'bea0     0x4  startup_stm32f207xx.o [1]
  .text                  ro code   0x800'bea4     0x4  startup_stm32f207xx.o [1]
  .text                  ro code   0x800'bea8     0x4  startup_stm32f207xx.o [1]
  .text                  ro code   0x800'beac     0x4  startup_stm32f207xx.o [1]
  .text                  ro code   0x800'beb0     0x4  startup_stm32f207xx.o [1]
  .text                  ro code   0x800'beb4     0x4  startup_stm32f207xx.o [1]
  .text                  ro code   0x800'beb8     0x4  startup_stm32f207xx.o [1]
  .text                  ro code   0x800'bebc     0x4  startup_stm32f207xx.o [1]
  .text                  ro code   0x800'bec0     0x4  startup_stm32f207xx.o [1]
  .text                  ro code   0x800'bec4     0x4  startup_stm32f207xx.o [1]
  .text                  ro code   0x800'bec8     0x4  startup_stm32f207xx.o [1]
  .text                  ro code   0x800'becc     0x4  startup_stm32f207xx.o [1]
  .text                  ro code   0x800'bed0     0x4  startup_stm32f207xx.o [1]
  .text                  ro code   0x800'bed4     0x4  startup_stm32f207xx.o [1]
  .text                  ro code   0x800'bed8     0x4  startup_stm32f207xx.o [1]
  .text                  ro code   0x800'bedc     0x4  startup_stm32f207xx.o [1]
  .text                  ro code   0x800'bee0     0x4  startup_stm32f207xx.o [1]
  .text                  ro code   0x800'bee4     0x4  startup_stm32f207xx.o [1]
  .text                  ro code   0x800'bee8     0x4  startup_stm32f207xx.o [1]
  .text                  ro code   0x800'beec     0x4  startup_stm32f207xx.o [1]
  .text                  ro code   0x800'bef0     0x4  startup_stm32f207xx.o [1]
  .text                  ro code   0x800'bef4     0x4  startup_stm32f207xx.o [1]
  .text                  ro code   0x800'bef8     0x4  startup_stm32f207xx.o [1]
  .text                  ro code   0x800'befc     0x4  startup_stm32f207xx.o [1]
  .text                  ro code   0x800'bf00     0x4  startup_stm32f207xx.o [1]
  .text                  ro code   0x800'bf04     0x4  startup_stm32f207xx.o [1]
  .text                  ro code   0x800'bf08     0x4  startup_stm32f207xx.o [1]
  .text                  ro code   0x800'bf0c     0x4  startup_stm32f207xx.o [1]
  .text                  ro code   0x800'bf10     0x4  startup_stm32f207xx.o [1]
  .text                  ro code   0x800'bf14     0x4  startup_stm32f207xx.o [1]
  .text                  ro code   0x800'bf18     0x4  startup_stm32f207xx.o [1]
  .text                  ro code   0x800'bf1c     0x4  startup_stm32f207xx.o [1]
  .text                  ro code   0x800'bf20     0x4  startup_stm32f207xx.o [1]
  .text                  ro code   0x800'bf24     0x4  startup_stm32f207xx.o [1]
  .text                  ro code   0x800'bf28     0x4  startup_stm32f207xx.o [1]
  .text                  ro code   0x800'bf2c     0x4  startup_stm32f207xx.o [1]
  .text                  ro code   0x800'bf30     0x4  startup_stm32f207xx.o [1]
  .text                  ro code   0x800'bf34     0x4  startup_stm32f207xx.o [1]
  .text                  ro code   0x800'bf38     0x4  startup_stm32f207xx.o [1]
  .text                  ro code   0x800'bf3c     0x4  startup_stm32f207xx.o [1]
  .text                  ro code   0x800'bf40     0x4  startup_stm32f207xx.o [1]
  .text                  ro code   0x800'bf44     0x4  startup_stm32f207xx.o [1]
  .text                  ro code   0x800'bf48     0x4  startup_stm32f207xx.o [1]
  .text                  ro code   0x800'bf4c     0x4  startup_stm32f207xx.o [1]
  .text                  ro code   0x800'bf50     0x4  startup_stm32f207xx.o [1]
  .text                  ro code   0x800'bf54     0x4  startup_stm32f207xx.o [1]
  .text                  ro code   0x800'bf58     0x4  startup_stm32f207xx.o [1]
  .text                  ro code   0x800'bf5c     0x4  startup_stm32f207xx.o [1]
  .text                  ro code   0x800'bf60     0x4  startup_stm32f207xx.o [1]
  .text                  ro code   0x800'bf64     0x4  startup_stm32f207xx.o [1]
  .text                  ro code   0x800'bf68     0x4  startup_stm32f207xx.o [1]
  .text                  ro code   0x800'bf6c     0x4  startup_stm32f207xx.o [1]
  .text                  ro code   0x800'bf70     0x4  startup_stm32f207xx.o [1]
  .text                  ro code   0x800'bf74     0x4  startup_stm32f207xx.o [1]
  .text                  ro code   0x800'bf78     0x4  startup_stm32f207xx.o [1]
  .text                  ro code   0x800'bf7c     0x4  startup_stm32f207xx.o [1]
  .text                  ro code   0x800'bf80     0x4  startup_stm32f207xx.o [1]
  .text                  ro code   0x800'bf84     0x4  startup_stm32f207xx.o [1]
  .text                  ro code   0x800'bf88     0x4  startup_stm32f207xx.o [1]
  .text                  ro code   0x800'bf8c     0x4  startup_stm32f207xx.o [1]
  SHT$$PREINIT_ARRAY               0x800'bf90     0x0  <Block>
  SHT$$INIT_ARRAY                  0x800'bf90     0x4  <Block>
    .init_array          const     0x800'bf90     0x4  dwm1000.o [1]
  __iar_tls$$INIT_ARRAY            0x800'bf94     0x0  <Block>
  .rodata                const     0x800'bf94     0x0  zero_init3.o [5]
  .rodata                const     0x800'bf94     0x0  copy_init3.o [5]
                                 - 0x800'bf94  0xbe10

"P2", part 1 of 3:                               0x10
  P2-1                            0x2000'0000    0x10  <Init block>
    .data                inited   0x2000'0000     0x4  port.o [1]
    .data                inited   0x2000'0004     0x4  system_stm32f2xx.o [1]
    .data                inited   0x2000'0008     0x4  tcp.o [1]
    .data                inited   0x2000'000c     0x2  tcp.o [1]
    .data                inited   0x2000'000e     0x2  udp.o [1]
                                - 0x2000'0010    0x10

"P2", part 2 of 3:                             0xe0c4
  .bss                   zero     0x2000'0010  0x7800  heap_4.o [1]
  .bss                   zero     0x2000'7810  0x2144  memp.o [1]
  .bss                   zero     0x2000'9954  0x17d0  ethernetif.o [1]
  .bss                   zero     0x2000'b124  0x17d0  ethernetif.o [1]
  .bss                   zero     0x2000'c8f4   0x654  mem.o [1]
  .bss                   zero     0x2000'cf48   0x2fc  memp.o [1]
  .bss                   zero     0x2000'd244   0x16c  memp.o [1]
  .bss                   zero     0x2000'd3b0   0x104  memp.o [1]
  .bss                   zero     0x2000'd4b4   0x104  memp.o [1]
  .bss                   zero     0x2000'd5b8    0xfc  stats.o [1]
  .bss                   zero     0x2000'd6b4    0xf0  etharp.o [1]
  .bss                   zero     0x2000'd7a4    0xe4  memp.o [1]
  .bss                   zero     0x2000'd888    0xb4  memp.o [1]
  .bss                   zero     0x2000'd93c    0xa4  memp.o [1]
  .bss                   zero     0x2000'd9e0    0x8c  tasks.o [1]
  .bss                   zero     0x2000'da6c    0x84  memp.o [1]
  .bss                   zero     0x2000'daf0    0x84  memp.o [1]
  .bss                   zero     0x2000'db74    0x84  memp.o [1]
  .bss                   zero     0x2000'dbf8    0x80  ethernetif.o [1]
  .bss                   zero     0x2000'dc78    0x80  ethernetif.o [1]
  .bss                   zero     0x2000'dcf8    0x64  dwm1000.o [1]
  .bss                   zero     0x2000'dd5c    0x48  ethernetif.o [1]
  .bss                   zero     0x2000'dda4    0x40  queue.o [1]
  .bss                   zero     0x2000'dde4    0x34  memp.o [1]
  .bss                   zero     0x2000'de18    0x30  lwip.o [1]
  .bss                   zero     0x2000'de48    0x24  memp.o [1]
  .bss                   zero     0x2000'de6c    0x18  ip.o [1]
  .bss                   zero     0x2000'de84    0x14  tasks.o [1]
  .bss                   zero     0x2000'de98    0x14  tasks.o [1]
  .bss                   zero     0x2000'deac    0x14  tasks.o [1]
  .bss                   zero     0x2000'dec0    0x14  tasks.o [1]
  .bss                   zero     0x2000'ded4    0x14  tasks.o [1]
  .bss                   zero     0x2000'dee8    0x10  tcp_in.o [1]
  .bss                   zero     0x2000'def8     0xc  memp.o [1]
  .bss                   zero     0x2000'df04     0xc  memp.o [1]
  .bss                   zero     0x2000'df10     0xc  memp.o [1]
  .bss                   zero     0x2000'df1c     0xc  memp.o [1]
  .bss                   zero     0x2000'df28     0xc  memp.o [1]
  .bss                   zero     0x2000'df34     0xc  memp.o [1]
  .bss                   zero     0x2000'df40     0xc  memp.o [1]
  .bss                   zero     0x2000'df4c     0xc  memp.o [1]
  .bss                   zero     0x2000'df58     0xc  memp.o [1]
  .bss                   zero     0x2000'df64     0xc  memp.o [1]
  .bss                   zero     0x2000'df70     0xc  memp.o [1]
  .bss                   zero     0x2000'df7c     0xc  memp.o [1]
  .bss                   zero     0x2000'df88     0xc  memp.o [1]
  .bss                   zero     0x2000'df94     0x8  heap_4.o [1]
  .bss                   zero     0x2000'df9c     0x8  tsk_udp_client.o [1]
  .bss                   zero     0x2000'dfa4     0x4  deca_port.o [1]
  .bss                   zero     0x2000'dfa8     0x4  deca_port.o [1]
  .bss                   zero     0x2000'dfac     0x4  ethernetif.o [1]
  .bss                   zero     0x2000'dfb0     0x4  heap_4.o [1]
  .bss                   zero     0x2000'dfb4     0x4  heap_4.o [1]
  .bss                   zero     0x2000'dfb8     0x4  heap_4.o [1]
  .bss                   zero     0x2000'dfbc     0x4  heap_4.o [1]
  .bss                   zero     0x2000'dfc0     0x4  ip4_frag.o [1]
  .bss                   zero     0x2000'dfc4     0x4  lwip.o [1]
  .bss                   zero     0x2000'dfc8     0x4  lwip.o [1]
  .bss                   zero     0x2000'dfcc     0x4  lwip.o [1]
  .bss                   zero     0x2000'dfd0     0x4  lwip.o [1]
  .bss                   zero     0x2000'dfd4     0x4  lwip.o [1]
  .bss                   zero     0x2000'dfd8     0x4  lwip.o [1]
  .bss                   zero     0x2000'dfdc     0x4  mem.o [1]
  .bss                   zero     0x2000'dfe0     0x4  mem.o [1]
  .bss                   zero     0x2000'dfe4     0x4  mem.o [1]
  .bss                   zero     0x2000'dfe8     0x4  mem.o [1]
  .bss                   zero     0x2000'dfec     0x4  memp.o [1]
  .bss                   zero     0x2000'dff0     0x4  memp.o [1]
  .bss                   zero     0x2000'dff4     0x4  memp.o [1]
  .bss                   zero     0x2000'dff8     0x4  memp.o [1]
  .bss                   zero     0x2000'dffc     0x4  memp.o [1]
  .bss                   zero     0x2000'e000     0x4  memp.o [1]
  .bss                   zero     0x2000'e004     0x4  memp.o [1]
  .bss                   zero     0x2000'e008     0x4  memp.o [1]
  .bss                   zero     0x2000'e00c     0x4  memp.o [1]
  .bss                   zero     0x2000'e010     0x4  memp.o [1]
  .bss                   zero     0x2000'e014     0x4  memp.o [1]
  .bss                   zero     0x2000'e018     0x4  memp.o [1]
  .bss                   zero     0x2000'e01c     0x4  memp.o [1]
  .bss                   zero     0x2000'e020     0x4  netif.o [1]
  .bss                   zero     0x2000'e024     0x4  netif.o [1]
  .bss                   zero     0x2000'e028     0x4  port.o [1]
  .bss                   zero     0x2000'e02c     0x4  stm32f2xx_hal.o [1]
  .bss                   zero     0x2000'e030     0x4  sys_arch.o [1]
  .bss                   zero     0x2000'e034     0x4  tasks.o [1]
  .bss                   zero     0x2000'e038     0x4  tasks.o [1]
  .bss                   zero     0x2000'e03c     0x4  tasks.o [1]
  .bss                   zero     0x2000'e040     0x4  tasks.o [1]
  .bss                   zero     0x2000'e044     0x4  tasks.o [1]
  .bss                   zero     0x2000'e048     0x4  tasks.o [1]
  .bss                   zero     0x2000'e04c     0x4  tasks.o [1]
  .bss                   zero     0x2000'e050     0x4  tasks.o [1]
  .bss                   zero     0x2000'e054     0x4  tasks.o [1]
  .bss                   zero     0x2000'e058     0x4  tasks.o [1]
  .bss                   zero     0x2000'e05c     0x4  tasks.o [1]
  .bss                   zero     0x2000'e060     0x4  tasks.o [1]
  .bss                   zero     0x2000'e064     0x4  tasks.o [1]
  .bss                   zero     0x2000'e068     0x4  tasks.o [1]
  .bss                   zero     0x2000'e06c     0x4  tasks.o [1]
  .bss                   zero     0x2000'e070     0x4  tcp.o [1]
  .bss                   zero     0x2000'e074     0x4  tcp.o [1]
  .bss                   zero     0x2000'e078     0x4  tcp.o [1]
  .bss                   zero     0x2000'e07c     0x4  tcp.o [1]
  .bss                   zero     0x2000'e080     0x4  tcp.o [1]
  .bss                   zero     0x2000'e084     0x4  tcp_in.o [1]
  .bss                   zero     0x2000'e088     0x4  tcp_in.o [1]
  .bss                   zero     0x2000'e08c     0x4  tcp_in.o [1]
  .bss                   zero     0x2000'e090     0x4  tcp_in.o [1]
  .bss                   zero     0x2000'e094     0x4  tcp_in.o [1]
  .bss                   zero     0x2000'e098     0x4  tcp_in.o [1]
  .bss                   zero     0x2000'e09c     0x4  tcpip.o [1]
  .bss                   zero     0x2000'e0a0     0x4  tcpip.o [1]
  .bss                   zero     0x2000'e0a4     0x4  tcpip.o [1]
  .bss                   zero     0x2000'e0a8     0x4  tcpip.o [1]
  .bss                   zero     0x2000'e0ac     0x4  timeouts.o [1]
  .bss                   zero     0x2000'e0b0     0x4  timeouts.o [1]
  .bss                   zero     0x2000'e0b4     0x4  timeouts.o [1]
  .bss                   zero     0x2000'e0b8     0x4  udp.o [1]
  .bss                   zero     0x2000'e0bc     0x2  ip4.o [1]
  .bss                   zero     0x2000'e0be     0x2  ip4_frag.o [1]
  .bss                   zero     0x2000'e0c0     0x2  tcp_in.o [1]
  .bss                   zero     0x2000'e0c2     0x2  tcp_in.o [1]
  .bss                   zero     0x2000'e0c4     0x2  tcp_in.o [1]
  .bss                   zero     0x2000'e0c6     0x2  tcp_in.o [1]
  .bss                   zero     0x2000'e0c8     0x2  tcp_in.o [1]
  .bss                   zero     0x2000'e0ca     0x1  api_msg.o [1]
  .bss                   zero     0x2000'e0cb     0x1  etharp.o [1]
  .bss                   zero     0x2000'e0cc     0x1  netif.o [1]
  .bss                   zero     0x2000'e0cd     0x1  pbuf.o [1]
  .bss                   zero     0x2000'e0ce     0x1  port.o [1]
  .bss                   zero     0x2000'e0cf     0x1  tcp.o [1]
  .bss                   zero     0x2000'e0d0     0x1  tcp.o [1]
  .bss                   zero     0x2000'e0d1     0x1  tcp.o [1]
  .bss                   zero     0x2000'e0d2     0x1  tcp_in.o [1]
  .bss                   zero     0x2000'e0d3     0x1  tcp_in.o [1]
                                - 0x2000'e0d4  0xe0c4

"P2", part 3 of 3:                              0x400
  CSTACK                          0x2000'e0d8   0x400  <Block>
    CSTACK               uninit   0x2000'e0d8   0x400  <Block tail>
                                - 0x2000'e4d8   0x400

Unused ranges:

         From           To      Size
         ----           --      ----
   0x800'bf94   0x80f'ffff  0xf'406c
  0x2000'e0d4  0x2000'e0d7       0x4
  0x2000'e4d8  0x2002'0000  0x1'1b29


*******************************************************************************
*** INIT TABLE
***

          Address      Size
          -------      ----
Zero (__iar_zero_init3)
    1 destination range, total size 0xe0c4:
          0x2000'0010  0xe0c4

Copy (__iar_copy_init3)
    1 source range, total size 0x10:
           0x800'bdec    0x10
    1 destination range, total size 0x10:
          0x2000'0000    0x10

Extra (__iar_cstart_call_ctors)



*******************************************************************************
*** MODULE SUMMARY
***

    Module                  ro code  ro data  rw data
    ------                  -------  -------  -------
command line/config:
    -------------------------------------------------
    Total:

\\Mac\Home\Documents\PROJECTS\UWB-RTLS\Code\uwb-rtls\software\nucleo\EWARM\NUCLEOF207-RTLS\Obj: [1]
    api_lib.o                   788
    api_msg.o                 3 520                 1
    cmsis_os.o                  974
    deca_port.o                 176                 8
    def.o                        44
    dwm1000.o                   384       16      100
    etharp.o                  2 384               241
    ethernet.o                  340       16
    ethernetif.o              1 208       32   12 524
    heap_4.o                    608        4   30 744
    icmp.o                      720
    inet_chksum.o               426
    init.o                       36
    ip.o                                           24
    ip4.o                     1 140                 2
    ip4_addr.o                   76        4
    ip4_frag.o                1 716                 6
    list.o                      152
    lwip.o                      220                72
    main.o                      622
    mem.o                     1 024             1 636
    memp.o                      284      260   11 428
    netbuf.o                    128
    netif.o                     378                 9
    pbuf.o                    1 664                 1
    port.o                      476        8        9
    portasm.o                   136
    queue.o                   2 228                64
    startup_stm32f207xx.o       708
    stats.o                       2               252
    stm32f2xx_hal.o             150                 4
    stm32f2xx_hal_cortex.o      324
    stm32f2xx_hal_eth.o       2 640
    stm32f2xx_hal_gpio.o        628
    stm32f2xx_hal_msp.o          72
    stm32f2xx_hal_rcc.o       1 288
    stm32f2xx_hal_spi.o         144
    stm32f2xx_it.o               70
    sys_arch.o                  756       20        4
    system_stm32f2xx.o           84       20        4
    tasks.o                   2 480        8      300
    tcp.o                     3 740       46       29
    tcp_in.o                  5 712                52
    tcp_out.o                 3 772
    tcpip.o                     448       16       16
    timeouts.o                  568       24       12
    tsk_udp_client.o            284       52        8
    udp.o                     1 464        2        6
    -------------------------------------------------
    Total:                   47 186      528   57 556

dl7M_tlf.a: [2]
    cppinit.o                    24
    exit.o                        4
    low_level_init.o              4
    -------------------------------------------------
    Total:                       32

dlpp7M_tl_fc.a: [3]
    -------------------------------------------------
    Total:

m7M_tl.a: [4]
    -------------------------------------------------
    Total:

rt7M_tl.a: [5]
    ABImemclr4.o                  6
    ABImemcpy.o                 166
    ABImemset.o                 102
    ABImemset48.o                50
    I64DivMod.o                 560
    I64DivZer.o                   2
    cexit.o                      10
    cmain.o                      30
    cmain_call_ctors.o           32
    copy_init3.o                 44
    cstartup_M.o                 12
    data_init.o                  40
    memcmp.o                    104
    zero_init3.o                 58
    -------------------------------------------------
    Total:                    1 216

shb_l.a: [6]
    exit.o                       20
    unwind_debug.o                         1
    -------------------------------------------------
    Total:                       20        1

    Gaps                         21
    Linker created                        40    1 024
-----------------------------------------------------
    Grand Total:             48 475      569   58 580


*******************************************************************************
*** ENTRY LIST
***

Entry                       Address    Size  Type      Object
-----                       -------    ----  ----      ------
.iar.init_table$$Base    0x800'bbc4           --   Gb  - Linker created -
.iar.init_table$$Limit   0x800'bbec           --   Gb  - Linker created -
?main                    0x800'bc25          Code  Gb  cmain.o [5]
AHBPrescTable            0x800'bd7c    0x10  Data  Gb  system_stm32f2xx.o [1]
BusFault_Handler         0x800'baeb     0x2  Code  Gb  stm32f2xx_it.o [1]
CSTACK$$Base            0x2000'e0d8           --   Gb  - Linker created -
CSTACK$$Limit           0x2000'e4d8           --   Gb  - Linker created -
DMARxDscrTab            0x2000'dbf8    0x80  Data  Gb  ethernetif.o [1]
DMATxDscrTab            0x2000'dc78    0x80  Data  Gb  ethernetif.o [1]
DWM1000::DWM1000()       0x800'b64b    0x20  Code  Gb  dwm1000.o [1]
DWM1000::periphInit()    0x800'b66b   0x12c  Code  Gb  dwm1000.o [1]
DebugMon_Handler         0x800'baef     0x2  Code  Gb  stm32f2xx_it.o [1]
ETH_DMAReceptionEnable   0x800'74f1    0x12  Code  Lc  stm32f2xx_hal_eth.o [1]
ETH_DMATransmissionEnable
                         0x800'74df    0x12  Code  Lc  stm32f2xx_hal_eth.o [1]
ETH_Delay                0x800'752f    0x24  Code  Lc  stm32f2xx_hal_eth.o [1]
ETH_FlushTransmitFIFO    0x800'7503    0x2c  Code  Lc  stm32f2xx_hal_eth.o [1]
ETH_IRQHandler           0x800'bafd     0xa  Code  Gb  stm32f2xx_it.o [1]
ETH_MACAddressConfig     0x800'7465    0x2a  Code  Lc  stm32f2xx_hal_eth.o [1]
ETH_MACDMAConfig         0x800'7209   0x25c  Code  Lc  stm32f2xx_hal_eth.o [1]
ETH_MACReceptionEnable   0x800'74b7    0x28  Code  Lc  stm32f2xx_hal_eth.o [1]
ETH_MACTransmissionEnable
                         0x800'748f    0x28  Code  Lc  stm32f2xx_hal_eth.o [1]
EXTI1_IRQHandler         0x800'bb0d     0xa  Code  Gb  stm32f2xx_it.o [1]
EXTI3_IRQHandler         0x800'bb21     0xa  Code  Gb  stm32f2xx_it.o [1]
EXTI9_5_IRQHandler       0x800'bb17     0xa  Code  Gb  stm32f2xx_it.o [1]
Error_Handler            0x800'b609     0x2  Code  Gb  main.o [1]
GATEWAY_ADDRESS         0x2000'dfd8     0x4  Data  Gb  lwip.o [1]
HAL_Delay                0x800'9115    0x1e  Code  Wk  stm32f2xx_hal.o [1]
HAL_ETH_DMARxDescListInit
                         0x800'6def    0x7e  Code  Gb  stm32f2xx_hal_eth.o [1]
HAL_ETH_DMATxDescListInit
                         0x800'6d73    0x7c  Code  Gb  stm32f2xx_hal_eth.o [1]
HAL_ETH_GetReceivedFrame_IT
                         0x800'6f9b    0xaa  Code  Gb  stm32f2xx_hal_eth.o [1]
HAL_ETH_IRQHandler       0x800'7045    0x76  Code  Gb  stm32f2xx_hal_eth.o [1]
HAL_ETH_Init             0x800'6b3d   0x236  Code  Gb  stm32f2xx_hal_eth.o [1]
HAL_ETH_MspInit          0x800'4f95   0x13e  Code  Gb  ethernetif.o [1]
HAL_ETH_ReadPHYRegister
                         0x800'70bb    0x84  Code  Gb  stm32f2xx_hal_eth.o [1]
HAL_ETH_RxCpltCallback   0x800'50d3     0xc  Code  Gb  ethernetif.o [1]
HAL_ETH_Start            0x800'71bf    0x4a  Code  Gb  stm32f2xx_hal_eth.o [1]
HAL_ETH_TransmitFrame    0x800'6e6d   0x12e  Code  Gb  stm32f2xx_hal_eth.o [1]
HAL_ETH_WritePHYRegister
                         0x800'713f    0x80  Code  Gb  stm32f2xx_hal_eth.o [1]
HAL_GPIO_EXTI_Callback   0x800'8be1    0x1e  Code  Gb  deca_port.o [1]
HAL_GPIO_EXTI_IRQHandler
                         0x800'699b    0x1c  Code  Gb  stm32f2xx_hal_gpio.o [1]
HAL_GPIO_Init            0x800'6785   0x1e6  Code  Gb  stm32f2xx_hal_gpio.o [1]
HAL_GPIO_ReadPin         0x800'696b    0x12  Code  Gb  stm32f2xx_hal_gpio.o [1]
HAL_GPIO_TogglePin       0x800'6991     0xa  Code  Gb  stm32f2xx_hal_gpio.o [1]
HAL_GPIO_WritePin        0x800'697d    0x14  Code  Gb  stm32f2xx_hal_gpio.o [1]
HAL_GetTick              0x800'7589     0xc  Code  Wk  stm32f2xx_hal.o [1]
HAL_IncTick              0x800'bb2d    0x10  Code  Wk  stm32f2xx_hal.o [1]
HAL_Init                 0x800'b60d    0x30  Code  Gb  stm32f2xx_hal.o [1]
HAL_InitTick             0x800'9e21    0x28  Code  Wk  stm32f2xx_hal.o [1]
HAL_MspInit              0x800'b8dd    0x48  Code  Gb  stm32f2xx_hal_msp.o [1]
HAL_NVIC_DisableIRQ      0x800'6b07     0xa  Code  Gb  stm32f2xx_hal_cortex.o [1]
HAL_NVIC_EnableIRQ       0x800'6afd     0xa  Code  Gb  stm32f2xx_hal_cortex.o [1]
HAL_NVIC_SetPriority     0x800'6adb    0x22  Code  Gb  stm32f2xx_hal_cortex.o [1]
HAL_NVIC_SetPriorityGrouping
                         0x800'6ad3     0x8  Code  Gb  stm32f2xx_hal_cortex.o [1]
HAL_RCC_ClockConfig      0x800'8f0f   0x14a  Code  Gb  stm32f2xx_hal_rcc.o [1]
HAL_RCC_GetHCLKFreq      0x800'90c9     0x6  Code  Gb  stm32f2xx_hal_rcc.o [1]
HAL_RCC_GetSysClockFreq
                         0x800'9059    0x70  Code  Gb  stm32f2xx_hal_rcc.o [1]
HAL_RCC_OscConfig        0x800'8c0d   0x302  Code  Gb  stm32f2xx_hal_rcc.o [1]
HAL_SPI_Init             0x800'b925    0x8e  Code  Gb  stm32f2xx_hal_spi.o [1]
HAL_SYSTICK_Config       0x800'6b11     0x8  Code  Gb  stm32f2xx_hal_cortex.o [1]
HardFault_Handler        0x800'bae7     0x2  Code  Gb  stm32f2xx_it.o [1]
IP_ADDRESS              0x2000'dfd0     0x4  Data  Gb  lwip.o [1]
MX_LWIP_Init             0x800'b9b5    0xdc  Code  Gb  lwip.o [1]
MemManage_Handler        0x800'bae9     0x2  Code  Gb  stm32f2xx_it.o [1]
NETMASK_ADDRESS         0x2000'dfd4     0x4  Data  Gb  lwip.o [1]
NMI_Handler              0x800'bae5     0x2  Code  Gb  stm32f2xx_it.o [1]
NVIC_DisableIRQ          0x800'6a31    0x14  Code  Lc  stm32f2xx_hal_cortex.o [1]
NVIC_EnableIRQ           0x800'6a1d    0x14  Code  Lc  stm32f2xx_hal_cortex.o [1]
NVIC_EncodePriority      0x800'6a69    0x3c  Code  Lc  stm32f2xx_hal_cortex.o [1]
NVIC_GetPriorityGrouping
                         0x800'6a13     0xa  Code  Lc  stm32f2xx_hal_cortex.o [1]
NVIC_SetPriority         0x800'6a45    0x24  Code  Lc  stm32f2xx_hal_cortex.o [1]
NVIC_SetPriorityGrouping
                         0x800'69f9    0x1a  Code  Lc  stm32f2xx_hal_cortex.o [1]
PendSV_Handler           0x800'9431          Code  Gb  portasm.o [1]
Region$$Table$$Base      0x800'bbc4           --   Gb  - Linker created -
Region$$Table$$Limit     0x800'bbec           --   Gb  - Linker created -
Rx_Buff                 0x2000'9954  0x17d0  Data  Gb  ethernetif.o [1]
SHT$$INIT_ARRAY$$Base    0x800'bf90           --   Gb  - Linker created -
SHT$$INIT_ARRAY$$Limit   0x800'bf94           --   Gb  - Linker created -
SHT$$PREINIT_ARRAY$$Base
                         0x800'bf90           --   Gb  - Linker created -
SHT$$PREINIT_ARRAY$$Limit
                         0x800'bf90           --   Gb  - Linker created -
SVC_Handler              0x800'9477          Code  Gb  portasm.o [1]
SysTick_Config           0x800'6aa5    0x2e  Code  Lc  stm32f2xx_hal_cortex.o [1]
SysTick_Handler          0x800'baf1     0xc  Code  Gb  stm32f2xx_it.o [1]
SystemClock_Config()     0x800'b3c3    0x72  Code  Gb  main.o [1]
SystemCoreClock         0x2000'0004     0x4  Data  Gb  system_stm32f2xx.o [1]
SystemInit               0x800'ba91    0x36  Code  Gb  system_stm32f2xx.o [1]
TskUdpClient::createTask()
                         0x800'b7c1    0x1a  Code  Gb  tsk_udp_client.o [1]
TskUdpClient::sendThread(void *)
                         0x800'b881    0x44  Code  Gb  tsk_udp_client.o [1]
TskUdpClient::udpClientTsk(void const *)
                         0x800'b7db    0x64  Code  Gb  tsk_udp_client.o [1]
TskUdpClient::udpReceiveCallback(netconn *, netconn_evt, unsigned short)
                         0x800'b841    0x3e  Code  Gb  tsk_udp_client.o [1]
Tx_Buff                 0x2000'b124  0x17d0  Data  Gb  ethernetif.o [1]
UsageFault_Handler       0x800'baed     0x2  Code  Gb  stm32f2xx_it.o [1]
[local to main_cpp]::MX_GPIO_Init()
                         0x800'b435   0x1ae  Code  Lc  main.o [1]
__aeabi_ldiv0            0x800'a1dd          Code  Gb  I64DivZer.o [5]
__aeabi_memclr4          0x800'581d          Code  Gb  ABImemclr4.o [5]
__aeabi_memcpy           0x800'4a11          Code  Gb  ABImemcpy.o [5]
__aeabi_memcpy4          0x800'4a31          Code  Gb  ABImemcpy.o [5]
__aeabi_memcpy8          0x800'4a31          Code  Gb  ABImemcpy.o [5]
__aeabi_memset           0x800'4f2d          Code  Gb  ABImemset.o [5]
__aeabi_uldivmod         0x800'9e49          Code  Gb  I64DivMod.o [5]
__call_ctors             0x800'bc0d    0x18  Code  Gb  cppinit.o [2]
__cmain                  0x800'bc25          Code  Gb  cmain.o [5]
__exit                   0x800'bc59    0x14  Code  Gb  exit.o [6]
__iar_Memset             0x800'4f2d          Code  Gb  ABImemset.o [5]
__iar_Memset4_word       0x800'89d5          Code  Gb  ABImemset48.o [5]
__iar_Memset8_word       0x800'89d5          Code  Gb  ABImemset48.o [5]
__iar_Memset_word        0x800'4f35          Code  Gb  ABImemset.o [5]
__iar_copy_init3         0x800'bb71    0x2c  Code  Gb  copy_init3.o [5]
__iar_cstart_call_ctors
                         0x800'bbed    0x20  Code  Gb  cmain_call_ctors.o [5]
__iar_data_init3         0x800'bb9d    0x28  Code  Gb  data_init.o [5]
__iar_debug_exceptions   0x800'4ab6     0x1  Data  Gb  unwind_debug.o [6]
__iar_program_start      0x800'be09          Code  Gb  cstartup_M.o [5]
__iar_tls$$INIT_ARRAY$$Base
                         0x800'bf94           --   Gb  - Linker created -
__iar_tls$$INIT_ARRAY$$Limit
                         0x800'bf94           --   Gb  - Linker created -
__iar_zero_init3         0x800'204b    0x3a  Code  Gb  zero_init3.o [5]
__low_level_init         0x800'bc43     0x4  Code  Gb  low_level_init.o [2]
__sti__routine           0x800'b641     0xa  Code  Lc  dwm1000.o [1]
__vector_table           0x800'0000          Data  Gb  startup_stm32f207xx.o [1]
_call_main               0x800'bc31          Code  Gb  cmain.o [5]
_exit                    0x800'bc4d          Code  Gb  cexit.o [5]
_main                    0x800'bc3f          Code  Gb  cmain.o [5]
ackno                   0x2000'e090     0x4  Data  Lc  tcp_in.o [1]
arp_table               0x2000'd6b4    0xf0  Data  Lc  etharp.o [1]
cyclic_timer             0x800'3f79    0x16  Code  Lc  timeouts.o [1]
do_memp_free_pool        0x800'301f    0x24  Code  Lc  memp.o [1]
do_memp_malloc_pool      0x800'2fb5    0x4e  Code  Lc  memp.o [1]
dwm1000                 0x2000'dcf8    0x64  Data  Gb  dwm1000.o [1]
err_tcp                  0x800'a421   0x100  Code  Lc  api_msg.o [1]
etharp_cached_entry     0x2000'e0cb     0x1  Data  Lc  etharp.o [1]
etharp_cleanup_netif     0x800'9847    0x44  Code  Gb  etharp.o [1]
etharp_find_entry        0x800'95c9   0x1b0  Code  Lc  etharp.o [1]
etharp_free_entry        0x800'94b9    0x32  Code  Lc  etharp.o [1]
etharp_input             0x800'988b   0x12c  Code  Gb  etharp.o [1]
etharp_output            0x800'9a6b   0x112  Code  Gb  etharp.o [1]
etharp_output_to_arp_index
                         0x800'99b7    0xb4  Code  Lc  etharp.o [1]
etharp_query             0x800'9b7d   0x188  Code  Gb  etharp.o [1]
etharp_raw               0x800'9d05    0xc4  Code  Lc  etharp.o [1]
etharp_request           0x800'9de9     0xa  Code  Gb  etharp.o [1]
etharp_request_dst       0x800'9dc9    0x20  Code  Lc  etharp.o [1]
etharp_tmr               0x800'94eb    0xde  Code  Gb  etharp.o [1]
etharp_update_arp_entry
                         0x800'9779    0xce  Code  Lc  etharp.o [1]
ethbroadcast             0x800'be14     0x8  Data  Gb  ethernet.o [1]
ethernet_input           0x800'a079    0xf0  Code  Gb  ethernet.o [1]
ethernet_output          0x800'a169    0x5a  Code  Gb  ethernet.o [1]
ethernetif_init          0x800'53e7    0x1e  Code  Gb  ethernetif.o [1]
ethernetif_input         0x800'53af    0x38  Code  Gb  ethernetif.o [1]
ethzero                  0x800'be1c     0x8  Data  Gb  ethernet.o [1]
exit                     0x800'bc47     0x4  Code  Gb  exit.o [2]
flags                   0x2000'e0d2     0x1  Data  Lc  tcp_in.o [1]
gnetif                  0x2000'de18    0x30  Data  Gb  lwip.o [1]
gw                      0x2000'dfcc     0x4  Data  Gb  lwip.o [1]
heth                    0x2000'dd5c    0x48  Data  Gb  ethernetif.o [1]
icmp_dest_unreach        0x800'66d5     0xe  Code  Gb  icmp.o [1]
icmp_input               0x800'64b5   0x220  Code  Gb  icmp.o [1]
icmp_send_response       0x800'66f1    0x8c  Code  Lc  icmp.o [1]
icmp_time_exceeded       0x800'66e3     0xe  Code  Gb  icmp.o [1]
inHandlerMode            0x800'5463    0x12  Code  Lc  cmsis_os.o [1]
inet_chksum              0x800'1fdb     0xe  Code  Gb  inet_chksum.o [1]
inet_chksum_pbuf         0x800'1fe9    0x62  Code  Gb  inet_chksum.o [1]
inet_chksum_pseudo       0x800'1f9f    0x2c  Code  Gb  inet_chksum.o [1]
inet_cksum_pseudo_base   0x800'1f03    0x9c  Code  Lc  inet_chksum.o [1]
inseg                   0x2000'dee8    0x10  Data  Lc  tcp_in.o [1]
ip4_addr_isbroadcast_u32
                         0x800'1e55    0x4c  Code  Gb  ip4_addr.o [1]
ip4_frag                 0x800'5d13   0x1d8  Code  Gb  ip4_frag.o [1]
ip4_input                0x800'4b39   0x278  Code  Gb  ip4.o [1]
ip4_output_if            0x800'4db1    0x30  Code  Gb  ip4.o [1]
ip4_output_if_src        0x800'4de1   0x134  Code  Gb  ip4.o [1]
ip4_reass                0x800'5b0b   0x1da  Code  Gb  ip4_frag.o [1]
ip4_route                0x800'4ab9    0x80  Code  Gb  ip4.o [1]
ip_addr_any              0x800'be4c     0x4  Data  Gb  ip4_addr.o [1]
ip_chksum_pseudo         0x800'1fcb    0x10  Code  Gb  inet_chksum.o [1]
ip_data                 0x2000'de6c    0x18  Data  Gb  ip.o [1]
ip_frag_alloc_pbuf_custom_ref
                         0x800'5ce5     0xa  Code  Lc  ip4_frag.o [1]
ip_frag_free_pbuf_custom_ref
                         0x800'5cef     0xc  Code  Lc  ip4_frag.o [1]
ip_id                   0x2000'e0bc     0x2  Data  Lc  ip4.o [1]
ip_reass_chain_frag_into_datagram_and_validate
                         0x800'59f5   0x116  Code  Lc  ip4_frag.o [1]
ip_reass_dequeue_datagram
                         0x800'59d5    0x20  Code  Lc  ip4_frag.o [1]
ip_reass_enqueue_new_datagram
                         0x800'5971    0x64  Code  Lc  ip4_frag.o [1]
ip_reass_free_complete_datagram
                         0x800'5877    0x78  Code  Lc  ip4_frag.o [1]
ip_reass_pbufcount      0x2000'e0be     0x2  Data  Lc  ip4_frag.o [1]
ip_reass_remove_oldest_datagram
                         0x800'58ef    0x82  Code  Lc  ip4_frag.o [1]
ip_reass_tmr             0x800'5849    0x2e  Code  Gb  ip4_frag.o [1]
ipaddr                  0x2000'dfc4     0x4  Data  Gb  lwip.o [1]
ipfrag_free_pbuf_custom
                         0x800'5cfb    0x18  Code  Lc  ip4_frag.o [1]
lfree                   0x2000'dfe4     0x4  Data  Lc  mem.o [1]
lock_tcpip_core         0x2000'e0a8     0x4  Data  Gb  tcpip.o [1]
low_level_init           0x800'50df   0x112  Code  Lc  ethernetif.o [1]
low_level_input          0x800'52c3    0xec  Code  Lc  ethernetif.o [1]
low_level_output         0x800'51f1    0xd2  Code  Lc  ethernetif.o [1]
lwip_cyclic_timers       0x800'bc6c    0x18  Data  Gb  timeouts.o [1]
lwip_htonl               0x800'2095    0x1c  Code  Gb  def.o [1]
lwip_htons               0x800'2085    0x10  Code  Gb  def.o [1]
lwip_init                0x800'5823    0x24  Code  Gb  init.o [1]
lwip_netconn_do_bind     0x800'aa71    0x78  Code  Gb  api_msg.o [1]
lwip_netconn_do_close    0x800'af55    0xac  Code  Gb  api_msg.o [1]
lwip_netconn_do_close_internal
                         0x800'a777   0x1fc  Code  Lc  api_msg.o [1]
lwip_netconn_do_connect
                         0x800'ab79   0x100  Code  Gb  api_msg.o [1]
lwip_netconn_do_connected
                         0x800'aae9    0x90  Code  Lc  api_msg.o [1]
lwip_netconn_do_delconn
                         0x800'a973    0xfe  Code  Gb  api_msg.o [1]
lwip_netconn_do_newconn
                         0x800'a5cd    0x38  Code  Gb  api_msg.o [1]
lwip_netconn_do_recv     0x800'ad13    0x62  Code  Gb  api_msg.o [1]
lwip_netconn_do_send     0x800'ac8d    0x86  Code  Gb  api_msg.o [1]
lwip_netconn_do_writemore
                         0x800'ad75   0x1dc  Code  Lc  api_msg.o [1]
lwip_standard_chksum     0x800'1ea1    0x62  Code  Gb  inet_chksum.o [1]
lwip_stats              0x2000'd5b8    0xfc  Data  Gb  stats.o [1]
lwip_sys_mutex          0x2000'e030     0x4  Data  Gb  sys_arch.o [1]
main                     0x800'b39d    0x26  Code  Gb  main.o [1]
makeFreeRtosPriority     0x800'544d    0x16  Code  Lc  cmsis_os.o [1]
mbox                    0x2000'e0a4     0x4  Data  Lc  tcpip.o [1]
mem_free                 0x800'46d3    0x68  Code  Gb  mem.o [1]
mem_init                 0x800'467d    0x56  Code  Gb  mem.o [1]
mem_malloc               0x800'489d   0x15a  Code  Gb  mem.o [1]
mem_mutex               0x2000'dfe8     0x4  Data  Lc  mem.o [1]
mem_trim                 0x800'473b   0x162  Code  Gb  mem.o [1]
memcmp                   0x800'a1e1          Code  Gb  memcmp.o [5]
memp_FRAG_PBUF           0x800'bcfc    0x10  Data  Gb  memp.o [1]
memp_NETBUF              0x800'bd0c    0x10  Data  Gb  memp.o [1]
memp_NETCONN             0x800'bd1c    0x10  Data  Gb  memp.o [1]
memp_PBUF                0x800'bd5c    0x10  Data  Gb  memp.o [1]
memp_PBUF_POOL           0x800'bd6c    0x10  Data  Gb  memp.o [1]
memp_REASSDATA           0x800'bcec    0x10  Data  Gb  memp.o [1]
memp_SYS_TIMEOUT         0x800'bd4c    0x10  Data  Gb  memp.o [1]
memp_TCPIP_MSG_API       0x800'bd2c    0x10  Data  Gb  memp.o [1]
memp_TCPIP_MSG_INPKT     0x800'bd3c    0x10  Data  Gb  memp.o [1]
memp_TCP_PCB             0x800'bcbc    0x10  Data  Gb  memp.o [1]
memp_TCP_PCB_LISTEN      0x800'bccc    0x10  Data  Gb  memp.o [1]
memp_TCP_SEG             0x800'bcdc    0x10  Data  Gb  memp.o [1]
memp_UDP_PCB             0x800'bcac    0x10  Data  Gb  memp.o [1]
memp_free                0x800'3043    0x1c  Code  Gb  memp.o [1]
memp_init                0x800'2f7d    0x38  Code  Gb  memp.o [1]
memp_init_pool           0x800'2f4d    0x30  Code  Gb  memp.o [1]
memp_malloc              0x800'3003    0x1c  Code  Gb  memp.o [1]
memp_memory_FRAG_PBUF_base
                        0x2000'd244   0x16c  Data  Gb  memp.o [1]
memp_memory_NETBUF_base
                        0x2000'de48    0x24  Data  Gb  memp.o [1]
memp_memory_NETCONN_base
                        0x2000'd888    0xb4  Data  Gb  memp.o [1]
memp_memory_PBUF_POOL_base
                        0x2000'7810  0x2144  Data  Gb  memp.o [1]
memp_memory_PBUF_base   0x2000'd4b4   0x104  Data  Gb  memp.o [1]
memp_memory_REASSDATA_base
                        0x2000'd93c    0xa4  Data  Gb  memp.o [1]
memp_memory_SYS_TIMEOUT_base
                        0x2000'dde4    0x34  Data  Gb  memp.o [1]
memp_memory_TCPIP_MSG_API_base
                        0x2000'daf0    0x84  Data  Gb  memp.o [1]
memp_memory_TCPIP_MSG_INPKT_base
                        0x2000'db74    0x84  Data  Gb  memp.o [1]
memp_memory_TCP_PCB_LISTEN_base
                        0x2000'd7a4    0xe4  Data  Gb  memp.o [1]
memp_memory_TCP_PCB_base
                        0x2000'cf48   0x2fc  Data  Gb  memp.o [1]
memp_memory_TCP_SEG_base
                        0x2000'd3b0   0x104  Data  Gb  memp.o [1]
memp_memory_UDP_PCB_base
                        0x2000'da6c    0x84  Data  Gb  memp.o [1]
memp_pools               0x800'bb3c    0x34  Data  Gb  memp.o [1]
memp_stats_FRAG_PBUF    0x2000'df34     0xc  Data  Lc  memp.o [1]
memp_stats_NETBUF       0x2000'df40     0xc  Data  Lc  memp.o [1]
memp_stats_NETCONN      0x2000'df4c     0xc  Data  Lc  memp.o [1]
memp_stats_PBUF         0x2000'df7c     0xc  Data  Lc  memp.o [1]
memp_stats_PBUF_POOL    0x2000'df88     0xc  Data  Lc  memp.o [1]
memp_stats_REASSDATA    0x2000'df28     0xc  Data  Lc  memp.o [1]
memp_stats_SYS_TIMEOUT  0x2000'df70     0xc  Data  Lc  memp.o [1]
memp_stats_TCPIP_MSG_API
                        0x2000'df58     0xc  Data  Lc  memp.o [1]
memp_stats_TCPIP_MSG_INPKT
                        0x2000'df64     0xc  Data  Lc  memp.o [1]
memp_stats_TCP_PCB      0x2000'df04     0xc  Data  Lc  memp.o [1]
memp_stats_TCP_PCB_LISTEN
                        0x2000'df10     0xc  Data  Lc  memp.o [1]
memp_stats_TCP_SEG      0x2000'df1c     0xc  Data  Lc  memp.o [1]
memp_stats_UDP_PCB      0x2000'def8     0xc  Data  Lc  memp.o [1]
memp_tab_FRAG_PBUF      0x2000'e000     0x4  Data  Lc  memp.o [1]
memp_tab_NETBUF         0x2000'e004     0x4  Data  Lc  memp.o [1]
memp_tab_NETCONN        0x2000'e008     0x4  Data  Lc  memp.o [1]
memp_tab_PBUF           0x2000'e018     0x4  Data  Lc  memp.o [1]
memp_tab_PBUF_POOL      0x2000'e01c     0x4  Data  Lc  memp.o [1]
memp_tab_REASSDATA      0x2000'dffc     0x4  Data  Lc  memp.o [1]
memp_tab_SYS_TIMEOUT    0x2000'e014     0x4  Data  Lc  memp.o [1]
memp_tab_TCPIP_MSG_API  0x2000'e00c     0x4  Data  Lc  memp.o [1]
memp_tab_TCPIP_MSG_INPKT
                        0x2000'e010     0x4  Data  Lc  memp.o [1]
memp_tab_TCP_PCB        0x2000'dff0     0x4  Data  Lc  memp.o [1]
memp_tab_TCP_PCB_LISTEN
                        0x2000'dff4     0x4  Data  Lc  memp.o [1]
memp_tab_TCP_SEG        0x2000'dff8     0x4  Data  Lc  memp.o [1]
memp_tab_UDP_PCB        0x2000'dfec     0x4  Data  Lc  memp.o [1]
netbuf_alloc             0x800'b04d    0x3c  Code  Gb  netbuf.o [1]
netbuf_delete            0x800'b027    0x26  Code  Gb  netbuf.o [1]
netbuf_new               0x800'b009    0x1e  Code  Gb  netbuf.o [1]
netconn_aborted         0x2000'e0ca     0x1  Data  Gb  api_msg.o [1]
netconn_alloc            0x800'a605    0x8c  Code  Gb  api_msg.o [1]
netconn_apimsg           0x800'b089    0x22  Code  Lc  api_lib.o [1]
netconn_bind             0x800'b147    0x2e  Code  Gb  api_lib.o [1]
netconn_close_shutdown   0x800'b353    0x28  Code  Lc  api_lib.o [1]
netconn_connect          0x800'b175    0x2e  Code  Gb  api_lib.o [1]
netconn_delete           0x800'b10f    0x38  Code  Gb  api_lib.o [1]
netconn_drain            0x800'a6bf    0xb8  Code  Lc  api_msg.o [1]
netconn_free             0x800'a691    0x2e  Code  Gb  api_msg.o [1]
netconn_new_with_proto_and_callback
                         0x800'b0ab    0x64  Code  Gb  api_lib.o [1]
netconn_recv             0x800'b2b3    0x80  Code  Gb  api_lib.o [1]
netconn_recv_data        0x800'b1a3   0x110  Code  Lc  api_lib.o [1]
netconn_send             0x800'b333    0x20  Code  Gb  api_lib.o [1]
netif_add                0x800'8a0b    0x52  Code  Gb  netif.o [1]
netif_default           0x2000'e024     0x4  Data  Gb  netif.o [1]
netif_init               0x800'8a09     0x2  Code  Gb  netif.o [1]
netif_issue_reports      0x800'8b43    0x1c  Code  Lc  netif.o [1]
netif_list              0x2000'e020     0x4  Data  Gb  netif.o [1]
netif_num               0x2000'e0cc     0x1  Data  Lc  netif.o [1]
netif_set_addr           0x800'8a5d    0x48  Code  Gb  netif.o [1]
netif_set_default        0x800'8b05     0x6  Code  Gb  netif.o [1]
netif_set_down           0x800'8b5f    0x24  Code  Gb  netif.o [1]
netif_set_gw             0x800'8ae9     0xe  Code  Gb  netif.o [1]
netif_set_ipaddr         0x800'8aa5    0x44  Code  Gb  netif.o [1]
netif_set_netmask        0x800'8af7     0xe  Code  Gb  netif.o [1]
netif_set_up             0x800'8b1d    0x26  Code  Gb  netif.o [1]
netmask                 0x2000'dfc8     0x4  Data  Gb  lwip.o [1]
next_timeout            0x2000'e0ac     0x4  Data  Lc  timeouts.o [1]
osDelay                  0x800'54c3    0x16  Code  Gb  cmsis_os.o [1]
osKernelStart            0x800'5475     0xa  Code  Gb  cmsis_os.o [1]
osKernelSysTick          0x800'547f    0x16  Code  Gb  cmsis_os.o [1]
osMessageCreate          0x800'56bb     0xe  Code  Gb  cmsis_os.o [1]
osMessageDelete          0x800'5801    0x1a  Code  Gb  cmsis_os.o [1]
osMessageGet             0x800'5729    0xa8  Code  Gb  cmsis_os.o [1]
osMessagePut             0x800'56c9    0x60  Code  Gb  cmsis_os.o [1]
osMessageWaiting         0x800'57e5    0x1c  Code  Gb  cmsis_os.o [1]
osMutexCreate            0x800'54d9     0xa  Code  Gb  cmsis_os.o [1]
osMutexRelease           0x800'555b    0x52  Code  Gb  cmsis_os.o [1]
osMutexWait              0x800'54e3    0x78  Code  Gb  cmsis_os.o [1]
osSemaphoreCreate        0x800'55ad    0x2a  Code  Gb  cmsis_os.o [1]
osSemaphoreDelete        0x800'56a1    0x1a  Code  Gb  cmsis_os.o [1]
osSemaphoreRelease       0x800'564f    0x52  Code  Gb  cmsis_os.o [1]
osSemaphoreWait          0x800'55d7    0x78  Code  Gb  cmsis_os.o [1]
osSystickHandler         0x800'57d1    0x10  Code  Gb  cmsis_os.o [1]
osThreadCreate           0x800'5495    0x2e  Code  Gb  cmsis_os.o [1]
os_mutex_def_lwip_sys_mutex
                         0x800'be5c     0x4  Data  Gb  sys_arch.o [1]
pbuf_alloc               0x800'184d   0x172  Code  Gb  pbuf.o [1]
pbuf_alloced_custom      0x800'19bf    0x7c  Code  Gb  pbuf.o [1]
pbuf_cat                 0x800'1c2b    0x28  Code  Gb  pbuf.o [1]
pbuf_chain               0x800'1c53    0x12  Code  Gb  pbuf.o [1]
pbuf_clen                0x800'1c01    0x12  Code  Gb  pbuf.o [1]
pbuf_copy                0x800'1c65    0xd0  Code  Gb  pbuf.o [1]
pbuf_copy_partial        0x800'1d35    0x98  Code  Gb  pbuf.o [1]
pbuf_free                0x800'1b85    0x7c  Code  Gb  pbuf.o [1]
pbuf_free_ooseq          0x800'17d5    0x30  Code  Lc  pbuf.o [1]
pbuf_free_ooseq_callback
                         0x800'1805     0x8  Code  Lc  pbuf.o [1]
pbuf_free_ooseq_pending
                        0x2000'e0cd     0x1  Data  Gb  pbuf.o [1]
pbuf_header              0x800'1b6d     0xc  Code  Gb  pbuf.o [1]
pbuf_header_force        0x800'1b79     0xc  Code  Gb  pbuf.o [1]
pbuf_header_impl         0x800'1aa9    0xc4  Code  Lc  pbuf.o [1]
pbuf_pool_is_empty       0x800'180d    0x34  Code  Lc  pbuf.o [1]
pbuf_realloc             0x800'1a3b    0x6e  Code  Gb  pbuf.o [1]
pbuf_ref                 0x800'1c13    0x18  Code  Gb  pbuf.o [1]
pbuf_take                0x800'1dcd    0x88  Code  Gb  pbuf.o [1]
pcInterruptPriorityRegisters
                         0x800'be50     0x4  Data  Lc  port.o [1]
pcb_new                  0x800'a559    0x74  Code  Lc  api_msg.o [1]
plug_holes               0x800'4611    0x6c  Code  Lc  mem.o [1]
poll_tcp                 0x800'a347    0x78  Code  Lc  api_msg.o [1]
port_CheckEXT_IRQ        0x800'a1cd    0x10  Code  Gb  deca_port.o [1]
port_deca_isr           0x2000'dfa8     0x4  Data  Gb  deca_port.o [1]
process_deca_irq         0x800'9e09    0x18  Code  Gb  deca_port.o [1]
prvAddCurrentTaskToDelayedList
                         0x800'7e99    0x6e  Code  Lc  tasks.o [1]
prvAddNewTaskToReadyList
                         0x800'76b9    0x9e  Code  Lc  tasks.o [1]
prvCheckTasksWaitingTermination
                         0x800'7c5b    0x54  Code  Lc  tasks.o [1]
prvCopyDataFromQueue     0x800'86f9    0x2a  Code  Lc  queue.o [1]
prvCopyDataToQueue       0x800'8673    0x86  Code  Lc  queue.o [1]
prvDeleteTCB             0x800'7cc1    0x12  Code  Lc  tasks.o [1]
prvHeapInit              0x800'92bf    0x5e  Code  Lc  heap_4.o [1]
prvIdleTask              0x800'7be1    0x22  Code  Lc  tasks.o [1]
prvInitialiseMutex       0x800'8043    0x1e  Code  Lc  queue.o [1]
prvInitialiseNewQueue    0x800'8021    0x22  Code  Lc  queue.o [1]
prvInitialiseNewTask     0x800'7603    0xb6  Code  Lc  tasks.o [1]
prvInitialiseTaskLists   0x800'7c09    0x52  Code  Lc  tasks.o [1]
prvInsertBlockIntoFreeList
                         0x800'931d    0x5e  Code  Lc  heap_4.o [1]
prvIsQueueEmpty          0x800'8791    0x1c  Code  Lc  queue.o [1]
prvIsQueueFull           0x800'87ad    0x1e  Code  Lc  queue.o [1]
prvResetNextTaskUnblockTime
                         0x800'7cd3    0x24  Code  Lc  tasks.o [1]
prvTaskExitError         0x800'8819    0x2a  Code  Lc  port.o [1]
prvUnlockQueue           0x800'8723    0x6e  Code  Lc  queue.o [1]
pvPortMalloc             0x800'9139   0x114  Code  Gb  heap_4.o [1]
pvTaskIncrementMutexHeldCount
                         0x800'7e57    0x16  Code  Gb  tasks.o [1]
pxCurrentTCB            0x2000'e034     0x4  Data  Gb  tasks.o [1]
pxDelayedTaskList       0x2000'e038     0x4  Data  Lc  tasks.o [1]
pxEnd                   0x2000'dfb0     0x4  Data  Lc  heap_4.o [1]
pxOverflowDelayedTaskList
                        0x2000'e03c     0x4  Data  Lc  tasks.o [1]
pxPortInitialiseStack    0x800'87f9    0x20  Code  Gb  port.o [1]
pxReadyTasksLists       0x2000'd9e0    0x8c  Data  Lc  tasks.o [1]
ram                     0x2000'dfdc     0x4  Data  Lc  mem.o [1]
ram_end                 0x2000'dfe0     0x4  Data  Lc  mem.o [1]
ram_heap                0x2000'c8f4   0x654  Data  Gb  mem.o [1]
reassdatagrams          0x2000'dfc0     0x4  Data  Lc  ip4_frag.o [1]
recv_acked              0x2000'e0c6     0x2  Data  Lc  tcp_in.o [1]
recv_data               0x2000'e094     0x4  Data  Lc  tcp_in.o [1]
recv_flags              0x2000'e0d3     0x1  Data  Lc  tcp_in.o [1]
recv_tcp                 0x800'a2bd    0x8a  Code  Lc  api_msg.o [1]
recv_udp                 0x800'a249    0x74  Code  Lc  api_msg.o [1]
s_xSemaphore            0x2000'dfac     0x4  Data  Gb  ethernetif.o [1]
sent_tcp                 0x800'a3bf    0x62  Code  Lc  api_msg.o [1]
seqno                   0x2000'e08c     0x4  Data  Lc  tcp_in.o [1]
setup_DW1000RSTnIRQ      0x800'8b85    0x5c  Code  Gb  deca_port.o [1]
setup_tcp                0x800'a521    0x38  Code  Lc  api_msg.o [1]
signalResetDone         0x2000'dfa4     0x4  Data  Lc  deca_port.o [1]
stats_init               0x800'8a07     0x2  Code  Gb  stats.o [1]
sys_arch_mbox_fetch      0x800'4213    0x50  Code  Gb  sys_arch.o [1]
sys_arch_mbox_tryfetch   0x800'4263    0x24  Code  Gb  sys_arch.o [1]
sys_arch_protect         0x800'4419    0x12  Code  Gb  sys_arch.o [1]
sys_arch_sem_wait        0x800'42fb    0x44  Code  Gb  sys_arch.o [1]
sys_arch_unprotect       0x800'442b     0xc  Code  Gb  sys_arch.o [1]
sys_check_timeouts       0x800'4063    0x68  Code  Lc  timeouts.o [1]
sys_init                 0x800'4373     0xe  Code  Gb  sys_arch.o [1]
sys_mbox_free            0x800'41a7    0x2e  Code  Gb  sys_arch.o [1]
sys_mbox_new             0x800'415d    0x4a  Code  Gb  sys_arch.o [1]
sys_mbox_post            0x800'41d5    0x18  Code  Gb  sys_arch.o [1]
sys_mbox_set_invalid     0x800'4295     0x6  Code  Gb  sys_arch.o [1]
sys_mbox_trypost         0x800'41ed    0x26  Code  Gb  sys_arch.o [1]
sys_mbox_valid           0x800'4287     0xe  Code  Gb  sys_arch.o [1]
sys_mutex_lock           0x800'43cf     0xe  Code  Gb  sys_arch.o [1]
sys_mutex_new            0x800'4381    0x4e  Code  Gb  sys_arch.o [1]
sys_mutex_unlock         0x800'43dd     0xa  Code  Gb  sys_arch.o [1]
sys_now                  0x800'5445     0x8  Code  Gb  ethernetif.o [1]
sys_sem_free             0x800'4349    0x16  Code  Gb  sys_arch.o [1]
sys_sem_new              0x800'429b    0x60  Code  Gb  sys_arch.o [1]
sys_sem_set_invalid      0x800'436d     0x6  Code  Gb  sys_arch.o [1]
sys_sem_signal           0x800'433f     0xa  Code  Gb  sys_arch.o [1]
sys_sem_valid            0x800'435f     0xe  Code  Gb  sys_arch.o [1]
sys_thread_new           0x800'43e7    0x32  Code  Gb  sys_arch.o [1]
sys_timeout              0x800'3fb5    0xae  Code  Gb  timeouts.o [1]
sys_timeouts_init        0x800'3f8f    0x26  Code  Gb  timeouts.o [1]
sys_timeouts_mbox_fetch
                         0x800'40fb    0x3a  Code  Gb  timeouts.o [1]
sys_timeouts_sleeptime   0x800'40cb    0x30  Code  Lc  timeouts.o [1]
tcp_abandon              0x800'231b    0xd6  Code  Gb  tcp.o [1]
tcp_abort                0x800'23f1     0xa  Code  Gb  tcp.o [1]
tcp_accept               0x800'2d8b     0xe  Code  Gb  tcp.o [1]
tcp_active_pcbs         0x2000'e07c     0x4  Data  Gb  tcp.o [1]
tcp_active_pcbs_changed
                        0x2000'e0cf     0x1  Data  Gb  tcp.o [1]
tcp_alloc                0x800'2c4d   0x110  Code  Gb  tcp.o [1]
tcp_arg                  0x800'2d67     0x8  Code  Gb  tcp.o [1]
tcp_backoff              0x800'bd8c    0x10  Data  Lc  tcp.o [1]
tcp_bind                 0x800'23fb    0xb8  Code  Gb  tcp.o [1]
tcp_bound_pcbs          0x2000'e074     0x4  Data  Gb  tcp.o [1]
tcp_close                0x800'229f    0x18  Code  Gb  tcp.o [1]
tcp_close_shutdown       0x800'2103   0x19c  Code  Lc  tcp.o [1]
tcp_connect              0x800'25b1   0x11e  Code  Gb  tcp.o [1]
tcp_create_segment       0x800'3137    0xda  Code  Lc  tcp_out.o [1]
tcp_eff_send_mss_impl    0x800'2e69    0x38  Code  Gb  tcp.o [1]
tcp_enqueue_flags        0x800'372f   0x116  Code  Gb  tcp_out.o [1]
tcp_err                  0x800'2d81     0xa  Code  Gb  tcp.o [1]
tcp_fasttmr              0x800'29f1    0x64  Code  Gb  tcp.o [1]
tcp_getoptbyte           0x800'16d1    0x42  Code  Lc  tcp_in.o [1]
tcp_init                 0x800'20b1     0x2  Code  Gb  tcp.o [1]
tcp_input                0x800'0185   0x51a  Code  Gb  tcp_in.o [1]
tcp_input_pcb           0x2000'e098     0x4  Data  Gb  tcp_in.o [1]
tcp_keepalive            0x800'3d99    0x7a  Code  Gb  tcp_out.o [1]
tcp_kill_prio            0x800'2b67    0x4c  Code  Lc  tcp.o [1]
tcp_kill_state           0x800'2bc1    0x42  Code  Lc  tcp.o [1]
tcp_kill_timewait        0x800'2c09    0x34  Code  Lc  tcp.o [1]
tcp_listen_closed        0x800'20e3    0x20  Code  Lc  tcp.o [1]
tcp_listen_input         0x800'069f   0x128  Code  Lc  tcp_in.o [1]
tcp_listen_pcbs         0x2000'e078     0x4  Data  Gb  tcp.o [1]
tcp_netif_ip_addr_changed
                         0x800'2ec3    0x4a  Code  Gb  tcp.o [1]
tcp_netif_ip_addr_changed_pcblist
                         0x800'2ea1    0x22  Code  Lc  tcp.o [1]
tcp_new                  0x800'2d5d     0xa  Code  Gb  tcp.o [1]
tcp_new_port             0x800'254f    0x62  Code  Lc  tcp.o [1]
tcp_next_iss             0x800'2e51    0x10  Code  Gb  tcp.o [1]
tcp_next_iss::iss       0x2000'0008     0x4  Data  Lc  tcp.o [1]
tcp_oos_insert_segment   0x800'0d49    0x86  Code  Lc  tcp_in.o [1]
tcp_optidx              0x2000'e0c4     0x2  Data  Lc  tcp_in.o [1]
tcp_output               0x800'38d9   0x22c  Code  Gb  tcp_out.o [1]
tcp_output_alloc_header
                         0x800'3069    0x84  Code  Lc  tcp_out.o [1]
tcp_output_segment       0x800'3b05    0xdc  Code  Lc  tcp_out.o [1]
tcp_parseopt             0x800'1713    0x8a  Code  Lc  tcp_in.o [1]
tcp_pbuf_prealloc        0x800'3211    0x7e  Code  Lc  tcp_out.o [1]
tcp_pcb_lists            0x800'bd9c    0x10  Data  Gb  tcp.o [1]
tcp_pcb_purge            0x800'2da1    0x52  Code  Gb  tcp.o [1]
tcp_pcb_remove           0x800'2df3    0x5e  Code  Gb  tcp.o [1]
tcp_persist_backoff      0x800'be3c     0x8  Data  Lc  tcp.o [1]
tcp_poll                 0x800'2d99     0x8  Code  Gb  tcp.o [1]
tcp_port                0x2000'000c     0x2  Data  Lc  tcp.o [1]
tcp_process              0x800'084d   0x4f6  Code  Lc  tcp_in.o [1]
tcp_process_refused_data
                         0x800'2a55    0x92  Code  Gb  tcp.o [1]
tcp_receive              0x800'0e19   0x8b4  Code  Lc  tcp_in.o [1]
tcp_recv                 0x800'2d6f     0xa  Code  Gb  tcp.o [1]
tcp_recv_null            0x800'2b41    0x26  Code  Gb  tcp.o [1]
tcp_recved               0x800'24fd    0x52  Code  Gb  tcp.o [1]
tcp_remove_listener      0x800'20cf    0x14  Code  Lc  tcp.o [1]
tcp_rexmit               0x800'3ccb    0x5a  Code  Gb  tcp_out.o [1]
tcp_rexmit_fast          0x800'3d25    0x74  Code  Gb  tcp_out.o [1]
tcp_rexmit_rto           0x800'3c97    0x34  Code  Gb  tcp_out.o [1]
tcp_rst                  0x800'3be1    0xb6  Code  Gb  tcp_out.o [1]
tcp_seg_copy             0x800'2b17    0x2a  Code  Gb  tcp.o [1]
tcp_seg_free             0x800'2af9    0x1e  Code  Gb  tcp.o [1]
tcp_segs_free            0x800'2ae7    0x12  Code  Gb  tcp.o [1]
tcp_send_empty_ack       0x800'3845    0x94  Code  Gb  tcp_out.o [1]
tcp_send_fin             0x800'30ed    0x4a  Code  Gb  tcp_out.o [1]
tcp_sent                 0x800'2d79     0x8  Code  Gb  tcp.o [1]
tcp_shutdown             0x800'22b7    0x64  Code  Gb  tcp.o [1]
tcp_slowtmr              0x800'26cf   0x322  Code  Gb  tcp.o [1]
tcp_ticks               0x2000'e070     0x4  Data  Gb  tcp.o [1]
tcp_timer               0x2000'e0d0     0x1  Data  Lc  tcp.o [1]
tcp_timer_ctr           0x2000'e0d1     0x1  Data  Lc  tcp.o [1]
tcp_timer_needed         0x800'3f4f    0x2a  Code  Gb  timeouts.o [1]
tcp_timewait_input       0x800'07c7    0x86  Code  Lc  tcp_in.o [1]
tcp_tmr                  0x800'20b3    0x1c  Code  Gb  tcp.o [1]
tcp_trigger_input_pcb_close
                         0x800'179d     0xc  Code  Gb  tcp_in.o [1]
tcp_tw_pcbs             0x2000'e080     0x4  Data  Gb  tcp.o [1]
tcp_update_rcv_ann_wnd   0x800'24b3    0x4a  Code  Gb  tcp.o [1]
tcp_write                0x800'330d   0x422  Code  Gb  tcp_out.o [1]
tcp_write_checks         0x800'328f    0x7e  Code  Lc  tcp_out.o [1]
tcp_zero_window_probe    0x800'3e19    0xfe  Code  Gb  tcp_out.o [1]
tcphdr                  0x2000'e084     0x4  Data  Lc  tcp_in.o [1]
tcphdr_opt1len          0x2000'e0c2     0x2  Data  Lc  tcp_in.o [1]
tcphdr_opt2             0x2000'e088     0x4  Data  Lc  tcp_in.o [1]
tcphdr_optlen           0x2000'e0c0     0x2  Data  Lc  tcp_in.o [1]
tcpip_callback_with_block
                         0x800'453f    0x5c  Code  Gb  tcpip.o [1]
tcpip_init               0x800'45b7    0x38  Code  Gb  tcpip.o [1]
tcpip_init_done         0x2000'e09c     0x4  Data  Lc  tcpip.o [1]
tcpip_init_done_arg     0x2000'e0a0     0x4  Data  Lc  tcpip.o [1]
tcpip_inpkt              0x800'44d3    0x50  Code  Gb  tcpip.o [1]
tcpip_input              0x800'4523    0x1c  Code  Gb  tcpip.o [1]
tcpip_send_msg_wait_sem
                         0x800'459b    0x1c  Code  Gb  tcpip.o [1]
tcpip_tcp_timer          0x800'3f25    0x2a  Code  Lc  timeouts.o [1]
tcpip_tcp_timer_active  0x2000'e0b4     0x4  Data  Lc  timeouts.o [1]
tcpip_thread             0x800'4451    0x82  Code  Lc  tcpip.o [1]
tcplen                  0x2000'e0c8     0x2  Data  Lc  tcp_in.o [1]
timeouts_last_time      0x2000'e0b0     0x4  Data  Lc  timeouts.o [1]
tskUdpClient            0x2000'df9c     0x8  Data  Gb  tsk_udp_client.o [1]
ucHeap                  0x2000'0010  0x7800  Data  Lc  heap_4.o [1]
ucMaxSysCallPriority    0x2000'e0ce     0x1  Data  Lc  port.o [1]
udp_bind                 0x800'6319    0x8e  Code  Gb  udp.o [1]
udp_connect              0x800'63a7    0x66  Code  Gb  udp.o [1]
udp_init                 0x800'5efd     0x2  Code  Gb  udp.o [1]
udp_input                0x800'5f99   0x1e2  Code  Gb  udp.o [1]
udp_input_local_match    0x800'5f4b    0x4e  Code  Lc  udp.o [1]
udp_netif_ip_addr_changed
                         0x800'646b    0x32  Code  Gb  udp.o [1]
udp_new                  0x800'6449    0x22  Code  Gb  udp.o [1]
udp_new_port             0x800'5eff    0x4c  Code  Lc  udp.o [1]
udp_pcbs                0x2000'e0b8     0x4  Data  Gb  udp.o [1]
udp_port                0x2000'000e     0x2  Data  Lc  udp.o [1]
udp_recv                 0x800'640d     0x6  Code  Gb  udp.o [1]
udp_remove               0x800'6413    0x36  Code  Gb  udp.o [1]
udp_send                 0x800'617b    0x16  Code  Gb  udp.o [1]
udp_sendto               0x800'6191    0x48  Code  Gb  udp.o [1]
udp_sendto_if            0x800'61d9    0x46  Code  Gb  udp.o [1]
udp_sendto_if_src        0x800'621f    0xfa  Code  Gb  udp.o [1]
ulMaxPRIGROUPValue      0x2000'e028     0x4  Data  Lc  port.o [1]
uwTick                  0x2000'e02c     0x4  Data  Gb  stm32f2xx_hal.o [1]
uxCriticalNesting       0x2000'0000     0x4  Data  Lc  port.o [1]
uxCurrentNumberOfTasks  0x2000'e044     0x4  Data  Lc  tasks.o [1]
uxDeletedTasksWaitingCleanUp
                        0x2000'e040     0x4  Data  Lc  tasks.o [1]
uxListRemove             0x800'940b    0x26  Code  Gb  list.o [1]
uxPendedTicks           0x2000'e054     0x4  Data  Lc  tasks.o [1]
uxQueueMessagesWaiting   0x800'860f    0x26  Code  Gb  queue.o [1]
uxQueueMessagesWaitingFromISR
                         0x800'8635    0x18  Code  Gb  queue.o [1]
uxSchedulerSuspended    0x2000'e06c     0x4  Data  Lc  tasks.o [1]
uxTaskNumber            0x2000'e060     0x4  Data  Lc  tasks.o [1]
uxTopReadyPriority      0x2000'e04c     0x4  Data  Lc  tasks.o [1]
vListInitialise          0x800'9399    0x1e  Code  Gb  list.o [1]
vListInitialiseItem      0x800'93b7     0x6  Code  Gb  list.o [1]
vListInsert              0x800'93d5    0x36  Code  Gb  list.o [1]
vListInsertEnd           0x800'93bd    0x18  Code  Gb  list.o [1]
vPortEnterCritical       0x800'88b7    0x34  Code  Gb  port.o [1]
vPortExitCritical        0x800'88eb    0x2c  Code  Gb  port.o [1]
vPortFree                0x800'924d    0x72  Code  Gb  heap_4.o [1]
vPortStartFirstTask      0x800'9497          Code  Gb  portasm.o [1]
vPortValidateInterruptPriority
                         0x800'8941    0x4a  Code  Gb  port.o [1]
vQueueDelete             0x800'864d    0x26  Code  Gb  queue.o [1]
vQueueUnregisterQueue    0x800'87cb    0x26  Code  Gb  queue.o [1]
vTaskDelay               0x800'7757    0x4c  Code  Gb  tasks.o [1]
vTaskMissedYield         0x800'7bd7     0xa  Code  Gb  tasks.o [1]
vTaskPlaceOnEventList    0x800'7a6b    0x2e  Code  Gb  tasks.o [1]
vTaskPriorityInherit     0x800'7d17    0x8c  Code  Gb  tasks.o [1]
vTaskSetTimeOutState     0x800'7b25    0x26  Code  Gb  tasks.o [1]
vTaskStartScheduler      0x800'77a3    0x64  Code  Gb  tasks.o [1]
vTaskSuspendAll          0x800'7807     0xc  Code  Gb  tasks.o [1]
vTaskSwitchContext       0x800'7a01    0x6a  Code  Gb  tasks.o [1]
xBlockAllocatedBit      0x2000'dfbc     0x4  Data  Lc  heap_4.o [1]
xDelayedTaskList1       0x2000'de84    0x14  Data  Lc  tasks.o [1]
xDelayedTaskList2       0x2000'de98    0x14  Data  Lc  tasks.o [1]
xFreeBytesRemaining     0x2000'dfb4     0x4  Data  Lc  heap_4.o [1]
xHeapStructSize          0x800'be48     0x4  Data  Lc  heap_4.o [1]
xIdleTaskHandle         0x2000'e068     0x4  Data  Lc  tasks.o [1]
xMinimumEverFreeBytesRemaining
                        0x2000'dfb8     0x4  Data  Lc  heap_4.o [1]
xNextTaskUnblockTime    0x2000'e064     0x4  Data  Lc  tasks.o [1]
xNumOfOverflows         0x2000'e05c     0x4  Data  Lc  tasks.o [1]
xPendingReadyList       0x2000'deac    0x14  Data  Lc  tasks.o [1]
xPortStartScheduler      0x800'8843    0x74  Code  Gb  port.o [1]
xPortSysTickHandler      0x800'8917    0x28  Code  Gb  port.o [1]
xQueueCreateMutex        0x800'8061    0x1a  Code  Gb  queue.o [1]
xQueueGenericCreate      0x800'7fd7    0x4a  Code  Gb  queue.o [1]
xQueueGenericReceive     0x800'83a7   0x1ba  Code  Gb  queue.o [1]
xQueueGenericReset       0x800'7f45    0x92  Code  Gb  queue.o [1]
xQueueGenericSend        0x800'807b   0x196  Code  Gb  queue.o [1]
xQueueGenericSendFromISR
                         0x800'8211    0xde  Code  Gb  queue.o [1]
xQueueGiveFromISR        0x800'82ef    0xb8  Code  Gb  queue.o [1]
xQueueReceiveFromISR     0x800'8561    0xae  Code  Gb  queue.o [1]
xQueueRegistry          0x2000'dda4    0x40  Data  Gb  queue.o [1]
xSchedulerRunning       0x2000'e050     0x4  Data  Lc  tasks.o [1]
xStart                  0x2000'df94     0x8  Data  Lc  heap_4.o [1]
xSuspendedTaskList      0x2000'ded4    0x14  Data  Lc  tasks.o [1]
xTaskCheckForTimeOut     0x800'7b55    0x82  Code  Gb  tasks.o [1]
xTaskCreate              0x800'7595    0x6e  Code  Gb  tasks.o [1]
xTaskGetSchedulerState   0x800'7cf7    0x20  Code  Gb  tasks.o [1]
xTaskGetTickCount        0x800'78f7     0x8  Code  Gb  tasks.o [1]
xTaskGetTickCountFromISR
                         0x800'78ff    0x10  Code  Gb  tasks.o [1]
xTaskIncrementTick       0x800'790f    0xf2  Code  Gb  tasks.o [1]
xTaskPriorityDisinherit
                         0x800'7da9    0xae  Code  Gb  tasks.o [1]
xTaskRemoveFromEventList
                         0x800'7a99    0x7a  Code  Gb  tasks.o [1]
xTaskResumeAll           0x800'7813    0xe4  Code  Gb  tasks.o [1]
xTasksWaitingTermination
                        0x2000'dec0    0x14  Data  Lc  tasks.o [1]
xTickCount              0x2000'e048     0x4  Data  Lc  tasks.o [1]
xYieldPending           0x2000'e058     0x4  Data  Lc  tasks.o [1]


[1] = \\Mac\Home\Documents\PROJECTS\UWB-RTLS\Code\uwb-rtls\software\nucleo\EWARM\NUCLEOF207-RTLS\Obj
[2] = dl7M_tlf.a
[3] = dlpp7M_tl_fc.a
[4] = m7M_tl.a
[5] = rt7M_tl.a
[6] = shb_l.a

  48 475 bytes of readonly  code memory
     569 bytes of readonly  data memory
  58 580 bytes of readwrite data memory

Errors: none
Warnings: none
